product_sales_data.csv
date,product_id,product_name,category,price,cost_price,units_sold,revenue,discount_percent,stock_available,competitor_price,rating,review_count,is_promoted,day_of_week,month,is_weekend,is_holiday,season,days_since_launch
2021-01-12,P019,Electronics_Product_19,Electronics,4646.65,2989.92,15,69699.8,2.6,228,4812.34,3.1,0,0,Tuesday,1,0,0,Winter,3
2021-01-16,P019,Electronics_Product_19,Electronics,4397.77,2989.92,103,452970.41,9.37,197,4922.86,3.94,0,0,Saturday,1,1,0,Winter,7
2021-01-23,P019,Electronics_Product_19,Electronics,4447.42,2989.92,27,120080.36,7.61,123,5194.05,3.34,2,0,Saturday,1,1,0,Winter,14
2021-01-29,P019,Electronics_Product_19,Electronics,4916.43,2989.92,76,373648.99,1.88,129,5465.45,3.5,5,0,Friday,1,0,0,Winter,20
2021-02-02,P019,Electronics_Product_19,Electronics,3692.04,2989.92,33,121837.18,28.2,223,5586.68,3.35,4,1,Tuesday,2,0,0,Winter,24
2021-02-11,P019,Electronics_Product_19,Electronics,5010.68,2989.92,16,80170.86,3.17,239,5243.83,3.45,3,0,Thursday,2,0,0,Winter,33
2021-02-11,P019,Electronics_Product_19,Electronics,4741.38,2989.92,69,327155.25,8.09,171,5577.36,3.85,4,0,Thursday,2,0,0,Winter,33
2021-02-15,P019,Electronics_Product_19,Electronics,3680.4,2989.92,109,401163.21,23.01,235,5479.91,3.75,4,1,Monday,2,0,0,Winter,37
2021-02-20,P019,Electronics_Product_19,Electronics,4732.54,2989.92,75,354940.73,2.22,244,5141.86,3.92,7,0,Saturday,2,1,0,Winter,42
2021-02-23,P019,Electronics_Product_19,Electronics,4193.21,2989.92,91,381581.79,14.62,208,5222.14,3.71,5,1,Tuesday,2,0,0,Winter,45
2021-02-27,P019,Electronics_Product_19,Electronics,4448.11,2989.92,93,413674.17,9.9,143,4744.97,3.56,4,0,Saturday,2,1,0,Winter,49
2021-03-06,P019,Electronics_Product_19,Electronics,4944.33,2989.92,35,173051.42,1.83,238,4815.99,3.12,6,0,Saturday,3,1,0,Spring,56
2021-03-07,P019,Electronics_Product_19,Electronics,4758.13,2989.92,33,157018.36,4.82,183,5035.77,3.35,6,0,Sunday,3,1,0,Spring,57
2021-03-19,P019,Electronics_Product_19,Electronics,4952.69,2989.92,31,153533.41,3.01,151,5235.07,2.99,10,0,Friday,3,0,0,Spring,69
2021-03-25,P019,Electronics_Product_19,Electronics,4415.73,2989.92,113,498978.03,8.48,143,5162.94,3.88,8,0,Thursday,3,0,0,Spring,75
2021-03-28,P019,Electronics_Product_19,Electronics,3069.29,2989.92,61,187226.8,37.6,228,4877.22,3.39,8,1,Sunday,3,1,0,Spring,78
2021-04-01,P019,Electronics_Product_19,Electronics,4953.74,2989.92,79,391345.31,4.67,155,4990.52,3.94,8,0,Thursday,4,0,0,Spring,82
2021-04-03,P019,Electronics_Product_19,Electronics,4512.28,2989.92,120,541474.12,7.91,157,4914.04,3.67,11,0,Saturday,4,1,0,Spring,84
2021-04-05,P019,Electronics_Product_19,Electronics,3509.78,2989.92,138,484349.9,31.69,138,5528.21,3.78,9,1,Monday,4,0,0,Spring,86
2021-04-10,P019,Electronics_Product_19,Electronics,4860.04,2989.92,197,957427.6,3.68,197,5196.69,4.17,12,0,Saturday,4,1,0,Spring,91
2021-04-11,P019,Electronics_Product_19,Electronics,3723.73,2989.92,178,662823.85,21.41,178,4971.05,3.63,12,1,Sunday,4,1,0,Spring,92
2021-04-12,P019,Electronics_Product_19,Electronics,4400.49,2989.92,93,409245.41,7.56,185,5230.01,3.85,11,0,Monday,4,0,0,Spring,93
2021-04-15,P019,Electronics_Product_19,Electronics,4733.56,2989.92,199,941977.58,8.49,199,5192.51,4.16,11,0,Thursday,4,0,0,Spring,96
2021-04-17,P019,Electronics_Product_19,Electronics,4562.6,2989.92,40,182504.0,9.44,216,5447.49,3.48,10,0,Saturday,4,1,0,Spring,98
2021-04-19,P019,Electronics_Product_19,Electronics,5075.38,2989.92,89,451709.08,0.18,178,5415.7,3.9,13,0,Monday,4,0,0,Spring,100
2021-04-30,P019,Electronics_Product_19,Electronics,4666.82,2989.92,26,121337.34,6.53,171,5129.03,3.29,14,0,Friday,4,0,0,Spring,111
2021-04-30,P019,Electronics_Product_19,Electronics,4847.13,2989.92,89,431394.77,4.17,168,5148.16,3.68,16,0,Friday,4,0,0,Spring,111
2021-05-04,P019,Electronics_Product_19,Electronics,4827.27,2989.92,23,111027.15,1.03,187,5076.49,3.31,13,0,Tuesday,5,0,0,Spring,115
2021-05-07,P019,Electronics_Product_19,Electronics,4691.59,2989.92,219,1027457.22,1.71,219,5425.01,4.35,17,0,Friday,5,0,0,Spring,118
2021-05-10,P019,Electronics_Product_19,Electronics,4776.09,2989.92,83,396415.45,7.4,150,4935.71,3.92,13,0,Monday,5,0,0,Spring,121
2021-05-20,P019,Electronics_Product_19,Electronics,3267.77,2989.92,163,532646.95,34.85,219,4891.34,3.8,20,1,Thursday,5,0,0,Spring,131
2021-05-28,P019,Electronics_Product_19,Electronics,4248.78,2989.92,179,760531.51,17.49,179,4797.51,4.23,16,1,Friday,5,0,0,Spring,139
2021-06-03,P019,Electronics_Product_19,Electronics,4456.44,2989.92,110,490208.36,8.11,151,5369.87,3.52,17,0,Thursday,6,0,0,Summer,145
2021-06-17,P019,Electronics_Product_19,Electronics,4296.45,2989.92,207,889365.29,16.0,207,4868.56,4.07,25,1,Thursday,6,0,0,Summer,159
2021-06-18,P019,Electronics_Product_19,Electronics,4386.55,2989.92,217,951881.11,9.34,217,5725.27,4.08,19,0,Friday,6,0,0,Summer,160
2021-07-09,P019,Electronics_Product_19,Electronics,3614.21,2989.92,232,838497.04,25.17,232,5299.91,4.37,26,1,Friday,7,0,0,Summer,181
2021-07-20,P019,Electronics_Product_19,Electronics,4490.99,2989.92,192,862269.97,6.96,192,4891.62,4.24,21,0,Tuesday,7,0,0,Summer,192
2021-07-25,P019,Electronics_Product_19,Electronics,4737.0,2989.92,102,483173.53,3.13,191,4837.56,3.85,30,0,Sunday,7,1,0,Summer,197
2021-08-03,P019,Electronics_Product_19,Electronics,4979.67,2989.92,171,851524.12,3.09,171,5492.2,4.45,27,0,Tuesday,8,0,0,Summer,206
2021-08-10,P019,Electronics_Product_19,Electronics,4622.0,2989.92,182,841203.59,5.52,182,4859.96,4.28,27,0,Tuesday,8,0,0,Summer,213
2021-08-12,P019,Electronics_Product_19,Electronics,4644.44,2989.92,96,445866.62,8.17,160,5006.74,3.65,34,0,Thursday,8,0,0,Summer,215
2021-08-13,P019,Electronics_Product_19,Electronics,4496.23,2989.92,148,665442.47,8.46,199,4965.89,3.73,31,0,Friday,8,0,1,Summer,216
2021-08-16,P019,Electronics_Product_19,Electronics,4550.95,2989.92,183,832822.94,12.69,233,5725.85,3.67,28,1,Monday,8,0,1,Summer,219
2021-08-27,P019,Electronics_Product_19,Electronics,5018.09,2989.92,162,812930.56,3.53,162,4968.19,4.68,29,0,Friday,8,0,0,Summer,230
2021-09-04,P019,Electronics_Product_19,Electronics,3888.66,2989.92,136,528857.6,19.08,136,5159.26,3.9,30,1,Saturday,9,1,0,Autumn,238
2021-09-15,P019,Electronics_Product_19,Electronics,4572.05,2989.92,106,484637.22,5.07,186,5399.41,3.91,32,0,Wednesday,9,0,0,Autumn,249
2021-09-16,P019,Electronics_Product_19,Electronics,4713.0,2989.92,175,824775.76,5.42,175,5048.99,4.23,31,0,Thursday,9,0,0,Autumn,250
2021-09-17,P019,Electronics_Product_19,Electronics,5185.78,2989.92,155,803795.8,0.58,155,5621.49,4.11,35,0,Friday,9,0,0,Autumn,251
2021-09-22,P019,Electronics_Product_19,Electronics,4754.67,2989.92,152,722710.57,8.85,152,5340.32,4.16,30,0,Wednesday,9,0,0,Autumn,256
2021-09-28,P019,Electronics_Product_19,Electronics,4793.51,2989.92,167,800516.26,0.94,167,5689.04,4.59,36,0,Tuesday,9,0,0,Autumn,262
2021-10-01,P019,Electronics_Product_19,Electronics,4968.19,2989.92,224,1112874.39,2.23,224,5509.15,4.5,34,0,Friday,10,0,1,Autumn,265
2021-10-04,P019,Electronics_Product_19,Electronics,3244.84,2989.92,183,593806.09,34.26,183,5405.56,4.61,40,1,Monday,10,0,1,Autumn,268
2021-10-10,P019,Electronics_Product_19,Electronics,4292.49,2989.92,244,1047368.51,13.77,245,5638.31,3.87,35,1,Sunday,10,1,0,Autumn,274
2021-11-01,P019,Electronics_Product_19,Electronics,4859.9,2989.92,148,719264.71,0.0,148,4895.66,4.43,39,0,Monday,11,0,1,Autumn,296
2021-11-07,P019,Electronics_Product_19,Electronics,5100.04,2989.92,231,1178108.75,1.8,231,4829.79,4.22,33,0,Sunday,11,1,0,Autumn,302
2021-11-09,P019,Electronics_Product_19,Electronics,4609.94,2989.92,150,691491.1,8.61,150,4746.41,4.39,39,0,Tuesday,11,0,0,Autumn,304
2021-11-10,P019,Electronics_Product_19,Electronics,4646.95,2989.92,157,729571.83,7.21,157,5517.53,4.25,33,0,Wednesday,11,0,0,Autumn,305
2021-11-12,P019,Electronics_Product_19,Electronics,3143.56,2989.92,209,657003.7,34.57,209,5103.6,4.55,43,1,Friday,11,0,0,Autumn,307
2021-11-13,P019,Electronics_Product_19,Electronics,3574.4,2989.92,182,650540.97,25.82,182,5531.76,4.1,41,1,Saturday,11,1,0,Autumn,308
2021-11-29,P019,Electronics_Product_19,Electronics,4919.79,2989.92,113,555936.62,1.72,132,5067.75,3.95,38,0,Monday,11,0,0,Autumn,324
2021-12-05,P019,Electronics_Product_19,Electronics,3858.73,2989.92,205,791040.16,22.12,205,5147.07,3.79,44,1,Sunday,12,1,0,Winter,330
2021-12-08,P019,Electronics_Product_19,Electronics,3595.26,2989.92,180,647147.56,26.59,180,4855.06,4.57,43,1,Wednesday,12,0,0,Winter,333
2021-12-15,P019,Electronics_Product_19,Electronics,4754.99,2989.92,132,627658.33,6.03,132,5728.89,4.18,45,0,Wednesday,12,0,0,Winter,340
2021-12-24,P019,Electronics_Product_19,Electronics,4682.28,2989.92,131,613378.21,7.95,131,4784.1,4.33,43,0,Friday,12,0,1,Winter,349
2021-12-26,P019,Electronics_Product_19,Electronics,3503.34,2989.92,128,448427.7,30.62,128,5542.04,4.84,42,1,Sunday,12,1,1,Winter,351
2021-12-28,P019,Electronics_Product_19,Electronics,4004.26,2989.92,230,920980.63,20.13,230,5219.78,4.69,43,1,Tuesday,12,0,0,Winter,353
2022-01-17,P019,Electronics_Product_19,Electronics,4700.83,2989.92,129,606407.32,2.98,129,5142.69,4.41,50,0,Monday,1,0,0,Winter,373
2022-01-21,P019,Electronics_Product_19,Electronics,4898.92,2989.92,179,876906.49,6.27,199,5201.53,4.2,51,0,Friday,1,0,0,Winter,377
2022-01-23,P019,Electronics_Product_19,Electronics,4605.62,2989.92,150,690842.49,4.28,150,5710.49,4.54,47,0,Sunday,1,1,0,Winter,379
2022-01-27,P019,Electronics_Product_19,Electronics,4207.63,2989.92,189,795242.21,17.09,189,5210.6,4.46,53,1,Thursday,1,0,1,Winter,383
2022-01-30,P019,Electronics_Product_19,Electronics,4877.42,2989.92,80,390193.24,6.51,207,5205.14,3.96,50,0,Sunday,1,1,0,Winter,386
2022-02-14,P019,Electronics_Product_19,Electronics,4812.56,2989.92,85,409067.45,6.01,192,5483.69,3.95,53,0,Monday,2,0,0,Winter,401
2022-02-17,P019,Electronics_Product_19,Electronics,4530.71,2989.92,142,643360.71,7.26,199,5030.94,4.14,49,0,Thursday,2,0,0,Winter,404
2022-02-18,P019,Electronics_Product_19,Electronics,4740.69,2989.92,178,843843.02,7.54,217,4907.21,4.29,58,0,Friday,2,0,0,Winter,405
2022-03-02,P019,Electronics_Product_19,Electronics,4748.45,2989.92,132,626795.44,5.54,132,5106.35,4.78,53,0,Wednesday,3,0,0,Spring,417
2022-03-02,P019,Electronics_Product_19,Electronics,3822.41,2989.92,159,607763.38,19.36,159,4829.73,4.08,51,1,Wednesday,3,0,0,Spring,417
2022-03-18,P019,Electronics_Product_19,Electronics,4819.34,2989.92,146,703623.34,5.14,146,5252.86,4.71,57,0,Friday,3,0,0,Spring,433
2022-03-18,P019,Electronics_Product_19,Electronics,3593.74,2989.92,212,761872.3,30.56,212,4823.78,4.33,58,1,Friday,3,0,0,Spring,433
2022-03-24,P019,Electronics_Product_19,Electronics,4897.03,2989.92,210,1028376.27,1.23,210,4992.96,4.54,57,0,Thursday,3,0,0,Spring,439
2022-03-28,P019,Electronics_Product_19,Electronics,4798.74,2989.92,204,978942.58,7.25,204,5350.65,4.56,52,0,Monday,3,0,0,Spring,443
2022-04-02,P019,Electronics_Product_19,Electronics,4241.17,2989.92,236,1000915.16,10.51,236,5030.08,4.56,56,1,Saturday,4,1,0,Spring,448
2022-04-16,P019,Electronics_Product_19,Electronics,4382.7,2989.92,219,959811.28,13.33,219,5606.22,4.11,59,1,Saturday,4,1,0,Spring,462
2022-04-28,P019,Electronics_Product_19,Electronics,4885.78,2989.92,105,513006.66,2.45,194,5292.94,3.97,57,0,Thursday,4,0,0,Spring,474
2022-05-16,P019,Electronics_Product_19,Electronics,4846.66,2989.92,138,668838.76,1.93,138,5289.68,4.31,68,0,Monday,5,0,0,Spring,492
2022-05-21,P019,Electronics_Product_19,Electronics,4911.68,2989.92,147,722016.36,3.6,147,5227.59,4.14,65,0,Saturday,5,1,0,Spring,497
2022-05-25,P019,Electronics_Product_19,Electronics,4929.61,2989.92,87,428876.3,4.55,129,4873.82,4.0,70,0,Wednesday,5,0,0,Spring,501
2022-05-27,P019,Electronics_Product_19,Electronics,4620.12,2989.92,204,942504.32,4.36,204,5611.86,4.46,75,0,Friday,5,0,0,Spring,503
2022-05-29,P019,Electronics_Product_19,Electronics,3172.03,2989.92,170,539245.06,35.23,170,5716.91,4.82,68,1,Sunday,5,1,0,Spring,505
2022-06-05,P019,Electronics_Product_19,Electronics,5054.35,2989.92,238,1202935.89,2.47,238,5641.81,4.49,68,0,Sunday,6,1,0,Summer,512
2022-06-14,P019,Electronics_Product_19,Electronics,4705.59,2989.92,201,945824.14,3.42,201,5068.62,4.49,86,0,Tuesday,6,0,0,Summer,521
2022-06-23,P019,Electronics_Product_19,Electronics,4882.64,2989.92,203,991175.06,2.41,203,5263.37,4.09,77,0,Thursday,6,0,0,Summer,530
2022-06-26,P019,Electronics_Product_19,Electronics,4652.12,2989.92,231,1074639.32,5.98,231,5197.82,4.15,78,0,Sunday,6,1,0,Summer,533
2022-06-28,P019,Electronics_Product_19,Electronics,5061.94,2989.92,203,1027574.48,3.23,203,5710.53,4.4,71,0,Tuesday,6,0,0,Summer,535
2022-06-28,P019,Electronics_Product_19,Electronics,4489.98,2989.92,185,830645.9,7.0,185,5096.7,4.34,59,0,Tuesday,6,0,0,Summer,535
2022-06-30,P019,Electronics_Product_19,Electronics,4610.41,2989.92,241,1111107.85,7.69,241,5128.92,4.92,68,0,Thursday,6,0,0,Summer,537
