product_sales_data.csv
date,product_id,product_name,category,price,cost_price,units_sold,revenue,discount_percent,stock_available,competitor_price,rating,review_count,is_promoted,day_of_week,month,is_weekend,is_holiday,season,days_since_launch
2021-02-06,P024,Electronics_Product_24,Electronics,11423.58,7053.16,179,2044821.12,2.51,427,12748.46,3.72,0,0,Saturday,2,1,0,Winter,2
2021-02-14,P024,Electronics_Product_24,Electronics,11463.95,7053.16,38,435630.18,4.08,310,11430.38,3.16,1,0,Sunday,2,1,0,Winter,10
2021-02-15,P024,Electronics_Product_24,Electronics,10888.24,7053.16,36,391976.52,6.66,419,11315.05,3.36,3,0,Monday,2,0,0,Winter,11
2021-03-02,P024,Electronics_Product_24,Electronics,10138.82,7053.16,78,790828.03,10.26,367,12973.89,3.47,3,1,Tuesday,3,0,0,Spring,26
2021-03-03,P024,Electronics_Product_24,Electronics,11679.87,7053.16,444,5185862.51,4.28,444,13426.65,4.07,3,0,Wednesday,3,0,0,Spring,27
2021-03-05,P024,Electronics_Product_24,Electronics,11261.1,7053.16,62,698188.06,0.66,286,12888.77,3.31,4,0,Friday,3,0,0,Spring,29
2021-03-11,P024,Electronics_Product_24,Electronics,10132.35,7053.16,207,2097397.33,9.31,337,11715.11,3.58,3,0,Thursday,3,0,0,Spring,35
2021-03-15,P024,Electronics_Product_24,Electronics,11159.87,7053.16,47,524513.78,0.64,448,11607.98,3.14,5,0,Monday,3,0,0,Spring,39
2021-03-16,P024,Electronics_Product_24,Electronics,11368.9,7053.16,202,2296518.22,1.42,434,13250.09,3.57,5,0,Tuesday,3,0,0,Spring,40
2021-03-20,P024,Electronics_Product_24,Electronics,11444.81,7053.16,307,3513557.41,5.6,389,12983.7,3.63,4,0,Saturday,3,1,0,Spring,44
2021-03-27,P024,Electronics_Product_24,Electronics,11174.0,7053.16,298,3329853.03,4.66,360,13405.53,3.63,6,0,Saturday,3,1,0,Spring,51
2021-04-07,P024,Electronics_Product_24,Electronics,9519.54,7053.16,283,2694028.8,15.63,333,12637.84,3.95,7,1,Wednesday,4,0,0,Spring,62
2021-04-08,P024,Electronics_Product_24,Electronics,11236.5,7053.16,172,1932677.91,3.86,264,12398.52,3.66,9,0,Thursday,4,0,0,Spring,63
2021-04-12,P024,Electronics_Product_24,Electronics,10579.55,7053.16,206,2179388.32,8.78,249,12375.41,3.53,9,0,Monday,4,0,0,Spring,67
2021-04-15,P024,Electronics_Product_24,Electronics,11453.94,7053.16,148,1695182.88,1.06,319,11891.62,3.81,9,0,Thursday,4,0,0,Spring,70
2021-05-03,P024,Electronics_Product_24,Electronics,10880.08,7053.16,55,598404.41,2.84,442,13249.89,3.46,10,0,Monday,5,0,0,Spring,88
2021-05-05,P024,Electronics_Product_24,Electronics,6884.11,7053.16,262,1803637.78,39.83,279,11294.07,3.57,13,1,Wednesday,5,0,0,Spring,90
2021-05-06,P024,Electronics_Product_24,Electronics,12151.79,7053.16,169,2053651.84,0.68,445,11829.69,3.67,10,0,Thursday,5,0,0,Spring,91
2021-05-07,P024,Electronics_Product_24,Electronics,12036.88,7053.16,204,2455522.92,2.2,454,13436.42,3.74,12,0,Friday,5,0,0,Spring,92
2021-05-12,P024,Electronics_Product_24,Electronics,11905.84,7053.16,187,2226391.4,0.98,368,13445.54,3.75,10,0,Wednesday,5,0,0,Spring,97
2021-05-14,P024,Electronics_Product_24,Electronics,10913.72,7053.16,145,1582489.25,6.73,391,11362.06,3.72,12,0,Friday,5,0,0,Spring,99
2021-05-14,P024,Electronics_Product_24,Electronics,11306.44,7053.16,189,2136916.99,5.24,394,12005.95,3.53,15,0,Friday,5,0,0,Spring,99
2021-05-27,P024,Electronics_Product_24,Electronics,11123.45,7053.16,216,2402666.16,5.69,359,13484.75,3.7,13,0,Thursday,5,0,0,Spring,112
2021-06-08,P024,Electronics_Product_24,Electronics,10758.28,7053.16,61,656255.18,7.19,467,13027.48,3.34,14,0,Tuesday,6,0,0,Summer,124
2021-06-09,P024,Electronics_Product_24,Electronics,11661.35,7053.16,181,2110703.58,0.13,277,12721.31,3.94,15,0,Wednesday,6,0,0,Summer,125
2021-06-15,P024,Electronics_Product_24,Electronics,10704.04,7053.16,226,2419111.96,5.63,456,13132.57,3.69,16,0,Tuesday,6,0,0,Summer,131
2021-06-21,P024,Electronics_Product_24,Electronics,10476.38,7053.16,430,4504844.18,6.95,430,13164.8,4.29,16,0,Monday,6,0,0,Summer,137
2021-06-26,P024,Electronics_Product_24,Electronics,10829.72,7053.16,295,3194766.23,4.53,381,12601.76,3.66,16,0,Saturday,6,1,0,Summer,142
2021-07-08,P024,Electronics_Product_24,Electronics,8581.08,7053.16,274,2351216.87,23.2,274,13427.41,3.64,19,1,Thursday,7,0,0,Summer,154
2021-07-14,P024,Electronics_Product_24,Electronics,10796.38,7053.16,165,1781402.79,9.59,277,11814.97,3.56,18,0,Wednesday,7,0,0,Summer,160
2021-08-01,P024,Electronics_Product_24,Electronics,11600.75,7053.16,398,4617097.8,3.87,398,13245.34,4.21,24,0,Sunday,8,1,0,Summer,178
2021-08-07,P024,Electronics_Product_24,Electronics,11277.12,7053.16,241,2717785.72,3.65,241,12111.21,4.29,24,0,Saturday,8,1,0,Summer,184
2021-08-10,P024,Electronics_Product_24,Electronics,11510.49,7053.16,433,4984043.17,4.77,433,12991.66,4.59,22,0,Tuesday,8,0,0,Summer,187
2021-08-13,P024,Electronics_Product_24,Electronics,7765.42,7053.16,264,2050070.45,36.11,264,11282.36,4.48,29,1,Friday,8,0,1,Summer,190
2021-08-17,P024,Electronics_Product_24,Electronics,7724.76,7053.16,244,1884842.17,32.3,244,13290.74,4.16,25,1,Tuesday,8,0,1,Summer,194
2021-08-21,P024,Electronics_Product_24,Electronics,11057.92,7053.16,411,4544806.11,10.26,411,11489.82,4.27,25,1,Saturday,8,1,0,Summer,198
2021-08-22,P024,Electronics_Product_24,Electronics,11573.18,7053.16,294,3402514.25,5.96,294,12916.1,4.28,29,0,Sunday,8,1,0,Summer,199
2021-08-31,P024,Electronics_Product_24,Electronics,11186.64,7053.16,365,4083124.69,0.1,374,11295.07,4.26,27,0,Tuesday,8,0,0,Summer,208
2021-09-02,P024,Electronics_Product_24,Electronics,7932.54,7053.16,265,2102122.82,34.61,265,13335.94,3.99,25,1,Thursday,9,0,0,Autumn,210
2021-09-04,P024,Electronics_Product_24,Electronics,10602.86,7053.16,258,2735536.63,6.42,383,12114.08,3.8,28,0,Saturday,9,1,0,Autumn,212
2021-09-08,P024,Electronics_Product_24,Electronics,10456.6,7053.16,382,3994420.45,8.54,382,11459.21,4.07,29,0,Wednesday,9,0,0,Autumn,216
2021-09-09,P024,Electronics_Product_24,Electronics,10424.96,7053.16,203,2116267.85,9.25,363,13416.24,3.8,23,0,Thursday,9,0,0,Autumn,217
2021-09-11,P024,Electronics_Product_24,Electronics,10589.66,7053.16,360,3812277.08,6.96,360,12135.37,4.31,28,0,Saturday,9,1,0,Autumn,219
2021-09-16,P024,Electronics_Product_24,Electronics,11568.03,7053.16,169,1954997.23,4.07,373,12078.27,3.71,36,0,Thursday,9,0,0,Autumn,224
2021-09-27,P024,Electronics_Product_24,Electronics,12027.7,7053.16,306,3680474.68,1.78,306,13143.24,4.26,29,0,Monday,9,0,0,Autumn,235
2021-09-27,P024,Electronics_Product_24,Electronics,11858.93,7053.16,185,2193901.24,2.79,327,12618.93,3.61,27,0,Monday,9,0,0,Autumn,235
2021-10-01,P024,Electronics_Product_24,Electronics,10343.24,7053.16,442,4571712.24,15.41,442,11564.93,4.21,31,1,Friday,10,0,1,Autumn,239
2021-10-03,P024,Electronics_Product_24,Electronics,11507.57,7053.16,341,3924080.89,1.22,341,11719.15,4.21,36,0,Sunday,10,1,1,Autumn,241
2021-10-06,P024,Electronics_Product_24,Electronics,10912.1,7053.16,239,2607992.12,5.1,239,11835.88,4.25,32,0,Wednesday,10,0,0,Autumn,244
2021-10-12,P024,Electronics_Product_24,Electronics,11993.69,7053.16,414,4965386.08,1.11,414,11851.77,4.57,40,0,Tuesday,10,0,0,Autumn,250
2021-10-13,P024,Electronics_Product_24,Electronics,11024.04,7053.16,233,2568602.19,2.64,354,12472.25,3.77,35,0,Wednesday,10,0,0,Autumn,251
2021-10-14,P024,Electronics_Product_24,Electronics,11281.56,7053.16,239,2696292.02,4.17,314,13044.51,3.53,35,0,Thursday,10,0,0,Autumn,252
2021-10-28,P024,Electronics_Product_24,Electronics,10904.36,7053.16,176,1919166.58,7.93,298,11364.21,3.72,34,0,Thursday,10,0,0,Autumn,266
2021-11-23,P024,Electronics_Product_24,Electronics,9495.75,7053.16,378,3589394.41,18.03,378,13001.21,3.91,48,1,Tuesday,11,0,0,Autumn,292
2021-11-30,P024,Electronics_Product_24,Electronics,9864.5,7053.16,245,2416801.93,13.42,245,12781.48,3.83,34,1,Tuesday,11,0,0,Autumn,299
2021-12-05,P024,Electronics_Product_24,Electronics,11523.02,7053.16,285,3284061.71,5.35,285,13256.72,4.04,37,0,Sunday,12,1,0,Winter,304
2021-12-07,P024,Electronics_Product_24,Electronics,11651.25,7053.16,232,2703089.13,4.6,433,11256.08,3.82,40,0,Tuesday,12,0,0,Winter,306
2021-12-24,P024,Electronics_Product_24,Electronics,10275.81,7053.16,356,3658189.46,16.23,356,12702.29,4.09,38,1,Friday,12,0,1,Winter,323
2021-12-26,P024,Electronics_Product_24,Electronics,7649.88,7053.16,328,2509161.0,37.34,328,11608.07,4.01,44,1,Sunday,12,1,1,Winter,325
2021-12-30,P024,Electronics_Product_24,Electronics,11685.24,7053.16,420,4907800.27,3.11,420,12911.0,4.47,44,0,Thursday,12,0,0,Winter,329
2022-01-01,P024,Electronics_Product_24,Electronics,11414.73,7053.16,286,3264612.48,7.52,286,12654.71,4.2,44,0,Saturday,1,1,0,Winter,331
2022-01-03,P024,Electronics_Product_24,Electronics,10709.31,7053.16,257,2752293.59,7.65,257,13089.35,4.52,43,0,Monday,1,0,0,Winter,333
2022-01-03,P024,Electronics_Product_24,Electronics,11622.29,7053.16,235,2731238.34,2.13,235,11516.39,4.94,46,0,Monday,1,0,0,Winter,333
2022-01-05,P024,Electronics_Product_24,Electronics,11652.96,7053.16,264,3076380.36,3.29,264,13346.12,4.46,46,0,Wednesday,1,0,0,Winter,335
2022-01-05,P024,Electronics_Product_24,Electronics,11352.17,7053.16,325,3689455.76,0.92,325,12253.39,4.55,50,0,Wednesday,1,0,0,Winter,335
2022-01-18,P024,Electronics_Product_24,Electronics,11116.14,7053.16,368,4090738.19,9.71,423,12292.13,4.58,40,0,Tuesday,1,0,0,Winter,348
2022-01-18,P024,Electronics_Product_24,Electronics,12185.7,7053.16,268,3265766.6,1.16,268,11505.18,4.21,42,0,Tuesday,1,0,0,Winter,348
2022-01-28,P024,Electronics_Product_24,Electronics,10551.64,7053.16,189,1994259.13,7.19,425,11653.95,3.91,51,0,Friday,1,0,1,Winter,358
2022-02-02,P024,Electronics_Product_24,Electronics,11233.18,7053.16,405,4549436.35,6.09,405,12803.34,4.17,52,0,Wednesday,2,0,0,Winter,363
2022-02-04,P024,Electronics_Product_24,Electronics,10796.66,7053.16,170,1835432.11,5.08,435,12051.58,3.76,53,0,Friday,2,0,0,Winter,365
2022-02-07,P024,Electronics_Product_24,Electronics,11640.18,7053.16,169,1967189.82,3.74,468,13148.82,3.81,52,0,Monday,2,0,0,Winter,368
2022-02-07,P024,Electronics_Product_24,Electronics,11098.45,7053.16,391,4339494.14,1.76,409,11686.85,4.67,50,0,Monday,2,0,0,Winter,368
2022-02-08,P024,Electronics_Product_24,Electronics,9944.26,7053.16,326,3241827.14,13.06,326,12218.37,4.41,50,1,Tuesday,2,0,0,Winter,369
2022-02-08,P024,Electronics_Product_24,Electronics,11249.25,7053.16,327,3678505.51,5.14,327,11236.62,4.72,51,0,Tuesday,2,0,0,Winter,369
2022-02-10,P024,Electronics_Product_24,Electronics,11237.53,7053.16,100,1123752.56,5.03,416,11276.29,3.6,47,0,Thursday,2,0,0,Winter,371
2022-02-23,P024,Electronics_Product_24,Electronics,11158.88,7053.16,295,3291870.55,2.38,295,12353.62,4.65,52,0,Wednesday,2,0,0,Winter,384
2022-02-28,P024,Electronics_Product_24,Electronics,12099.15,7053.16,258,3121579.41,0.66,258,13102.1,4.57,48,0,Monday,2,0,0,Winter,389
2022-03-03,P024,Electronics_Product_24,Electronics,8017.43,7053.16,460,3688019.07,29.27,460,13138.41,4.33,51,1,Thursday,3,0,0,Spring,392
2022-03-04,P024,Electronics_Product_24,Electronics,10746.24,7053.16,243,2611335.8,6.64,243,12141.53,4.31,57,0,Friday,3,0,0,Spring,393
2022-03-06,P024,Electronics_Product_24,Electronics,10249.0,7053.16,424,4345574.96,8.75,424,11950.12,4.05,51,0,Sunday,3,1,0,Spring,395
2022-03-16,P024,Electronics_Product_24,Electronics,11058.22,7053.16,381,4213181.34,9.42,381,11520.67,4.2,52,0,Wednesday,3,0,0,Spring,405
2022-03-28,P024,Electronics_Product_24,Electronics,10819.59,7053.16,325,3516367.98,11.68,325,12721.23,4.36,56,1,Monday,3,0,0,Spring,417
2022-04-05,P024,Electronics_Product_24,Electronics,9431.22,7053.16,453,4272340.66,20.3,453,11924.99,4.96,54,1,Tuesday,4,0,0,Spring,425
2022-04-06,P024,Electronics_Product_24,Electronics,11655.28,7053.16,319,3718034.68,3.17,319,12420.15,4.39,53,0,Wednesday,4,0,0,Spring,426
2022-04-15,P024,Electronics_Product_24,Electronics,11353.54,7053.16,328,3723959.77,7.44,328,13313.22,4.57,54,0,Friday,4,0,0,Spring,435
2022-04-16,P024,Electronics_Product_24,Electronics,11629.67,7053.16,465,5407796.77,0.34,465,12055.26,4.33,62,0,Saturday,4,1,0,Spring,436
2022-04-24,P024,Electronics_Product_24,Electronics,10479.89,7053.16,435,4558752.96,8.49,435,11930.24,4.15,51,0,Sunday,4,1,0,Spring,444
2022-04-25,P024,Electronics_Product_24,Electronics,7802.43,7053.16,394,3074158.17,36.31,394,13434.44,4.02,59,1,Monday,4,0,0,Spring,445
2022-05-11,P024,Electronics_Product_24,Electronics,10846.48,7053.16,269,2917703.39,3.72,269,11511.93,4.33,64,0,Wednesday,5,0,0,Spring,461
2022-05-12,P024,Electronics_Product_24,Electronics,11501.47,7053.16,272,3128398.72,2.01,272,12595.61,4.57,56,0,Thursday,5,0,0,Spring,462
2022-05-14,P024,Electronics_Product_24,Electronics,11874.85,7053.16,420,4987437.17,0.37,420,11359.1,4.45,62,0,Saturday,5,1,0,Spring,464
2022-05-16,P024,Electronics_Product_24,Electronics,7075.23,7053.16,403,2851316.04,39.28,403,11598.16,4.52,61,1,Monday,5,0,0,Spring,466
2022-06-05,P024,Electronics_Product_24,Electronics,11920.11,7053.16,245,2920427.82,1.51,279,11357.38,3.72,63,0,Sunday,6,1,0,Summer,486
2022-06-15,P024,Electronics_Product_24,Electronics,11902.61,7053.16,360,4284940.35,2.35,360,12279.31,4.43,61,0,Wednesday,6,0,0,Summer,496
2022-06-20,P024,Electronics_Product_24,Electronics,8178.86,7053.16,425,3476017.36,33.19,425,11237.87,4.47,63,1,Monday,6,0,0,Summer,501
2022-06-26,P024,Electronics_Product_24,Electronics,9502.03,7053.16,460,4370933.84,20.72,460,13408.57,4.89,65,1,Sunday,6,1,0,Summer,507
