product_sales_data.csv
date,product_id,product_name,category,price,cost_price,units_sold,revenue,discount_percent,stock_available,competitor_price,rating,review_count,is_promoted,day_of_week,month,is_weekend,is_holiday,season,days_since_launch
2021-02-14,P018,Electronics_Product_18,Electronics,4053.99,3822.73,83,336481.39,38.02,397,6891.04,3.15,0,1,Sunday,2,1,0,Winter,4
2021-02-21,P018,Electronics_Product_18,Electronics,5901.51,3822.73,151,891127.99,4.12,382,6063.82,3.67,1,0,Sunday,2,1,0,Winter,11
2021-02-28,P018,Electronics_Product_18,Electronics,6303.93,3822.73,139,876245.89,5.03,403,6585.9,3.81,1,0,Sunday,2,1,0,Winter,18
2021-03-07,P018,Electronics_Product_18,Electronics,5747.46,3822.73,74,425311.9,7.4,255,6184.59,3.43,3,0,Sunday,3,1,0,Spring,25
2021-03-11,P018,Electronics_Product_18,Electronics,3731.75,3822.73,93,347053.17,39.32,319,6717.32,3.28,3,1,Thursday,3,0,0,Spring,29
2021-03-12,P018,Electronics_Product_18,Electronics,6277.0,3822.73,138,866226.4,5.45,303,6190.11,3.5,5,0,Friday,3,0,0,Spring,30
2021-03-16,P018,Electronics_Product_18,Electronics,5659.99,3822.73,212,1199917.58,6.61,276,6692.15,3.75,4,0,Tuesday,3,0,0,Spring,34
2021-03-23,P018,Electronics_Product_18,Electronics,5907.31,3822.73,50,295365.41,7.78,288,6877.65,3.35,5,0,Tuesday,3,0,0,Spring,41
2021-03-24,P018,Electronics_Product_18,Electronics,3977.48,3822.73,221,879023.42,37.83,221,7133.91,3.67,5,1,Wednesday,3,0,0,Spring,42
2021-03-31,P018,Electronics_Product_18,Electronics,6145.78,3822.73,169,1038636.8,0.86,361,7029.02,3.83,7,0,Wednesday,3,0,0,Spring,49
2021-04-03,P018,Electronics_Product_18,Electronics,5673.92,3822.73,72,408522.36,7.34,310,6427.69,3.24,7,0,Saturday,4,1,0,Spring,52
2021-04-14,P018,Electronics_Product_18,Electronics,6027.89,3822.73,160,964462.28,2.15,431,6683.74,3.71,6,0,Wednesday,4,0,0,Spring,63
2021-04-18,P018,Electronics_Product_18,Electronics,5909.66,3822.73,255,1506962.03,6.81,255,6934.55,3.52,7,0,Sunday,4,1,0,Spring,67
2021-04-21,P018,Electronics_Product_18,Electronics,5860.39,3822.73,326,1910487.25,9.0,326,6364.02,4.12,10,0,Wednesday,4,0,0,Spring,70
2021-04-27,P018,Electronics_Product_18,Electronics,5370.82,3822.73,69,370586.62,13.28,434,6439.05,2.98,10,1,Tuesday,4,0,0,Spring,76
2021-05-06,P018,Electronics_Product_18,Electronics,6629.72,3822.73,138,914901.51,0.83,324,6792.88,3.51,11,0,Thursday,5,0,0,Spring,85
2021-05-09,P018,Electronics_Product_18,Electronics,4021.08,3822.73,346,1391295.33,39.16,426,6668.64,3.75,15,1,Sunday,5,1,0,Spring,88
2021-05-12,P018,Electronics_Product_18,Electronics,6058.99,3822.73,193,1169385.18,4.54,280,7172.38,3.63,11,0,Wednesday,5,0,0,Spring,91
2021-05-22,P018,Electronics_Product_18,Electronics,5764.19,3822.73,360,2075107.22,10.69,360,7314.56,4.05,12,1,Saturday,5,1,0,Spring,101
2021-05-27,P018,Electronics_Product_18,Electronics,4706.66,3822.73,94,442425.85,26.9,320,7162.58,3.23,14,1,Thursday,5,0,0,Spring,106
2021-05-27,P018,Electronics_Product_18,Electronics,6032.16,3822.73,55,331768.71,1.49,272,6886.86,3.35,15,0,Thursday,5,0,0,Spring,106
2021-06-07,P018,Electronics_Product_18,Electronics,5764.62,3822.73,163,939632.5,7.56,237,6130.06,3.58,16,0,Monday,6,0,0,Summer,117
2021-06-09,P018,Electronics_Product_18,Electronics,6091.78,3822.73,192,1169620.84,5.28,243,6777.42,3.99,18,0,Wednesday,6,0,0,Summer,119
2021-06-15,P018,Electronics_Product_18,Electronics,5938.76,3822.73,201,1193689.79,9.42,413,7042.81,3.9,17,0,Tuesday,6,0,0,Summer,125
2021-06-25,P018,Electronics_Product_18,Electronics,3999.65,3822.73,279,1115901.17,38.29,289,7059.19,3.95,22,1,Friday,6,0,0,Summer,135
2021-06-27,P018,Electronics_Product_18,Electronics,5848.75,3822.73,237,1386153.2,3.66,381,6269.3,3.8,18,0,Sunday,6,1,0,Summer,137
2021-07-01,P018,Electronics_Product_18,Electronics,6296.34,3822.73,161,1013710.62,2.69,324,7104.66,3.72,18,0,Thursday,7,0,0,Summer,141
2021-07-05,P018,Electronics_Product_18,Electronics,5685.87,3822.73,178,1012084.24,9.09,399,6909.47,3.81,15,0,Monday,7,0,0,Summer,145
2021-07-06,P018,Electronics_Product_18,Electronics,6194.18,3822.73,139,860990.76,4.02,233,6298.23,3.91,15,0,Tuesday,7,0,0,Summer,146
2021-07-16,P018,Electronics_Product_18,Electronics,6093.38,3822.73,201,1224768.91,8.83,319,7082.36,3.68,17,0,Friday,7,0,0,Summer,156
2021-07-21,P018,Electronics_Product_18,Electronics,5959.86,3822.73,172,1025095.22,3.69,226,6451.3,3.93,20,0,Wednesday,7,0,0,Summer,161
2021-07-25,P018,Electronics_Product_18,Electronics,6121.26,3822.73,219,1340555.75,0.14,219,6154.19,4.28,23,0,Sunday,7,1,0,Summer,165
2021-08-01,P018,Electronics_Product_18,Electronics,6173.15,3822.73,180,1111167.63,7.02,428,6212.19,3.74,26,0,Sunday,8,1,0,Summer,172
2021-08-07,P018,Electronics_Product_18,Electronics,4134.83,3822.73,359,1484405.47,36.71,359,6770.45,4.12,24,1,Saturday,8,1,0,Summer,178
2021-08-09,P018,Electronics_Product_18,Electronics,5745.8,3822.73,303,1740976.79,7.0,303,6879.57,4.18,25,0,Monday,8,0,0,Summer,180
2021-08-16,P018,Electronics_Product_18,Electronics,6109.19,3822.73,247,1508969.14,2.25,366,7120.66,3.77,28,0,Monday,8,0,1,Summer,187
2021-08-19,P018,Electronics_Product_18,Electronics,6029.18,3822.73,189,1139514.41,6.75,242,7011.69,3.81,23,0,Thursday,8,0,0,Summer,190
2021-08-21,P018,Electronics_Product_18,Electronics,5700.93,3822.73,222,1265606.42,12.13,222,6453.23,4.12,29,1,Saturday,8,1,0,Summer,192
2021-08-22,P018,Electronics_Product_18,Electronics,4862.17,3822.73,259,1259300.74,24.01,259,6254.95,3.85,23,1,Sunday,8,1,0,Summer,193
2021-08-23,P018,Electronics_Product_18,Electronics,5796.6,3822.73,238,1379590.18,5.47,238,6928.98,4.13,24,0,Monday,8,0,0,Summer,194
2021-08-27,P018,Electronics_Product_18,Electronics,6453.11,3822.73,164,1058309.5,0.83,421,6303.69,3.93,27,0,Friday,8,0,0,Summer,198
2021-08-28,P018,Electronics_Product_18,Electronics,5671.75,3822.73,241,1366891.9,7.26,241,7015.39,4.12,29,0,Saturday,8,1,0,Summer,199
2021-09-01,P018,Electronics_Product_18,Electronics,3980.42,3822.73,310,1233930.78,38.39,310,6559.76,4.25,26,1,Wednesday,9,0,0,Autumn,203
2021-09-10,P018,Electronics_Product_18,Electronics,5988.65,3822.73,378,2263707.89,4.58,378,6691.24,4.11,26,0,Friday,9,0,0,Autumn,212
2021-09-18,P018,Electronics_Product_18,Electronics,6115.42,3822.73,203,1241430.94,6.46,428,6347.15,3.96,28,0,Saturday,9,1,0,Autumn,220
2021-09-20,P018,Electronics_Product_18,Electronics,5998.15,3822.73,161,965701.47,9.27,328,7112.06,3.99,27,0,Monday,9,0,0,Autumn,222
2021-10-02,P018,Electronics_Product_18,Electronics,4313.02,3822.73,336,1449176.39,33.12,336,6818.93,3.68,29,1,Saturday,10,1,1,Autumn,234
2021-10-11,P018,Electronics_Product_18,Electronics,6261.0,3822.73,325,2034823.54,1.69,325,6897.75,4.06,36,0,Monday,10,0,0,Autumn,243
2021-10-13,P018,Electronics_Product_18,Electronics,6118.29,3822.73,194,1186947.33,1.31,233,6438.82,3.79,36,0,Wednesday,10,0,0,Autumn,245
2021-10-30,P018,Electronics_Product_18,Electronics,5842.66,3822.73,372,2173467.91,5.69,372,6373.75,4.3,35,0,Saturday,10,1,1,Autumn,262
2021-11-11,P018,Electronics_Product_18,Electronics,4723.74,3822.73,234,1105354.51,27.99,234,7010.31,4.5,37,1,Thursday,11,0,0,Autumn,274
2021-11-15,P018,Electronics_Product_18,Electronics,5705.23,3822.73,243,1386371.63,14.46,243,7252.1,4.43,40,1,Monday,11,0,0,Autumn,278
2021-11-29,P018,Electronics_Product_18,Electronics,3912.86,3822.73,370,1447757.62,37.75,370,6184.71,4.15,38,1,Monday,11,0,0,Autumn,292
2021-11-30,P018,Electronics_Product_18,Electronics,5957.23,3822.73,249,1483351.32,2.98,249,7326.41,4.19,37,0,Tuesday,11,0,0,Autumn,293
2021-12-08,P018,Electronics_Product_18,Electronics,5134.82,3822.73,381,1956364.69,20.31,381,7149.59,4.05,41,1,Wednesday,12,0,0,Winter,301
2021-12-08,P018,Electronics_Product_18,Electronics,6130.3,3822.73,388,2378557.78,8.07,388,6631.92,4.51,39,0,Wednesday,12,0,0,Winter,301
2021-12-11,P018,Electronics_Product_18,Electronics,5857.38,3822.73,290,1698640.38,7.96,290,6702.16,4.1,41,0,Saturday,12,1,0,Winter,304
2021-12-18,P018,Electronics_Product_18,Electronics,3867.23,3822.73,226,873993.37,38.44,226,6180.24,4.73,35,1,Saturday,12,1,0,Winter,311
2021-12-25,P018,Electronics_Product_18,Electronics,5125.72,3822.73,309,1583848.69,15.62,309,7148.2,3.88,43,1,Saturday,12,1,1,Winter,318
2021-12-25,P018,Electronics_Product_18,Electronics,4515.41,3822.73,431,1946143.49,26.14,431,6583.43,3.84,40,1,Saturday,12,1,1,Winter,318
2021-12-26,P018,Electronics_Product_18,Electronics,5946.24,3822.73,275,1635215.79,2.55,275,6856.26,4.04,41,0,Sunday,12,1,1,Winter,319
2021-12-31,P018,Electronics_Product_18,Electronics,5892.69,3822.73,257,1514421.89,5.09,282,6864.3,3.73,43,0,Friday,12,0,0,Winter,324
2022-01-01,P018,Electronics_Product_18,Electronics,4171.48,3822.73,280,1168015.32,32.38,280,6229.82,4.64,43,1,Saturday,1,1,0,Winter,325
2022-01-02,P018,Electronics_Product_18,Electronics,6170.59,3822.73,401,2474407.17,4.37,401,6877.67,4.34,38,0,Sunday,1,1,0,Winter,326
2022-01-07,P018,Electronics_Product_18,Electronics,5901.01,3822.73,109,643209.92,5.56,321,6357.61,3.98,44,0,Friday,1,0,0,Winter,331
2022-01-10,P018,Electronics_Product_18,Electronics,5849.28,3822.73,226,1321938.07,4.62,226,6834.04,4.25,44,0,Monday,1,0,0,Winter,334
2022-01-12,P018,Electronics_Product_18,Electronics,6110.82,3822.73,145,886068.97,6.04,430,7093.07,3.61,45,0,Wednesday,1,0,0,Winter,336
2022-01-19,P018,Electronics_Product_18,Electronics,6071.43,3822.73,252,1530001.12,7.57,252,6707.46,4.29,45,0,Wednesday,1,0,0,Winter,343
2022-01-25,P018,Electronics_Product_18,Electronics,6448.99,3822.73,246,1586451.02,2.25,246,6577.55,4.31,51,0,Tuesday,1,0,1,Winter,349
2022-02-10,P018,Electronics_Product_18,Electronics,5992.47,3822.73,245,1468154.52,9.42,370,6186.34,4.08,49,0,Thursday,2,0,0,Winter,365
2022-02-10,P018,Electronics_Product_18,Electronics,4830.53,3822.73,170,821190.82,27.24,304,6680.16,3.9,46,1,Thursday,2,0,0,Winter,365
2022-02-15,P018,Electronics_Product_18,Electronics,4440.63,3822.73,226,1003582.6,31.53,226,7111.45,4.05,52,1,Tuesday,2,0,0,Winter,370
2022-02-16,P018,Electronics_Product_18,Electronics,5901.21,3822.73,250,1475302.67,8.04,332,6496.11,4.26,50,0,Wednesday,2,0,0,Winter,371
2022-03-01,P018,Electronics_Product_18,Electronics,5510.46,3822.73,306,1686201.56,14.7,306,7164.91,4.98,53,1,Tuesday,3,0,0,Spring,384
2022-03-12,P018,Electronics_Product_18,Electronics,5770.69,3822.73,385,2221714.91,7.05,385,6411.02,4.24,49,0,Saturday,3,1,0,Spring,395
2022-03-29,P018,Electronics_Product_18,Electronics,5875.52,3822.73,391,2297330.0,7.54,391,7197.73,4.61,54,0,Tuesday,3,0,0,Spring,412
2022-03-30,P018,Electronics_Product_18,Electronics,5746.68,3822.73,234,1344722.42,9.84,234,6633.4,4.35,54,0,Wednesday,3,0,0,Spring,413
2022-04-10,P018,Electronics_Product_18,Electronics,6096.88,3822.73,235,1432766.99,8.75,235,6095.22,4.25,64,0,Sunday,4,1,0,Spring,424
2022-04-16,P018,Electronics_Product_18,Electronics,5873.23,3822.73,229,1344969.71,9.39,229,6377.8,4.06,53,0,Saturday,4,1,0,Spring,430
2022-04-17,P018,Electronics_Product_18,Electronics,6073.94,3822.73,292,1773589.72,1.86,292,7054.18,4.59,52,0,Sunday,4,1,0,Spring,431
2022-04-17,P018,Electronics_Product_18,Electronics,6337.3,3822.73,354,2243403.54,0.51,354,6476.3,4.18,57,0,Sunday,4,1,0,Spring,431
2022-04-23,P018,Electronics_Product_18,Electronics,6122.97,3822.73,434,2657367.71,0.38,434,7221.23,4.25,59,0,Saturday,4,1,0,Spring,437
2022-04-25,P018,Electronics_Product_18,Electronics,5744.65,3822.73,233,1338502.83,6.23,233,6214.79,4.18,55,0,Monday,4,0,0,Spring,439
2022-04-28,P018,Electronics_Product_18,Electronics,6112.14,3822.73,293,1790855.91,2.28,293,7279.44,4.3,60,0,Thursday,4,0,0,Spring,442
2022-04-28,P018,Electronics_Product_18,Electronics,6407.7,3822.73,277,1774934.12,3.98,277,6746.09,4.32,56,0,Thursday,4,0,0,Spring,442
2022-05-02,P018,Electronics_Product_18,Electronics,6091.24,3822.73,365,2223303.4,5.38,365,6561.64,4.62,58,0,Monday,5,0,0,Spring,446
2022-05-08,P018,Electronics_Product_18,Electronics,6171.21,3822.73,395,2437626.5,7.21,395,6447.23,5.0,59,0,Sunday,5,1,0,Spring,452
2022-05-11,P018,Electronics_Product_18,Electronics,5149.89,3822.73,408,2101156.51,16.44,408,6506.3,5.0,67,1,Wednesday,5,0,0,Spring,455
2022-05-14,P018,Electronics_Product_18,Electronics,6015.66,3822.73,378,2273920.77,9.99,378,7001.12,4.47,65,0,Saturday,5,1,0,Spring,458
2022-05-22,P018,Electronics_Product_18,Electronics,6420.15,3822.73,221,1418852.15,2.13,354,7088.92,3.91,64,0,Sunday,5,1,0,Spring,466
2022-06-01,P018,Electronics_Product_18,Electronics,5606.69,3822.73,404,2265102.25,7.62,404,6600.52,4.27,62,0,Wednesday,6,0,0,Summer,476
2022-06-03,P018,Electronics_Product_18,Electronics,5903.81,3822.73,269,1588123.7,4.82,269,7279.43,4.45,72,0,Friday,6,0,0,Summer,478
2022-06-08,P018,Electronics_Product_18,Electronics,5626.73,3822.73,392,2205678.25,9.63,392,6912.6,4.26,64,0,Wednesday,6,0,0,Summer,483
2022-06-15,P018,Electronics_Product_18,Electronics,6280.82,3822.73,291,1827717.96,0.24,291,7121.2,4.72,65,0,Wednesday,6,0,0,Summer,490
2022-06-16,P018,Electronics_Product_18,Electronics,6652.15,3822.73,426,2833817.46,0.55,426,6509.23,4.23,63,0,Thursday,6,0,0,Summer,491
2022-06-21,P018,Electronics_Product_18,Electronics,5951.05,3822.73,179,1065237.77,7.17,416,7247.5,3.95,69,0,Tuesday,6,0,0,Summer,496
2022-06-23,P018,Electronics_Product_18,Electronics,6372.68,3822.73,174,1108846.2,2.81,314,6398.97,3.87,64,0,Thursday,6,0,0,Summer,498
2022-06-23,P018,Electronics_Product_18,Electronics,5970.7,3822.73,307,1833005.13,7.74,307,6392.63,4.6,65,0,Thursday,6,0,0,Summer,498
