product_sales_data.csv
date,product_id,product_name,category,price,cost_price,units_sold,revenue,discount_percent,stock_available,competitor_price,rating,review_count,is_promoted,day_of_week,month,is_weekend,is_holiday,season,days_since_launch
2021-02-20,P032,Fashion_Product_32,Fashion,2675.95,1630.33,82,219427.91,4.32,370,3014.25,3.24,0,0,Saturday,2,1,0,Winter,7
2021-02-23,P032,Fashion_Product_32,Fashion,2592.72,1630.33,220,570399.26,6.69,612,3102.93,3.57,1,0,Tuesday,2,0,0,Winter,10
2021-02-26,P032,Fashion_Product_32,Fashion,2597.35,1630.33,47,122075.35,6.13,523,2617.37,3.48,3,0,Friday,2,0,0,Winter,13
2021-03-05,P032,Fashion_Product_32,Fashion,2559.95,1630.33,84,215036.1,0.87,402,3069.59,3.06,2,0,Friday,3,0,0,Spring,20
2021-03-10,P032,Fashion_Product_32,Fashion,2399.19,1630.33,277,664575.57,9.6,546,2810.34,3.74,4,0,Wednesday,3,0,0,Spring,25
2021-03-28,P032,Fashion_Product_32,Fashion,2689.86,1630.33,106,285124.64,4.32,606,2883.25,3.46,5,0,Sunday,3,1,0,Spring,43
2021-04-05,P032,Fashion_Product_32,Fashion,2709.73,1630.33,193,522977.73,0.99,383,2633.4,3.73,5,0,Monday,4,0,0,Spring,51
2021-04-08,P032,Fashion_Product_32,Fashion,2694.73,1630.33,91,245220.09,5.39,483,3056.56,3.19,6,0,Thursday,4,0,0,Spring,54
2021-04-09,P032,Fashion_Product_32,Fashion,2449.8,1630.33,92,225381.63,5.92,477,3018.57,3.33,5,0,Friday,4,0,0,Spring,55
2021-04-19,P032,Fashion_Product_32,Fashion,2682.45,1630.33,251,673295.11,5.21,401,2725.84,3.51,6,0,Monday,4,0,0,Spring,65
2021-04-25,P032,Fashion_Product_32,Fashion,2536.03,1630.33,325,824209.33,6.28,388,2710.98,3.65,9,0,Sunday,4,1,0,Spring,71
2021-04-26,P032,Fashion_Product_32,Fashion,2241.88,1630.33,359,804836.57,16.09,359,3115.31,4.16,9,1,Monday,4,0,0,Spring,72
2021-05-05,P032,Fashion_Product_32,Fashion,1828.5,1630.33,183,334616.4,33.6,476,3084.43,3.13,12,1,Wednesday,5,0,0,Spring,81
2021-05-20,P032,Fashion_Product_32,Fashion,2552.34,1630.33,287,732521.79,9.15,446,2939.97,3.67,15,0,Thursday,5,0,0,Spring,96
2021-05-22,P032,Fashion_Product_32,Fashion,2602.6,1630.33,338,879679.89,6.18,514,2914.1,3.64,10,0,Saturday,5,1,0,Spring,98
2021-06-05,P032,Fashion_Product_32,Fashion,2484.36,1630.33,125,310544.75,8.22,591,3115.72,3.12,15,0,Saturday,6,1,0,Summer,112
2021-06-05,P032,Fashion_Product_32,Fashion,2422.97,1630.33,309,748696.23,6.29,466,2622.31,3.64,14,0,Saturday,6,1,0,Summer,112
2021-06-09,P032,Fashion_Product_32,Fashion,2724.37,1630.33,380,1035259.45,2.26,380,2647.15,4.24,16,0,Wednesday,6,0,0,Summer,116
2021-06-15,P032,Fashion_Product_32,Fashion,2667.54,1630.33,72,192062.94,5.11,515,2798.46,3.21,16,0,Tuesday,6,0,0,Summer,122
2021-06-17,P032,Fashion_Product_32,Fashion,2169.72,1630.33,588,1275798.03,17.32,588,2584.98,4.18,17,1,Thursday,6,0,0,Summer,124
2021-06-22,P032,Fashion_Product_32,Fashion,2522.67,1630.33,224,565077.06,7.31,502,2724.43,3.73,17,0,Tuesday,6,0,0,Summer,129
2021-06-26,P032,Fashion_Product_32,Fashion,2222.76,1630.33,559,1242520.5,14.02,559,2622.31,4.2,16,1,Saturday,6,1,0,Summer,133
2021-06-27,P032,Fashion_Product_32,Fashion,2446.3,1630.33,354,865991.72,5.43,354,2962.49,4.02,17,0,Sunday,6,1,0,Summer,134
2021-06-29,P032,Fashion_Product_32,Fashion,2711.61,1630.33,415,1125318.27,2.45,415,2774.28,4.27,21,0,Tuesday,6,0,0,Summer,136
2021-07-21,P032,Fashion_Product_32,Fashion,2681.93,1630.33,582,1560886.05,2.32,630,2806.15,4.04,21,0,Wednesday,7,0,0,Summer,158
2021-07-22,P032,Fashion_Product_32,Fashion,2761.61,1630.33,445,1228918.16,0.35,445,3121.62,4.39,23,0,Thursday,7,0,0,Summer,159
2021-07-26,P032,Fashion_Product_32,Fashion,2579.06,1630.33,264,680872.46,4.15,353,2793.62,3.78,17,0,Monday,7,0,0,Summer,163
2021-08-01,P032,Fashion_Product_32,Fashion,2646.99,1630.33,355,939682.31,1.81,355,3083.6,3.74,21,0,Sunday,8,1,0,Summer,169
2021-08-03,P032,Fashion_Product_32,Fashion,2009.9,1630.33,375,753714.0,26.89,375,3092.37,3.71,27,1,Tuesday,8,0,0,Summer,171
2021-08-05,P032,Fashion_Product_32,Fashion,2644.63,1630.33,585,1547110.48,0.26,647,2669.65,4.07,20,0,Thursday,8,0,0,Summer,173
2021-08-15,P032,Fashion_Product_32,Fashion,2666.91,1630.33,486,1296120.53,4.43,486,2754.99,4.13,23,0,Sunday,8,1,1,Summer,183
2021-08-18,P032,Fashion_Product_32,Fashion,2444.36,1630.33,263,642867.33,8.69,341,3005.76,3.77,23,0,Wednesday,8,0,0,Summer,186
2021-08-27,P032,Fashion_Product_32,Fashion,1757.77,1630.33,399,701351.32,35.4,399,2896.39,3.85,28,1,Friday,8,0,0,Summer,195
2021-09-05,P032,Fashion_Product_32,Fashion,2531.91,1630.33,337,853253.43,3.67,337,2681.9,4.13,29,0,Sunday,9,1,0,Autumn,204
2021-09-08,P032,Fashion_Product_32,Fashion,2626.87,1630.33,190,499105.93,5.09,619,2630.06,3.79,27,0,Wednesday,9,0,0,Autumn,207
2021-09-24,P032,Fashion_Product_32,Fashion,2441.87,1630.33,585,1428494.44,6.82,585,3117.81,4.55,26,0,Friday,9,0,0,Autumn,223
2021-09-25,P032,Fashion_Product_32,Fashion,2389.08,1630.33,355,848123.99,8.24,355,2823.26,3.9,28,0,Saturday,9,1,0,Autumn,224
2021-10-03,P032,Fashion_Product_32,Fashion,1759.35,1630.33,391,687905.45,33.41,633,2799.82,3.0,36,1,Sunday,10,1,1,Autumn,232
2021-10-15,P032,Fashion_Product_32,Fashion,2469.61,1630.33,427,1054524.58,6.0,427,2597.73,4.03,30,0,Friday,10,0,0,Autumn,244
2021-10-16,P032,Fashion_Product_32,Fashion,2643.34,1630.33,479,1266157.48,7.01,479,2683.8,4.21,36,0,Saturday,10,1,0,Autumn,245
2021-10-16,P032,Fashion_Product_32,Fashion,1863.72,1630.33,526,980318.14,31.79,526,2977.79,3.6,31,1,Saturday,10,1,0,Autumn,245
2021-10-23,P032,Fashion_Product_32,Fashion,2306.15,1630.33,432,996257.14,17.32,432,2930.08,4.4,32,1,Saturday,10,1,0,Autumn,252
2021-11-03,P032,Fashion_Product_32,Fashion,2392.35,1630.33,490,1172253.78,10.3,490,2722.37,4.47,36,1,Wednesday,11,0,1,Autumn,263
2021-11-03,P032,Fashion_Product_32,Fashion,2247.21,1630.33,608,1366303.88,16.62,608,2691.99,4.36,32,1,Wednesday,11,0,1,Autumn,263
2021-11-17,P032,Fashion_Product_32,Fashion,1796.71,1630.33,332,596508.37,36.69,332,2997.54,4.46,34,1,Wednesday,11,0,0,Autumn,277
2021-11-18,P032,Fashion_Product_32,Fashion,2456.9,1630.33,386,948363.95,5.35,554,2976.62,3.84,37,0,Thursday,11,0,0,Autumn,278
2021-11-19,P032,Fashion_Product_32,Fashion,2615.86,1630.33,454,1187601.05,3.72,454,3017.77,3.77,38,0,Friday,11,0,0,Autumn,279
2021-11-19,P032,Fashion_Product_32,Fashion,2686.88,1630.33,380,1021015.5,3.53,380,3016.54,4.27,35,0,Friday,11,0,0,Autumn,279
2021-11-23,P032,Fashion_Product_32,Fashion,2522.49,1630.33,391,986294.26,4.79,391,2830.12,4.72,38,0,Tuesday,11,0,0,Autumn,283
2021-11-29,P032,Fashion_Product_32,Fashion,2425.98,1630.33,640,1552629.71,12.62,640,3067.53,4.42,34,1,Monday,11,0,0,Autumn,289
2021-12-15,P032,Fashion_Product_32,Fashion,2597.43,1630.33,549,1425990.33,4.76,549,3000.42,4.59,37,0,Wednesday,12,0,0,Winter,305
2021-12-16,P032,Fashion_Product_32,Fashion,1963.28,1630.33,469,920778.25,24.1,469,2980.0,4.07,39,1,Thursday,12,0,0,Winter,306
2021-12-17,P032,Fashion_Product_32,Fashion,2316.05,1630.33,362,838410.53,11.31,362,2906.62,4.14,40,1,Friday,12,0,0,Winter,307
2021-12-21,P032,Fashion_Product_32,Fashion,2528.35,1630.33,406,1026508.4,7.51,406,3100.13,4.37,35,0,Tuesday,12,0,0,Winter,311
2021-12-22,P032,Fashion_Product_32,Fashion,2660.56,1630.33,349,928536.11,4.6,349,2629.78,4.25,38,0,Wednesday,12,0,0,Winter,312
2021-12-24,P032,Fashion_Product_32,Fashion,2160.02,1630.33,633,1367293.93,23.39,633,2630.01,4.0,38,1,Friday,12,0,1,Winter,314
2021-12-24,P032,Fashion_Product_32,Fashion,1692.15,1630.33,350,592252.26,38.51,350,2612.69,3.64,42,1,Friday,12,0,1,Winter,314
2022-01-03,P032,Fashion_Product_32,Fashion,2673.83,1630.33,418,1117662.76,1.3,418,3081.11,4.14,49,0,Monday,1,0,0,Winter,324
2022-01-04,P032,Fashion_Product_32,Fashion,2592.56,1630.33,410,1062950.47,0.1,410,3034.19,4.86,43,0,Tuesday,1,0,0,Winter,325
2022-01-20,P032,Fashion_Product_32,Fashion,2600.24,1630.33,212,551251.78,5.53,376,2894.35,3.74,43,0,Thursday,1,0,0,Winter,341
2022-01-23,P032,Fashion_Product_32,Fashion,2464.31,1630.33,514,1266653.18,5.35,658,2600.34,4.48,40,0,Sunday,1,1,0,Winter,344
2022-01-29,P032,Fashion_Product_32,Fashion,2422.14,1630.33,615,1489613.66,10.19,615,2976.94,4.77,44,1,Saturday,1,1,0,Winter,350
2022-01-30,P032,Fashion_Product_32,Fashion,2699.02,1630.33,520,1403491.76,5.36,616,2658.59,4.4,45,0,Sunday,1,1,0,Winter,351
2022-02-03,P032,Fashion_Product_32,Fashion,2705.37,1630.33,511,1382443.71,2.58,537,3092.05,4.27,47,0,Thursday,2,0,0,Winter,355
2022-02-04,P032,Fashion_Product_32,Fashion,2453.61,1630.33,471,1155651.36,7.94,471,2853.64,4.29,41,0,Friday,2,0,0,Winter,356
2022-02-11,P032,Fashion_Product_32,Fashion,2586.68,1630.33,511,1321795.45,1.95,625,3003.07,4.05,49,0,Friday,2,0,0,Winter,363
2022-02-18,P032,Fashion_Product_32,Fashion,1935.62,1630.33,625,1209764.64,26.12,625,2683.15,4.77,56,1,Friday,2,0,0,Winter,370
2022-02-24,P032,Fashion_Product_32,Fashion,2575.11,1630.33,469,1207727.0,9.16,585,2878.31,4.22,51,0,Thursday,2,0,0,Winter,376
2022-03-06,P032,Fashion_Product_32,Fashion,1648.53,1630.33,481,792942.15,36.35,481,2654.69,4.55,52,1,Sunday,3,1,0,Spring,386
2022-03-10,P032,Fashion_Product_32,Fashion,2677.76,1630.33,538,1440637.09,3.03,558,2667.37,4.08,53,0,Thursday,3,0,0,Spring,390
2022-03-19,P032,Fashion_Product_32,Fashion,2628.08,1630.33,654,1718761.98,0.62,654,2946.79,4.33,52,0,Saturday,3,1,0,Spring,399
2022-03-22,P032,Fashion_Product_32,Fashion,2543.85,1630.33,275,699559.23,5.46,388,2843.76,3.94,56,0,Tuesday,3,0,0,Spring,402
2022-03-24,P032,Fashion_Product_32,Fashion,2614.53,1630.33,240,627487.98,0.17,626,2827.54,3.79,48,0,Thursday,3,0,0,Spring,404
2022-03-26,P032,Fashion_Product_32,Fashion,2551.31,1630.33,468,1194011.76,4.31,594,2975.41,3.7,60,0,Saturday,3,1,0,Spring,406
2022-03-28,P032,Fashion_Product_32,Fashion,2579.29,1630.33,628,1619791.37,6.98,628,3098.57,4.26,55,0,Monday,3,0,0,Spring,408
2022-04-02,P032,Fashion_Product_32,Fashion,2684.96,1630.33,458,1229710.75,4.06,458,2737.33,4.05,58,0,Saturday,4,1,0,Spring,413
2022-04-05,P032,Fashion_Product_32,Fashion,2490.12,1630.33,503,1252531.53,8.9,503,2981.79,4.81,56,0,Tuesday,4,0,0,Spring,416
2022-04-13,P032,Fashion_Product_32,Fashion,2832.54,1630.33,616,1744845.74,0.41,649,2880.17,4.58,57,0,Wednesday,4,0,0,Spring,424
2022-05-03,P032,Fashion_Product_32,Fashion,2779.2,1630.33,418,1161704.02,0.35,418,2609.24,4.23,56,0,Tuesday,5,0,0,Spring,444
2022-05-24,P032,Fashion_Product_32,Fashion,2728.74,1630.33,538,1468059.47,0.45,538,3103.55,4.1,59,0,Tuesday,5,0,0,Spring,465
2022-05-31,P032,Fashion_Product_32,Fashion,2537.76,1630.33,216,548156.94,3.84,349,2606.69,3.98,66,0,Tuesday,5,0,0,Spring,472
2022-06-04,P032,Fashion_Product_32,Fashion,2737.59,1630.33,103,281971.59,3.56,522,2909.0,3.36,66,0,Saturday,6,1,0,Summer,476
2022-06-04,P032,Fashion_Product_32,Fashion,1629.53,1630.33,647,1054306.59,38.29,647,2849.3,4.2,65,1,Saturday,6,1,0,Summer,476
2022-06-14,P032,Fashion_Product_32,Fashion,2746.89,1630.33,602,1653630.78,1.11,602,2726.73,4.11,62,0,Tuesday,6,0,0,Summer,486
2022-06-19,P032,Fashion_Product_32,Fashion,2353.81,1630.33,546,1285178.27,11.47,546,3041.32,4.57,60,1,Sunday,6,1,0,Summer,491
2022-06-26,P032,Fashion_Product_32,Fashion,2585.91,1630.33,615,1590333.0,6.18,615,2726.73,4.25,61,0,Sunday,6,1,0,Summer,498
2022-06-29,P032,Fashion_Product_32,Fashion,2412.37,1630.33,651,1570451.05,8.52,651,2941.01,4.09,68,0,Wednesday,6,0,0,Summer,501
