product_sales_data.csv
date,product_id,product_name,category,price,cost_price,units_sold,revenue,discount_percent,stock_available,competitor_price,rating,review_count,is_promoted,day_of_week,month,is_weekend,is_holiday,season,days_since_launch
2021-02-21,P038,Fashion_Product_38,Fashion,2166.41,1407.99,44,95321.86,5.39,332,2401.2,3.43,0,0,Sunday,2,1,0,Winter,0
2021-02-28,P038,Fashion_Product_38,Fashion,2147.58,1407.99,67,143887.95,11.47,420,2459.12,3.48,2,1,Sunday,2,1,0,Winter,7
2021-03-04,P038,Fashion_Product_38,Fashion,2300.57,1407.99,171,393397.96,3.74,425,2367.44,3.56,1,0,Thursday,3,0,0,Spring,11
2021-03-08,P038,Fashion_Product_38,Fashion,2077.45,1407.99,52,108027.44,8.46,435,2281.61,3.23,1,0,Monday,3,0,0,Spring,15
2021-03-14,P038,Fashion_Product_38,Fashion,1780.1,1407.99,275,489528.85,20.62,275,2643.97,3.64,3,1,Sunday,3,1,0,Spring,21
2021-03-17,P038,Fashion_Product_38,Fashion,2303.42,1407.99,158,363940.97,0.45,320,2349.18,3.5,2,0,Wednesday,3,0,0,Spring,24
2021-03-24,P038,Fashion_Product_38,Fashion,2350.31,1407.99,319,749748.31,4.5,319,2240.24,4.09,3,0,Wednesday,3,0,0,Spring,31
2021-03-25,P038,Fashion_Product_38,Fashion,2207.11,1407.99,208,459079.35,8.8,364,2548.23,3.56,3,0,Thursday,3,0,0,Spring,32
2021-03-26,P038,Fashion_Product_38,Fashion,2397.53,1407.99,384,920650.87,0.31,452,2585.43,4.01,4,0,Friday,3,0,0,Spring,33
2021-03-26,P038,Fashion_Product_38,Fashion,2359.85,1407.99,63,148670.65,2.73,261,2667.89,3.49,5,0,Friday,3,0,0,Spring,33
2021-03-28,P038,Fashion_Product_38,Fashion,1933.52,1407.99,285,551051.83,18.77,285,2643.92,3.67,4,1,Sunday,3,1,0,Spring,35
2021-04-01,P038,Fashion_Product_38,Fashion,2109.09,1407.99,46,97018.29,6.71,313,2288.13,3.18,4,0,Thursday,4,0,0,Spring,39
2021-04-01,P038,Fashion_Product_38,Fashion,2032.54,1407.99,184,373986.95,9.16,366,2517.05,3.91,3,0,Thursday,4,0,0,Spring,39
2021-04-08,P038,Fashion_Product_38,Fashion,2213.67,1407.99,161,356400.2,1.04,427,2270.79,3.58,5,0,Thursday,4,0,0,Spring,46
2021-04-09,P038,Fashion_Product_38,Fashion,2198.51,1407.99,139,305592.91,9.59,307,2308.11,3.63,4,0,Friday,4,0,0,Spring,47
2021-04-10,P038,Fashion_Product_38,Fashion,2194.08,1407.99,241,528773.33,9.56,241,2380.83,4.3,6,0,Saturday,4,1,0,Spring,48
2021-04-14,P038,Fashion_Product_38,Fashion,2202.22,1407.99,56,123324.21,5.78,324,2637.9,3.48,6,0,Wednesday,4,0,0,Spring,52
2021-04-19,P038,Fashion_Product_38,Fashion,2237.2,1407.99,65,145418.03,4.2,293,2511.51,3.45,8,0,Monday,4,0,0,Spring,57
2021-04-25,P038,Fashion_Product_38,Fashion,2125.71,1407.99,335,712112.79,6.72,335,2290.9,4.13,7,0,Sunday,4,1,0,Spring,63
2021-04-27,P038,Fashion_Product_38,Fashion,2172.87,1407.99,137,297683.02,4.72,356,2249.66,3.93,7,0,Tuesday,4,0,0,Spring,65
2021-05-06,P038,Fashion_Product_38,Fashion,2005.94,1407.99,67,134397.94,14.43,304,2324.38,3.09,8,1,Thursday,5,0,0,Spring,74
2021-05-27,P038,Fashion_Product_38,Fashion,2204.37,1407.99,174,383560.6,8.9,462,2493.65,3.81,10,0,Thursday,5,0,0,Spring,95
2021-06-07,P038,Fashion_Product_38,Fashion,2212.18,1407.99,220,486680.12,8.51,320,2458.38,3.55,15,0,Monday,6,0,0,Summer,106
2021-06-16,P038,Fashion_Product_38,Fashion,2033.98,1407.99,208,423068.69,9.76,276,2389.21,3.88,18,0,Wednesday,6,0,0,Summer,115
2021-06-17,P038,Fashion_Product_38,Fashion,2226.45,1407.99,198,440836.31,7.03,277,2435.81,3.57,14,0,Thursday,6,0,0,Summer,116
2021-06-17,P038,Fashion_Product_38,Fashion,2046.54,1407.99,349,714241.39,9.62,349,2317.75,4.32,18,0,Thursday,6,0,0,Summer,116
2021-06-18,P038,Fashion_Product_38,Fashion,1960.75,1407.99,316,619597.68,18.71,316,2256.69,3.64,14,1,Friday,6,0,0,Summer,117
2021-06-20,P038,Fashion_Product_38,Fashion,2357.97,1407.99,301,709748.34,1.39,301,2454.13,4.15,13,0,Sunday,6,1,0,Summer,119
2021-06-25,P038,Fashion_Product_38,Fashion,2204.99,1407.99,178,392488.48,6.86,253,2522.62,3.94,20,0,Friday,6,0,0,Summer,124
2021-07-01,P038,Fashion_Product_38,Fashion,2336.39,1407.99,246,574751.81,2.13,246,2284.59,4.13,16,0,Thursday,7,0,0,Summer,130
2021-07-04,P038,Fashion_Product_38,Fashion,2197.78,1407.99,238,523070.89,5.57,402,2499.35,3.57,15,0,Sunday,7,1,0,Summer,133
2021-07-05,P038,Fashion_Product_38,Fashion,2213.47,1407.99,139,307673.01,8.67,401,2245.38,3.9,17,0,Monday,7,0,0,Summer,134
2021-07-07,P038,Fashion_Product_38,Fashion,1866.23,1407.99,358,668110.03,19.81,388,2431.09,3.62,17,1,Wednesday,7,0,0,Summer,136
2021-07-09,P038,Fashion_Product_38,Fashion,2225.3,1407.99,53,117940.88,2.88,287,2676.66,3.47,15,0,Friday,7,0,0,Summer,138
2021-07-10,P038,Fashion_Product_38,Fashion,2275.58,1407.99,224,509730.75,0.33,432,2275.9,3.55,20,0,Saturday,7,1,0,Summer,139
2021-07-12,P038,Fashion_Product_38,Fashion,2254.1,1407.99,195,439549.57,0.24,401,2626.2,3.63,21,0,Monday,7,0,0,Summer,141
2021-07-16,P038,Fashion_Product_38,Fashion,2308.34,1407.99,136,313934.15,0.93,445,2260.94,3.66,16,0,Friday,7,0,0,Summer,145
2021-07-20,P038,Fashion_Product_38,Fashion,2435.21,1407.99,319,776830.56,0.25,319,2262.54,4.01,17,0,Tuesday,7,0,0,Summer,149
2021-07-26,P038,Fashion_Product_38,Fashion,2197.56,1407.99,174,382375.67,6.74,408,2625.15,3.62,23,0,Monday,7,0,0,Summer,155
2021-08-01,P038,Fashion_Product_38,Fashion,2383.74,1407.99,216,514887.04,2.87,378,2495.52,3.87,19,0,Sunday,8,1,0,Summer,161
2021-08-05,P038,Fashion_Product_38,Fashion,2091.66,1407.99,232,485264.97,12.1,232,2670.13,4.01,26,1,Thursday,8,0,0,Summer,165
2021-08-09,P038,Fashion_Product_38,Fashion,1941.93,1407.99,111,215554.1,17.36,417,2692.68,3.4,21,1,Monday,8,0,0,Summer,169
2021-08-09,P038,Fashion_Product_38,Fashion,2146.12,1407.99,211,452831.36,8.29,397,2492.33,3.63,23,0,Monday,8,0,0,Summer,169
2021-08-10,P038,Fashion_Product_38,Fashion,2304.57,1407.99,58,133664.96,6.01,342,2474.38,3.46,19,0,Tuesday,8,0,0,Summer,170
2021-08-11,P038,Fashion_Product_38,Fashion,2160.26,1407.99,207,447174.14,5.46,264,2651.11,3.82,22,0,Wednesday,8,0,0,Summer,171
2021-08-16,P038,Fashion_Product_38,Fashion,2214.63,1407.99,322,713110.56,5.69,410,2657.89,3.62,20,0,Monday,8,0,1,Summer,176
2021-08-19,P038,Fashion_Product_38,Fashion,2123.4,1407.99,215,456531.17,8.1,258,2516.99,3.69,28,0,Thursday,8,0,0,Summer,179
2021-08-20,P038,Fashion_Product_38,Fashion,1867.36,1407.99,292,545270.23,20.19,292,2545.23,3.87,23,1,Friday,8,0,0,Summer,180
2021-08-21,P038,Fashion_Product_38,Fashion,1755.6,1407.99,334,586368.99,28.59,334,2475.91,3.54,19,1,Saturday,8,1,0,Summer,181
2021-09-08,P038,Fashion_Product_38,Fashion,2051.2,1407.99,215,441007.2,8.11,271,2499.12,3.79,28,0,Wednesday,9,0,0,Autumn,199
2021-09-12,P038,Fashion_Product_38,Fashion,2368.34,1407.99,234,554192.45,0.77,288,2614.75,3.67,26,0,Sunday,9,1,0,Autumn,203
2021-09-20,P038,Fashion_Product_38,Fashion,2376.79,1407.99,294,698775.64,3.53,294,2484.55,4.08,31,0,Monday,9,0,0,Autumn,211
2021-09-23,P038,Fashion_Product_38,Fashion,1491.59,1407.99,370,551888.39,33.31,370,2624.84,4.63,25,1,Thursday,9,0,0,Autumn,214
2021-09-25,P038,Fashion_Product_38,Fashion,2131.03,1407.99,323,688323.12,8.52,323,2523.79,4.56,33,0,Saturday,9,1,0,Autumn,216
2021-09-25,P038,Fashion_Product_38,Fashion,2365.56,1407.99,183,432897.53,0.11,359,2235.61,3.87,27,0,Saturday,9,1,0,Autumn,216
2021-10-06,P038,Fashion_Product_38,Fashion,2336.36,1407.99,162,378490.39,1.75,391,2268.14,3.98,30,0,Wednesday,10,0,0,Autumn,227
2021-10-07,P038,Fashion_Product_38,Fashion,1643.25,1407.99,312,512693.54,30.82,312,2672.67,4.1,28,1,Thursday,10,0,0,Autumn,228
2021-10-13,P038,Fashion_Product_38,Fashion,2118.13,1407.99,242,512588.62,9.72,242,2546.92,3.86,30,0,Wednesday,10,0,0,Autumn,234
2021-10-16,P038,Fashion_Product_38,Fashion,1735.78,1407.99,427,741177.57,22.33,427,2543.07,4.14,33,1,Saturday,10,1,0,Autumn,237
2021-11-01,P038,Fashion_Product_38,Fashion,2147.84,1407.99,358,768928.22,4.0,358,2614.66,3.94,31,0,Monday,11,0,1,Autumn,253
2021-11-08,P038,Fashion_Product_38,Fashion,2205.27,1407.99,443,976933.23,5.33,443,2617.26,4.1,33,0,Monday,11,0,0,Autumn,260
2021-11-15,P038,Fashion_Product_38,Fashion,2091.28,1407.99,255,533276.59,8.17,255,2298.03,4.1,36,0,Monday,11,0,0,Autumn,267
2021-11-21,P038,Fashion_Product_38,Fashion,2204.11,1407.99,90,198369.94,6.37,260,2315.29,3.34,42,0,Sunday,11,1,0,Autumn,273
2021-11-23,P038,Fashion_Product_38,Fashion,2355.95,1407.99,251,591342.92,3.48,397,2430.67,3.97,38,0,Tuesday,11,0,0,Autumn,275
2021-12-03,P038,Fashion_Product_38,Fashion,2250.35,1407.99,201,452321.34,3.53,347,2364.2,3.57,37,0,Friday,12,0,0,Winter,285
2021-12-06,P038,Fashion_Product_38,Fashion,1915.58,1407.99,438,839025.99,18.37,438,2375.07,4.23,38,1,Monday,12,0,0,Winter,288
2021-12-28,P038,Fashion_Product_38,Fashion,2362.55,1407.99,253,597725.05,2.05,441,2420.35,3.93,39,0,Tuesday,12,0,0,Winter,310
2021-12-30,P038,Fashion_Product_38,Fashion,1826.73,1407.99,234,427455.41,19.33,234,2688.24,4.31,37,1,Thursday,12,0,0,Winter,312
2022-01-10,P038,Fashion_Product_38,Fashion,2299.8,1407.99,347,798030.22,6.18,347,2463.59,4.72,41,0,Monday,1,0,0,Winter,323
2022-01-17,P038,Fashion_Product_38,Fashion,2020.09,1407.99,275,555524.94,11.8,275,2669.51,4.47,49,1,Monday,1,0,0,Winter,330
2022-01-17,P038,Fashion_Product_38,Fashion,2267.34,1407.99,323,732349.63,7.64,391,2425.39,4.0,40,0,Monday,1,0,0,Winter,330
2022-01-18,P038,Fashion_Product_38,Fashion,2283.76,1407.99,298,680561.54,0.22,298,2678.26,4.14,46,0,Tuesday,1,0,0,Winter,331
2022-01-20,P038,Fashion_Product_38,Fashion,2044.41,1407.99,297,607189.25,9.37,297,2319.71,4.54,51,0,Thursday,1,0,0,Winter,333
2022-01-20,P038,Fashion_Product_38,Fashion,1867.47,1407.99,359,670420.95,19.6,359,2273.67,4.21,39,1,Thursday,1,0,0,Winter,333
2022-01-23,P038,Fashion_Product_38,Fashion,2202.75,1407.99,386,850261.81,10.06,386,2664.38,4.08,38,1,Sunday,1,1,0,Winter,336
2022-01-26,P038,Fashion_Product_38,Fashion,2304.53,1407.99,327,753581.48,1.14,327,2398.29,4.22,48,0,Wednesday,1,0,1,Winter,339
2022-01-28,P038,Fashion_Product_38,Fashion,2162.53,1407.99,187,404393.73,6.59,293,2450.1,3.92,38,0,Friday,1,0,1,Winter,341
2022-02-24,P038,Fashion_Product_38,Fashion,2183.17,1407.99,364,794672.72,9.6,433,2496.81,4.32,43,0,Thursday,2,0,0,Winter,368
2022-02-25,P038,Fashion_Product_38,Fashion,2107.73,1407.99,355,748245.28,5.67,355,2643.52,4.31,50,0,Friday,2,0,0,Winter,369
2022-03-03,P038,Fashion_Product_38,Fashion,2128.33,1407.99,324,689579.25,8.35,324,2466.47,4.39,48,0,Thursday,3,0,0,Spring,375
2022-03-04,P038,Fashion_Product_38,Fashion,2185.0,1407.99,248,541879.9,9.79,248,2292.35,4.7,56,0,Friday,3,0,0,Spring,376
2022-03-05,P038,Fashion_Product_38,Fashion,2159.6,1407.99,301,650039.25,9.6,301,2543.8,4.03,50,0,Saturday,3,1,0,Spring,377
2022-03-11,P038,Fashion_Product_38,Fashion,2418.1,1407.99,337,814900.72,1.34,337,2576.59,4.62,45,0,Friday,3,0,0,Spring,383
2022-03-12,P038,Fashion_Product_38,Fashion,2383.83,1407.99,321,765208.14,2.61,321,2345.66,4.31,48,0,Saturday,3,1,0,Spring,384
2022-03-19,P038,Fashion_Product_38,Fashion,2118.38,1407.99,354,749905.13,8.2,354,2573.35,4.52,52,0,Saturday,3,1,0,Spring,391
2022-03-19,P038,Fashion_Product_38,Fashion,2425.52,1407.99,372,902294.29,1.24,372,2696.92,4.45,51,0,Saturday,3,1,0,Spring,391
2022-03-22,P038,Fashion_Product_38,Fashion,2173.07,1407.99,394,856188.8,5.39,394,2285.76,4.74,45,0,Tuesday,3,0,0,Spring,394
2022-03-26,P038,Fashion_Product_38,Fashion,2177.84,1407.99,265,577128.18,4.55,446,2603.99,4.0,52,0,Saturday,3,1,0,Spring,398
2022-03-27,P038,Fashion_Product_38,Fashion,2157.07,1407.99,428,923226.52,8.9,428,2383.5,4.81,55,0,Sunday,3,1,0,Spring,399
2022-04-02,P038,Fashion_Product_38,Fashion,2094.07,1407.99,245,513046.22,8.15,245,2259.31,4.29,53,0,Saturday,4,1,0,Spring,405
2022-04-13,P038,Fashion_Product_38,Fashion,2125.06,1407.99,350,743770.07,9.04,350,2519.56,4.44,62,0,Wednesday,4,0,0,Spring,416
2022-04-15,P038,Fashion_Product_38,Fashion,2073.56,1407.99,370,767215.6,9.03,370,2520.68,4.56,52,0,Friday,4,0,0,Spring,418
2022-04-17,P038,Fashion_Product_38,Fashion,1839.51,1407.99,340,625432.45,17.58,340,2564.82,4.0,64,1,Sunday,4,1,0,Spring,420
2022-04-30,P038,Fashion_Product_38,Fashion,2138.58,1407.99,390,834046.42,13.19,390,2533.79,4.89,60,1,Saturday,4,1,0,Spring,433
2022-05-20,P038,Fashion_Product_38,Fashion,2306.53,1407.99,293,675814.58,3.42,293,2486.5,4.15,56,0,Friday,5,0,0,Spring,453
2022-05-23,P038,Fashion_Product_38,Fashion,2069.38,1407.99,244,504929.23,8.34,244,2248.74,4.63,59,0,Monday,5,0,0,Spring,456
2022-06-01,P038,Fashion_Product_38,Fashion,2416.51,1407.99,382,923105.66,0.5,404,2263.23,4.41,69,0,Wednesday,6,0,0,Summer,465
2022-06-06,P038,Fashion_Product_38,Fashion,2232.79,1407.99,458,1022617.49,7.4,458,2600.63,4.33,65,0,Monday,6,0,0,Summer,470
2022-06-06,P038,Fashion_Product_38,Fashion,1997.18,1407.99,269,537242.73,15.73,269,2433.31,4.0,67,1,Monday,6,0,0,Summer,470
2022-06-07,P038,Fashion_Product_38,Fashion,2273.67,1407.99,250,568416.7,4.73,250,2569.25,4.02,61,0,Tuesday,6,0,0,Summer,471
2022-06-17,P038,Fashion_Product_38,Fashion,2273.04,1407.99,391,888757.41,4.26,391,2427.96,4.02,74,0,Friday,6,0,0,Summer,481
2022-06-19,P038,Fashion_Product_38,Fashion,2432.09,1407.99,431,1048231.61,0.15,431,2301.85,4.68,71,0,Sunday,6,1,0,Summer,483
2022-06-22,P038,Fashion_Product_38,Fashion,2295.16,1407.99,380,872159.79,4.55,439,2297.84,4.19,62,0,Wednesday,6,0,0,Summer,486
