product_sales_data.csv
date,product_id,product_name,category,price,cost_price,units_sold,revenue,discount_percent,stock_available,competitor_price,rating,review_count,is_promoted,day_of_week,month,is_weekend,is_holiday,season,days_since_launch
2021-03-15,P023,Fashion_Product_23,Fashion,1484.95,916.79,144,213832.23,2.45,268,1628.53,3.95,2,0,Monday,3,0,0,Spring,12
2021-03-18,P023,Fashion_Product_23,Fashion,1492.74,916.79,137,204505.53,2.08,186,1626.61,3.55,2,0,Thursday,3,0,0,Spring,15
2021-03-19,P023,Fashion_Product_23,Fashion,1475.06,916.79,251,370239.19,7.13,251,1607.94,4.03,1,0,Friday,3,0,0,Spring,16
2021-03-21,P023,Fashion_Product_23,Fashion,1348.22,916.79,77,103812.89,11.11,203,1583.86,3.3,1,1,Sunday,3,1,0,Spring,18
2021-03-29,P023,Fashion_Product_23,Fashion,1016.47,916.79,93,94531.41,31.29,226,1521.6,3.12,2,1,Monday,3,0,0,Spring,26
2021-03-29,P023,Fashion_Product_23,Fashion,1422.42,916.79,32,45517.45,9.41,221,1490.67,3.38,3,0,Monday,3,0,0,Spring,26
2021-04-01,P023,Fashion_Product_23,Fashion,1225.92,916.79,239,292994.1,21.62,239,1636.35,3.79,2,1,Thursday,4,0,0,Spring,29
2021-04-01,P023,Fashion_Product_23,Fashion,1542.77,916.79,142,219073.37,2.92,174,1640.03,3.96,4,0,Thursday,4,0,0,Spring,29
2021-04-13,P023,Fashion_Product_23,Fashion,1334.55,916.79,135,180164.71,8.47,261,1558.5,3.6,6,0,Tuesday,4,0,0,Spring,41
2021-04-18,P023,Fashion_Product_23,Fashion,1386.33,916.79,211,292515.33,5.41,294,1706.33,3.83,6,0,Sunday,4,1,0,Spring,46
2021-04-21,P023,Fashion_Product_23,Fashion,1380.42,916.79,125,172552.2,8.1,304,1610.97,3.58,4,0,Wednesday,4,0,0,Spring,49
2021-04-21,P023,Fashion_Product_23,Fashion,1358.72,916.79,46,62501.33,9.71,263,1540.49,3.04,4,0,Wednesday,4,0,0,Spring,49
2021-04-23,P023,Fashion_Product_23,Fashion,1391.82,916.79,249,346562.02,7.36,249,1534.51,4.01,6,0,Friday,4,0,0,Spring,51
2021-04-25,P023,Fashion_Product_23,Fashion,1421.87,916.79,48,68249.63,5.93,302,1527.03,2.99,6,0,Sunday,4,1,0,Spring,53
2021-05-02,P023,Fashion_Product_23,Fashion,1407.36,916.79,44,61923.79,7.88,247,1542.15,3.47,9,0,Sunday,5,1,0,Spring,60
2021-05-08,P023,Fashion_Product_23,Fashion,1531.52,916.79,158,241979.75,4.32,200,1549.21,3.74,9,0,Saturday,5,1,0,Spring,66
2021-05-24,P023,Fashion_Product_23,Fashion,1516.85,916.79,33,50056.11,4.08,237,1578.62,3.39,10,0,Monday,5,0,0,Spring,82
2021-06-09,P023,Fashion_Product_23,Fashion,1355.07,916.79,154,208680.13,9.26,285,1532.96,3.72,13,0,Wednesday,6,0,0,Summer,98
2021-06-12,P023,Fashion_Product_23,Fashion,1285.0,916.79,203,260854.22,19.38,203,1616.11,3.57,12,1,Saturday,6,1,0,Summer,101
2021-06-16,P023,Fashion_Product_23,Fashion,1272.46,916.79,47,59805.74,14.27,190,1654.84,3.44,12,1,Wednesday,6,0,0,Summer,105
2021-07-16,P023,Fashion_Product_23,Fashion,1425.47,916.79,287,409109.0,7.18,287,1621.86,4.02,19,0,Friday,7,0,0,Summer,135
2021-07-21,P023,Fashion_Product_23,Fashion,1431.53,916.79,33,47240.33,6.31,188,1539.45,3.44,17,0,Wednesday,7,0,0,Summer,140
2021-07-27,P023,Fashion_Product_23,Fashion,1334.28,916.79,162,216153.74,8.84,311,1691.48,3.97,16,0,Tuesday,7,0,0,Summer,146
2021-07-29,P023,Fashion_Product_23,Fashion,1053.29,916.79,165,173792.9,31.3,165,1495.53,3.82,16,1,Thursday,7,0,0,Summer,148
2021-08-02,P023,Fashion_Product_23,Fashion,1010.8,916.79,315,318402.19,33.45,315,1575.52,3.95,21,1,Monday,8,0,0,Summer,152
2021-08-07,P023,Fashion_Product_23,Fashion,1288.03,916.79,296,381257.66,18.97,296,1453.41,3.88,21,1,Saturday,8,1,0,Summer,157
2021-08-09,P023,Fashion_Product_23,Fashion,1574.62,916.79,94,148014.22,0.11,183,1483.45,3.8,20,0,Monday,8,0,0,Summer,159
2021-08-09,P023,Fashion_Product_23,Fashion,1491.53,916.79,222,331119.36,4.89,222,1716.12,4.08,21,0,Monday,8,0,0,Summer,159
2021-08-13,P023,Fashion_Product_23,Fashion,1463.37,916.79,177,259016.38,4.2,291,1731.79,3.65,19,0,Friday,8,0,1,Summer,163
2021-08-24,P023,Fashion_Product_23,Fashion,1527.87,916.79,130,198622.97,2.85,324,1728.37,3.94,23,0,Tuesday,8,0,0,Summer,174
2021-08-28,P023,Fashion_Product_23,Fashion,1173.58,916.79,253,296915.64,22.05,253,1725.28,4.03,24,1,Saturday,8,1,0,Summer,178
2021-08-31,P023,Fashion_Product_23,Fashion,1466.23,916.79,268,392950.65,0.43,268,1535.65,4.15,22,0,Tuesday,8,0,0,Summer,181
2021-09-03,P023,Fashion_Product_23,Fashion,1498.39,916.79,31,46450.15,3.93,316,1472.95,3.46,24,0,Friday,9,0,0,Autumn,184
2021-09-09,P023,Fashion_Product_23,Fashion,1430.29,916.79,148,211683.2,7.02,302,1644.47,3.87,26,0,Thursday,9,0,0,Autumn,190
2021-09-12,P023,Fashion_Product_23,Fashion,1485.09,916.79,168,249495.53,3.93,240,1697.75,3.92,24,0,Sunday,9,1,0,Autumn,193
2021-09-25,P023,Fashion_Product_23,Fashion,908.73,916.79,124,112682.15,39.56,313,1546.91,3.41,27,1,Saturday,9,1,0,Autumn,206
2021-09-25,P023,Fashion_Product_23,Fashion,1385.73,916.79,194,268831.6,6.1,263,1700.37,3.66,26,0,Saturday,9,1,0,Autumn,206
2021-09-29,P023,Fashion_Product_23,Fashion,1495.78,916.79,162,242316.14,3.57,168,1678.59,3.74,30,0,Wednesday,9,0,0,Autumn,210
2021-10-04,P023,Fashion_Product_23,Fashion,1290.64,916.79,258,332985.98,12.87,258,1710.34,4.07,24,1,Monday,10,0,1,Autumn,215
2021-10-10,P023,Fashion_Product_23,Fashion,1429.92,916.79,326,466154.46,6.84,326,1574.45,4.63,33,0,Sunday,10,1,0,Autumn,221
2021-10-13,P023,Fashion_Product_23,Fashion,1336.25,916.79,194,259231.87,12.08,194,1652.86,4.14,28,1,Wednesday,10,0,0,Autumn,224
2021-10-14,P023,Fashion_Product_23,Fashion,1054.61,916.79,302,318493.25,32.09,302,1596.62,4.02,29,1,Thursday,10,0,0,Autumn,225
2021-10-20,P023,Fashion_Product_23,Fashion,1478.03,916.79,172,254221.02,3.97,172,1740.15,3.76,34,0,Wednesday,10,0,0,Autumn,231
2021-10-24,P023,Fashion_Product_23,Fashion,1427.57,916.79,197,281230.82,4.01,197,1699.8,4.24,27,0,Sunday,10,1,0,Autumn,235
2021-10-26,P023,Fashion_Product_23,Fashion,1002.16,916.79,194,194419.97,33.01,194,1722.7,4.13,27,1,Tuesday,10,0,0,Autumn,237
2021-10-29,P023,Fashion_Product_23,Fashion,1400.64,916.79,249,348759.94,11.87,249,1466.31,4.3,32,1,Friday,10,0,0,Autumn,240
2021-11-06,P023,Fashion_Product_23,Fashion,1456.06,916.79,320,465940.06,5.49,320,1574.32,4.39,30,0,Saturday,11,1,0,Autumn,248
2021-11-07,P023,Fashion_Product_23,Fashion,1449.01,916.79,273,395580.99,4.28,273,1646.89,4.0,34,0,Sunday,11,1,0,Autumn,249
2021-11-13,P023,Fashion_Product_23,Fashion,1376.95,916.79,296,407578.51,14.17,296,1557.2,3.73,33,1,Saturday,11,1,0,Autumn,255
2021-11-13,P023,Fashion_Product_23,Fashion,1344.69,916.79,304,408787.12,8.74,304,1542.56,4.61,31,0,Saturday,11,1,0,Autumn,255
2021-11-14,P023,Fashion_Product_23,Fashion,1190.76,916.79,227,270303.5,22.73,227,1471.77,4.33,30,1,Sunday,11,1,0,Autumn,256
2021-11-23,P023,Fashion_Product_23,Fashion,1478.91,916.79,180,266203.31,6.58,313,1498.93,3.79,32,0,Tuesday,11,0,0,Autumn,265
2021-11-29,P023,Fashion_Product_23,Fashion,1390.74,916.79,199,276757.11,7.26,263,1704.88,3.83,35,0,Monday,11,0,0,Autumn,271
2021-12-12,P023,Fashion_Product_23,Fashion,1554.55,916.79,213,331118.27,2.29,213,1615.0,4.54,40,0,Sunday,12,1,0,Winter,284
2021-12-16,P023,Fashion_Product_23,Fashion,1425.59,916.79,174,248051.97,1.82,174,1504.22,3.88,38,0,Thursday,12,0,0,Winter,288
2021-12-26,P023,Fashion_Product_23,Fashion,954.56,916.79,212,202365.79,35.09,212,1657.5,4.46,40,1,Sunday,12,1,1,Winter,298
2022-01-10,P023,Fashion_Product_23,Fashion,1451.76,916.79,191,277286.96,5.8,191,1573.8,4.04,45,0,Monday,1,0,0,Winter,313
2022-01-13,P023,Fashion_Product_23,Fashion,1420.29,916.79,91,129246.39,9.32,192,1615.99,3.98,40,0,Thursday,1,0,0,Winter,316
2022-02-10,P023,Fashion_Product_23,Fashion,1515.43,916.79,175,265200.38,1.82,175,1625.59,4.24,46,0,Thursday,2,0,0,Winter,344
2022-02-10,P023,Fashion_Product_23,Fashion,1468.93,916.79,200,293785.93,1.93,227,1491.85,4.58,42,0,Thursday,2,0,0,Winter,344
2022-02-13,P023,Fashion_Product_23,Fashion,1388.25,916.79,226,313744.05,5.26,226,1573.03,4.21,44,0,Sunday,2,1,0,Winter,347
2022-02-17,P023,Fashion_Product_23,Fashion,1487.37,916.79,242,359942.66,2.59,242,1742.35,4.39,45,0,Thursday,2,0,0,Winter,351
2022-02-18,P023,Fashion_Product_23,Fashion,1454.67,916.79,241,350575.08,6.89,241,1667.79,4.29,51,0,Friday,2,0,0,Winter,352
2022-02-24,P023,Fashion_Product_23,Fashion,1479.63,916.79,94,139085.2,6.95,221,1731.07,3.59,43,0,Thursday,2,0,0,Winter,358
2022-03-01,P023,Fashion_Product_23,Fashion,1595.66,916.79,179,285623.81,0.27,179,1700.16,4.07,51,0,Tuesday,3,0,0,Spring,363
2022-03-02,P023,Fashion_Product_23,Fashion,1430.41,916.79,192,274639.02,5.15,192,1650.45,4.27,45,0,Wednesday,3,0,0,Spring,364
2022-03-04,P023,Fashion_Product_23,Fashion,1385.37,916.79,176,243825.41,10.13,176,1716.23,4.3,51,1,Friday,3,0,0,Spring,366
2022-03-11,P023,Fashion_Product_23,Fashion,1166.3,916.79,291,339393.23,24.16,291,1471.66,4.36,46,1,Friday,3,0,0,Spring,373
2022-03-14,P023,Fashion_Product_23,Fashion,1464.31,916.79,267,390970.25,7.86,267,1518.36,4.16,52,0,Monday,3,0,0,Spring,376
2022-03-14,P023,Fashion_Product_23,Fashion,974.24,916.79,315,306885.86,36.52,315,1463.84,4.22,49,1,Monday,3,0,0,Spring,376
2022-03-31,P023,Fashion_Product_23,Fashion,1419.11,916.79,129,183064.93,2.42,250,1557.49,3.93,57,0,Thursday,3,0,0,Spring,393
2022-04-05,P023,Fashion_Product_23,Fashion,1434.24,916.79,322,461823.68,3.42,322,1683.03,4.19,54,0,Tuesday,4,0,0,Spring,398
2022-04-08,P023,Fashion_Product_23,Fashion,1513.26,916.79,131,198236.58,5.62,281,1590.84,3.9,52,0,Friday,4,0,0,Spring,401
2022-04-08,P023,Fashion_Product_23,Fashion,1404.87,916.79,214,300642.48,7.39,214,1652.88,4.46,68,0,Friday,4,0,0,Spring,401
2022-04-10,P023,Fashion_Product_23,Fashion,1376.79,916.79,211,290501.85,5.89,311,1659.0,3.93,51,0,Sunday,4,1,0,Spring,403
2022-04-11,P023,Fashion_Product_23,Fashion,1113.76,916.79,195,217182.32,24.73,195,1599.24,4.48,62,1,Monday,4,0,0,Spring,404
2022-04-17,P023,Fashion_Product_23,Fashion,1472.28,916.79,305,449043.88,0.65,305,1622.78,5.0,55,0,Sunday,4,1,0,Spring,410
2022-04-22,P023,Fashion_Product_23,Fashion,1350.84,916.79,190,256659.69,7.76,190,1713.97,4.46,59,0,Friday,4,0,0,Spring,415
2022-05-31,P023,Fashion_Product_23,Fashion,1444.24,916.79,292,421719.02,1.96,292,1641.78,4.46,53,0,Tuesday,5,0,0,Spring,454
2022-06-03,P023,Fashion_Product_23,Fashion,1437.47,916.79,204,293243.85,9.42,204,1751.69,4.48,56,0,Friday,6,0,0,Summer,457
2022-06-06,P023,Fashion_Product_23,Fashion,1394.3,916.79,248,345787.58,9.0,248,1634.67,4.1,63,0,Monday,6,0,0,Summer,460
2022-06-22,P023,Fashion_Product_23,Fashion,1450.42,916.79,278,403216.89,4.3,278,1580.11,4.72,66,0,Wednesday,6,0,0,Summer,476
2022-06-24,P023,Fashion_Product_23,Fashion,1509.69,916.79,199,300427.99,4.2,199,1706.97,4.8,60,0,Friday,6,0,0,Summer,478
