product_sales_data.csv
date,product_id,product_name,category,price,cost_price,units_sold,revenue,discount_percent,stock_available,competitor_price,rating,review_count,is_promoted,day_of_week,month,is_weekend,is_holiday,season,days_since_launch
2021-03-23,P031,Fashion_Product_31,Fashion,2810.13,1642.22,55,154557.3,1.17,567,2838.02,3.25,2,0,Tuesday,3,0,0,Spring,20
2021-03-28,P031,Fashion_Product_31,Fashion,2583.53,1642.22,226,583878.82,5.64,505,2652.05,3.66,2,0,Sunday,3,1,0,Spring,25
2021-03-31,P031,Fashion_Product_31,Fashion,2519.43,1642.22,228,574430.72,5.23,533,2768.62,3.61,3,0,Wednesday,3,0,0,Spring,28
2021-03-31,P031,Fashion_Product_31,Fashion,2466.59,1642.22,70,172661.53,7.3,438,2941.63,3.21,3,0,Wednesday,3,0,0,Spring,28
2021-04-05,P031,Fashion_Product_31,Fashion,2032.56,1642.22,135,274395.87,22.38,306,2901.48,3.49,5,1,Monday,4,0,0,Spring,33
2021-04-06,P031,Fashion_Product_31,Fashion,2173.93,1642.22,146,317394.02,16.41,474,2639.57,3.42,4,1,Tuesday,4,0,0,Spring,34
2021-04-28,P031,Fashion_Product_31,Fashion,2592.08,1642.22,231,598770.4,1.24,579,2789.85,3.64,5,0,Wednesday,4,0,0,Spring,56
2021-04-29,P031,Fashion_Product_31,Fashion,2547.31,1642.22,264,672490.42,5.71,422,3144.75,3.61,9,0,Thursday,4,0,0,Spring,57
2021-05-07,P031,Fashion_Product_31,Fashion,2640.88,1642.22,63,166375.66,4.44,498,2759.41,3.38,9,0,Friday,5,0,0,Spring,65
2021-05-11,P031,Fashion_Product_31,Fashion,2710.88,1642.22,82,222292.09,5.05,361,3025.61,3.37,8,0,Tuesday,5,0,0,Spring,69
2021-05-22,P031,Fashion_Product_31,Fashion,2613.11,1642.22,324,846646.42,0.63,381,2956.13,3.56,9,0,Saturday,5,1,0,Spring,80
2021-05-24,P031,Fashion_Product_31,Fashion,2834.2,1642.22,175,495985.05,0.09,574,2950.94,3.73,10,0,Monday,5,0,0,Spring,82
2021-05-27,P031,Fashion_Product_31,Fashion,2405.35,1642.22,64,153942.44,7.5,505,3019.28,3.18,9,0,Thursday,5,0,0,Spring,85
2021-05-28,P031,Fashion_Product_31,Fashion,2553.0,1642.22,237,605060.34,5.45,516,3057.77,3.61,12,0,Friday,5,0,0,Spring,86
2021-06-11,P031,Fashion_Product_31,Fashion,2794.92,1642.22,215,600908.16,2.68,457,2756.64,3.85,16,0,Friday,6,0,0,Summer,100
2021-06-13,P031,Fashion_Product_31,Fashion,2503.47,1642.22,305,763559.5,9.37,528,2702.41,3.9,15,0,Sunday,6,1,0,Summer,102
2021-06-15,P031,Fashion_Product_31,Fashion,2510.38,1642.22,69,173216.4,6.11,380,2945.06,3.28,10,0,Tuesday,6,0,0,Summer,104
2021-06-22,P031,Fashion_Product_31,Fashion,2644.31,1642.22,264,698097.49,2.21,497,3018.09,3.98,15,0,Tuesday,6,0,0,Summer,111
2021-06-24,P031,Fashion_Product_31,Fashion,2383.13,1642.22,280,667276.15,9.35,556,2886.06,3.9,14,0,Thursday,6,0,0,Summer,113
2021-07-06,P031,Fashion_Product_31,Fashion,2684.36,1642.22,258,692564.05,6.22,478,3091.42,3.71,16,0,Tuesday,7,0,0,Summer,125
2021-07-10,P031,Fashion_Product_31,Fashion,1839.98,1642.22,478,879512.43,29.7,478,3123.66,3.72,21,1,Saturday,7,1,0,Summer,129
2021-07-12,P031,Fashion_Product_31,Fashion,2639.78,1642.22,215,567552.83,6.39,515,2977.67,3.85,20,0,Monday,7,0,0,Summer,131
2021-07-15,P031,Fashion_Product_31,Fashion,2581.84,1642.22,546,1409682.67,7.43,579,2855.53,4.07,19,0,Thursday,7,0,0,Summer,134
2021-07-21,P031,Fashion_Product_31,Fashion,2750.72,1642.22,225,618912.44,3.0,490,3116.95,3.97,15,0,Wednesday,7,0,0,Summer,140
2021-07-25,P031,Fashion_Product_31,Fashion,2714.54,1642.22,299,811646.01,4.62,568,2710.16,3.86,22,0,Sunday,7,1,0,Summer,144
2021-07-27,P031,Fashion_Product_31,Fashion,1736.04,1642.22,514,892322.09,37.34,514,2849.42,4.09,16,1,Tuesday,7,0,0,Summer,146
2021-07-27,P031,Fashion_Product_31,Fashion,2442.49,1642.22,476,1162625.43,13.79,476,3010.87,4.05,16,1,Tuesday,7,0,0,Summer,146
2021-08-01,P031,Fashion_Product_31,Fashion,2730.2,1642.22,241,657977.35,2.67,456,2846.85,3.51,18,0,Sunday,8,1,0,Summer,151
2021-08-02,P031,Fashion_Product_31,Fashion,1886.63,1642.22,468,882941.87,28.61,565,3072.65,3.51,23,1,Monday,8,0,0,Summer,152
2021-08-04,P031,Fashion_Product_31,Fashion,2790.89,1642.22,191,533059.16,1.58,556,2845.17,3.76,19,0,Wednesday,8,0,0,Summer,154
2021-08-05,P031,Fashion_Product_31,Fashion,2662.98,1642.22,231,615149.16,1.06,406,3082.28,3.76,19,0,Thursday,8,0,0,Summer,155
2021-08-14,P031,Fashion_Product_31,Fashion,2666.23,1642.22,366,975838.98,4.21,366,3091.63,4.14,21,0,Saturday,8,1,1,Summer,164
2021-08-22,P031,Fashion_Product_31,Fashion,2553.41,1642.22,356,909014.37,2.39,510,2981.82,3.99,25,0,Sunday,8,1,0,Summer,172
2021-08-24,P031,Fashion_Product_31,Fashion,1929.23,1642.22,558,1076510.67,32.74,558,2976.89,4.1,21,1,Tuesday,8,0,0,Summer,174
2021-08-25,P031,Fashion_Product_31,Fashion,2666.94,1642.22,415,1106780.05,5.2,415,2915.06,4.07,22,0,Wednesday,8,0,0,Summer,175
2021-08-26,P031,Fashion_Product_31,Fashion,2698.15,1642.22,220,593591.98,1.99,376,3099.59,3.93,21,0,Thursday,8,0,0,Summer,176
2021-08-26,P031,Fashion_Product_31,Fashion,2608.09,1642.22,192,500753.58,0.05,493,2646.03,3.55,22,0,Thursday,8,0,0,Summer,176
2021-08-28,P031,Fashion_Product_31,Fashion,2471.83,1642.22,283,699526.54,8.7,331,2604.01,3.78,23,0,Saturday,8,1,0,Summer,178
2021-09-02,P031,Fashion_Product_31,Fashion,2651.26,1642.22,238,630999.68,4.46,398,3075.83,3.77,23,0,Thursday,9,0,0,Autumn,183
2021-09-03,P031,Fashion_Product_31,Fashion,2552.04,1642.22,365,931495.21,6.56,365,3114.13,4.11,19,0,Friday,9,0,0,Autumn,184
2021-09-25,P031,Fashion_Product_31,Fashion,2546.17,1642.22,105,267347.75,6.64,534,2950.56,3.36,27,0,Saturday,9,1,0,Autumn,206
2021-09-30,P031,Fashion_Product_31,Fashion,2612.38,1642.22,302,788940.04,2.93,302,2760.99,4.05,29,0,Thursday,9,0,1,Autumn,211
2021-10-03,P031,Fashion_Product_31,Fashion,2559.82,1642.22,172,440289.74,8.38,299,2822.36,3.4,26,0,Sunday,10,1,1,Autumn,214
2021-10-03,P031,Fashion_Product_31,Fashion,2155.15,1642.22,291,627149.5,17.15,291,2703.12,4.23,38,1,Sunday,10,1,1,Autumn,214
2021-10-16,P031,Fashion_Product_31,Fashion,1679.81,1642.22,538,903737.35,36.05,538,2809.93,3.94,34,1,Saturday,10,1,0,Autumn,227
2021-11-04,P031,Fashion_Product_31,Fashion,2460.13,1642.22,566,1392433.03,8.8,566,2659.99,4.18,37,0,Thursday,11,0,0,Autumn,246
2021-11-12,P031,Fashion_Product_31,Fashion,2646.34,1642.22,534,1413143.42,1.43,534,3108.57,4.08,34,0,Friday,11,0,0,Autumn,254
2021-11-12,P031,Fashion_Product_31,Fashion,1869.15,1642.22,567,1059808.27,31.56,567,3122.94,3.84,32,1,Friday,11,0,0,Autumn,254
2021-11-13,P031,Fashion_Product_31,Fashion,1836.48,1642.22,492,903550.15,35.94,492,3114.78,4.2,32,1,Saturday,11,1,0,Autumn,255
2021-11-29,P031,Fashion_Product_31,Fashion,2720.05,1642.22,331,900338.18,1.76,331,2627.42,4.05,40,0,Monday,11,0,0,Autumn,271
2021-12-15,P031,Fashion_Product_31,Fashion,2372.45,1642.22,427,1013038.08,10.2,579,2637.94,3.87,37,1,Wednesday,12,0,0,Winter,287
2021-12-19,P031,Fashion_Product_31,Fashion,1941.04,1642.22,408,791945.2,27.62,408,3095.95,4.02,38,1,Sunday,12,1,0,Winter,291
2021-12-22,P031,Fashion_Product_31,Fashion,2055.16,1642.22,475,976199.89,23.09,475,2702.78,3.78,35,1,Wednesday,12,0,0,Winter,294
2022-01-03,P031,Fashion_Product_31,Fashion,2518.72,1642.22,418,1052823.01,4.57,418,2850.31,4.65,46,0,Monday,1,0,0,Winter,306
2022-01-10,P031,Fashion_Product_31,Fashion,2376.94,1642.22,391,929384.59,11.57,391,3144.49,4.25,35,1,Monday,1,0,0,Winter,313
2022-01-14,P031,Fashion_Product_31,Fashion,2463.78,1642.22,160,394205.19,8.78,436,3070.4,3.96,45,0,Friday,1,0,0,Winter,317
2022-01-20,P031,Fashion_Product_31,Fashion,2701.62,1642.22,509,1375122.21,2.15,535,3083.9,4.51,43,0,Thursday,1,0,0,Winter,323
2022-01-21,P031,Fashion_Product_31,Fashion,2495.44,1642.22,333,830982.6,6.22,338,2670.6,4.16,45,0,Friday,1,0,0,Winter,324
2022-01-29,P031,Fashion_Product_31,Fashion,2702.81,1642.22,226,610835.62,2.64,377,2985.21,3.79,39,0,Saturday,1,1,0,Winter,332
2022-01-29,P031,Fashion_Product_31,Fashion,2442.19,1642.22,438,1069679.33,9.81,438,3085.41,4.24,39,0,Saturday,1,1,0,Winter,332
2022-02-07,P031,Fashion_Product_31,Fashion,2619.51,1642.22,408,1068761.82,5.44,408,3042.58,4.24,50,0,Monday,2,0,0,Winter,341
2022-02-10,P031,Fashion_Product_31,Fashion,2623.87,1642.22,394,1033805.57,8.1,451,2811.51,4.69,49,0,Thursday,2,0,0,Winter,344
2022-02-10,P031,Fashion_Product_31,Fashion,2618.19,1642.22,455,1191278.63,7.4,455,3060.79,4.54,47,0,Thursday,2,0,0,Winter,344
2022-02-17,P031,Fashion_Product_31,Fashion,2604.49,1642.22,397,1033983.51,7.36,397,2856.04,4.38,42,0,Thursday,2,0,0,Winter,351
2022-03-01,P031,Fashion_Product_31,Fashion,2658.88,1642.22,425,1130022.15,7.26,425,2642.46,5.0,44,0,Tuesday,3,0,0,Spring,363
2022-03-11,P031,Fashion_Product_31,Fashion,2721.47,1642.22,324,881755.23,3.94,324,3107.73,4.1,55,0,Friday,3,0,0,Spring,373
2022-03-15,P031,Fashion_Product_31,Fashion,2798.76,1642.22,558,1561706.21,1.54,566,2832.2,4.08,51,0,Tuesday,3,0,0,Spring,377
2022-03-28,P031,Fashion_Product_31,Fashion,2663.48,1642.22,270,719140.87,2.76,407,2850.11,3.98,54,0,Monday,3,0,0,Spring,390
2022-03-30,P031,Fashion_Product_31,Fashion,2592.86,1642.22,382,990473.1,7.17,382,2686.8,4.14,56,0,Wednesday,3,0,0,Spring,392
2022-04-10,P031,Fashion_Product_31,Fashion,2639.88,1642.22,363,958276.53,7.32,553,2796.38,3.85,59,0,Sunday,4,1,0,Spring,403
2022-04-17,P031,Fashion_Product_31,Fashion,2359.89,1642.22,443,1045429.22,9.53,443,2880.85,4.18,66,0,Sunday,4,1,0,Spring,410
2022-04-20,P031,Fashion_Product_31,Fashion,2505.0,1642.22,508,1272541.81,9.09,508,2879.39,4.28,54,0,Wednesday,4,0,0,Spring,413
2022-05-01,P031,Fashion_Product_31,Fashion,2341.96,1642.22,306,716639.98,17.44,306,2621.14,4.41,48,1,Sunday,5,1,0,Spring,424
2022-05-01,P031,Fashion_Product_31,Fashion,1829.52,1642.22,377,689730.58,33.16,377,2858.89,4.28,56,1,Sunday,5,1,0,Spring,424
2022-05-10,P031,Fashion_Product_31,Fashion,2603.35,1642.22,227,590960.54,1.26,563,2678.75,3.7,58,0,Tuesday,5,0,0,Spring,433
2022-05-14,P031,Fashion_Product_31,Fashion,2679.34,1642.22,366,980637.53,3.85,366,2786.64,4.68,59,0,Saturday,5,1,0,Spring,437
2022-05-18,P031,Fashion_Product_31,Fashion,2574.81,1642.22,265,682325.93,2.85,542,3139.01,3.75,59,0,Wednesday,5,0,0,Spring,441
2022-05-20,P031,Fashion_Product_31,Fashion,2562.51,1642.22,438,1122378.21,2.81,438,2962.08,4.4,58,0,Friday,5,0,0,Spring,443
2022-05-29,P031,Fashion_Product_31,Fashion,2552.49,1642.22,343,875503.48,7.96,491,2867.16,3.69,59,0,Sunday,5,1,0,Spring,452
2022-05-29,P031,Fashion_Product_31,Fashion,2468.96,1642.22,412,1017212.52,7.6,412,2863.91,4.3,61,0,Sunday,5,1,0,Spring,452
2022-06-24,P031,Fashion_Product_31,Fashion,2660.8,1642.22,515,1370312.57,3.82,515,2913.5,5.0,62,0,Friday,6,0,0,Summer,478
2022-06-25,P031,Fashion_Product_31,Fashion,2490.02,1642.22,321,799297.35,7.07,321,3035.99,4.59,62,0,Saturday,6,1,0,Summer,479
