product_sales_data.csv
date,product_id,product_name,category,price,cost_price,units_sold,revenue,discount_percent,stock_available,competitor_price,rating,review_count,is_promoted,day_of_week,month,is_weekend,is_holiday,season,days_since_launch
2021-04-04,P002,Fashion_Product_2,Fashion,1134.43,1068.5,130,147475.41,33.69,269,1797.26,3.28,0,1,Sunday,4,1,0,Spring,6
2021-04-06,P002,Fashion_Product_2,Fashion,1514.97,1068.5,94,142407.54,18.81,253,1847.56,3.15,0,1,Tuesday,4,0,0,Spring,8
2021-04-08,P002,Fashion_Product_2,Fashion,1680.94,1068.5,42,70599.41,8.95,322,1990.2,3.11,1,0,Thursday,4,0,0,Spring,10
2021-04-14,P002,Fashion_Product_2,Fashion,1782.94,1068.5,102,181859.59,2.07,291,1802.13,3.64,1,0,Wednesday,4,0,0,Spring,16
2021-04-19,P002,Fashion_Product_2,Fashion,1614.8,1068.5,50,80739.86,5.75,309,1835.51,3.28,2,0,Monday,4,0,0,Spring,21
2021-04-30,P002,Fashion_Product_2,Fashion,1755.14,1068.5,29,50899.12,2.55,182,1757.67,3.35,5,0,Friday,4,0,0,Spring,32
2021-05-13,P002,Fashion_Product_2,Fashion,1628.42,1068.5,131,213323.51,9.93,317,1753.82,3.89,5,0,Thursday,5,0,0,Spring,45
2021-05-15,P002,Fashion_Product_2,Fashion,1654.6,1068.5,174,287899.68,4.39,273,1980.21,3.74,6,0,Saturday,5,1,0,Spring,47
2021-05-18,P002,Fashion_Product_2,Fashion,1583.14,1068.5,175,277049.34,12.41,182,1821.6,3.66,7,1,Tuesday,5,0,0,Spring,50
2021-05-22,P002,Fashion_Product_2,Fashion,1106.15,1068.5,342,378304.35,35.2,342,1820.06,3.75,7,1,Saturday,5,1,0,Spring,54
2021-05-24,P002,Fashion_Product_2,Fashion,1660.1,1068.5,50,83004.77,5.4,188,2042.25,3.48,6,0,Monday,5,0,0,Spring,56
2021-05-24,P002,Fashion_Product_2,Fashion,1744.39,1068.5,107,186649.95,4.28,229,1811.57,3.53,5,0,Monday,5,0,0,Spring,56
2021-05-27,P002,Fashion_Product_2,Fashion,1707.86,1068.5,36,61483.0,3.47,302,1775.83,3.0,7,0,Thursday,5,0,0,Spring,59
2021-06-02,P002,Fashion_Product_2,Fashion,1609.57,1068.5,35,56335.03,5.25,277,1696.32,3.02,10,0,Wednesday,6,0,0,Summer,65
2021-06-07,P002,Fashion_Product_2,Fashion,1671.43,1068.5,113,188871.36,3.36,339,1701.48,4.0,9,0,Monday,6,0,0,Summer,70
2021-06-16,P002,Fashion_Product_2,Fashion,1719.75,1068.5,150,257962.84,1.08,178,1990.57,3.64,14,0,Wednesday,6,0,0,Summer,79
2021-06-21,P002,Fashion_Product_2,Fashion,1666.48,1068.5,153,254971.74,9.1,234,1976.37,3.99,9,0,Monday,6,0,0,Summer,84
2021-06-24,P002,Fashion_Product_2,Fashion,1773.04,1068.5,117,207446.02,1.09,315,1870.83,3.68,11,0,Thursday,6,0,0,Summer,87
2021-07-02,P002,Fashion_Product_2,Fashion,1675.57,1068.5,108,180961.83,9.95,271,1721.07,3.56,13,0,Friday,7,0,0,Summer,95
2021-07-05,P002,Fashion_Product_2,Fashion,1732.18,1068.5,121,209593.73,7.18,251,1914.78,3.78,11,0,Monday,7,0,0,Summer,98
2021-07-09,P002,Fashion_Product_2,Fashion,1800.15,1068.5,37,66605.73,2.46,214,1803.56,3.33,13,0,Friday,7,0,0,Summer,102
2021-07-13,P002,Fashion_Product_2,Fashion,1117.46,1068.5,87,97219.4,37.68,302,1821.34,3.47,14,1,Tuesday,7,0,0,Summer,106
2021-07-15,P002,Fashion_Product_2,Fashion,1397.68,1068.5,273,381566.59,18.51,322,1853.11,3.54,16,1,Thursday,7,0,0,Summer,108
2021-07-21,P002,Fashion_Product_2,Fashion,1570.33,1068.5,168,263815.06,7.85,228,1838.95,3.51,14,0,Wednesday,7,0,0,Summer,114
2021-07-26,P002,Fashion_Product_2,Fashion,1620.12,1068.5,161,260838.71,4.26,279,1869.52,3.75,16,0,Monday,7,0,0,Summer,119
2021-07-31,P002,Fashion_Product_2,Fashion,1729.61,1068.5,177,306141.7,4.77,195,1881.06,3.82,16,0,Saturday,7,1,0,Summer,124
2021-08-03,P002,Fashion_Product_2,Fashion,1796.17,1068.5,102,183209.31,2.28,242,1887.95,3.61,16,0,Tuesday,8,0,0,Summer,127
2021-08-11,P002,Fashion_Product_2,Fashion,1780.62,1068.5,135,240383.9,3.51,317,1904.44,3.9,16,0,Wednesday,8,0,0,Summer,135
2021-08-13,P002,Fashion_Product_2,Fashion,1640.7,1068.5,162,265793.26,4.44,264,1728.3,3.97,18,0,Friday,8,0,1,Summer,137
2021-08-14,P002,Fashion_Product_2,Fashion,1564.77,1068.5,188,294176.55,16.2,284,1827.51,3.14,20,1,Saturday,8,1,1,Summer,138
2021-08-17,P002,Fashion_Product_2,Fashion,1196.69,1068.5,183,218993.8,31.48,183,1883.02,4.03,19,1,Tuesday,8,0,1,Summer,141
2021-08-24,P002,Fashion_Product_2,Fashion,1661.69,1068.5,160,265870.3,3.36,183,1898.5,3.72,17,0,Tuesday,8,0,0,Summer,148
2021-08-30,P002,Fashion_Product_2,Fashion,1707.29,1068.5,113,192923.24,7.68,252,1770.69,3.9,17,0,Monday,8,0,0,Summer,154
2021-09-04,P002,Fashion_Product_2,Fashion,1795.7,1068.5,202,362731.64,1.32,343,1970.63,3.99,23,0,Saturday,9,1,0,Autumn,159
2021-09-08,P002,Fashion_Product_2,Fashion,1808.88,1068.5,30,54266.42,2.33,245,1742.9,3.37,22,0,Wednesday,9,0,0,Autumn,163
2021-09-12,P002,Fashion_Product_2,Fashion,1585.63,1068.5,341,540699.85,10.94,341,1838.21,4.23,21,1,Sunday,9,1,0,Autumn,167
2021-09-15,P002,Fashion_Product_2,Fashion,1787.43,1068.5,124,221641.42,1.22,299,1798.51,3.73,24,0,Wednesday,9,0,0,Autumn,170
2021-10-18,P002,Fashion_Product_2,Fashion,1694.75,1068.5,175,296580.77,0.18,223,1863.8,3.74,27,0,Monday,10,0,0,Autumn,203
2021-10-19,P002,Fashion_Product_2,Fashion,1204.54,1068.5,311,374611.85,29.32,311,2001.87,3.76,28,1,Tuesday,10,0,0,Autumn,204
2021-10-23,P002,Fashion_Product_2,Fashion,1562.27,1068.5,206,321827.48,9.23,206,2042.75,4.24,28,0,Saturday,10,1,0,Autumn,208
2021-10-31,P002,Fashion_Product_2,Fashion,1087.7,1068.5,312,339363.95,35.75,312,1961.17,3.76,29,1,Sunday,10,1,1,Autumn,216
2021-11-07,P002,Fashion_Product_2,Fashion,1272.86,1068.5,284,361493.49,26.15,284,2015.14,4.15,31,1,Sunday,11,1,0,Autumn,223
2021-11-09,P002,Fashion_Product_2,Fashion,1817.39,1068.5,247,448896.05,2.41,247,1903.64,4.11,31,0,Tuesday,11,0,0,Autumn,225
2021-11-10,P002,Fashion_Product_2,Fashion,1356.19,1068.5,209,283444.02,25.72,209,1964.79,4.29,28,1,Wednesday,11,0,0,Autumn,226
2021-11-11,P002,Fashion_Product_2,Fashion,1298.05,1068.5,322,417971.6,24.2,322,1932.48,3.99,27,1,Thursday,11,0,0,Autumn,227
2021-11-12,P002,Fashion_Product_2,Fashion,1711.83,1068.5,180,308129.33,1.67,180,1781.59,4.16,28,0,Friday,11,0,0,Autumn,228
2021-11-12,P002,Fashion_Product_2,Fashion,1283.52,1068.5,253,324729.47,28.1,253,1782.11,4.0,28,1,Friday,11,0,0,Autumn,228
2021-11-12,P002,Fashion_Product_2,Fashion,1423.68,1068.5,203,289006.33,18.88,203,1944.65,4.15,33,1,Friday,11,0,0,Autumn,228
2021-11-14,P002,Fashion_Product_2,Fashion,1398.69,1068.5,290,405621.47,24.39,290,1893.52,4.39,29,1,Sunday,11,1,0,Autumn,230
2021-11-15,P002,Fashion_Product_2,Fashion,1738.11,1068.5,181,314598.09,6.61,181,1951.68,3.85,30,0,Monday,11,0,0,Autumn,231
2021-11-26,P002,Fashion_Product_2,Fashion,1593.7,1068.5,209,333083.43,6.27,209,1858.71,4.2,33,0,Friday,11,0,0,Autumn,242
2021-11-29,P002,Fashion_Product_2,Fashion,1574.08,1068.5,205,322686.02,8.39,245,1751.59,3.55,31,0,Monday,11,0,0,Autumn,245
2021-12-08,P002,Fashion_Product_2,Fashion,1767.02,1068.5,189,333967.58,3.41,189,1901.33,4.28,35,0,Wednesday,12,0,0,Winter,254
2021-12-09,P002,Fashion_Product_2,Fashion,1473.22,1068.5,256,377143.63,18.1,256,1790.52,3.93,29,1,Thursday,12,0,0,Winter,255
2021-12-11,P002,Fashion_Product_2,Fashion,1337.72,1068.5,179,239451.51,27.11,179,1900.38,3.75,38,1,Saturday,12,1,0,Winter,257
2021-12-11,P002,Fashion_Product_2,Fashion,1052.24,1068.5,232,244120.18,38.06,232,1876.68,3.65,37,1,Saturday,12,1,0,Winter,257
2021-12-16,P002,Fashion_Product_2,Fashion,1737.14,1068.5,339,588891.76,1.34,339,1984.25,4.41,36,0,Thursday,12,0,0,Winter,262
2021-12-17,P002,Fashion_Product_2,Fashion,1726.05,1068.5,194,334854.15,4.58,194,2022.68,3.72,28,0,Friday,12,0,0,Winter,263
2021-12-17,P002,Fashion_Product_2,Fashion,1458.1,1068.5,290,422850.32,18.83,290,1802.07,4.49,36,1,Friday,12,0,0,Winter,263
2021-12-26,P002,Fashion_Product_2,Fashion,1136.56,1068.5,217,246633.91,38.15,217,2042.1,4.0,32,1,Sunday,12,1,1,Winter,272
2021-12-27,P002,Fashion_Product_2,Fashion,1562.32,1068.5,335,523375.74,8.5,340,1925.63,3.99,45,0,Monday,12,0,1,Winter,273
2021-12-30,P002,Fashion_Product_2,Fashion,1071.15,1068.5,297,318132.86,36.85,297,1815.95,3.91,38,1,Thursday,12,0,0,Winter,276
2022-01-04,P002,Fashion_Product_2,Fashion,1743.82,1068.5,230,401077.76,1.93,238,1975.44,4.18,43,0,Tuesday,1,0,0,Winter,281
2022-01-07,P002,Fashion_Product_2,Fashion,1262.5,1068.5,204,257549.02,26.31,204,1815.06,4.42,38,1,Friday,1,0,0,Winter,284
2022-01-10,P002,Fashion_Product_2,Fashion,1772.05,1068.5,238,421746.89,1.35,257,1897.14,4.35,42,0,Monday,1,0,0,Winter,287
2022-01-11,P002,Fashion_Product_2,Fashion,1694.76,1068.5,219,371152.05,1.93,256,1758.41,4.09,39,0,Tuesday,1,0,0,Winter,288
2022-01-12,P002,Fashion_Product_2,Fashion,1730.35,1068.5,271,468925.2,2.15,271,2044.77,4.0,37,0,Wednesday,1,0,0,Winter,289
2022-01-19,P002,Fashion_Product_2,Fashion,1681.36,1068.5,95,159728.93,5.15,181,1813.51,3.92,36,0,Wednesday,1,0,0,Winter,296
2022-01-22,P002,Fashion_Product_2,Fashion,1283.84,1068.5,285,365894.05,26.76,285,1951.5,3.81,34,1,Saturday,1,1,0,Winter,299
2022-01-31,P002,Fashion_Product_2,Fashion,1708.93,1068.5,105,179437.14,5.33,211,1958.29,3.63,48,0,Monday,1,0,0,Winter,308
2022-02-02,P002,Fashion_Product_2,Fashion,1766.58,1068.5,105,185491.13,5.47,210,1903.75,3.92,43,0,Wednesday,2,0,0,Winter,310
2022-02-05,P002,Fashion_Product_2,Fashion,1566.37,1068.5,213,333635.96,13.33,213,1912.24,4.59,42,1,Saturday,2,1,0,Winter,313
2022-02-23,P002,Fashion_Product_2,Fashion,1691.84,1068.5,79,133655.58,2.38,288,1800.88,3.95,42,0,Wednesday,2,0,0,Winter,331
2022-02-25,P002,Fashion_Product_2,Fashion,1398.86,1068.5,202,282569.33,24.88,202,1759.63,3.9,43,1,Friday,2,0,0,Winter,333
2022-02-26,P002,Fashion_Product_2,Fashion,1701.46,1068.5,288,490020.52,4.9,288,1930.47,4.81,45,0,Saturday,2,1,0,Winter,334
2022-04-08,P002,Fashion_Product_2,Fashion,1629.14,1068.5,132,215047.06,8.57,220,1843.06,3.93,48,0,Friday,4,0,0,Spring,375
2022-04-10,P002,Fashion_Product_2,Fashion,1574.51,1068.5,222,349541.48,7.51,222,1812.87,4.25,44,0,Sunday,4,1,0,Spring,377
2022-04-17,P002,Fashion_Product_2,Fashion,1829.16,1068.5,300,548748.33,0.29,300,1830.88,4.31,51,0,Sunday,4,1,0,Spring,384
2022-04-17,P002,Fashion_Product_2,Fashion,1686.1,1068.5,241,406349.15,9.17,241,1860.91,4.63,52,0,Sunday,4,1,0,Spring,384
2022-04-19,P002,Fashion_Product_2,Fashion,1672.34,1068.5,235,393000.31,9.08,235,1825.09,4.49,51,0,Tuesday,4,0,0,Spring,386
2022-05-16,P002,Fashion_Product_2,Fashion,1623.49,1068.5,257,417237.6,6.24,257,2027.59,4.18,59,0,Monday,5,0,0,Spring,413
2022-05-17,P002,Fashion_Product_2,Fashion,1697.42,1068.5,335,568636.52,1.55,335,1998.73,4.26,54,0,Tuesday,5,0,0,Spring,414
2022-05-20,P002,Fashion_Product_2,Fashion,1700.82,1068.5,222,377582.63,4.24,222,1786.21,4.31,52,0,Friday,5,0,0,Spring,417
2022-05-22,P002,Fashion_Product_2,Fashion,1714.51,1068.5,178,305183.44,3.62,178,1729.21,4.14,55,0,Sunday,5,1,0,Spring,419
2022-05-23,P002,Fashion_Product_2,Fashion,1714.02,1068.5,129,221108.46,0.77,339,1708.51,3.99,60,0,Monday,5,0,0,Spring,420
2022-05-31,P002,Fashion_Product_2,Fashion,1669.9,1068.5,187,312270.48,4.61,188,1971.74,3.99,54,0,Tuesday,5,0,0,Spring,428
2022-06-04,P002,Fashion_Product_2,Fashion,1676.49,1068.5,330,553241.15,4.08,330,1820.88,4.54,57,0,Saturday,6,1,0,Summer,432
2022-06-08,P002,Fashion_Product_2,Fashion,1601.71,1068.5,205,328349.62,9.0,205,2000.15,4.2,52,0,Wednesday,6,0,0,Summer,436
2022-06-09,P002,Fashion_Product_2,Fashion,1677.55,1068.5,247,414356.06,7.79,247,1923.79,4.1,55,0,Thursday,6,0,0,Summer,437
2022-06-11,P002,Fashion_Product_2,Fashion,1640.84,1068.5,215,352781.17,4.88,215,2010.46,4.52,61,0,Saturday,6,1,0,Summer,439
2022-06-14,P002,Fashion_Product_2,Fashion,1719.25,1068.5,326,560475.67,4.84,326,1711.17,4.54,59,0,Tuesday,6,0,0,Summer,442
2022-06-14,P002,Fashion_Product_2,Fashion,1564.16,1068.5,280,437963.45,8.27,280,1784.19,4.67,62,0,Tuesday,6,0,0,Summer,442
2022-06-19,P002,Fashion_Product_2,Fashion,1630.63,1068.5,296,482667.52,5.47,296,1702.48,4.47,58,0,Sunday,6,1,0,Summer,447
2022-06-19,P002,Fashion_Product_2,Fashion,1699.83,1068.5,248,421557.05,8.23,320,1935.04,3.99,64,0,Sunday,6,1,0,Summer,447
2022-06-23,P002,Fashion_Product_2,Fashion,1798.33,1068.5,320,575466.92,0.96,320,1800.04,4.41,60,0,Thursday,6,0,0,Summer,451
2022-06-26,P002,Fashion_Product_2,Fashion,1813.95,1068.5,321,582278.53,2.87,321,1780.77,4.06,55,0,Sunday,6,1,0,Summer,454
2022-06-28,P002,Fashion_Product_2,Fashion,1721.27,1068.5,263,452692.96,5.14,263,1864.61,4.56,58,0,Tuesday,6,0,0,Summer,456
