product_sales_data.csv
date,product_id,product_name,category,price,cost_price,units_sold,revenue,discount_percent,stock_available,competitor_price,rating,review_count,is_promoted,day_of_week,month,is_weekend,is_holiday,season,days_since_launch
2021-04-11,P039,Electronics_Product_39,Electronics,10958.26,6813.39,284,3112145.13,6.5,344,11935.11,3.77,0,0,Sunday,4,1,0,Spring,0
2021-04-29,P039,Electronics_Product_39,Electronics,7188.93,6813.39,84,603869.91,36.35,470,12474.76,3.33,1,1,Thursday,4,0,0,Spring,18
2021-05-01,P039,Electronics_Product_39,Electronics,10895.65,6813.39,248,2702122.21,0.04,391,12524.56,3.84,3,0,Saturday,5,1,0,Spring,20
2021-05-06,P039,Electronics_Product_39,Electronics,10389.08,6813.39,57,592177.35,6.82,310,12435.05,3.39,2,0,Thursday,5,0,0,Spring,25
2021-05-10,P039,Electronics_Product_39,Electronics,10890.13,6813.39,220,2395827.58,3.12,250,12736.47,3.64,2,0,Monday,5,0,0,Spring,29
2021-05-11,P039,Electronics_Product_39,Electronics,10141.15,6813.39,244,2474441.37,9.15,267,11769.01,3.57,5,0,Tuesday,5,0,0,Spring,30
2021-05-13,P039,Electronics_Product_39,Electronics,10707.43,6813.39,72,770934.9,9.2,253,12614.55,3.27,4,0,Thursday,5,0,0,Spring,32
2021-05-13,P039,Electronics_Product_39,Electronics,10299.18,6813.39,61,628250.21,5.59,299,11783.04,3.37,4,0,Thursday,5,0,0,Spring,32
2021-05-14,P039,Electronics_Product_39,Electronics,10986.22,6813.39,51,560297.16,6.53,436,11080.75,3.06,5,0,Friday,5,0,0,Spring,33
2021-05-17,P039,Electronics_Product_39,Electronics,11043.96,6813.39,47,519066.08,7.1,329,11407.94,3.44,3,0,Monday,5,0,0,Spring,36
2021-05-19,P039,Electronics_Product_39,Electronics,10632.54,6813.39,183,1945755.01,4.99,301,11266.33,3.57,4,0,Wednesday,5,0,0,Spring,38
2021-05-22,P039,Electronics_Product_39,Electronics,10521.37,6813.39,286,3009112.67,6.06,390,11353.59,3.96,4,0,Saturday,5,1,0,Spring,41
2021-05-23,P039,Electronics_Product_39,Electronics,11086.89,6813.39,259,2871504.14,4.99,300,12488.49,3.51,6,0,Sunday,5,1,0,Spring,42
2021-05-27,P039,Electronics_Product_39,Electronics,11226.25,6813.39,43,482728.7,1.07,345,10824.45,3.32,7,0,Thursday,5,0,0,Spring,46
2021-06-08,P039,Electronics_Product_39,Electronics,8388.41,6813.39,93,780122.46,26.53,325,11627.6,3.4,8,1,Tuesday,6,0,0,Summer,58
2021-06-27,P039,Electronics_Product_39,Electronics,7261.9,6813.39,401,2912023.19,35.29,401,12447.49,3.57,8,1,Sunday,6,1,0,Summer,77
2021-06-28,P039,Electronics_Product_39,Electronics,10066.28,6813.39,56,563711.42,8.83,417,11044.3,3.41,7,0,Monday,6,0,0,Summer,78
2021-06-30,P039,Electronics_Product_39,Electronics,11204.3,6813.39,182,2039182.92,0.87,350,11446.67,3.67,9,0,Wednesday,6,0,0,Summer,80
2021-07-02,P039,Electronics_Product_39,Electronics,11120.37,6813.39,163,1812619.64,1.13,323,11163.11,3.67,11,0,Friday,7,0,0,Summer,82
2021-07-04,P039,Electronics_Product_39,Electronics,8683.06,6813.39,115,998552.29,22.85,308,12939.71,3.13,11,1,Sunday,7,1,0,Summer,84
2021-07-11,P039,Electronics_Product_39,Electronics,11007.09,6813.39,263,2894863.86,3.1,263,12974.27,4.39,10,0,Sunday,7,1,0,Summer,91
2021-07-12,P039,Electronics_Product_39,Electronics,10580.18,6813.39,69,730032.59,9.77,295,12442.65,2.97,13,0,Monday,7,0,0,Summer,92
2021-07-18,P039,Electronics_Product_39,Electronics,10978.33,6813.39,201,2206645.18,5.12,434,10939.62,3.86,10,0,Sunday,7,1,0,Summer,98
2021-07-19,P039,Electronics_Product_39,Electronics,10993.16,6813.39,206,2264591.57,3.29,297,12164.66,3.75,14,0,Monday,7,0,0,Summer,99
2021-07-23,P039,Electronics_Product_39,Electronics,11194.85,6813.39,213,2384502.59,1.58,355,12588.52,3.88,16,0,Friday,7,0,0,Summer,103
2021-07-31,P039,Electronics_Product_39,Electronics,10094.7,6813.39,328,3311062.86,13.15,375,11220.61,3.81,15,1,Saturday,7,1,0,Summer,111
2021-08-02,P039,Electronics_Product_39,Electronics,10138.95,6813.39,195,1977096.19,6.41,374,11499.1,3.78,15,0,Monday,8,0,0,Summer,113
2021-08-15,P039,Electronics_Product_39,Electronics,10095.77,6813.39,400,4038307.86,9.59,494,12011.78,3.97,17,0,Sunday,8,1,1,Summer,126
2021-08-17,P039,Electronics_Product_39,Electronics,9263.27,6813.39,126,1167172.33,19.99,248,11380.18,3.16,15,1,Tuesday,8,0,1,Summer,128
2021-09-02,P039,Electronics_Product_39,Electronics,10985.9,6813.39,195,2142249.83,2.55,361,12835.16,3.74,19,0,Thursday,9,0,0,Autumn,144
2021-09-11,P039,Electronics_Product_39,Electronics,10122.78,6813.39,80,809822.54,6.43,268,11922.69,3.41,20,0,Saturday,9,1,0,Autumn,153
2021-09-15,P039,Electronics_Product_39,Electronics,10027.68,6813.39,277,2777666.18,13.77,277,11720.66,4.19,23,1,Wednesday,9,0,0,Autumn,157
2021-09-19,P039,Electronics_Product_39,Electronics,10706.26,6813.39,260,2783627.62,9.5,260,12682.96,3.78,24,0,Sunday,9,1,0,Autumn,161
2021-09-25,P039,Electronics_Product_39,Electronics,11216.03,6813.39,465,5215451.87,4.93,465,12450.5,4.32,24,0,Saturday,9,1,0,Autumn,167
2021-10-01,P039,Electronics_Product_39,Electronics,10073.31,6813.39,452,4553134.24,13.73,452,12883.6,3.7,23,1,Friday,10,0,1,Autumn,173
2021-10-04,P039,Electronics_Product_39,Electronics,7932.7,6813.39,451,3577647.74,31.78,451,11652.68,3.97,22,1,Monday,10,0,1,Autumn,176
2021-10-06,P039,Electronics_Product_39,Electronics,8080.33,6813.39,106,856514.51,31.28,252,12345.53,3.43,23,1,Wednesday,10,0,0,Autumn,178
2021-10-11,P039,Electronics_Product_39,Electronics,10940.97,6813.39,262,2866534.6,5.04,262,12997.44,3.81,27,0,Monday,10,0,0,Autumn,183
2021-10-27,P039,Electronics_Product_39,Electronics,11263.88,6813.39,221,2489317.97,2.23,375,11694.76,3.86,27,0,Wednesday,10,0,0,Autumn,199
2021-11-06,P039,Electronics_Product_39,Electronics,10838.18,6813.39,314,3403188.02,3.37,314,11855.09,3.98,21,0,Saturday,11,1,0,Autumn,209
2021-11-07,P039,Electronics_Product_39,Electronics,11486.48,6813.39,360,4135132.12,3.33,360,12644.41,3.52,22,0,Sunday,11,1,0,Autumn,210
2021-11-23,P039,Electronics_Product_39,Electronics,10994.75,6813.39,278,3056540.81,0.66,331,11179.0,3.91,32,0,Tuesday,11,0,0,Autumn,226
2021-11-29,P039,Electronics_Product_39,Electronics,11197.08,6813.39,229,2564130.27,0.04,436,11170.8,3.97,38,0,Monday,11,0,0,Autumn,232
2021-12-01,P039,Electronics_Product_39,Electronics,10565.41,6813.39,288,3042837.97,4.5,288,12236.31,4.0,29,0,Wednesday,12,0,0,Winter,234
2021-12-19,P039,Electronics_Product_39,Electronics,6942.36,6813.39,396,2749175.87,36.31,396,11130.89,4.2,30,1,Sunday,12,1,0,Winter,252
2021-12-19,P039,Electronics_Product_39,Electronics,8683.24,6813.39,445,3864040.61,27.17,445,11076.26,3.86,34,1,Sunday,12,1,0,Winter,252
2022-01-01,P039,Electronics_Product_39,Electronics,10420.16,6813.39,254,2646720.86,6.37,254,12253.93,4.03,40,0,Saturday,1,1,0,Winter,265
2022-02-09,P039,Electronics_Product_39,Electronics,7858.34,6813.39,212,1665968.22,27.63,283,12964.85,3.93,37,1,Wednesday,2,0,0,Winter,304
2022-02-10,P039,Electronics_Product_39,Electronics,10910.6,6813.39,171,1865713.28,7.23,413,12714.69,3.89,39,0,Thursday,2,0,0,Winter,305
2022-02-17,P039,Electronics_Product_39,Electronics,10166.51,6813.39,316,3212617.21,8.89,316,11319.81,4.12,37,0,Thursday,2,0,0,Winter,312
2022-02-19,P039,Electronics_Product_39,Electronics,11858.51,6813.39,188,2229399.74,0.45,492,12526.37,3.72,40,0,Saturday,2,1,0,Winter,314
2022-03-13,P039,Electronics_Product_39,Electronics,7587.02,6813.39,409,3103089.28,32.7,409,10805.97,4.57,42,1,Sunday,3,1,0,Spring,336
2022-03-13,P039,Electronics_Product_39,Electronics,10297.55,6813.39,428,4407352.43,4.85,428,11905.36,4.52,52,0,Sunday,3,1,0,Spring,336
2022-03-18,P039,Electronics_Product_39,Electronics,10542.17,6813.39,297,3131023.53,4.07,297,12576.15,4.3,42,0,Friday,3,0,0,Spring,341
2022-03-20,P039,Electronics_Product_39,Electronics,10965.59,6813.39,251,2752364.27,7.49,251,10910.28,4.06,45,0,Sunday,3,1,0,Spring,343
2022-03-25,P039,Electronics_Product_39,Electronics,11149.58,6813.39,252,2809693.54,0.68,252,11459.47,4.26,44,0,Friday,3,0,0,Spring,348
2022-03-29,P039,Electronics_Product_39,Electronics,11519.29,6813.39,354,4077827.39,2.37,411,10898.82,4.4,47,0,Tuesday,3,0,0,Spring,352
2022-03-31,P039,Electronics_Product_39,Electronics,10119.59,6813.39,424,4290708.17,8.94,424,11104.36,4.33,46,0,Thursday,3,0,0,Spring,354
2022-04-04,P039,Electronics_Product_39,Electronics,11264.97,6813.39,318,3582259.02,4.7,318,12195.24,4.53,44,0,Monday,4,0,0,Spring,358
2022-04-21,P039,Electronics_Product_39,Electronics,11435.36,6813.39,336,3842279.73,3.84,336,11149.34,4.31,49,0,Thursday,4,0,0,Spring,375
2022-05-02,P039,Electronics_Product_39,Electronics,8507.79,6813.39,373,3173405.44,22.98,373,11365.25,4.5,51,1,Monday,5,0,0,Spring,386
2022-05-07,P039,Electronics_Product_39,Electronics,11601.75,6813.39,399,4629096.4,1.61,399,11207.87,4.37,47,0,Saturday,5,1,0,Spring,391
2022-05-10,P039,Electronics_Product_39,Electronics,10711.59,6813.39,191,2045914.44,8.57,369,11806.12,3.93,57,0,Tuesday,5,0,0,Spring,394
2022-05-13,P039,Electronics_Product_39,Electronics,10887.84,6813.39,278,3026818.63,7.33,278,12728.31,4.26,52,0,Friday,5,0,0,Spring,397
2022-05-23,P039,Electronics_Product_39,Electronics,10520.07,6813.39,436,4586752.36,4.02,473,10947.86,4.15,54,0,Monday,5,0,0,Spring,407
2022-05-29,P039,Electronics_Product_39,Electronics,10875.41,6813.39,258,2805854.85,7.04,258,11330.45,4.38,54,0,Sunday,5,1,0,Spring,413
2022-05-31,P039,Electronics_Product_39,Electronics,11024.4,6813.39,165,1819025.87,5.23,481,11407.91,3.77,53,0,Tuesday,5,0,0,Spring,415
2022-06-01,P039,Electronics_Product_39,Electronics,11611.43,6813.39,303,3518264.4,0.43,303,10905.17,4.47,51,0,Wednesday,6,0,0,Summer,416
2022-06-03,P039,Electronics_Product_39,Electronics,11003.19,6813.39,269,2959859.14,4.28,269,11230.08,4.6,51,0,Friday,6,0,0,Summer,418
2022-06-06,P039,Electronics_Product_39,Electronics,11065.5,6813.39,391,4326608.89,7.17,391,12573.04,4.69,59,0,Monday,6,0,0,Summer,421
2022-06-07,P039,Electronics_Product_39,Electronics,10894.92,6813.39,421,4586762.03,5.5,421,12675.05,4.31,59,0,Tuesday,6,0,0,Summer,422
2022-06-07,P039,Electronics_Product_39,Electronics,10892.97,6813.39,456,4967192.6,5.26,456,12508.31,4.4,57,0,Tuesday,6,0,0,Summer,422
2022-06-17,P039,Electronics_Product_39,Electronics,10879.84,6813.39,294,3198672.48,6.03,294,12896.4,4.76,59,0,Friday,6,0,0,Summer,432
2022-06-17,P039,Electronics_Product_39,Electronics,10560.27,6813.39,270,2851271.79,8.71,270,11632.41,4.39,64,0,Friday,6,0,0,Summer,432
2022-06-18,P039,Electronics_Product_39,Electronics,11574.58,6813.39,314,3634417.39,2.32,485,12633.61,3.66,53,0,Saturday,6,1,0,Summer,433
2022-06-20,P039,Electronics_Product_39,Electronics,11100.9,6813.39,338,3752103.43,4.91,338,12957.14,4.61,62,0,Monday,6,0,0,Summer,435
2022-06-26,P039,Electronics_Product_39,Electronics,11527.8,6813.39,465,5360425.99,2.77,465,11070.27,4.29,60,0,Sunday,6,1,0,Summer,441
