product_sales_data.csv
date,product_id,product_name,category,price,cost_price,units_sold,revenue,discount_percent,stock_available,competitor_price,rating,review_count,is_promoted,day_of_week,month,is_weekend,is_holiday,season,days_since_launch
2021-04-16,P028,Electronics_Product_28,Electronics,10124.24,6382.15,42,425218.02,4.48,283,10797.97,3.28,2,0,Friday,4,0,0,Spring,10
2021-04-18,P028,Electronics_Product_28,Electronics,9473.38,6382.15,66,625243.31,7.76,277,11978.08,3.31,1,0,Sunday,4,1,0,Spring,12
2021-04-23,P028,Electronics_Product_28,Electronics,10371.29,6382.15,37,383737.6,1.47,306,10901.31,3.14,2,0,Friday,4,0,0,Spring,17
2021-04-27,P028,Electronics_Product_28,Electronics,9757.92,6382.15,154,1502720.13,7.28,339,11908.29,3.83,3,0,Tuesday,4,0,0,Spring,21
2021-05-07,P028,Electronics_Product_28,Electronics,10321.77,6382.15,111,1145716.07,1.05,312,10825.91,3.51,3,0,Friday,5,0,0,Spring,31
2021-05-08,P028,Electronics_Product_28,Electronics,9815.47,6382.15,54,530035.3,6.26,322,10339.29,3.32,3,0,Saturday,5,1,0,Spring,32
2021-05-09,P028,Electronics_Product_28,Electronics,10755.27,6382.15,176,1892927.61,1.89,284,12168.94,3.9,8,0,Sunday,5,1,0,Spring,33
2021-05-11,P028,Electronics_Product_28,Electronics,10123.05,6382.15,41,415045.23,1.85,216,11382.31,3.36,4,0,Tuesday,5,0,0,Spring,35
2021-05-14,P028,Electronics_Product_28,Electronics,9706.14,6382.15,186,1805341.73,9.41,186,10315.05,4.03,4,0,Friday,5,0,0,Spring,38
2021-05-25,P028,Electronics_Product_28,Electronics,6532.84,6382.15,224,1463355.81,38.8,337,11595.1,3.54,7,1,Tuesday,5,0,0,Spring,49
2021-05-28,P028,Electronics_Product_28,Electronics,10100.13,6382.15,132,1333217.43,4.38,320,10706.77,3.51,5,0,Friday,5,0,0,Spring,52
2021-06-06,P028,Electronics_Product_28,Electronics,6365.98,6382.15,235,1496004.39,37.74,235,10306.93,3.83,7,1,Sunday,6,1,0,Summer,61
2021-06-15,P028,Electronics_Product_28,Electronics,10010.45,6382.15,143,1431495.02,6.89,259,11249.9,3.56,10,0,Tuesday,6,0,0,Summer,70
2021-06-19,P028,Electronics_Product_28,Electronics,10035.65,6382.15,59,592103.41,7.13,226,11434.06,3.41,11,0,Saturday,6,1,0,Summer,74
2021-06-20,P028,Electronics_Product_28,Electronics,9767.34,6382.15,53,517669.22,9.9,182,11678.85,3.2,11,0,Sunday,6,1,0,Summer,75
2021-06-22,P028,Electronics_Product_28,Electronics,9731.94,6382.15,135,1313811.39,8.6,247,12166.47,3.52,11,0,Tuesday,6,0,0,Summer,77
2021-07-23,P028,Electronics_Product_28,Electronics,10199.28,6382.15,33,336576.12,5.12,235,10257.48,3.4,14,0,Friday,7,0,0,Summer,108
2021-08-10,P028,Electronics_Product_28,Electronics,9727.85,6382.15,149,1449450.36,7.1,309,12041.25,3.73,14,0,Tuesday,8,0,0,Summer,126
2021-08-24,P028,Electronics_Product_28,Electronics,9934.42,6382.15,41,407311.25,2.53,301,10796.54,3.5,17,0,Tuesday,8,0,0,Summer,140
2021-08-28,P028,Electronics_Product_28,Electronics,7916.17,6382.15,320,2533174.57,23.72,320,11673.8,4.0,16,1,Saturday,8,1,0,Summer,144
2021-08-31,P028,Electronics_Product_28,Electronics,7308.64,6382.15,214,1564048.32,30.86,275,11279.85,3.57,21,1,Tuesday,8,0,0,Summer,147
2021-08-31,P028,Electronics_Product_28,Electronics,8487.67,6382.15,226,1918214.17,22.58,298,11256.25,3.72,17,1,Tuesday,8,0,0,Summer,147
2021-09-23,P028,Electronics_Product_28,Electronics,10183.9,6382.15,149,1517401.77,2.66,261,10805.5,3.97,21,0,Thursday,9,0,0,Autumn,170
2021-10-05,P028,Electronics_Product_28,Electronics,10262.48,6382.15,325,3335307.02,7.39,325,11985.36,4.24,25,0,Tuesday,10,0,0,Autumn,182
2021-10-05,P028,Electronics_Product_28,Electronics,10637.84,6382.15,153,1627588.88,3.43,311,11597.77,3.89,21,0,Tuesday,10,0,0,Autumn,182
2021-10-10,P028,Electronics_Product_28,Electronics,10248.09,6382.15,246,2521030.21,1.56,313,11854.86,3.75,22,0,Sunday,10,1,0,Autumn,187
2021-10-12,P028,Electronics_Product_28,Electronics,10126.55,6382.15,146,1478476.66,2.95,227,10960.32,3.88,22,0,Tuesday,10,0,0,Autumn,189
2021-10-14,P028,Electronics_Product_28,Electronics,9551.22,6382.15,194,1852936.88,12.41,194,10404.69,4.18,26,1,Thursday,10,0,0,Autumn,191
2021-10-22,P028,Electronics_Product_28,Electronics,10157.12,6382.15,205,2082210.51,2.0,205,11522.09,4.06,23,0,Friday,10,0,0,Autumn,199
2021-10-25,P028,Electronics_Product_28,Electronics,10212.68,6382.15,123,1256160.07,0.83,288,10302.86,3.87,29,0,Monday,10,0,0,Autumn,202
2021-10-28,P028,Electronics_Product_28,Electronics,9864.55,6382.15,197,1943316.04,8.66,334,11808.75,3.76,27,0,Thursday,10,0,0,Autumn,205
2021-11-18,P028,Electronics_Product_28,Electronics,7852.27,6382.15,250,1963067.83,26.86,250,11899.51,4.44,28,1,Thursday,11,0,0,Autumn,226
2021-11-23,P028,Electronics_Product_28,Electronics,9535.74,6382.15,341,3251687.71,6.5,341,10775.52,4.22,32,0,Tuesday,11,0,0,Autumn,231
2021-12-05,P028,Electronics_Product_28,Electronics,7921.86,6382.15,268,2123058.63,23.11,268,11845.53,4.32,29,1,Sunday,12,1,0,Winter,243
2021-12-09,P028,Electronics_Product_28,Electronics,9971.05,6382.15,297,2961401.4,7.5,297,12076.78,4.31,35,0,Thursday,12,0,0,Winter,247
2021-12-25,P028,Electronics_Product_28,Electronics,7728.14,6382.15,282,2179335.72,29.08,282,11100.73,4.19,29,1,Saturday,12,1,1,Winter,263
2021-12-28,P028,Electronics_Product_28,Electronics,10498.16,6382.15,233,2446071.47,1.18,233,11725.52,3.93,36,0,Tuesday,12,0,0,Winter,266
2021-12-29,P028,Electronics_Product_28,Electronics,10341.12,6382.15,171,1768332.1,1.17,298,10408.96,4.0,38,0,Wednesday,12,0,0,Winter,267
2021-12-30,P028,Electronics_Product_28,Electronics,8150.56,6382.15,323,2632631.01,22.43,323,10415.29,4.15,33,1,Thursday,12,0,0,Winter,268
2022-01-14,P028,Electronics_Product_28,Electronics,6936.78,6382.15,297,2060224.27,35.11,297,11575.01,4.19,37,1,Friday,1,0,0,Winter,283
2022-01-17,P028,Electronics_Product_28,Electronics,9439.71,6382.15,93,877892.64,8.15,223,12181.59,3.7,35,0,Monday,1,0,0,Winter,286
2022-01-26,P028,Electronics_Product_28,Electronics,9148.7,6382.15,261,2387811.22,15.26,261,10446.39,4.29,40,1,Wednesday,1,0,1,Winter,295
2022-01-27,P028,Electronics_Product_28,Electronics,10309.74,6382.15,188,1938231.37,6.42,188,11756.06,4.69,40,0,Thursday,1,0,1,Winter,296
2022-01-30,P028,Electronics_Product_28,Electronics,9584.09,6382.15,192,1840144.72,10.09,201,10837.4,3.87,39,1,Sunday,1,1,0,Winter,299
2022-02-03,P028,Electronics_Product_28,Electronics,9968.01,6382.15,189,1883954.43,1.58,189,11774.84,4.24,45,0,Thursday,2,0,0,Winter,303
2022-02-05,P028,Electronics_Product_28,Electronics,10136.03,6382.15,293,2969857.46,6.27,293,11447.98,4.04,39,0,Saturday,2,1,0,Winter,305
2022-02-06,P028,Electronics_Product_28,Electronics,9746.05,6382.15,236,2300066.73,6.17,236,10700.89,4.11,34,0,Sunday,2,1,0,Winter,306
2022-02-07,P028,Electronics_Product_28,Electronics,10612.38,6382.15,119,1262873.58,3.84,246,12078.86,3.85,48,0,Monday,2,0,0,Winter,307
2022-02-08,P028,Electronics_Product_28,Electronics,10899.32,6382.15,24,261583.67,1.29,189,11016.44,3.31,40,0,Tuesday,2,0,0,Winter,308
2022-02-11,P028,Electronics_Product_28,Electronics,9819.54,6382.15,178,1747878.08,7.81,178,11797.36,4.49,39,0,Friday,2,0,0,Winter,311
2022-03-05,P028,Electronics_Product_28,Electronics,10579.31,6382.15,302,3194952.83,4.65,302,10447.46,4.47,45,0,Saturday,3,1,0,Spring,333
2022-03-05,P028,Electronics_Product_28,Electronics,9901.65,6382.15,238,2356593.23,7.12,238,10314.52,4.37,48,0,Saturday,3,1,0,Spring,333
2022-03-05,P028,Electronics_Product_28,Electronics,8495.52,6382.15,292,2480691.64,20.18,292,10449.55,4.3,54,1,Saturday,3,1,0,Spring,333
2022-03-06,P028,Electronics_Product_28,Electronics,10195.62,6382.15,187,1906580.21,0.03,296,11638.77,3.77,47,0,Sunday,3,1,0,Spring,334
2022-03-09,P028,Electronics_Product_28,Electronics,9245.71,6382.15,192,1775175.9,8.79,192,12084.99,4.31,48,0,Wednesday,3,0,0,Spring,337
2022-03-15,P028,Electronics_Product_28,Electronics,8193.2,6382.15,178,1458390.02,23.33,178,11474.63,4.39,44,1,Tuesday,3,0,0,Spring,343
2022-03-25,P028,Electronics_Product_28,Electronics,9517.68,6382.15,267,2541220.36,7.32,267,11925.36,4.21,48,0,Friday,3,0,0,Spring,353
2022-03-28,P028,Electronics_Product_28,Electronics,9851.95,6382.15,241,2374320.26,3.44,241,10461.59,4.02,46,0,Monday,3,0,0,Spring,356
2022-03-30,P028,Electronics_Product_28,Electronics,10256.61,6382.15,213,2184657.46,4.41,213,10623.56,4.37,50,0,Wednesday,3,0,0,Spring,358
2022-04-04,P028,Electronics_Product_28,Electronics,11050.26,6382.15,291,3215625.82,0.0,313,10121.41,4.0,45,0,Monday,4,0,0,Spring,363
2022-04-05,P028,Electronics_Product_28,Electronics,9294.58,6382.15,314,2918498.39,8.77,314,10931.3,4.03,49,0,Tuesday,4,0,0,Spring,364
2022-04-10,P028,Electronics_Product_28,Electronics,7082.39,6382.15,231,1636032.19,29.95,231,11883.59,4.37,48,1,Sunday,4,1,0,Spring,369
2022-04-12,P028,Electronics_Product_28,Electronics,8724.41,6382.15,253,2207275.92,15.57,253,10919.55,4.56,49,1,Tuesday,4,0,0,Spring,371
2022-04-13,P028,Electronics_Product_28,Electronics,10082.1,6382.15,309,3115369.21,2.28,309,11010.13,4.19,49,0,Wednesday,4,0,0,Spring,372
2022-04-16,P028,Electronics_Product_28,Electronics,10242.39,6382.15,214,2191871.1,7.44,214,10123.13,4.95,50,0,Saturday,4,1,0,Spring,375
2022-04-30,P028,Electronics_Product_28,Electronics,9756.29,6382.15,272,2653709.74,3.61,272,10829.13,4.44,48,0,Saturday,4,1,0,Spring,389
2022-05-05,P028,Electronics_Product_28,Electronics,9720.56,6382.15,215,2089919.95,6.56,215,12127.71,4.69,47,0,Thursday,5,0,0,Spring,394
2022-05-10,P028,Electronics_Product_28,Electronics,9825.07,6382.15,229,2249941.19,4.94,229,10447.54,4.49,51,0,Tuesday,5,0,0,Spring,399
2022-05-11,P028,Electronics_Product_28,Electronics,10714.59,6382.15,298,3192946.67,3.27,298,10190.35,4.13,56,0,Wednesday,5,0,0,Spring,400
2022-05-24,P028,Electronics_Product_28,Electronics,10812.96,6382.15,143,1546253.96,1.73,243,11257.0,3.58,55,0,Tuesday,5,0,0,Spring,413
2022-05-26,P028,Electronics_Product_28,Electronics,8013.89,6382.15,182,1458528.34,27.3,182,10658.67,4.4,45,1,Thursday,5,0,0,Spring,415
2022-05-29,P028,Electronics_Product_28,Electronics,10160.78,6382.15,306,3109197.59,7.75,306,11431.12,4.43,60,0,Sunday,5,1,0,Spring,418
2022-05-30,P028,Electronics_Product_28,Electronics,9950.8,6382.15,251,2497650.95,1.61,251,10142.3,4.18,52,0,Monday,5,0,0,Spring,419
2022-06-13,P028,Electronics_Product_28,Electronics,9965.59,6382.15,319,3179023.22,3.68,319,11509.16,4.62,54,0,Monday,6,0,0,Summer,433
2022-06-20,P028,Electronics_Product_28,Electronics,8729.29,6382.15,308,2688622.42,21.44,308,11561.94,4.94,55,1,Monday,6,0,0,Summer,440
2022-06-26,P028,Electronics_Product_28,Electronics,9562.94,6382.15,276,2639370.34,8.02,276,10206.17,4.24,55,0,Sunday,6,1,0,Summer,446
