product_sales_data.csv
date,product_id,product_name,category,price,cost_price,units_sold,revenue,discount_percent,stock_available,competitor_price,rating,review_count,is_promoted,day_of_week,month,is_weekend,is_holiday,season,days_since_launch
2021-05-10,P040,Electronics_Product_40,Electronics,3353.9,2065.59,47,157633.08,3.83,374,3574.88,3.33,0,0,Monday,5,0,0,Spring,0
2021-05-11,P040,Electronics_Product_40,Electronics,3316.12,2065.59,56,185702.62,7.18,280,3931.36,3.35,0,0,Tuesday,5,0,0,Spring,1
2021-05-17,P040,Electronics_Product_40,Electronics,3336.34,2065.59,61,203516.59,7.64,412,3792.62,3.03,0,0,Monday,5,0,0,Spring,7
2021-05-22,P040,Electronics_Product_40,Electronics,3376.97,2065.59,189,638247.42,2.07,231,3274.3,3.57,1,0,Saturday,5,1,0,Spring,12
2021-05-24,P040,Electronics_Product_40,Electronics,3223.74,2065.59,257,828501.57,2.18,257,3718.39,4.16,1,0,Monday,5,0,0,Spring,14
2021-06-01,P040,Electronics_Product_40,Electronics,2440.04,2065.59,427,1041895.31,30.39,427,3684.08,4.18,3,1,Tuesday,6,0,0,Summer,22
2021-06-02,P040,Electronics_Product_40,Electronics,3201.2,2065.59,46,147255.19,3.34,412,3380.86,3.39,3,0,Wednesday,6,0,0,Summer,23
2021-06-08,P040,Electronics_Product_40,Electronics,3229.82,2065.59,288,930189.27,3.5,288,3363.68,4.1,2,0,Tuesday,6,0,0,Summer,29
2021-06-24,P040,Electronics_Product_40,Electronics,3123.14,2065.59,431,1346074.42,7.04,431,3473.07,4.4,4,0,Thursday,6,0,0,Summer,45
2021-06-29,P040,Electronics_Product_40,Electronics,2495.33,2065.59,243,606364.99,23.99,243,3732.11,3.76,7,1,Tuesday,6,0,0,Summer,50
2021-07-04,P040,Electronics_Product_40,Electronics,3380.54,2065.59,77,260301.31,1.14,412,3873.02,3.44,8,0,Sunday,7,1,0,Summer,55
2021-07-19,P040,Electronics_Product_40,Electronics,3045.0,2065.59,53,161385.0,8.97,359,3350.08,3.31,9,0,Monday,7,0,0,Summer,70
2021-07-23,P040,Electronics_Product_40,Electronics,3431.76,2065.59,337,1156502.87,3.33,337,3742.66,4.38,9,0,Friday,7,0,0,Summer,74
2021-08-07,P040,Electronics_Product_40,Electronics,3400.32,2065.59,350,1190110.96,3.44,350,3553.48,4.05,10,0,Saturday,8,1,0,Summer,89
2021-08-13,P040,Electronics_Product_40,Electronics,3277.15,2065.59,373,1222378.75,4.99,373,3778.65,4.1,11,0,Friday,8,0,1,Summer,95
2021-08-16,P040,Electronics_Product_40,Electronics,3041.72,2065.59,91,276796.14,8.69,314,3694.62,3.4,12,0,Monday,8,0,1,Summer,98
2021-08-16,P040,Electronics_Product_40,Electronics,3297.33,2065.59,61,201136.97,4.57,334,3365.7,3.4,13,0,Monday,8,0,1,Summer,98
2021-08-22,P040,Electronics_Product_40,Electronics,2110.77,2065.59,388,818978.64,39.87,388,3291.37,3.66,12,1,Sunday,8,1,0,Summer,104
2021-08-28,P040,Electronics_Product_40,Electronics,3118.03,2065.59,353,1100665.79,9.03,353,3549.96,4.18,19,0,Saturday,8,1,0,Summer,110
2021-09-04,P040,Electronics_Product_40,Electronics,2536.49,2065.59,259,656949.85,26.77,259,3756.94,3.62,14,1,Saturday,9,1,0,Autumn,117
2021-09-05,P040,Electronics_Product_40,Electronics,2947.78,2065.59,234,689781.21,18.08,234,3785.41,3.74,14,1,Sunday,9,1,0,Autumn,118
2021-09-07,P040,Electronics_Product_40,Electronics,3298.08,2065.59,398,1312636.5,3.57,398,3363.84,4.07,18,0,Tuesday,9,0,0,Autumn,120
2021-09-25,P040,Electronics_Product_40,Electronics,3269.19,2065.59,308,1006911.62,7.93,365,3883.52,3.98,15,0,Saturday,9,1,0,Autumn,138
2021-09-25,P040,Electronics_Product_40,Electronics,3221.4,2065.59,285,918099.56,8.88,285,3460.69,4.64,18,0,Saturday,9,1,0,Autumn,138
2021-10-03,P040,Electronics_Product_40,Electronics,3159.53,2065.59,300,947858.39,4.52,300,3742.71,4.35,17,0,Sunday,10,1,1,Autumn,146
2021-10-10,P040,Electronics_Product_40,Electronics,3253.37,2065.59,268,871902.05,6.77,362,3547.16,3.94,18,0,Sunday,10,1,0,Autumn,153
2021-10-11,P040,Electronics_Product_40,Electronics,3208.72,2065.59,58,186105.75,6.23,359,3540.72,3.18,20,0,Monday,10,0,0,Autumn,154
2021-10-13,P040,Electronics_Product_40,Electronics,3182.16,2065.59,408,1298320.55,8.53,408,3787.76,4.47,21,0,Wednesday,10,0,0,Autumn,156
2021-10-15,P040,Electronics_Product_40,Electronics,2528.64,2065.59,278,702961.12,23.74,278,3727.93,3.62,20,1,Friday,10,0,0,Autumn,158
2021-10-16,P040,Electronics_Product_40,Electronics,2222.65,2065.59,426,946848.92,33.4,426,3751.28,3.67,19,1,Saturday,10,1,0,Autumn,159
2021-10-19,P040,Electronics_Product_40,Electronics,3343.1,2065.59,368,1230259.72,6.18,368,3349.14,4.0,22,0,Tuesday,10,0,0,Autumn,162
2021-10-22,P040,Electronics_Product_40,Electronics,2688.34,2065.59,369,991997.0,18.05,369,3874.32,4.01,21,1,Friday,10,0,0,Autumn,165
2021-10-22,P040,Electronics_Product_40,Electronics,3262.5,2065.59,397,1295213.96,7.63,397,3880.6,4.26,22,0,Friday,10,0,0,Autumn,165
2021-10-23,P040,Electronics_Product_40,Electronics,3165.52,2065.59,292,924332.79,8.58,362,3421.09,3.93,23,0,Saturday,10,1,0,Autumn,166
2021-10-26,P040,Electronics_Product_40,Electronics,3311.54,2065.59,261,864312.07,0.54,342,3907.58,3.73,25,0,Tuesday,10,0,0,Autumn,169
2021-10-27,P040,Electronics_Product_40,Electronics,3294.36,2065.59,429,1413278.36,5.78,429,3465.72,4.19,22,0,Wednesday,10,0,0,Autumn,170
2021-11-08,P040,Electronics_Product_40,Electronics,3206.21,2065.59,420,1346609.78,4.03,420,3691.48,4.19,21,0,Monday,11,0,0,Autumn,182
2021-11-13,P040,Electronics_Product_40,Electronics,3308.11,2065.59,230,760866.02,5.04,230,3656.6,4.09,21,0,Saturday,11,1,0,Autumn,187
2021-12-02,P040,Electronics_Product_40,Electronics,2809.92,2065.59,452,1270083.87,19.41,452,3572.08,4.16,25,1,Thursday,12,0,0,Winter,206
2021-12-04,P040,Electronics_Product_40,Electronics,2195.04,2065.59,340,746311.99,38.37,340,3573.58,3.83,25,1,Saturday,12,1,0,Winter,208
2021-12-07,P040,Electronics_Product_40,Electronics,3134.81,2065.59,81,253919.36,4.92,414,3475.02,3.44,31,0,Tuesday,12,0,0,Winter,211
2021-12-09,P040,Electronics_Product_40,Electronics,3175.12,2065.59,301,955710.95,3.42,301,3853.27,4.25,30,0,Thursday,12,0,0,Winter,213
2021-12-15,P040,Electronics_Product_40,Electronics,2132.07,2065.59,391,833637.64,35.14,391,3864.98,4.0,26,1,Wednesday,12,0,0,Winter,219
2021-12-19,P040,Electronics_Product_40,Electronics,2423.01,2065.59,382,925588.16,31.71,382,3469.84,4.72,33,1,Sunday,12,1,0,Winter,223
2021-12-21,P040,Electronics_Product_40,Electronics,2518.64,2065.59,320,805965.05,27.07,320,3585.83,3.78,31,1,Tuesday,12,0,0,Winter,225
2021-12-26,P040,Electronics_Product_40,Electronics,2737.69,2065.59,311,851421.49,19.52,311,3532.6,4.75,31,1,Sunday,12,1,1,Winter,230
2021-12-27,P040,Electronics_Product_40,Electronics,3426.52,2065.59,395,1353475.67,4.2,395,3880.22,4.56,30,0,Monday,12,0,1,Winter,231
2021-12-31,P040,Electronics_Product_40,Electronics,3493.57,2065.59,337,1177334.21,0.14,337,3492.83,4.08,31,0,Friday,12,0,0,Winter,235
2022-01-04,P040,Electronics_Product_40,Electronics,3241.48,2065.59,131,424633.65,3.56,308,3692.83,3.7,33,0,Tuesday,1,0,0,Winter,239
2022-01-05,P040,Electronics_Product_40,Electronics,3127.75,2065.59,118,369074.35,9.38,440,3579.59,3.83,29,0,Wednesday,1,0,0,Winter,240
2022-01-16,P040,Electronics_Product_40,Electronics,3295.04,2065.59,408,1344375.81,8.31,429,3868.73,4.18,37,0,Sunday,1,1,0,Winter,251
2022-01-20,P040,Electronics_Product_40,Electronics,3040.74,2065.59,238,723697.11,7.1,238,3627.31,4.01,33,0,Thursday,1,0,0,Winter,255
2022-01-23,P040,Electronics_Product_40,Electronics,3434.4,2065.59,152,522029.1,1.37,358,3287.12,3.92,31,0,Sunday,1,1,0,Winter,258
2022-01-26,P040,Electronics_Product_40,Electronics,3406.3,2065.59,171,582476.71,3.34,272,3359.14,3.9,36,0,Wednesday,1,0,1,Winter,261
2022-01-29,P040,Electronics_Product_40,Electronics,3292.34,2065.59,412,1356445.36,4.71,412,3865.79,4.38,41,0,Saturday,1,1,0,Winter,264
2022-02-06,P040,Electronics_Product_40,Electronics,3372.0,2065.59,128,431615.77,6.24,308,3342.0,3.88,38,0,Sunday,2,1,0,Winter,272
2022-02-07,P040,Electronics_Product_40,Electronics,3374.56,2065.59,295,995494.33,6.26,343,3617.25,4.43,44,0,Monday,2,0,0,Winter,273
2022-02-09,P040,Electronics_Product_40,Electronics,3249.29,2065.59,306,994281.71,3.64,335,3876.07,4.05,35,0,Wednesday,2,0,0,Winter,275
2022-02-10,P040,Electronics_Product_40,Electronics,3199.2,2065.59,129,412696.66,2.25,416,3734.22,3.75,45,0,Thursday,2,0,0,Winter,276
2022-02-13,P040,Electronics_Product_40,Electronics,3223.08,2065.59,277,892793.93,7.36,277,3715.22,4.0,34,0,Sunday,2,1,0,Winter,279
2022-03-01,P040,Electronics_Product_40,Electronics,2999.01,2065.59,255,764747.83,9.52,255,3638.91,4.46,34,0,Tuesday,3,0,0,Spring,295
2022-03-09,P040,Electronics_Product_40,Electronics,3155.26,2065.59,178,561636.32,7.78,299,3470.72,3.87,38,0,Wednesday,3,0,0,Spring,303
2022-03-16,P040,Electronics_Product_40,Electronics,3017.34,2065.59,398,1200901.38,7.75,398,3866.83,4.04,36,0,Wednesday,3,0,0,Spring,310
2022-03-18,P040,Electronics_Product_40,Electronics,3523.43,2065.59,386,1360042.84,1.6,431,3321.7,4.19,41,0,Friday,3,0,0,Spring,312
2022-03-31,P040,Electronics_Product_40,Electronics,3217.87,2065.59,329,1058678.17,2.61,329,3694.6,4.3,47,0,Thursday,3,0,0,Spring,325
2022-04-10,P040,Electronics_Product_40,Electronics,3042.79,2065.59,282,858067.1,7.43,425,3892.18,3.67,45,0,Sunday,4,1,0,Spring,335
2022-04-15,P040,Electronics_Product_40,Electronics,3073.76,2065.59,436,1340158.87,9.59,436,3622.75,4.58,51,0,Friday,4,0,0,Spring,340
2022-04-15,P040,Electronics_Product_40,Electronics,3091.05,2065.59,355,1097323.55,8.47,355,3405.61,4.28,45,0,Friday,4,0,0,Spring,340
2022-04-16,P040,Electronics_Product_40,Electronics,3368.96,2065.59,390,1313893.77,3.17,390,3662.71,4.33,44,0,Saturday,4,1,0,Spring,341
2022-04-17,P040,Electronics_Product_40,Electronics,3093.08,2065.59,258,798015.75,10.0,280,3810.89,3.84,44,0,Sunday,4,1,0,Spring,342
2022-04-19,P040,Electronics_Product_40,Electronics,3100.0,2065.59,407,1261697.98,5.76,411,3391.46,4.09,49,0,Tuesday,4,0,0,Spring,344
2022-04-27,P040,Electronics_Product_40,Electronics,3060.15,2065.59,237,725256.37,7.18,237,3761.77,5.0,45,0,Wednesday,4,0,0,Spring,352
2022-05-03,P040,Electronics_Product_40,Electronics,2628.92,2065.59,244,641456.3,23.69,244,3694.69,4.31,44,1,Tuesday,5,0,0,Spring,358
2022-05-12,P040,Electronics_Product_40,Electronics,2525.54,2065.59,254,641488.22,29.11,254,3731.4,4.41,48,1,Thursday,5,0,0,Spring,367
2022-06-03,P040,Electronics_Product_40,Electronics,3364.33,2065.59,274,921826.88,2.5,274,3457.31,4.64,55,0,Friday,6,0,0,Summer,389
2022-06-05,P040,Electronics_Product_40,Electronics,3226.76,2065.59,345,1113231.85,9.72,345,3305.18,4.54,50,0,Sunday,6,1,0,Summer,391
2022-06-06,P040,Electronics_Product_40,Electronics,3046.89,2065.59,389,1185238.5,8.2,389,3689.54,4.26,53,0,Monday,6,0,0,Summer,392
2022-06-07,P040,Electronics_Product_40,Electronics,3109.36,2065.59,214,665402.02,5.04,303,3450.51,3.84,54,0,Tuesday,6,0,0,Summer,393
2022-06-09,P040,Electronics_Product_40,Electronics,3162.06,2065.59,301,951780.47,8.16,301,3319.32,4.36,54,0,Thursday,6,0,0,Summer,395
2022-06-11,P040,Electronics_Product_40,Electronics,3218.57,2065.59,396,1274552.74,9.56,396,3803.76,4.21,47,0,Saturday,6,1,0,Summer,397
2022-06-15,P040,Electronics_Product_40,Electronics,3173.55,2065.59,191,606147.63,5.23,446,3700.96,3.97,54,0,Wednesday,6,0,0,Summer,401
2022-06-15,P040,Electronics_Product_40,Electronics,3051.39,2065.59,406,1238863.91,7.0,406,3883.86,4.2,57,0,Wednesday,6,0,0,Summer,401
2022-07-01,P040,Electronics_Product_40,Electronics,3188.54,2065.59,395,1259472.81,3.05,395,3527.76,4.22,53,0,Friday,7,0,0,Summer,417
