product_sales_data.csv
date,product_id,product_name,category,price,cost_price,units_sold,revenue,discount_percent,stock_available,competitor_price,rating,review_count,is_promoted,day_of_week,month,is_weekend,is_holiday,season,days_since_launch
2021-05-11,P041,Electronics_Product_41,Electronics,3274.39,2037.97,135,442042.48,5.38,190,3696.25,3.73,0,0,Tuesday,5,0,0,Spring,5
2021-05-20,P041,Electronics_Product_41,Electronics,2573.06,2037.97,265,681860.37,26.7,294,3504.94,3.72,2,1,Thursday,5,0,0,Spring,14
2021-05-24,P041,Electronics_Product_41,Electronics,3396.88,2037.97,33,112097.08,0.3,210,3303.96,3.02,2,0,Monday,5,0,0,Spring,18
2021-05-30,P041,Electronics_Product_41,Electronics,2316.03,2037.97,196,453941.88,31.43,196,3798.36,4.16,2,1,Sunday,5,1,0,Spring,24
2021-06-01,P041,Electronics_Product_41,Electronics,3066.31,2037.97,193,591798.21,10.56,264,3235.57,3.69,2,1,Tuesday,6,0,0,Summer,26
2021-06-03,P041,Electronics_Product_41,Electronics,3301.27,2037.97,50,165063.74,3.95,314,3762.74,3.25,2,0,Thursday,6,0,0,Summer,28
2021-06-11,P041,Electronics_Product_41,Electronics,3026.5,2037.97,163,493318.95,7.17,311,3591.3,3.57,4,0,Friday,6,0,0,Summer,36
2021-06-12,P041,Electronics_Product_41,Electronics,3452.62,2037.97,162,559324.35,1.6,265,3467.98,3.76,3,0,Saturday,6,1,0,Summer,37
2021-06-15,P041,Electronics_Product_41,Electronics,3222.4,2037.97,352,1134285.0,9.02,352,3769.5,4.02,5,0,Tuesday,6,0,0,Summer,40
2021-07-07,P041,Electronics_Product_41,Electronics,3307.5,2037.97,111,367132.26,6.01,216,3229.03,3.9,6,0,Wednesday,7,0,0,Summer,62
2021-07-08,P041,Electronics_Product_41,Electronics,3049.95,2037.97,152,463592.68,7.71,202,3580.87,3.69,10,0,Thursday,7,0,0,Summer,63
2021-07-13,P041,Electronics_Product_41,Electronics,3127.88,2037.97,166,519228.87,9.39,227,3570.61,4.0,7,0,Tuesday,7,0,0,Summer,68
2021-07-16,P041,Electronics_Product_41,Electronics,3152.24,2037.97,149,469684.41,3.83,297,3423.66,3.81,8,0,Friday,7,0,0,Summer,71
2021-07-21,P041,Electronics_Product_41,Electronics,3121.15,2037.97,41,127966.97,9.13,313,3820.3,3.48,9,0,Wednesday,7,0,0,Summer,76
2021-07-22,P041,Electronics_Product_41,Electronics,3144.71,2037.97,41,128933.21,3.35,362,3637.5,3.21,7,0,Thursday,7,0,0,Summer,77
2021-07-30,P041,Electronics_Product_41,Electronics,3136.15,2037.97,45,141126.79,7.24,216,3476.01,3.45,11,0,Friday,7,0,0,Summer,85
2021-08-03,P041,Electronics_Product_41,Electronics,3250.06,2037.97,294,955519.1,4.25,294,3786.17,4.12,9,0,Tuesday,8,0,0,Summer,89
2021-08-07,P041,Electronics_Product_41,Electronics,2237.55,2037.97,89,199142.36,32.05,289,3623.74,3.5,12,1,Saturday,8,1,0,Summer,93
2021-08-08,P041,Electronics_Product_41,Electronics,3128.38,2037.97,55,172060.92,5.1,299,3539.67,3.35,13,0,Sunday,8,1,0,Summer,94
2021-08-11,P041,Electronics_Product_41,Electronics,3297.55,2037.97,47,154984.92,6.31,201,3585.66,3.34,17,0,Wednesday,8,0,0,Summer,97
2021-08-14,P041,Electronics_Product_41,Electronics,3233.53,2037.97,86,278083.42,8.79,285,3502.26,3.46,15,0,Saturday,8,1,1,Summer,100
2021-08-22,P041,Electronics_Product_41,Electronics,3366.08,2037.97,55,185134.27,4.91,184,3553.21,3.18,14,0,Sunday,8,1,0,Summer,108
2021-08-25,P041,Electronics_Product_41,Electronics,3178.42,2037.97,172,546688.53,1.59,267,3766.01,3.56,13,0,Wednesday,8,0,0,Summer,111
2021-09-09,P041,Electronics_Product_41,Electronics,3069.23,2037.97,151,463453.08,9.46,344,3803.57,3.74,16,0,Thursday,9,0,0,Autumn,126
2021-09-12,P041,Electronics_Product_41,Electronics,2758.81,2037.97,306,844194.54,17.32,306,3567.19,3.75,16,1,Sunday,9,1,0,Autumn,129
2021-10-04,P041,Electronics_Product_41,Electronics,2510.53,2037.97,282,707968.93,22.56,282,3626.94,3.63,17,1,Monday,10,0,1,Autumn,151
2021-10-19,P041,Electronics_Product_41,Electronics,3362.84,2037.97,205,689381.83,4.26,234,3843.06,3.85,21,0,Tuesday,10,0,0,Autumn,166
2021-10-22,P041,Electronics_Product_41,Electronics,3327.03,2037.97,306,1018070.16,5.16,306,3321.53,4.23,24,0,Friday,10,0,0,Autumn,169
2021-11-05,P041,Electronics_Product_41,Electronics,3015.2,2037.97,341,1028182.63,11.57,341,3643.14,4.19,22,1,Friday,11,0,0,Autumn,183
2021-11-12,P041,Electronics_Product_41,Electronics,3181.79,2037.97,238,757265.44,1.52,238,3242.26,4.31,27,0,Friday,11,0,0,Autumn,190
2021-12-03,P041,Electronics_Product_41,Electronics,3051.36,2037.97,216,659092.79,5.9,229,3499.93,3.78,27,0,Friday,12,0,0,Winter,211
2021-12-27,P041,Electronics_Product_41,Electronics,3256.12,2037.97,309,1006139.72,3.45,309,3482.19,4.63,32,0,Monday,12,0,1,Winter,235
2021-12-30,P041,Electronics_Product_41,Electronics,3012.52,2037.97,237,713966.93,7.95,333,3530.82,3.9,28,0,Thursday,12,0,0,Winter,238
2022-01-02,P041,Electronics_Product_41,Electronics,3130.12,2037.97,178,557162.1,12.19,206,3513.58,3.85,33,1,Sunday,1,1,0,Winter,241
2022-01-02,P041,Electronics_Product_41,Electronics,3267.61,2037.97,316,1032564.42,4.94,316,3596.47,4.42,33,0,Sunday,1,1,0,Winter,241
2022-01-09,P041,Electronics_Product_41,Electronics,2968.39,2037.97,39,115767.04,8.6,344,3375.23,3.47,34,0,Sunday,1,1,0,Winter,248
2022-01-11,P041,Electronics_Product_41,Electronics,3319.69,2037.97,258,856480.45,0.76,300,3785.63,4.19,31,0,Tuesday,1,0,0,Winter,250
2022-01-12,P041,Electronics_Product_41,Electronics,3024.76,2037.97,200,604952.45,9.96,200,3677.46,4.61,33,0,Wednesday,1,0,0,Winter,251
2022-01-17,P041,Electronics_Product_41,Electronics,3440.14,2037.97,74,254569.99,0.98,327,3308.24,3.87,35,0,Monday,1,0,0,Winter,256
2022-01-19,P041,Electronics_Product_41,Electronics,3279.21,2037.97,271,888664.76,7.9,273,3509.46,4.09,34,0,Wednesday,1,0,0,Winter,258
2022-01-20,P041,Electronics_Product_41,Electronics,3148.93,2037.97,207,651828.64,5.81,207,3464.71,4.84,32,0,Thursday,1,0,0,Winter,259
2022-01-21,P041,Electronics_Product_41,Electronics,3127.98,2037.97,155,484837.65,10.95,218,3721.06,3.58,35,1,Friday,1,0,0,Winter,260
2022-01-22,P041,Electronics_Product_41,Electronics,3285.56,2037.97,144,473120.98,6.64,340,3889.88,3.93,34,0,Saturday,1,1,0,Winter,261
2022-01-28,P041,Electronics_Product_41,Electronics,3390.81,2037.97,111,376380.1,1.98,345,3322.42,3.96,35,0,Friday,1,0,1,Winter,267
2022-02-03,P041,Electronics_Product_41,Electronics,3255.26,2037.97,187,608734.11,7.15,187,3743.02,4.38,34,0,Thursday,2,0,0,Winter,273
2022-02-03,P041,Electronics_Product_41,Electronics,3298.68,2037.97,253,834565.97,3.99,253,3474.9,4.4,39,0,Thursday,2,0,0,Winter,273
2022-02-03,P041,Electronics_Product_41,Electronics,3310.39,2037.97,112,370764.15,3.75,233,3765.88,3.7,42,0,Thursday,2,0,0,Winter,273
2022-02-08,P041,Electronics_Product_41,Electronics,3164.38,2037.97,85,268972.4,9.12,312,3270.2,3.96,35,0,Tuesday,2,0,0,Winter,278
2022-02-11,P041,Electronics_Product_41,Electronics,3286.87,2037.97,116,381277.38,4.19,335,3778.36,3.69,41,0,Friday,2,0,0,Winter,281
2022-02-13,P041,Electronics_Product_41,Electronics,3053.31,2037.97,195,595395.45,7.81,195,3567.48,4.12,45,0,Sunday,2,1,0,Winter,283
2022-02-22,P041,Electronics_Product_41,Electronics,2591.46,2037.97,243,629724.57,22.63,243,3873.62,4.47,38,1,Tuesday,2,0,0,Winter,292
2022-02-26,P041,Electronics_Product_41,Electronics,3097.1,2037.97,132,408817.32,8.2,316,3796.3,3.72,33,0,Saturday,2,1,0,Winter,296
2022-03-05,P041,Electronics_Product_41,Electronics,3178.68,2037.97,188,597591.5,3.97,244,3778.61,3.74,40,0,Saturday,3,1,0,Spring,303
2022-03-08,P041,Electronics_Product_41,Electronics,3332.09,2037.97,228,759716.24,1.64,228,3665.57,4.42,40,0,Tuesday,3,0,0,Spring,306
2022-03-23,P041,Electronics_Product_41,Electronics,3286.77,2037.97,268,880854.13,6.58,268,3741.7,4.37,44,0,Wednesday,3,0,0,Spring,321
2022-03-29,P041,Electronics_Product_41,Electronics,3139.23,2037.97,161,505416.13,9.87,218,3691.81,3.85,43,0,Tuesday,3,0,0,Spring,327
2022-04-11,P041,Electronics_Product_41,Electronics,3335.35,2037.97,32,106731.35,2.47,185,3229.51,3.47,44,0,Monday,4,0,0,Spring,340
2022-04-26,P041,Electronics_Product_41,Electronics,2648.08,2037.97,217,574632.41,24.86,217,3589.77,4.09,53,1,Tuesday,4,0,0,Spring,355
2022-04-27,P041,Electronics_Product_41,Electronics,3512.78,2037.97,297,1043295.09,0.36,297,3772.03,4.04,47,0,Wednesday,4,0,0,Spring,356
2022-04-29,P041,Electronics_Product_41,Electronics,3182.33,2037.97,292,929240.52,5.43,292,3371.75,4.62,46,0,Friday,4,0,0,Spring,358
2022-05-07,P041,Electronics_Product_41,Electronics,2612.83,2037.97,308,804751.46,22.09,337,3897.51,3.81,50,1,Saturday,5,1,0,Spring,366
2022-05-09,P041,Electronics_Product_41,Electronics,3270.78,2037.97,303,991044.88,3.48,303,3838.74,4.15,44,0,Monday,5,0,0,Spring,368
2022-05-10,P041,Electronics_Product_41,Electronics,2573.3,2037.97,309,795148.85,27.31,309,3733.67,4.13,52,1,Tuesday,5,0,0,Spring,369
2022-05-24,P041,Electronics_Product_41,Electronics,3088.14,2037.97,171,528071.56,8.44,235,3675.19,3.89,58,0,Tuesday,5,0,0,Spring,383
2022-05-28,P041,Electronics_Product_41,Electronics,2720.12,2037.97,253,688189.62,17.93,253,3570.34,4.58,48,1,Saturday,5,1,0,Spring,387
2022-06-01,P041,Electronics_Product_41,Electronics,3009.32,2037.97,363,1092383.54,9.54,363,3841.76,4.07,57,0,Wednesday,6,0,0,Summer,391
2022-06-02,P041,Electronics_Product_41,Electronics,3377.5,2037.97,275,928812.28,5.02,275,3308.18,4.49,55,0,Thursday,6,0,0,Summer,392
2022-06-03,P041,Electronics_Product_41,Electronics,3384.15,2037.97,212,717439.87,4.26,212,3679.92,4.13,57,0,Friday,6,0,0,Summer,393
2022-06-04,P041,Electronics_Product_41,Electronics,3042.78,2037.97,342,1040631.4,6.21,342,3229.81,4.4,48,0,Saturday,6,1,0,Summer,394
2022-06-17,P041,Electronics_Product_41,Electronics,3195.5,2037.97,304,971431.04,6.48,304,3346.15,4.29,51,0,Friday,6,0,0,Summer,407
2022-06-27,P041,Electronics_Product_41,Electronics,2827.78,2037.97,326,921855.94,19.88,326,3324.48,4.72,54,1,Monday,6,0,0,Summer,417
