product_sales_data.csv
date,product_id,product_name,category,price,cost_price,units_sold,revenue,discount_percent,stock_available,competitor_price,rating,review_count,is_promoted,day_of_week,month,is_weekend,is_holiday,season,days_since_launch
2021-05-13,P008,Fashion_Product_8,Fashion,1499.64,984.85,82,122970.81,4.1,662,1787.49,3.16,0,0,Thursday,5,0,0,Spring,2
2021-05-13,P008,Fashion_Product_8,Fashion,1625.06,984.85,221,359138.53,3.81,570,1578.58,3.99,0,0,Thursday,5,0,0,Spring,2
2021-05-25,P008,Fashion_Product_8,Fashion,1692.64,984.85,233,394384.4,0.28,665,1673.58,3.99,1,0,Tuesday,5,0,0,Spring,14
2021-05-27,P008,Fashion_Product_8,Fashion,1094.67,984.85,228,249584.33,34.4,626,1726.2,3.23,4,1,Thursday,5,0,0,Spring,16
2021-05-27,P008,Fashion_Product_8,Fashion,1444.38,984.85,109,157437.56,9.46,670,1830.91,3.22,1,0,Thursday,5,0,0,Spring,16
2021-06-01,P008,Fashion_Product_8,Fashion,1543.4,984.85,118,182121.38,10.04,644,1709.6,3.42,2,1,Tuesday,6,0,0,Summer,21
2021-06-02,P008,Fashion_Product_8,Fashion,1561.03,984.85,260,405868.95,4.94,555,1670.65,3.56,2,0,Wednesday,6,0,0,Summer,22
2021-06-17,P008,Fashion_Product_8,Fashion,1534.11,984.85,533,817682.8,7.81,533,1797.81,4.0,9,0,Thursday,6,0,0,Summer,37
2021-06-28,P008,Fashion_Product_8,Fashion,1546.63,984.85,256,395938.37,7.42,695,1642.18,3.56,5,0,Monday,6,0,0,Summer,48
2021-07-02,P008,Fashion_Product_8,Fashion,1536.09,984.85,85,130567.93,2.36,579,1704.56,3.35,10,0,Friday,7,0,0,Summer,52
2021-07-11,P008,Fashion_Product_8,Fashion,1105.25,984.85,451,498465.53,31.66,451,1883.2,3.98,8,1,Sunday,7,1,0,Summer,61
2021-07-16,P008,Fashion_Product_8,Fashion,1616.74,984.85,305,493105.23,2.66,505,1770.95,3.76,10,0,Friday,7,0,0,Summer,66
2021-07-19,P008,Fashion_Product_8,Fashion,1576.35,984.85,264,416156.84,4.18,457,1607.13,3.63,9,0,Monday,7,0,0,Summer,69
2021-08-01,P008,Fashion_Product_8,Fashion,1654.8,984.85,352,582488.91,1.29,646,1725.53,3.75,11,0,Sunday,8,1,0,Summer,82
2021-08-11,P008,Fashion_Product_8,Fashion,1557.97,984.85,310,482969.99,0.7,611,1863.67,3.93,12,0,Wednesday,8,0,0,Summer,92
2021-08-12,P008,Fashion_Product_8,Fashion,1550.02,984.85,65,100751.28,7.01,409,1575.45,3.36,10,0,Thursday,8,0,0,Summer,93
2021-08-13,P008,Fashion_Product_8,Fashion,1610.31,984.85,322,518518.63,1.16,490,1675.48,3.55,11,0,Friday,8,0,1,Summer,94
2021-08-18,P008,Fashion_Product_8,Fashion,1622.61,984.85,75,121695.78,2.39,664,1574.26,3.15,12,0,Wednesday,8,0,0,Summer,99
2021-08-26,P008,Fashion_Product_8,Fashion,1553.94,984.85,322,500369.86,7.81,628,1675.63,3.71,13,0,Thursday,8,0,0,Summer,107
2021-08-26,P008,Fashion_Product_8,Fashion,1567.94,984.85,253,396689.69,2.84,524,1599.41,3.56,13,0,Thursday,8,0,0,Summer,107
2021-08-29,P008,Fashion_Product_8,Fashion,1261.26,984.85,601,758016.41,24.3,601,1563.9,3.73,18,1,Sunday,8,1,0,Summer,110
2021-08-31,P008,Fashion_Product_8,Fashion,1508.64,984.85,463,698502.36,6.89,463,1753.49,4.12,16,0,Tuesday,8,0,0,Summer,112
2021-09-13,P008,Fashion_Product_8,Fashion,1504.86,984.85,301,452964.31,5.41,489,1841.28,3.96,15,0,Monday,9,0,0,Autumn,125
2021-09-29,P008,Fashion_Product_8,Fashion,1598.86,984.85,337,538817.19,4.56,458,1828.81,3.7,20,0,Wednesday,9,0,0,Autumn,141
2021-10-02,P008,Fashion_Product_8,Fashion,1150.91,984.85,606,697451.69,32.77,606,1756.55,3.77,22,1,Saturday,10,1,1,Autumn,144
2021-10-17,P008,Fashion_Product_8,Fashion,1514.48,984.85,423,640625.92,7.57,584,1633.55,3.96,19,0,Sunday,10,1,0,Autumn,159
2021-10-24,P008,Fashion_Product_8,Fashion,1261.59,984.85,581,732983.93,23.1,581,1829.69,4.24,18,1,Sunday,10,1,0,Autumn,166
2021-10-26,P008,Fashion_Product_8,Fashion,1034.43,984.85,263,272054.62,39.23,672,1580.57,3.39,19,1,Tuesday,10,0,0,Autumn,168
2021-10-31,P008,Fashion_Product_8,Fashion,1346.08,984.85,495,666308.48,20.13,495,1828.5,3.97,22,1,Sunday,10,1,1,Autumn,173
2021-11-02,P008,Fashion_Product_8,Fashion,1188.55,984.85,476,565748.54,30.89,476,1805.54,4.61,24,1,Tuesday,11,0,1,Autumn,175
2021-11-03,P008,Fashion_Product_8,Fashion,1237.58,984.85,726,898485.42,27.01,726,1666.41,3.88,27,1,Wednesday,11,0,1,Autumn,176
2021-11-03,P008,Fashion_Product_8,Fashion,1340.56,984.85,689,923644.13,19.93,689,1735.96,3.57,18,1,Wednesday,11,0,1,Autumn,176
2021-11-05,P008,Fashion_Product_8,Fashion,1629.84,984.85,473,770915.68,0.56,597,1859.0,3.96,28,0,Friday,11,0,0,Autumn,178
2021-11-07,P008,Fashion_Product_8,Fashion,1215.86,984.85,484,588474.95,28.18,484,1669.39,4.11,24,1,Sunday,11,1,0,Autumn,180
2021-11-12,P008,Fashion_Product_8,Fashion,1016.7,984.85,420,427015.64,39.68,420,1761.03,4.0,25,1,Friday,11,0,0,Autumn,185
2021-11-14,P008,Fashion_Product_8,Fashion,1532.17,984.85,476,729314.72,7.55,697,1562.87,3.56,23,0,Sunday,11,1,0,Autumn,187
2021-11-19,P008,Fashion_Product_8,Fashion,1404.91,984.85,654,918808.89,11.19,654,1767.25,4.37,26,1,Friday,11,0,0,Autumn,192
2021-11-23,P008,Fashion_Product_8,Fashion,1443.08,984.85,437,630624.52,9.03,437,1747.29,4.23,25,0,Tuesday,11,0,0,Autumn,196
2021-11-30,P008,Fashion_Product_8,Fashion,1596.06,984.85,625,997539.69,4.07,625,1597.17,4.26,27,0,Tuesday,11,0,0,Autumn,203
2021-12-26,P008,Fashion_Product_8,Fashion,1344.08,984.85,422,567199.92,15.82,422,1715.55,4.42,32,1,Sunday,12,1,1,Winter,229
2022-01-10,P008,Fashion_Product_8,Fashion,1627.98,984.85,160,260477.2,1.05,450,1623.83,3.82,31,0,Monday,1,0,0,Winter,244
2022-01-10,P008,Fashion_Product_8,Fashion,1557.86,984.85,239,372328.81,1.17,544,1788.19,3.78,33,0,Monday,1,0,0,Winter,244
2022-01-10,P008,Fashion_Product_8,Fashion,1579.14,984.85,487,769040.56,4.03,520,1776.95,4.08,30,0,Monday,1,0,0,Winter,244
2022-01-11,P008,Fashion_Product_8,Fashion,1419.06,984.85,741,1051522.91,15.96,741,1821.71,4.17,29,1,Tuesday,1,0,0,Winter,245
2022-01-13,P008,Fashion_Product_8,Fashion,1660.25,984.85,187,310466.2,2.47,687,1615.1,3.92,31,0,Thursday,1,0,0,Winter,247
2022-01-16,P008,Fashion_Product_8,Fashion,1547.12,984.85,202,312518.24,1.58,492,1617.24,3.68,32,0,Sunday,1,1,0,Winter,250
2022-01-20,P008,Fashion_Product_8,Fashion,1181.22,984.85,611,721722.77,26.98,611,1736.66,4.31,38,1,Thursday,1,0,0,Winter,254
2022-01-27,P008,Fashion_Product_8,Fashion,1489.88,984.85,707,1053343.41,7.17,707,1591.35,4.15,40,0,Thursday,1,0,1,Winter,261
2022-02-02,P008,Fashion_Product_8,Fashion,1529.63,984.85,434,663859.65,2.27,509,1578.92,4.67,37,0,Wednesday,2,0,0,Winter,267
2022-02-08,P008,Fashion_Product_8,Fashion,1627.89,984.85,194,315811.48,1.03,500,1733.65,3.53,37,0,Tuesday,2,0,0,Winter,273
2022-02-12,P008,Fashion_Product_8,Fashion,1571.34,984.85,413,648961.41,3.04,413,1748.32,4.41,34,0,Saturday,2,1,0,Winter,277
2022-02-14,P008,Fashion_Product_8,Fashion,1458.45,984.85,549,800686.87,8.21,731,1596.84,4.04,37,0,Monday,2,0,0,Winter,279
2022-02-25,P008,Fashion_Product_8,Fashion,1215.56,984.85,706,858188.35,24.67,706,1795.44,4.31,40,1,Friday,2,0,0,Winter,290
2022-02-28,P008,Fashion_Product_8,Fashion,1503.84,984.85,497,747410.6,6.62,497,1664.4,4.11,35,0,Monday,2,0,0,Winter,293
2022-03-03,P008,Fashion_Product_8,Fashion,1537.02,984.85,556,854582.62,2.24,556,1798.94,4.34,40,0,Thursday,3,0,0,Spring,296
2022-03-06,P008,Fashion_Product_8,Fashion,1585.72,984.85,325,515358.3,2.1,385,1624.93,3.93,40,0,Sunday,3,1,0,Spring,299
2022-03-06,P008,Fashion_Product_8,Fashion,1247.56,984.85,489,610055.78,25.94,489,1617.14,4.27,40,1,Sunday,3,1,0,Spring,299
2022-03-13,P008,Fashion_Product_8,Fashion,1573.44,984.85,672,1057349.22,7.05,672,1673.52,4.44,39,0,Sunday,3,1,0,Spring,306
2022-04-01,P008,Fashion_Product_8,Fashion,1591.41,984.85,385,612691.87,2.6,385,1597.7,4.83,38,0,Friday,4,0,0,Spring,325
2022-04-02,P008,Fashion_Product_8,Fashion,1548.18,984.85,435,673458.44,4.72,467,1791.59,3.87,46,0,Saturday,4,1,0,Spring,326
2022-04-16,P008,Fashion_Product_8,Fashion,1540.28,984.85,399,614573.04,10.12,399,1831.58,4.58,46,1,Saturday,4,1,0,Spring,340
2022-04-17,P008,Fashion_Product_8,Fashion,1634.2,984.85,643,1050792.78,2.18,643,1712.01,4.25,51,0,Sunday,4,1,0,Spring,341
2022-04-25,P008,Fashion_Product_8,Fashion,1218.98,984.85,388,472963.77,29.21,388,1847.97,4.25,42,1,Monday,4,0,0,Spring,349
2022-04-26,P008,Fashion_Product_8,Fashion,1478.6,984.85,709,1048326.39,6.12,709,1877.18,4.02,45,0,Tuesday,4,0,0,Spring,350
2022-04-27,P008,Fashion_Product_8,Fashion,1516.69,984.85,571,866029.21,5.0,578,1560.28,4.15,50,0,Wednesday,4,0,0,Spring,351
2022-04-27,P008,Fashion_Product_8,Fashion,1614.53,984.85,561,905751.45,1.34,561,1695.07,4.28,43,0,Wednesday,4,0,0,Spring,351
2022-04-29,P008,Fashion_Product_8,Fashion,1546.99,984.85,392,606420.4,8.37,392,1828.57,4.64,45,0,Friday,4,0,0,Spring,353
2022-05-05,P008,Fashion_Product_8,Fashion,1642.53,984.85,574,942810.66,1.92,574,1782.03,4.09,51,0,Thursday,5,0,0,Spring,359
2022-05-05,P008,Fashion_Product_8,Fashion,1149.7,984.85,559,642680.78,28.68,559,1772.17,4.27,42,1,Thursday,5,0,0,Spring,359
2022-05-09,P008,Fashion_Product_8,Fashion,1539.15,984.85,485,746487.73,8.86,485,1715.34,4.75,51,0,Monday,5,0,0,Spring,363
2022-05-13,P008,Fashion_Product_8,Fashion,1471.38,984.85,571,840160.02,7.32,571,1802.13,4.52,45,0,Friday,5,0,0,Spring,367
2022-05-13,P008,Fashion_Product_8,Fashion,1576.5,984.85,439,692081.75,1.84,439,1860.06,4.62,47,0,Friday,5,0,0,Spring,367
2022-05-19,P008,Fashion_Product_8,Fashion,1609.97,984.85,394,634329.86,2.17,394,1627.85,4.42,54,0,Thursday,5,0,0,Spring,373
2022-05-24,P008,Fashion_Product_8,Fashion,1130.41,984.85,655,740417.27,31.26,655,1599.52,4.3,46,1,Tuesday,5,0,0,Spring,378
2022-05-28,P008,Fashion_Product_8,Fashion,1525.03,984.85,374,570361.23,7.14,374,1748.06,4.25,52,0,Saturday,5,1,0,Spring,382
2022-06-02,P008,Fashion_Product_8,Fashion,1507.88,984.85,715,1078135.94,5.29,715,1722.88,4.18,51,0,Thursday,6,0,0,Summer,387
2022-06-08,P008,Fashion_Product_8,Fashion,1461.95,984.85,652,953193.49,8.09,652,1845.53,4.24,50,0,Wednesday,6,0,0,Summer,393
2022-06-08,P008,Fashion_Product_8,Fashion,1604.6,984.85,528,847229.73,2.18,691,1559.64,4.4,49,0,Wednesday,6,0,0,Summer,393
2022-06-12,P008,Fashion_Product_8,Fashion,1041.41,984.85,558,581104.01,33.61,558,1680.61,4.38,56,1,Sunday,6,1,0,Summer,397
2022-06-19,P008,Fashion_Product_8,Fashion,1523.93,984.85,515,784825.62,3.12,515,1815.68,4.17,53,0,Sunday,6,1,0,Summer,404
2022-07-01,P008,Fashion_Product_8,Fashion,1679.79,984.85,477,801258.61,0.47,477,1627.22,4.11,58,0,Friday,7,0,0,Summer,416
