product_sales_data.csv
date,product_id,product_name,category,price,cost_price,units_sold,revenue,discount_percent,stock_available,competitor_price,rating,review_count,is_promoted,day_of_week,month,is_weekend,is_holiday,season,days_since_launch
2021-05-20,P020,Home_Product_20,Home,1268.23,836.53,66,83703.38,6.91,107,1377.66,3.96,0,0,Thursday,5,0,0,Spring,1
2021-05-21,P020,Home_Product_20,Home,1376.52,836.53,56,77084.96,1.8,172,1447.44,3.83,0,0,Friday,5,0,0,Spring,2
2021-05-22,P020,Home_Product_20,Home,1275.11,836.53,102,130061.06,4.65,158,1514.12,3.97,0,0,Saturday,5,1,0,Spring,3
2021-05-23,P020,Home_Product_20,Home,1309.46,836.53,23,30117.65,3.43,91,1355.25,3.12,1,0,Sunday,5,1,0,Spring,4
2021-05-31,P020,Home_Product_20,Home,1323.48,836.53,89,117789.79,3.92,112,1600.11,3.79,1,0,Monday,5,0,0,Spring,12
2021-06-15,P020,Home_Product_20,Home,1285.08,836.53,24,30841.86,5.73,143,1581.41,3.27,2,0,Tuesday,6,0,0,Summer,27
2021-06-22,P020,Home_Product_20,Home,1405.48,836.53,61,85734.12,2.82,154,1355.9,3.56,5,0,Tuesday,6,0,0,Summer,34
2021-06-23,P020,Home_Product_20,Home,1272.16,836.53,69,87779.01,7.12,137,1411.82,3.67,4,0,Wednesday,6,0,0,Summer,35
2021-06-27,P020,Home_Product_20,Home,1213.34,836.53,98,118907.77,9.54,170,1333.34,3.7,4,0,Sunday,6,1,0,Summer,39
2021-06-30,P020,Home_Product_20,Home,1342.01,836.53,65,87230.36,4.86,105,1456.29,3.53,4,0,Wednesday,6,0,0,Summer,42
2021-06-30,P020,Home_Product_20,Home,1332.87,836.53,71,94633.93,8.33,160,1452.4,3.77,5,0,Wednesday,6,0,0,Summer,42
2021-07-19,P020,Home_Product_20,Home,1303.66,836.53,70,91256.12,6.03,174,1377.96,3.61,8,0,Monday,7,0,0,Summer,61
2021-07-21,P020,Home_Product_20,Home,1371.48,836.53,23,31543.96,6.12,145,1460.1,3.37,7,0,Wednesday,7,0,0,Summer,63
2021-07-23,P020,Home_Product_20,Home,1295.93,836.53,76,98490.46,8.24,161,1563.79,3.52,8,0,Friday,7,0,0,Summer,65
2021-07-26,P020,Home_Product_20,Home,1294.64,836.53,26,33660.58,2.85,169,1559.68,2.91,10,0,Monday,7,0,0,Summer,68
2021-07-27,P020,Home_Product_20,Home,1133.07,836.53,128,145032.65,21.72,128,1369.43,3.82,10,1,Tuesday,7,0,0,Summer,69
2021-07-28,P020,Home_Product_20,Home,1192.42,836.53,131,156206.41,10.0,131,1338.86,4.23,11,0,Wednesday,7,0,0,Summer,70
2021-08-06,P020,Home_Product_20,Home,1018.51,836.53,139,141573.46,28.57,139,1410.11,4.18,14,1,Friday,8,0,0,Summer,79
2021-08-06,P020,Home_Product_20,Home,1147.39,836.53,110,126213.41,19.11,110,1366.15,3.59,10,1,Friday,8,0,0,Summer,79
2021-08-13,P020,Home_Product_20,Home,1340.65,836.53,109,146131.31,4.71,127,1570.91,3.51,12,0,Friday,8,0,1,Summer,86
2021-08-18,P020,Home_Product_20,Home,1408.03,836.53,19,26752.57,2.08,150,1531.64,3.42,12,0,Wednesday,8,0,0,Summer,91
2021-08-30,P020,Home_Product_20,Home,1369.63,836.53,100,136962.69,3.45,100,1491.24,4.31,14,0,Monday,8,0,0,Summer,103
2021-09-05,P020,Home_Product_20,Home,1393.87,836.53,97,135205.78,1.68,154,1579.06,3.68,15,0,Sunday,9,1,0,Autumn,109
2021-09-07,P020,Home_Product_20,Home,942.04,836.53,165,155436.66,29.69,165,1571.0,4.06,20,1,Tuesday,9,0,0,Autumn,111
2021-09-15,P020,Home_Product_20,Home,1404.56,836.53,91,127814.63,0.18,91,1354.1,4.11,15,0,Wednesday,9,0,0,Autumn,119
2021-10-04,P020,Home_Product_20,Home,1032.36,836.53,172,177566.55,22.73,172,1468.02,3.76,22,1,Monday,10,0,1,Autumn,138
2021-10-05,P020,Home_Product_20,Home,1096.91,836.53,58,63620.56,17.44,118,1524.19,3.46,17,1,Tuesday,10,0,0,Autumn,139
2021-10-12,P020,Home_Product_20,Home,1021.85,836.53,93,95031.94,25.5,93,1461.1,4.09,17,1,Tuesday,10,0,0,Autumn,146
2021-10-16,P020,Home_Product_20,Home,1378.77,836.53,33,45499.25,2.12,121,1477.73,3.4,24,0,Saturday,10,1,0,Autumn,150
2021-10-17,P020,Home_Product_20,Home,848.3,836.53,171,145059.56,37.27,171,1531.83,3.93,19,1,Sunday,10,1,0,Autumn,151
2021-10-19,P020,Home_Product_20,Home,1283.55,836.53,79,101400.61,6.35,153,1407.99,3.75,20,0,Tuesday,10,0,0,Autumn,153
2021-10-21,P020,Home_Product_20,Home,1182.49,836.53,144,170279.13,16.54,144,1501.22,3.93,16,1,Thursday,10,0,0,Autumn,155
2021-10-23,P020,Home_Product_20,Home,1204.79,836.53,160,192765.7,10.22,160,1591.14,3.98,22,1,Saturday,10,1,0,Autumn,157
2021-10-25,P020,Home_Product_20,Home,1002.96,836.53,109,109322.67,24.78,109,1422.85,3.58,20,1,Monday,10,0,0,Autumn,159
2021-10-25,P020,Home_Product_20,Home,1394.33,836.53,159,221699.07,0.89,159,1450.9,4.21,24,0,Monday,10,0,0,Autumn,159
2021-10-31,P020,Home_Product_20,Home,1341.17,836.53,123,164964.52,4.61,123,1375.1,4.07,21,0,Sunday,10,1,1,Autumn,165
2021-11-05,P020,Home_Product_20,Home,1228.66,836.53,176,216244.96,9.51,176,1513.63,4.13,24,0,Friday,11,0,0,Autumn,170
2021-11-05,P020,Home_Product_20,Home,1087.19,836.53,125,135899.24,22.69,125,1384.87,3.75,21,1,Friday,11,0,0,Autumn,170
2021-11-08,P020,Home_Product_20,Home,1295.33,836.53,98,126942.07,4.43,105,1408.7,3.56,23,0,Monday,11,0,0,Autumn,173
2021-12-01,P020,Home_Product_20,Home,981.02,836.53,179,175602.2,31.7,179,1545.27,3.83,28,1,Wednesday,12,0,0,Winter,196
2021-12-03,P020,Home_Product_20,Home,956.84,836.53,105,100467.91,30.41,105,1408.84,4.22,28,1,Friday,12,0,0,Winter,198
2021-12-03,P020,Home_Product_20,Home,868.15,836.53,163,141507.77,39.33,163,1570.01,3.77,26,1,Friday,12,0,0,Winter,198
2021-12-11,P020,Home_Product_20,Home,1188.53,836.53,161,191352.7,18.63,161,1533.7,4.04,27,1,Saturday,12,1,0,Winter,206
2021-12-15,P020,Home_Product_20,Home,1337.23,836.53,91,121688.02,6.37,91,1347.75,4.01,32,0,Wednesday,12,0,0,Winter,210
2021-12-16,P020,Home_Product_20,Home,1106.18,836.53,105,116148.75,18.9,105,1520.58,4.31,25,1,Thursday,12,0,0,Winter,211
2021-12-22,P020,Home_Product_20,Home,1334.41,836.53,158,210837.08,8.02,158,1365.68,4.14,26,0,Wednesday,12,0,0,Winter,217
2021-12-29,P020,Home_Product_20,Home,1178.45,836.53,129,152020.1,18.43,129,1425.73,3.9,34,1,Wednesday,12,0,0,Winter,224
2022-01-08,P020,Home_Product_20,Home,830.47,836.53,168,139519.36,37.66,168,1391.05,4.36,33,1,Saturday,1,1,0,Winter,234
2022-01-15,P020,Home_Product_20,Home,1308.88,836.53,63,82459.39,3.6,131,1372.54,3.66,31,0,Saturday,1,1,0,Winter,241
2022-01-16,P020,Home_Product_20,Home,1302.44,836.53,84,109405.21,5.53,179,1602.85,3.68,31,0,Sunday,1,1,0,Winter,242
2022-01-18,P020,Home_Product_20,Home,1203.61,836.53,58,69809.28,9.85,106,1513.79,3.73,30,0,Tuesday,1,0,0,Winter,244
2022-01-23,P020,Home_Product_20,Home,1274.11,836.53,140,178375.1,4.62,140,1350.5,4.06,30,0,Sunday,1,1,0,Winter,249
2022-01-24,P020,Home_Product_20,Home,880.23,836.53,51,44891.89,38.69,144,1396.73,3.49,32,1,Monday,1,0,1,Winter,250
2022-01-25,P020,Home_Product_20,Home,1269.57,836.53,116,147270.01,7.88,116,1515.15,4.27,34,0,Tuesday,1,0,1,Winter,251
2022-02-04,P020,Home_Product_20,Home,1454.3,836.53,45,65443.63,0.2,177,1472.64,3.92,37,0,Friday,2,0,0,Winter,261
2022-02-17,P020,Home_Product_20,Home,1320.29,836.53,109,143911.75,4.91,168,1439.57,4.49,38,0,Thursday,2,0,0,Winter,274
2022-03-02,P020,Home_Product_20,Home,1411.62,836.53,167,235739.96,0.74,167,1528.11,4.32,37,0,Wednesday,3,0,0,Spring,287
2022-03-03,P020,Home_Product_20,Home,1324.08,836.53,174,230390.6,6.24,174,1324.54,4.68,33,0,Thursday,3,0,0,Spring,288
2022-03-04,P020,Home_Product_20,Home,1343.09,836.53,175,235041.62,0.98,175,1502.2,4.55,36,0,Friday,3,0,0,Spring,289
2022-03-17,P020,Home_Product_20,Home,1281.27,836.53,152,194753.04,7.09,152,1559.1,4.09,43,0,Thursday,3,0,0,Spring,302
2022-03-29,P020,Home_Product_20,Home,1056.3,836.53,130,137318.75,23.42,130,1509.46,4.72,41,1,Tuesday,3,0,0,Spring,314
2022-04-10,P020,Home_Product_20,Home,846.54,836.53,152,128674.21,36.36,152,1549.63,3.78,50,1,Sunday,4,1,0,Spring,326
2022-05-05,P020,Home_Product_20,Home,1276.01,836.53,22,28072.28,9.42,142,1353.86,3.35,55,0,Thursday,5,0,0,Spring,351
2022-05-10,P020,Home_Product_20,Home,1338.34,836.53,150,200751.74,1.68,154,1334.48,4.42,44,0,Tuesday,5,0,0,Spring,356
2022-05-18,P020,Home_Product_20,Home,1278.94,836.53,109,139403.99,6.17,109,1448.78,4.14,42,0,Wednesday,5,0,0,Spring,364
2022-05-20,P020,Home_Product_20,Home,1347.58,836.53,106,142843.33,4.22,106,1354.26,4.79,45,0,Friday,5,0,0,Spring,366
2022-05-23,P020,Home_Product_20,Home,1399.66,836.53,156,218346.88,3.91,156,1453.06,4.54,45,0,Monday,5,0,0,Spring,369
2022-05-25,P020,Home_Product_20,Home,1269.78,836.53,98,124438.73,5.37,98,1427.3,3.96,52,0,Wednesday,5,0,0,Spring,371
2022-06-01,P020,Home_Product_20,Home,1216.72,836.53,169,205625.92,8.98,169,1384.35,4.42,47,0,Wednesday,6,0,0,Summer,378
2022-06-02,P020,Home_Product_20,Home,1251.33,836.53,136,170181.4,5.86,136,1518.75,4.12,46,0,Thursday,6,0,0,Summer,379
2022-06-04,P020,Home_Product_20,Home,1234.64,836.53,133,164206.85,8.12,133,1506.79,4.62,56,0,Saturday,6,1,0,Summer,381
2022-06-09,P020,Home_Product_20,Home,867.71,836.53,125,108464.25,38.55,125,1469.56,4.42,52,1,Thursday,6,0,0,Summer,386
