product_sales_data.csv
date,product_id,product_name,category,price,cost_price,units_sold,revenue,discount_percent,stock_available,competitor_price,rating,review_count,is_promoted,day_of_week,month,is_weekend,is_holiday,season,days_since_launch
2021-05-25,P029,Fashion_Product_29,Fashion,1129.3,663.92,196,221342.23,0.89,442,1156.8,3.82,0,0,Tuesday,5,0,0,Spring,2
2021-06-10,P029,Fashion_Product_29,Fashion,1113.91,663.92,56,62378.69,2.19,384,1124.72,3.18,1,0,Thursday,6,0,0,Summer,18
2021-06-11,P029,Fashion_Product_29,Fashion,1017.48,663.92,82,83433.7,9.81,367,1203.18,3.27,1,0,Friday,6,0,0,Summer,19
2021-06-17,P029,Fashion_Product_29,Fashion,997.56,663.92,235,234427.71,8.83,337,1236.85,3.82,3,0,Thursday,6,0,0,Summer,25
2021-06-21,P029,Fashion_Product_29,Fashion,987.42,663.92,280,276477.22,9.17,426,1187.53,3.99,3,0,Monday,6,0,0,Summer,29
2021-06-24,P029,Fashion_Product_29,Fashion,976.84,663.92,79,77170.34,7.59,320,1191.41,3.39,3,0,Thursday,6,0,0,Summer,32
2021-06-25,P029,Fashion_Product_29,Fashion,1104.63,663.92,72,79533.67,1.11,338,1262.49,3.02,4,0,Friday,6,0,0,Summer,33
2021-06-27,P029,Fashion_Product_29,Fashion,1016.64,663.92,294,298892.18,5.22,294,1248.61,3.83,4,0,Sunday,6,1,0,Summer,35
2021-07-10,P029,Fashion_Product_29,Fashion,1094.66,663.92,96,105087.24,1.15,328,1168.96,3.19,6,0,Saturday,7,1,0,Summer,48
2021-07-12,P029,Fashion_Product_29,Fashion,1011.1,663.92,245,247718.64,4.35,430,1082.96,3.62,9,0,Monday,7,0,0,Summer,50
2021-07-25,P029,Fashion_Product_29,Fashion,795.72,663.92,370,294416.29,28.7,370,1126.01,3.58,8,1,Sunday,7,1,0,Summer,63
2021-07-29,P029,Fashion_Product_29,Fashion,1055.39,663.92,74,78098.72,7.38,345,1266.97,3.19,10,0,Thursday,7,0,0,Summer,67
2021-08-01,P029,Fashion_Product_29,Fashion,1083.54,663.92,220,238377.93,0.68,471,1118.59,3.71,7,0,Sunday,8,1,0,Summer,70
2021-08-02,P029,Fashion_Product_29,Fashion,1081.43,663.92,486,525573.97,3.12,486,1240.69,4.44,13,0,Monday,8,0,0,Summer,71
2021-08-03,P029,Fashion_Product_29,Fashion,953.74,663.92,71,67715.86,9.91,362,1060.51,3.25,10,0,Tuesday,8,0,0,Summer,72
2021-08-05,P029,Fashion_Product_29,Fashion,737.51,663.92,169,124638.97,32.5,348,1225.05,3.43,11,1,Thursday,8,0,0,Summer,74
2021-08-13,P029,Fashion_Product_29,Fashion,952.66,663.92,344,327714.75,9.79,369,1156.76,3.82,13,0,Friday,8,0,1,Summer,82
2021-08-13,P029,Fashion_Product_29,Fashion,825.25,663.92,230,189808.23,27.03,299,1213.81,3.44,13,1,Friday,8,0,1,Summer,82
2021-08-18,P029,Fashion_Product_29,Fashion,1012.78,663.92,469,474993.43,4.58,469,1173.67,4.0,9,0,Wednesday,8,0,0,Summer,87
2021-08-18,P029,Fashion_Product_29,Fashion,973.9,663.92,252,245424.04,9.06,319,1236.81,3.66,13,0,Wednesday,8,0,0,Summer,87
2021-08-18,P029,Fashion_Product_29,Fashion,1091.89,663.92,266,290441.54,3.38,520,1235.31,3.61,10,0,Wednesday,8,0,0,Summer,87
2021-08-22,P029,Fashion_Product_29,Fashion,841.8,663.92,465,391438.2,23.14,465,1190.89,3.68,10,1,Sunday,8,1,0,Summer,91
2021-08-23,P029,Fashion_Product_29,Fashion,1035.15,663.92,277,286737.32,5.64,565,1167.05,3.56,11,0,Monday,8,0,0,Summer,92
2021-09-17,P029,Fashion_Product_29,Fashion,1071.89,663.92,214,229384.42,4.05,290,1074.98,3.72,14,0,Friday,9,0,0,Autumn,117
2021-09-25,P029,Fashion_Product_29,Fashion,1068.68,663.92,267,285337.12,0.83,558,1093.48,3.55,16,0,Saturday,9,1,0,Autumn,125
2021-09-28,P029,Fashion_Product_29,Fashion,984.6,663.92,235,231381.04,8.66,387,1068.58,3.56,15,0,Tuesday,9,0,0,Autumn,128
2021-10-18,P029,Fashion_Product_29,Fashion,1053.22,663.92,313,329658.46,5.15,426,1241.7,3.53,19,0,Monday,10,0,0,Autumn,148
2021-10-21,P029,Fashion_Product_29,Fashion,1047.5,663.92,381,399099.15,1.31,381,1193.46,4.24,21,0,Thursday,10,0,0,Autumn,151
2021-10-22,P029,Fashion_Product_29,Fashion,1080.22,663.92,508,548754.19,1.16,520,1053.21,4.05,17,0,Friday,10,0,0,Autumn,152
2021-10-23,P029,Fashion_Product_29,Fashion,1038.07,663.92,404,419379.34,6.95,404,1266.3,4.36,17,0,Saturday,10,1,0,Autumn,153
2021-10-27,P029,Fashion_Product_29,Fashion,991.36,663.92,390,386631.28,7.75,390,1092.08,4.02,20,0,Wednesday,10,0,0,Autumn,157
2021-10-28,P029,Fashion_Product_29,Fashion,705.64,663.92,288,203223.79,39.15,288,1108.23,3.87,19,1,Thursday,10,0,0,Autumn,158
2021-11-01,P029,Fashion_Product_29,Fashion,1106.67,663.92,349,386228.85,1.6,349,1090.88,3.65,21,0,Monday,11,0,1,Autumn,162
2021-11-05,P029,Fashion_Product_29,Fashion,1047.36,663.92,286,299544.48,4.55,571,1130.73,3.67,24,0,Friday,11,0,0,Autumn,166
2021-11-11,P029,Fashion_Product_29,Fashion,1084.73,663.92,94,101964.37,0.16,393,1132.65,3.38,22,0,Thursday,11,0,0,Autumn,172
2021-11-13,P029,Fashion_Product_29,Fashion,1110.93,663.92,368,408821.08,0.29,399,1215.13,3.97,19,0,Saturday,11,1,0,Autumn,174
2021-11-21,P029,Fashion_Product_29,Fashion,780.82,663.92,383,299055.73,29.21,383,1241.09,4.32,21,1,Sunday,11,1,0,Autumn,182
2021-11-21,P029,Fashion_Product_29,Fashion,1014.2,663.92,311,315414.68,11.52,311,1062.23,3.89,24,1,Sunday,11,1,0,Autumn,182
2021-11-23,P029,Fashion_Product_29,Fashion,1046.62,663.92,315,329686.12,2.4,315,1254.41,3.88,28,0,Tuesday,11,0,0,Autumn,184
2021-12-04,P029,Fashion_Product_29,Fashion,690.54,663.92,532,367365.71,37.99,532,1262.57,3.53,26,1,Saturday,12,1,0,Winter,195
2021-12-06,P029,Fashion_Product_29,Fashion,1081.31,663.92,121,130838.86,3.21,410,1271.56,3.29,27,0,Monday,12,0,0,Winter,197
2021-12-13,P029,Fashion_Product_29,Fashion,988.46,663.92,416,411198.91,7.63,416,1058.43,4.14,28,0,Monday,12,0,0,Winter,204
2021-12-15,P029,Fashion_Product_29,Fashion,1110.74,663.92,315,349882.87,2.69,423,1130.69,3.73,25,0,Wednesday,12,0,0,Winter,206
2021-12-31,P029,Fashion_Product_29,Fashion,1090.7,663.92,394,429736.54,3.63,394,1113.56,4.15,30,0,Friday,12,0,0,Winter,222
2022-01-02,P029,Fashion_Product_29,Fashion,1027.24,663.92,216,221883.54,4.01,499,1175.26,3.94,33,0,Sunday,1,1,0,Winter,224
2022-01-06,P029,Fashion_Product_29,Fashion,1056.13,663.92,160,168980.24,4.1,302,1159.89,3.91,25,0,Thursday,1,0,0,Winter,228
2022-01-08,P029,Fashion_Product_29,Fashion,1089.62,663.92,539,587306.32,4.57,539,1172.39,4.33,30,0,Saturday,1,1,0,Winter,230
2022-01-15,P029,Fashion_Product_29,Fashion,962.22,663.92,381,366605.64,13.26,381,1219.04,4.16,30,1,Saturday,1,1,0,Winter,237
2022-01-22,P029,Fashion_Product_29,Fashion,814.63,663.92,535,435826.04,22.59,552,1085.52,3.84,31,1,Saturday,1,1,0,Winter,244
2022-01-30,P029,Fashion_Product_29,Fashion,1080.22,663.92,234,252771.85,4.59,336,1179.3,3.65,34,0,Sunday,1,1,0,Winter,252
2022-02-05,P029,Fashion_Product_29,Fashion,958.14,663.92,298,285524.54,9.84,298,1061.67,4.47,32,0,Saturday,2,1,0,Winter,258
2022-02-26,P029,Fashion_Product_29,Fashion,1096.18,663.92,178,195119.41,0.93,519,1069.98,4.0,35,0,Saturday,2,1,0,Winter,279
2022-02-27,P029,Fashion_Product_29,Fashion,1078.5,663.92,570,614744.77,5.55,570,1178.93,4.54,38,0,Sunday,2,1,0,Winter,280
2022-02-28,P029,Fashion_Product_29,Fashion,1009.18,663.92,443,447067.87,8.84,483,1168.54,4.36,36,0,Monday,2,0,0,Winter,281
2022-03-11,P029,Fashion_Product_29,Fashion,1064.47,663.92,384,408756.11,0.65,384,1159.16,4.21,39,0,Friday,3,0,0,Spring,292
2022-03-14,P029,Fashion_Product_29,Fashion,1016.33,663.92,454,461413.91,7.47,454,1231.27,4.13,35,0,Monday,3,0,0,Spring,295
2022-03-21,P029,Fashion_Product_29,Fashion,1102.07,663.92,466,513566.78,0.38,500,1148.59,4.36,40,0,Monday,3,0,0,Spring,302
2022-03-24,P029,Fashion_Product_29,Fashion,887.97,663.92,351,311676.44,22.98,351,1177.62,4.49,44,1,Thursday,3,0,0,Spring,305
2022-04-02,P029,Fashion_Product_29,Fashion,747.1,663.92,468,349641.66,35.43,468,1217.89,3.94,47,1,Saturday,4,1,0,Spring,314
2022-04-06,P029,Fashion_Product_29,Fashion,962.91,663.92,558,537306.14,8.68,558,1182.26,4.2,48,0,Wednesday,4,0,0,Spring,318
2022-04-23,P029,Fashion_Product_29,Fashion,713.98,663.92,504,359847.05,32.32,504,1177.32,4.29,40,1,Saturday,4,1,0,Spring,335
2022-04-23,P029,Fashion_Product_29,Fashion,1125.71,663.92,393,442403.33,0.06,393,1159.47,4.61,43,0,Saturday,4,1,0,Spring,335
2022-04-29,P029,Fashion_Product_29,Fashion,731.54,663.92,520,380401.61,35.39,520,1186.41,4.02,52,1,Friday,4,0,0,Spring,341
2022-05-01,P029,Fashion_Product_29,Fashion,754.03,663.92,552,416226.52,35.1,552,1254.99,4.37,46,1,Sunday,5,1,0,Spring,343
2022-05-02,P029,Fashion_Product_29,Fashion,1028.29,663.92,369,379437.82,7.49,369,1096.36,4.43,44,0,Monday,5,0,0,Spring,344
2022-05-14,P029,Fashion_Product_29,Fashion,820.5,663.92,389,319176.39,23.83,389,1261.49,3.91,49,1,Saturday,5,1,0,Spring,356
2022-05-17,P029,Fashion_Product_29,Fashion,964.64,663.92,449,433122.74,8.4,449,1062.05,4.14,43,0,Tuesday,5,0,0,Spring,359
2022-05-18,P029,Fashion_Product_29,Fashion,1036.08,663.92,506,524256.88,6.12,539,1143.99,4.22,50,0,Wednesday,5,0,0,Spring,360
2022-05-29,P029,Fashion_Product_29,Fashion,1132.39,663.92,436,493723.03,2.18,436,1091.43,4.3,50,0,Sunday,5,1,0,Spring,371
2022-05-31,P029,Fashion_Product_29,Fashion,1032.0,663.92,413,426216.75,8.32,413,1185.31,4.51,49,0,Tuesday,5,0,0,Spring,373
2022-06-03,P029,Fashion_Product_29,Fashion,1033.63,663.92,475,490973.65,3.57,475,1162.24,4.8,50,0,Friday,6,0,0,Summer,376
2022-06-04,P029,Fashion_Product_29,Fashion,773.7,663.92,461,356677.3,31.5,461,1183.35,4.68,51,1,Saturday,6,1,0,Summer,377
2022-06-05,P029,Fashion_Product_29,Fashion,808.07,663.92,492,397572.47,25.58,492,1207.86,4.07,48,1,Sunday,6,1,0,Summer,378
2022-06-07,P029,Fashion_Product_29,Fashion,1089.54,663.92,457,497920.37,4.61,457,1181.43,4.03,48,0,Tuesday,6,0,0,Summer,380
2022-06-09,P029,Fashion_Product_29,Fashion,1136.99,663.92,438,498002.36,0.44,438,1095.25,4.33,47,0,Thursday,6,0,0,Summer,382
2022-06-15,P029,Fashion_Product_29,Fashion,1048.64,663.92,442,463498.26,3.0,442,1190.63,4.35,48,0,Wednesday,6,0,0,Summer,388
2022-06-15,P029,Fashion_Product_29,Fashion,1057.18,663.92,220,232578.72,2.89,417,1076.49,3.81,52,0,Wednesday,6,0,0,Summer,388
2022-06-24,P029,Fashion_Product_29,Fashion,730.15,663.92,342,249711.37,32.59,342,1207.05,4.31,51,1,Friday,6,0,0,Summer,397
2022-06-28,P029,Fashion_Product_29,Fashion,1051.9,663.92,410,431277.02,4.67,410,1077.42,4.67,54,0,Tuesday,6,0,0,Summer,401
