product_sales_data.csv
date,product_id,product_name,category,price,cost_price,units_sold,revenue,discount_percent,stock_available,competitor_price,rating,review_count,is_promoted,day_of_week,month,is_weekend,is_holiday,season,days_since_launch
2021-05-27,P050,Fashion_Product_50,Fashion,2354.76,1398.44,45,105964.33,0.46,311,2432.14,3.37,0,0,Thursday,5,0,0,Spring,3
2021-05-28,P050,Fashion_Product_50,Fashion,2273.39,1398.44,56,127310.05,0.42,236,2635.99,3.35,0,0,Friday,5,0,0,Spring,4
2021-05-29,P050,Fashion_Product_50,Fashion,2148.91,1398.44,304,653267.84,3.26,304,2575.77,4.03,0,0,Saturday,5,1,0,Spring,5
2021-06-18,P050,Fashion_Product_50,Fashion,1759.02,1398.44,316,555851.29,23.41,388,2543.07,3.81,5,1,Friday,6,0,0,Summer,25
2021-06-27,P050,Fashion_Product_50,Fashion,1689.96,1398.44,140,236594.27,25.38,250,2620.09,2.97,5,1,Sunday,6,1,0,Summer,34
2021-06-29,P050,Fashion_Product_50,Fashion,2329.74,1398.44,131,305196.12,4.52,271,2253.27,3.89,4,0,Tuesday,6,0,0,Summer,36
2021-07-06,P050,Fashion_Product_50,Fashion,2253.92,1398.44,178,401197.33,3.48,349,2650.83,3.93,6,0,Tuesday,7,0,0,Summer,43
2021-07-16,P050,Fashion_Product_50,Fashion,2331.15,1398.44,130,303049.78,2.53,377,2294.95,3.84,5,0,Friday,7,0,0,Summer,53
2021-07-22,P050,Fashion_Product_50,Fashion,2127.66,1398.44,49,104255.3,8.16,223,2661.55,3.44,7,0,Thursday,7,0,0,Summer,59
2021-07-22,P050,Fashion_Product_50,Fashion,2175.38,1398.44,181,393743.93,4.27,240,2547.55,3.77,6,0,Thursday,7,0,0,Summer,59
2021-08-03,P050,Fashion_Product_50,Fashion,2214.6,1398.44,166,367624.3,3.54,215,2494.87,3.96,10,0,Tuesday,8,0,0,Summer,71
2021-08-04,P050,Fashion_Product_50,Fashion,1438.89,1398.44,269,387061.52,39.8,269,2359.96,3.67,9,1,Wednesday,8,0,0,Summer,72
2021-08-05,P050,Fashion_Product_50,Fashion,2170.41,1398.44,137,297345.96,3.4,296,2312.25,3.96,9,0,Thursday,8,0,0,Summer,73
2021-08-07,P050,Fashion_Product_50,Fashion,2153.39,1398.44,61,131357.09,6.23,238,2423.89,3.42,8,0,Saturday,8,1,0,Summer,75
2021-08-07,P050,Fashion_Product_50,Fashion,2007.71,1398.44,220,441696.97,16.15,220,2318.56,4.14,10,1,Saturday,8,1,0,Summer,75
2021-08-11,P050,Fashion_Product_50,Fashion,2253.15,1398.44,51,114910.76,0.45,234,2450.31,3.45,12,0,Wednesday,8,0,0,Summer,79
2021-08-16,P050,Fashion_Product_50,Fashion,2258.68,1398.44,217,490134.31,3.21,281,2560.98,3.82,11,0,Monday,8,0,1,Summer,84
2021-08-22,P050,Fashion_Product_50,Fashion,2107.99,1398.44,254,535429.0,4.89,331,2435.35,3.76,10,0,Sunday,8,1,0,Summer,90
2021-09-04,P050,Fashion_Product_50,Fashion,1562.01,1398.44,136,212433.96,31.03,266,2424.51,3.33,17,1,Saturday,9,1,0,Autumn,103
2021-09-07,P050,Fashion_Product_50,Fashion,2288.08,1398.44,170,388973.68,6.34,247,2538.34,3.69,15,0,Tuesday,9,0,0,Autumn,106
2021-09-15,P050,Fashion_Product_50,Fashion,2263.75,1398.44,159,359937.0,0.54,298,2454.25,3.77,16,0,Wednesday,9,0,0,Autumn,114
2021-09-16,P050,Fashion_Product_50,Fashion,1464.17,1398.44,243,355793.21,33.94,243,2642.09,3.82,15,1,Thursday,9,0,0,Autumn,115
2021-09-21,P050,Fashion_Product_50,Fashion,1883.38,1398.44,202,380441.9,20.25,202,2246.37,3.5,14,1,Tuesday,9,0,0,Autumn,120
2021-09-28,P050,Fashion_Product_50,Fashion,2377.74,1398.44,41,97487.54,1.39,353,2225.32,3.31,18,0,Tuesday,9,0,0,Autumn,127
2021-10-06,P050,Fashion_Product_50,Fashion,1529.85,1398.44,241,368692.79,33.3,241,2300.97,3.82,15,1,Wednesday,10,0,0,Autumn,135
2021-10-06,P050,Fashion_Product_50,Fashion,2126.26,1398.44,212,450767.66,9.23,334,2349.06,3.77,20,0,Wednesday,10,0,0,Autumn,135
2021-10-11,P050,Fashion_Product_50,Fashion,1711.71,1398.44,348,595674.18,23.18,348,2295.25,3.63,16,1,Monday,10,0,0,Autumn,140
2021-10-14,P050,Fashion_Product_50,Fashion,1575.78,1398.44,285,449098.68,29.38,285,2511.78,3.73,19,1,Thursday,10,0,0,Autumn,143
2021-10-15,P050,Fashion_Product_50,Fashion,2114.86,1398.44,227,480072.59,9.34,316,2460.23,3.91,16,0,Friday,10,0,0,Autumn,144
2021-10-24,P050,Fashion_Product_50,Fashion,2338.44,1398.44,75,175383.22,0.91,283,2470.82,3.28,19,0,Sunday,10,1,0,Autumn,153
2021-10-26,P050,Fashion_Product_50,Fashion,2221.78,1398.44,227,504345.08,5.65,334,2650.37,3.79,23,0,Tuesday,10,0,0,Autumn,155
2021-11-07,P050,Fashion_Product_50,Fashion,1442.99,1398.44,258,372290.31,35.82,258,2637.73,3.9,23,1,Sunday,11,1,0,Autumn,167
2021-11-09,P050,Fashion_Product_50,Fashion,2165.39,1398.44,316,684262.86,10.08,316,2506.51,4.29,23,1,Tuesday,11,0,0,Autumn,169
2021-11-14,P050,Fashion_Product_50,Fashion,1378.43,1398.44,318,438341.0,38.75,318,2332.78,4.4,23,1,Sunday,11,1,0,Autumn,174
2021-11-19,P050,Fashion_Product_50,Fashion,2242.86,1398.44,52,116628.91,1.98,304,2306.73,3.48,26,0,Friday,11,0,0,Autumn,179
2021-11-22,P050,Fashion_Product_50,Fashion,2277.19,1398.44,202,459992.1,0.41,202,2216.38,3.68,24,0,Monday,11,0,0,Autumn,182
2021-11-27,P050,Fashion_Product_50,Fashion,2116.85,1398.44,364,770533.61,8.07,364,2242.95,4.05,20,0,Saturday,11,1,0,Autumn,187
2021-12-07,P050,Fashion_Product_50,Fashion,2251.96,1398.44,373,839982.45,6.47,373,2237.16,4.27,27,0,Tuesday,12,0,0,Winter,197
2021-12-09,P050,Fashion_Product_50,Fashion,1844.51,1398.44,238,438993.65,23.15,238,2216.73,3.96,22,1,Thursday,12,0,0,Winter,199
2021-12-14,P050,Fashion_Product_50,Fashion,2301.27,1398.44,178,409626.61,5.2,231,2269.27,3.82,24,0,Tuesday,12,0,0,Winter,204
2021-12-20,P050,Fashion_Product_50,Fashion,2182.49,1398.44,242,528163.37,5.63,242,2306.78,4.04,27,0,Monday,12,0,0,Winter,210
2022-01-02,P050,Fashion_Product_50,Fashion,2101.86,1398.44,181,380435.95,6.53,395,2441.87,3.75,25,0,Sunday,1,1,0,Winter,223
2022-01-03,P050,Fashion_Product_50,Fashion,2372.94,1398.44,202,479333.78,2.01,202,2267.75,4.06,30,0,Monday,1,0,0,Winter,224
2022-01-07,P050,Fashion_Product_50,Fashion,2262.6,1398.44,122,276036.88,7.23,354,2648.04,3.86,28,0,Friday,1,0,0,Winter,228
2022-01-09,P050,Fashion_Product_50,Fashion,1695.79,1398.44,210,356115.63,28.5,210,2418.52,4.34,29,1,Sunday,1,1,0,Winter,230
2022-01-27,P050,Fashion_Product_50,Fashion,2190.53,1398.44,337,738209.04,6.98,337,2448.16,4.04,30,0,Thursday,1,0,1,Winter,248
2022-02-12,P050,Fashion_Product_50,Fashion,2245.66,1398.44,136,305409.39,6.31,326,2468.83,3.94,28,0,Saturday,2,1,0,Winter,264
2022-02-16,P050,Fashion_Product_50,Fashion,2235.05,1398.44,125,279380.78,1.03,345,2579.19,3.86,36,0,Wednesday,2,0,0,Winter,268
2022-02-17,P050,Fashion_Product_50,Fashion,2101.78,1398.44,305,641042.12,7.4,309,2390.27,4.06,37,0,Thursday,2,0,0,Winter,269
2022-02-17,P050,Fashion_Product_50,Fashion,1653.91,1398.44,237,391976.87,28.7,280,2215.89,3.96,33,1,Thursday,2,0,0,Winter,269
2022-02-19,P050,Fashion_Product_50,Fashion,2092.86,1398.44,217,454151.23,7.59,217,2261.53,4.28,32,0,Saturday,2,1,0,Winter,271
2022-02-21,P050,Fashion_Product_50,Fashion,2388.37,1398.44,239,570820.37,1.79,239,2556.4,4.58,34,0,Monday,2,0,0,Winter,273
2022-02-23,P050,Fashion_Product_50,Fashion,2212.06,1398.44,121,267659.79,8.97,236,2390.79,3.72,36,0,Wednesday,2,0,0,Winter,275
2022-02-27,P050,Fashion_Product_50,Fashion,2277.89,1398.44,321,731202.17,2.1,321,2533.7,4.37,31,0,Sunday,2,1,0,Winter,279
2022-03-02,P050,Fashion_Product_50,Fashion,2269.79,1398.44,317,719523.67,5.68,317,2526.18,4.19,37,0,Wednesday,3,0,0,Spring,282
2022-03-06,P050,Fashion_Product_50,Fashion,2205.75,1398.44,368,811715.25,2.76,368,2609.8,4.62,37,0,Sunday,3,1,0,Spring,286
2022-03-11,P050,Fashion_Product_50,Fashion,2196.49,1398.44,172,377796.36,7.89,233,2571.83,3.98,41,0,Friday,3,0,0,Spring,291
2022-03-24,P050,Fashion_Product_50,Fashion,2367.73,1398.44,288,681905.02,1.12,288,2345.86,4.09,45,0,Thursday,3,0,0,Spring,304
2022-03-26,P050,Fashion_Product_50,Fashion,2300.4,1398.44,289,664815.51,0.39,289,2479.43,4.66,40,0,Saturday,3,1,0,Spring,306
2022-04-02,P050,Fashion_Product_50,Fashion,2174.8,1398.44,227,493679.37,4.76,363,2615.61,3.76,40,0,Saturday,4,1,0,Spring,313
2022-04-04,P050,Fashion_Product_50,Fashion,2076.88,1398.44,131,272071.04,8.85,349,2218.09,3.94,36,0,Monday,4,0,0,Spring,315
2022-04-05,P050,Fashion_Product_50,Fashion,2342.22,1398.44,330,772933.4,2.95,330,2561.59,4.33,43,0,Tuesday,4,0,0,Spring,316
2022-04-18,P050,Fashion_Product_50,Fashion,2126.03,1398.44,263,559145.41,4.73,263,2467.76,4.5,44,0,Monday,4,0,0,Spring,329
2022-04-24,P050,Fashion_Product_50,Fashion,2223.69,1398.44,271,602621.16,7.86,271,2490.54,4.63,43,0,Sunday,4,1,0,Spring,335
2022-04-24,P050,Fashion_Product_50,Fashion,2247.76,1398.44,175,393357.61,3.94,350,2254.85,3.91,42,0,Sunday,4,1,0,Spring,335
2022-04-29,P050,Fashion_Product_50,Fashion,2253.44,1398.44,301,678285.75,7.69,313,2224.53,4.02,47,0,Friday,4,0,0,Spring,340
2022-05-07,P050,Fashion_Product_50,Fashion,2338.69,1398.44,161,376528.4,1.1,325,2264.79,3.83,47,0,Saturday,5,1,0,Spring,348
2022-05-16,P050,Fashion_Product_50,Fashion,2247.8,1398.44,316,710304.46,2.95,316,2295.45,4.78,52,0,Monday,5,0,0,Spring,357
2022-05-24,P050,Fashion_Product_50,Fashion,2229.99,1398.44,235,524048.49,8.39,235,2341.41,4.36,49,0,Tuesday,5,0,0,Spring,365
2022-05-26,P050,Fashion_Product_50,Fashion,2183.52,1398.44,401,875592.72,4.74,401,2526.88,4.77,50,0,Thursday,5,0,0,Spring,367
2022-06-13,P050,Fashion_Product_50,Fashion,2212.81,1398.44,385,851930.39,6.32,388,2324.31,4.49,49,0,Monday,6,0,0,Summer,385
2022-06-16,P050,Fashion_Product_50,Fashion,2284.05,1398.44,319,728610.47,0.45,319,2474.9,4.34,52,0,Thursday,6,0,0,Summer,388
2022-06-16,P050,Fashion_Product_50,Fashion,2360.07,1398.44,371,875587.0,1.86,371,2304.43,4.77,57,0,Thursday,6,0,0,Summer,388
2022-06-18,P050,Fashion_Product_50,Fashion,2287.84,1398.44,266,608565.16,5.07,266,2485.38,4.26,51,0,Saturday,6,1,0,Summer,390
2022-06-23,P050,Fashion_Product_50,Fashion,2289.11,1398.44,234,535651.83,2.48,234,2405.32,4.32,53,0,Thursday,6,0,0,Summer,395
2022-06-29,P050,Fashion_Product_50,Fashion,1950.77,1398.44,351,684721.93,13.16,351,2485.8,4.21,55,1,Wednesday,6,0,0,Summer,401
