product_sales_data.csv
date,product_id,product_name,category,price,cost_price,units_sold,revenue,discount_percent,stock_available,competitor_price,rating,review_count,is_promoted,day_of_week,month,is_weekend,is_holiday,season,days_since_launch
2021-06-10,P037,Electronics_Product_37,Electronics,6671.06,4230.83,79,527013.69,8.75,426,7588.66,3.19,0,0,Thursday,6,0,0,Summer,1
2021-06-12,P037,Electronics_Product_37,Electronics,7040.17,4230.83,101,711057.46,0.51,485,7630.05,2.91,0,0,Saturday,6,1,0,Summer,3
2021-06-21,P037,Electronics_Product_37,Electronics,6803.28,4230.83,50,340163.98,2.03,319,6876.33,3.29,2,0,Monday,6,0,0,Summer,12
2021-06-22,P037,Electronics_Product_37,Electronics,6964.2,4230.83,366,2548895.5,2.66,366,7403.01,4.34,1,0,Tuesday,6,0,0,Summer,13
2021-06-24,P037,Electronics_Product_37,Electronics,6709.21,4230.83,177,1187529.87,0.49,382,6878.56,3.57,2,0,Thursday,6,0,0,Summer,15
2021-07-03,P037,Electronics_Product_37,Electronics,7184.75,4230.83,302,2169794.87,1.32,304,7648.74,3.59,3,0,Saturday,7,1,0,Summer,24
2021-07-05,P037,Electronics_Product_37,Electronics,6776.87,4230.83,181,1226613.79,4.81,461,7104.06,3.69,2,0,Monday,7,0,0,Summer,26
2021-07-06,P037,Electronics_Product_37,Electronics,5004.64,4230.83,333,1666543.8,26.97,351,7561.65,3.95,3,1,Tuesday,7,0,0,Summer,27
2021-07-06,P037,Electronics_Product_37,Electronics,6611.84,4230.83,239,1580229.36,4.34,561,7574.75,3.77,2,0,Tuesday,7,0,0,Summer,27
2021-07-14,P037,Electronics_Product_37,Electronics,6699.66,4230.83,214,1433728.16,7.3,425,6975.42,3.6,4,0,Wednesday,7,0,0,Summer,35
2021-07-14,P037,Electronics_Product_37,Electronics,6961.81,4230.83,202,1406284.97,4.15,426,7727.6,3.88,3,0,Wednesday,7,0,0,Summer,35
2021-07-15,P037,Electronics_Product_37,Electronics,6607.43,4230.83,71,469127.36,6.35,555,7557.44,3.31,4,0,Thursday,7,0,0,Summer,36
2021-07-26,P037,Electronics_Product_37,Electronics,6866.86,4230.83,239,1641179.38,3.11,493,7790.18,3.92,5,0,Monday,7,0,0,Summer,47
2021-07-30,P037,Electronics_Product_37,Electronics,7209.27,4230.83,194,1398598.03,1.41,577,7652.01,3.64,6,0,Friday,7,0,0,Summer,51
2021-08-01,P037,Electronics_Product_37,Electronics,6124.54,4230.83,327,2002723.92,8.6,517,7578.11,3.52,6,0,Sunday,8,1,0,Summer,53
2021-08-06,P037,Electronics_Product_37,Electronics,4310.0,4230.83,364,1568839.76,39.07,364,7789.65,3.79,6,1,Friday,8,0,0,Summer,58
2021-08-13,P037,Electronics_Product_37,Electronics,5084.39,4230.83,424,2155780.6,26.63,424,7009.87,3.86,9,1,Friday,8,0,1,Summer,65
2021-08-13,P037,Electronics_Product_37,Electronics,5091.65,4230.83,393,2001020.2,28.31,393,6831.15,3.61,6,1,Friday,8,0,1,Summer,65
2021-08-15,P037,Electronics_Product_37,Electronics,6294.89,4230.83,460,2895648.67,9.59,486,7169.49,3.79,11,0,Sunday,8,1,1,Summer,67
2021-08-16,P037,Electronics_Product_37,Electronics,6590.53,4230.83,307,2023291.94,7.11,436,6770.81,3.91,9,0,Monday,8,0,1,Summer,68
2021-08-21,P037,Electronics_Product_37,Electronics,7145.32,4230.83,295,2107869.92,0.35,543,7979.87,3.63,8,0,Saturday,8,1,0,Summer,73
2021-08-21,P037,Electronics_Product_37,Electronics,7231.77,4230.83,293,2118908.82,0.68,489,7068.21,3.9,9,0,Saturday,8,1,0,Summer,73
2021-08-22,P037,Electronics_Product_37,Electronics,6387.5,4230.83,556,3551449.67,6.97,556,7153.38,4.39,10,0,Sunday,8,1,0,Summer,74
2021-09-04,P037,Electronics_Product_37,Electronics,7189.09,4230.83,561,4033077.94,1.39,561,7539.98,4.03,13,0,Saturday,9,1,0,Autumn,87
2021-09-08,P037,Electronics_Product_37,Electronics,6219.23,4230.83,234,1455299.3,7.56,538,7964.35,3.99,11,0,Wednesday,9,0,0,Autumn,91
2021-09-17,P037,Electronics_Product_37,Electronics,6600.4,4230.83,266,1755707.72,8.5,395,7715.02,3.97,13,0,Friday,9,0,0,Autumn,100
2021-09-20,P037,Electronics_Product_37,Electronics,6589.87,4230.83,283,1864931.82,3.81,567,7696.87,3.71,12,0,Monday,9,0,0,Autumn,103
2021-09-28,P037,Electronics_Product_37,Electronics,6323.33,4230.83,276,1745238.08,7.51,294,7217.67,3.59,13,0,Tuesday,9,0,0,Autumn,111
2021-10-08,P037,Electronics_Product_37,Electronics,4779.48,4230.83,129,616553.09,31.47,418,7779.2,3.05,16,1,Friday,10,0,0,Autumn,121
2021-10-13,P037,Electronics_Product_37,Electronics,6908.49,4230.83,63,435234.8,5.4,368,6935.73,3.34,18,0,Wednesday,10,0,0,Autumn,126
2021-10-18,P037,Electronics_Product_37,Electronics,4392.11,4230.83,362,1589945.2,36.71,362,7828.66,3.91,18,1,Monday,10,0,0,Autumn,131
2021-10-29,P037,Electronics_Product_37,Electronics,4514.57,4230.83,554,2501071.0,33.76,554,7255.51,4.13,23,1,Friday,10,0,0,Autumn,142
2021-10-31,P037,Electronics_Product_37,Electronics,6411.56,4230.83,519,3327601.97,5.63,519,6911.65,3.74,19,0,Sunday,10,1,1,Autumn,144
2021-11-13,P037,Electronics_Product_37,Electronics,6857.38,4230.83,344,2358938.14,5.69,344,7838.23,3.87,21,0,Saturday,11,1,0,Autumn,157
2021-11-15,P037,Electronics_Product_37,Electronics,6121.57,4230.83,388,2375170.97,11.35,388,7921.04,4.22,18,1,Monday,11,0,0,Autumn,159
2021-11-25,P037,Electronics_Product_37,Electronics,6809.29,4230.83,329,2240257.7,4.11,329,7994.07,3.88,23,0,Thursday,11,0,0,Autumn,169
2021-12-05,P037,Electronics_Product_37,Electronics,5293.52,4230.83,455,2408550.01,23.03,455,7270.26,4.21,26,1,Sunday,12,1,0,Winter,179
2021-12-10,P037,Electronics_Product_37,Electronics,6459.26,4230.83,343,2215526.61,9.53,414,7710.27,3.64,24,0,Friday,12,0,0,Winter,184
2021-12-14,P037,Electronics_Product_37,Electronics,6722.72,4230.83,313,2104212.63,5.1,313,7205.7,4.04,28,0,Tuesday,12,0,0,Winter,188
2022-01-03,P037,Electronics_Product_37,Electronics,6483.34,4230.83,311,2016317.55,7.62,478,6728.6,4.42,26,0,Monday,1,0,0,Winter,208
2022-01-04,P037,Electronics_Product_37,Electronics,6831.25,4230.83,476,3251675.36,2.96,476,7906.41,4.31,27,0,Tuesday,1,0,0,Winter,209
2022-01-06,P037,Electronics_Product_37,Electronics,6877.24,4230.83,358,2462052.11,1.34,366,6955.71,4.39,28,0,Thursday,1,0,0,Winter,211
2022-01-09,P037,Electronics_Product_37,Electronics,6382.12,4230.83,210,1340244.88,9.99,380,7366.17,3.98,26,0,Sunday,1,1,0,Winter,214
2022-01-13,P037,Electronics_Product_37,Electronics,6779.28,4230.83,387,2623583.13,3.67,396,7556.43,4.23,29,0,Thursday,1,0,0,Winter,218
2022-01-13,P037,Electronics_Product_37,Electronics,6725.4,4230.83,390,2622906.46,5.38,497,8106.73,4.34,26,0,Thursday,1,0,0,Winter,218
2022-01-19,P037,Electronics_Product_37,Electronics,6441.77,4230.83,149,959823.58,6.65,484,7387.92,3.83,29,0,Wednesday,1,0,0,Winter,224
2022-01-21,P037,Electronics_Product_37,Electronics,6810.91,4230.83,305,2077328.61,5.86,305,6851.8,4.13,28,0,Friday,1,0,0,Winter,226
2022-02-01,P037,Electronics_Product_37,Electronics,5014.17,4230.83,261,1308697.1,32.11,487,6772.43,3.73,33,1,Tuesday,2,0,0,Winter,237
2022-02-10,P037,Electronics_Product_37,Electronics,6695.87,4230.83,347,2323466.45,2.91,347,7160.14,4.19,30,0,Thursday,2,0,0,Winter,246
2022-02-11,P037,Electronics_Product_37,Electronics,7283.12,4230.83,365,2658340.21,0.73,365,6968.5,4.0,33,0,Friday,2,0,0,Winter,247
2022-02-18,P037,Electronics_Product_37,Electronics,5900.45,4230.83,408,2407382.35,15.6,408,6776.65,4.42,35,1,Friday,2,0,0,Winter,254
2022-02-23,P037,Electronics_Product_37,Electronics,6507.52,4230.83,187,1216906.43,3.13,349,7696.17,3.91,29,0,Wednesday,2,0,0,Winter,259
2022-02-23,P037,Electronics_Product_37,Electronics,6885.54,4230.83,319,2196485.99,6.92,319,6879.88,4.34,35,0,Wednesday,2,0,0,Winter,259
2022-03-12,P037,Electronics_Product_37,Electronics,6606.87,4230.83,312,2061342.75,7.54,312,8045.67,4.26,35,0,Saturday,3,1,0,Spring,276
2022-03-20,P037,Electronics_Product_37,Electronics,6634.51,4230.83,480,3184563.57,6.76,480,7053.03,4.56,39,0,Sunday,3,1,0,Spring,284
2022-03-24,P037,Electronics_Product_37,Electronics,4980.61,4230.83,492,2450460.21,29.33,492,8072.65,4.19,37,1,Thursday,3,0,0,Spring,288
2022-03-31,P037,Electronics_Product_37,Electronics,6614.23,4230.83,354,2341436.68,6.98,354,7331.4,4.13,45,0,Thursday,3,0,0,Spring,295
2022-04-06,P037,Electronics_Product_37,Electronics,5280.97,4230.83,365,1927554.11,22.61,365,6845.85,4.8,39,1,Wednesday,4,0,0,Spring,301
2022-04-12,P037,Electronics_Product_37,Electronics,7104.92,4230.83,204,1449404.07,0.47,389,7367.49,3.98,42,0,Tuesday,4,0,0,Spring,307
2022-04-21,P037,Electronics_Product_37,Electronics,6072.62,4230.83,214,1299541.37,9.75,473,7330.94,3.71,46,0,Thursday,4,0,0,Spring,316
2022-04-29,P037,Electronics_Product_37,Electronics,4838.22,4230.83,510,2467494.11,29.79,510,6979.41,4.42,49,1,Friday,4,0,0,Spring,324
2022-04-30,P037,Electronics_Product_37,Electronics,4070.97,4230.83,327,1331207.53,39.88,327,6953.6,4.18,45,1,Saturday,4,1,0,Spring,325
2022-05-03,P037,Electronics_Product_37,Electronics,6584.73,4230.83,481,3167256.74,9.56,538,7137.55,4.38,39,0,Tuesday,5,0,0,Spring,328
2022-05-06,P037,Electronics_Product_37,Electronics,6867.78,4230.83,375,2575418.45,4.18,375,7746.67,4.25,51,0,Friday,5,0,0,Spring,331
2022-05-07,P037,Electronics_Product_37,Electronics,6144.92,4230.83,417,2562432.75,9.57,417,8071.96,4.09,42,0,Saturday,5,1,0,Spring,332
2022-05-11,P037,Electronics_Product_37,Electronics,7141.17,4230.83,523,3734830.47,3.42,523,7881.48,4.13,48,0,Wednesday,5,0,0,Spring,336
2022-05-14,P037,Electronics_Product_37,Electronics,6994.6,4230.83,578,4042878.8,4.88,578,7363.21,4.05,45,0,Saturday,5,1,0,Spring,339
2022-05-30,P037,Electronics_Product_37,Electronics,6849.16,4230.83,513,3513620.19,6.44,513,7623.91,4.54,46,0,Monday,5,0,0,Spring,355
2022-06-04,P037,Electronics_Product_37,Electronics,6100.67,4230.83,366,2232845.23,9.85,366,7495.64,4.01,44,0,Saturday,6,1,0,Summer,360
2022-06-05,P037,Electronics_Product_37,Electronics,6584.79,4230.83,348,2291505.79,7.31,348,6938.9,4.28,50,0,Sunday,6,1,0,Summer,361
2022-06-05,P037,Electronics_Product_37,Electronics,4923.15,4230.83,348,1713254.53,32.21,348,7721.85,4.37,50,1,Sunday,6,1,0,Summer,361
2022-06-06,P037,Electronics_Product_37,Electronics,6562.88,4230.83,390,2559524.96,7.66,390,7009.53,4.63,52,0,Monday,6,0,0,Summer,362
2022-06-06,P037,Electronics_Product_37,Electronics,6496.67,4230.83,515,3345783.5,6.72,515,7589.22,4.25,48,0,Monday,6,0,0,Summer,362
2022-06-08,P037,Electronics_Product_37,Electronics,6812.88,4230.83,510,3474568.17,6.29,510,7773.34,4.57,41,0,Wednesday,6,0,0,Summer,364
2022-06-09,P037,Electronics_Product_37,Electronics,6720.27,4230.83,295,1982480.09,7.91,295,7445.29,4.14,52,0,Thursday,6,0,0,Summer,365
2022-06-11,P037,Electronics_Product_37,Electronics,6299.25,4230.83,374,2355918.96,9.47,374,7795.5,4.51,53,0,Saturday,6,1,0,Summer,367
2022-06-15,P037,Electronics_Product_37,Electronics,4866.95,4230.83,412,2005182.46,34.07,412,8084.32,4.49,51,1,Wednesday,6,0,0,Summer,371
2022-06-17,P037,Electronics_Product_37,Electronics,6704.89,4230.83,547,3667573.54,8.19,547,7827.39,4.32,50,0,Friday,6,0,0,Summer,373
2022-06-23,P037,Electronics_Product_37,Electronics,6674.23,4230.83,291,1942200.14,3.19,291,7015.14,4.92,43,0,Thursday,6,0,0,Summer,379
