product_sales_data.csv
date,product_id,product_name,category,price,cost_price,units_sold,revenue,discount_percent,stock_available,competitor_price,rating,review_count,is_promoted,day_of_week,month,is_weekend,is_holiday,season,days_since_launch
2021-06-12,P049,Electronics_Product_49,Electronics,6464.1,4255.68,140,904974.14,9.56,247,7266.25,3.74,2,0,Saturday,6,1,0,Summer,12
2021-06-12,P049,Electronics_Product_49,Electronics,6965.46,4255.68,38,264687.38,5.07,220,6920.32,3.17,1,0,Saturday,6,1,0,Summer,12
2021-06-14,P049,Electronics_Product_49,Electronics,6533.57,4255.68,40,261342.61,4.72,193,7421.01,2.8,1,0,Monday,6,0,0,Summer,14
2021-06-17,P049,Electronics_Product_49,Electronics,6598.16,4255.68,29,191346.61,9.58,184,6907.71,3.26,1,0,Thursday,6,0,0,Summer,17
2021-06-20,P049,Electronics_Product_49,Electronics,6552.34,4255.68,167,1094241.31,4.54,213,7948.68,3.71,3,0,Sunday,6,1,0,Summer,20
2021-06-24,P049,Electronics_Product_49,Electronics,6657.5,4255.68,142,945364.39,5.07,142,8024.18,4.04,2,0,Thursday,6,0,0,Summer,24
2021-06-24,P049,Electronics_Product_49,Electronics,6955.11,4255.68,95,660735.21,4.24,150,7577.84,3.65,6,0,Thursday,6,0,0,Summer,24
2021-06-24,P049,Electronics_Product_49,Electronics,6881.73,4255.68,106,729463.12,5.31,207,7495.21,3.52,3,0,Thursday,6,0,0,Summer,24
2021-06-26,P049,Electronics_Product_49,Electronics,7208.35,4255.68,108,778501.38,1.11,155,6907.94,3.61,2,0,Saturday,6,1,0,Summer,26
2021-06-28,P049,Electronics_Product_49,Electronics,6487.39,4255.68,128,830385.4,8.01,186,7518.29,3.62,4,0,Monday,6,0,0,Summer,28
2021-07-14,P049,Electronics_Product_49,Electronics,6127.3,4255.68,131,802676.41,9.55,206,8000.06,3.57,6,0,Wednesday,7,0,0,Summer,44
2021-07-15,P049,Electronics_Product_49,Electronics,6522.63,4255.68,36,234814.84,8.37,182,7571.77,3.34,6,0,Thursday,7,0,0,Summer,45
2021-07-17,P049,Electronics_Product_49,Electronics,5814.29,4255.68,65,377928.77,18.63,166,7031.13,3.17,4,1,Saturday,7,1,0,Summer,47
2021-07-23,P049,Electronics_Product_49,Electronics,6242.49,4255.68,128,799039.08,7.41,175,7664.1,3.54,8,0,Friday,7,0,0,Summer,53
2021-07-23,P049,Electronics_Product_49,Electronics,6594.49,4255.68,111,731988.57,6.44,180,7047.76,3.66,8,0,Friday,7,0,0,Summer,53
2021-07-29,P049,Electronics_Product_49,Electronics,6902.27,4255.68,242,1670350.36,2.46,242,8043.9,4.13,8,0,Thursday,7,0,0,Summer,59
2021-08-05,P049,Electronics_Product_49,Electronics,7112.04,4255.68,86,611635.62,4.37,198,6747.61,3.86,9,0,Thursday,8,0,0,Summer,66
2021-08-06,P049,Electronics_Product_49,Electronics,6586.66,4255.68,41,270053.06,3.26,237,8036.96,3.41,8,0,Friday,8,0,0,Summer,67
2021-08-17,P049,Electronics_Product_49,Electronics,4543.31,4255.68,206,935922.34,34.21,206,6824.67,3.88,12,1,Tuesday,8,0,1,Summer,78
2021-08-21,P049,Electronics_Product_49,Electronics,4875.97,4255.68,79,385201.98,31.52,174,7459.79,3.01,10,1,Saturday,8,1,0,Summer,82
2021-08-28,P049,Electronics_Product_49,Electronics,6411.34,4255.68,48,307744.24,8.52,165,7799.24,3.03,10,0,Saturday,8,1,0,Summer,89
2021-09-09,P049,Electronics_Product_49,Electronics,6690.63,4255.68,101,675753.71,9.21,280,7186.85,3.63,12,0,Thursday,9,0,0,Autumn,101
2021-09-22,P049,Electronics_Product_49,Electronics,6596.24,4255.68,124,817933.85,5.22,150,8137.62,3.9,15,0,Wednesday,9,0,0,Autumn,114
2021-09-24,P049,Electronics_Product_49,Electronics,6758.31,4255.68,120,810997.61,6.8,254,7166.98,3.69,16,0,Friday,9,0,0,Autumn,116
2021-10-07,P049,Electronics_Product_49,Electronics,4779.78,4255.68,195,932057.96,33.64,195,7142.46,4.21,16,1,Thursday,10,0,0,Autumn,129
2021-10-08,P049,Electronics_Product_49,Electronics,5936.64,4255.68,184,1092342.42,13.76,231,7074.3,3.96,21,1,Friday,10,0,0,Autumn,130
2021-10-30,P049,Electronics_Product_49,Electronics,6773.64,4255.68,230,1557936.24,4.04,230,7849.04,3.9,19,0,Saturday,10,1,1,Autumn,152
2021-11-01,P049,Electronics_Product_49,Electronics,6735.43,4255.68,78,525363.58,8.7,218,7200.88,3.37,19,0,Monday,11,0,1,Autumn,154
2021-11-04,P049,Electronics_Product_49,Electronics,5668.49,4255.68,254,1439795.42,17.97,254,7657.93,3.66,25,1,Thursday,11,0,0,Autumn,157
2021-11-10,P049,Electronics_Product_49,Electronics,7295.17,4255.68,129,941076.81,0.69,233,7529.11,3.6,22,0,Wednesday,11,0,0,Autumn,163
2021-11-10,P049,Electronics_Product_49,Electronics,7100.75,4255.68,134,951501.05,1.79,156,7063.85,3.79,26,0,Wednesday,11,0,0,Autumn,163
2021-11-20,P049,Electronics_Product_49,Electronics,4135.48,4255.68,178,736115.64,39.47,178,7890.54,4.32,21,1,Saturday,11,1,0,Autumn,173
2021-11-27,P049,Electronics_Product_49,Electronics,7263.52,4255.68,76,552027.23,0.44,208,8032.9,3.36,21,0,Saturday,11,1,0,Autumn,180
2021-11-28,P049,Electronics_Product_49,Electronics,4563.37,4255.68,160,730139.65,35.94,160,7222.6,4.15,23,1,Sunday,11,1,0,Autumn,181
2021-12-01,P049,Electronics_Product_49,Electronics,6821.26,4255.68,167,1139151.12,4.88,193,7607.54,3.63,24,0,Wednesday,12,0,0,Winter,184
2021-12-07,P049,Electronics_Product_49,Electronics,7040.72,4255.68,155,1091311.48,3.34,214,6985.39,3.58,28,0,Tuesday,12,0,0,Winter,190
2021-12-18,P049,Electronics_Product_49,Electronics,6665.9,4255.68,205,1366509.5,7.84,205,8014.51,3.86,26,0,Saturday,12,1,0,Winter,201
2021-12-20,P049,Electronics_Product_49,Electronics,6984.42,4255.68,250,1746104.84,2.3,250,7870.41,4.36,27,0,Monday,12,0,0,Winter,203
2021-12-24,P049,Electronics_Product_49,Electronics,6106.28,4255.68,187,1141873.44,12.71,187,7407.43,3.71,23,1,Friday,12,0,1,Winter,207
2022-01-06,P049,Electronics_Product_49,Electronics,6857.74,4255.68,208,1426408.96,4.14,251,7593.47,4.13,33,0,Thursday,1,0,0,Winter,220
2022-01-15,P049,Electronics_Product_49,Electronics,5017.74,4255.68,149,747643.87,31.81,162,7051.25,3.82,34,1,Saturday,1,1,0,Winter,229
2022-01-17,P049,Electronics_Product_49,Electronics,6830.19,4255.68,60,409811.22,5.96,198,6860.63,3.89,30,0,Monday,1,0,0,Winter,231
2022-02-01,P049,Electronics_Product_49,Electronics,7015.37,4255.68,64,448983.64,2.93,148,6738.64,3.93,31,0,Tuesday,2,0,0,Winter,246
2022-02-26,P049,Electronics_Product_49,Electronics,6044.92,4255.68,208,1257343.23,17.51,208,7395.23,4.31,32,1,Saturday,2,1,0,Winter,271
2022-03-01,P049,Electronics_Product_49,Electronics,7046.66,4255.68,150,1056999.34,3.38,150,7666.32,4.07,34,0,Tuesday,3,0,0,Spring,274
2022-03-06,P049,Electronics_Product_49,Electronics,4655.61,4255.68,196,912499.45,35.03,196,7138.67,4.35,35,1,Sunday,3,1,0,Spring,279
2022-03-07,P049,Electronics_Product_49,Electronics,6273.97,4255.68,161,1010109.97,7.08,161,7767.21,4.1,36,0,Monday,3,0,0,Spring,280
2022-03-09,P049,Electronics_Product_49,Electronics,6734.47,4255.68,249,1676882.22,4.22,249,7672.76,4.11,42,0,Wednesday,3,0,0,Spring,282
2022-03-31,P049,Electronics_Product_49,Electronics,6697.48,4255.68,186,1245730.42,9.29,186,7336.72,4.3,38,0,Thursday,3,0,0,Spring,304
2022-04-04,P049,Electronics_Product_49,Electronics,4772.16,4255.68,190,906710.25,35.42,191,6974.37,3.69,40,1,Monday,4,0,0,Spring,308
2022-04-05,P049,Electronics_Product_49,Electronics,6816.05,4255.68,115,783845.88,0.46,143,7252.64,3.88,37,0,Tuesday,4,0,0,Spring,309
2022-04-12,P049,Electronics_Product_49,Electronics,6872.76,4255.68,26,178691.74,5.99,196,6893.28,3.42,43,0,Tuesday,4,0,0,Spring,316
2022-04-18,P049,Electronics_Product_49,Electronics,6321.67,4255.68,233,1472949.2,8.84,233,7918.39,4.21,43,0,Monday,4,0,0,Spring,322
2022-05-02,P049,Electronics_Product_49,Electronics,7149.23,4255.68,96,686326.02,2.6,248,7057.45,3.56,48,0,Monday,5,0,0,Spring,336
2022-05-18,P049,Electronics_Product_49,Electronics,5888.82,4255.68,177,1042321.95,16.84,177,7894.6,4.15,53,1,Wednesday,5,0,0,Spring,352
2022-05-20,P049,Electronics_Product_49,Electronics,6854.29,4255.68,254,1740988.86,7.39,261,6794.63,4.03,41,0,Friday,5,0,0,Spring,354
2022-05-23,P049,Electronics_Product_49,Electronics,6293.42,4255.68,187,1176869.52,8.82,187,7491.18,4.35,46,0,Monday,5,0,0,Spring,357
2022-06-04,P049,Electronics_Product_49,Electronics,6869.39,4255.68,217,1490656.84,5.47,217,7418.37,4.36,47,0,Saturday,6,1,0,Summer,369
2022-06-07,P049,Electronics_Product_49,Electronics,6826.91,4255.68,179,1222017.74,7.89,179,7466.98,4.37,54,0,Tuesday,6,0,0,Summer,372
2022-06-08,P049,Electronics_Product_49,Electronics,6539.69,4255.68,206,1347176.98,8.15,206,6862.92,4.57,49,0,Wednesday,6,0,0,Summer,373
2022-06-13,P049,Electronics_Product_49,Electronics,6585.68,4255.68,242,1593735.26,3.75,242,7639.12,4.45,53,0,Monday,6,0,0,Summer,378
2022-06-16,P049,Electronics_Product_49,Electronics,7247.1,4255.68,202,1463913.79,2.66,202,7908.69,4.37,50,0,Thursday,6,0,0,Summer,381
2022-06-16,P049,Electronics_Product_49,Electronics,6569.68,4255.68,142,932895.06,5.34,142,8044.49,4.85,56,0,Thursday,6,0,0,Summer,381
2022-06-27,P049,Electronics_Product_49,Electronics,6655.56,4255.68,217,1444257.21,1.28,217,7699.76,4.52,52,0,Monday,6,0,0,Summer,392
2022-06-28,P049,Electronics_Product_49,Electronics,4236.87,4255.68,255,1080402.45,38.53,255,7920.71,4.26,49,1,Tuesday,6,0,0,Summer,393
2021-06-20,P006,Fashion_Product_6,Fashion,1341.19,864.42,99,132777.33,7.9,322,1545.84,3.34,0,0,Sunday,6,1,0,Summer,1
2021-08-02,P006,Fashion_Product_6,Fashion,1099.07,864.42,137,150571.94,21.69,391,1373.19,3.04,6,1,Monday,8,0,0,Summer,44
2021-08-03,P006,Fashion_Product_6,Fashion,1344.57,864.42,82,110254.54,8.02,400,1576.41,3.13,6,0,Tuesday,8,0,0,Summer,45
2021-08-04,P006,Fashion_Product_6,Fashion,1370.96,864.42,226,309837.69,3.47,347,1531.61,3.98,4,0,Wednesday,8,0,0,Summer,46
2021-08-10,P006,Fashion_Product_6,Fashion,1331.37,864.42,239,318198.23,6.57,306,1407.83,3.64,7,0,Tuesday,8,0,0,Summer,52
2021-08-18,P006,Fashion_Product_6,Fashion,1384.58,864.42,183,253377.27,6.05,366,1383.37,3.57,7,0,Wednesday,8,0,0,Summer,60
2021-08-20,P006,Fashion_Product_6,Fashion,1484.06,864.42,196,290875.34,1.25,359,1567.87,3.5,9,0,Friday,8,0,0,Summer,62
2021-08-26,P006,Fashion_Product_6,Fashion,906.76,864.42,503,456100.6,36.49,534,1566.71,3.55,7,1,Thursday,8,0,0,Summer,68
2021-09-05,P006,Fashion_Product_6,Fashion,1380.9,864.42,381,526123.17,6.87,549,1536.66,3.89,12,0,Sunday,9,1,0,Autumn,78
2021-09-08,P006,Fashion_Product_6,Fashion,1091.46,864.42,387,422395.86,26.18,387,1426.53,4.03,14,1,Wednesday,9,0,0,Autumn,81
2021-09-23,P006,Fashion_Product_6,Fashion,1330.18,864.42,380,505467.7,3.53,380,1545.09,4.0,11,0,Thursday,9,0,0,Autumn,96
2021-09-24,P006,Fashion_Product_6,Fashion,1401.3,864.42,252,353126.85,4.65,478,1581.04,3.93,14,0,Friday,9,0,0,Autumn,97
2021-10-02,P006,Fashion_Product_6,Fashion,925.35,864.42,495,458046.82,36.61,495,1484.09,3.67,14,1,Saturday,10,1,1,Autumn,105
2021-10-05,P006,Fashion_Product_6,Fashion,931.17,864.42,473,440443.55,34.1,473,1591.0,3.84,14,1,Tuesday,10,0,0,Autumn,108
2021-10-07,P006,Fashion_Product_6,Fashion,1043.59,864.42,549,572928.44,27.86,549,1564.29,4.01,13,1,Thursday,10,0,0,Autumn,110
2021-10-09,P006,Fashion_Product_6,Fashion,1371.92,864.42,528,724375.79,4.68,528,1501.19,4.05,20,0,Saturday,10,1,0,Autumn,112
2021-10-26,P006,Fashion_Product_6,Fashion,1462.54,864.42,201,293971.53,1.0,415,1448.22,3.94,13,0,Tuesday,10,0,0,Autumn,129
2021-10-28,P006,Fashion_Product_6,Fashion,1130.44,864.42,301,340262.51,24.9,301,1466.33,3.79,16,1,Thursday,10,0,0,Autumn,131
2021-11-01,P006,Fashion_Product_6,Fashion,1434.4,864.42,136,195077.8,0.92,482,1655.45,3.46,20,0,Monday,11,0,1,Autumn,135
2021-11-02,P006,Fashion_Product_6,Fashion,878.85,864.42,481,422725.03,39.16,481,1570.6,3.58,14,1,Tuesday,11,0,1,Autumn,136
2021-11-07,P006,Fashion_Product_6,Fashion,1407.96,864.42,358,504050.82,6.54,358,1369.54,3.59,18,0,Sunday,11,1,0,Autumn,141
2021-11-08,P006,Fashion_Product_6,Fashion,1271.23,864.42,292,371199.98,9.45,555,1399.78,3.76,22,0,Monday,11,0,0,Autumn,142
2021-11-14,P006,Fashion_Product_6,Fashion,1359.92,864.42,429,583405.37,3.21,524,1522.6,3.51,16,0,Sunday,11,1,0,Autumn,148
2021-11-16,P006,Fashion_Product_6,Fashion,1335.34,864.42,300,400602.02,11.45,300,1405.05,3.57,27,1,Tuesday,11,0,0,Autumn,150
2021-11-19,P006,Fashion_Product_6,Fashion,1416.58,864.42,427,604880.93,2.37,427,1594.4,4.27,18,0,Friday,11,0,0,Autumn,153
2021-11-24,P006,Fashion_Product_6,Fashion,1331.28,864.42,427,568457.43,11.36,427,1541.16,3.86,18,1,Wednesday,11,0,0,Autumn,158
2021-11-25,P006,Fashion_Product_6,Fashion,1420.49,864.42,380,539787.03,6.1,411,1599.78,3.52,20,0,Thursday,11,0,0,Autumn,159
2021-11-25,P006,Fashion_Product_6,Fashion,1419.1,864.42,279,395928.28,3.41,435,1423.65,3.75,20,0,Thursday,11,0,0,Autumn,159
2021-11-26,P006,Fashion_Product_6,Fashion,1428.23,864.42,261,372768.24,0.38,418,1381.83,3.79,21,0,Friday,11,0,0,Autumn,160
2021-12-02,P006,Fashion_Product_6,Fashion,1457.14,864.42,302,440057.17,1.04,354,1528.16,3.71,21,0,Thursday,12,0,0,Winter,166
2021-12-11,P006,Fashion_Product_6,Fashion,903.7,864.42,441,398530.66,34.73,441,1526.71,3.61,24,1,Saturday,12,1,0,Winter,175
2021-12-16,P006,Fashion_Product_6,Fashion,1252.48,864.42,366,458406.51,9.62,366,1506.3,3.66,26,0,Thursday,12,0,0,Winter,180
2021-12-18,P006,Fashion_Product_6,Fashion,1182.13,864.42,447,528412.13,20.44,447,1523.59,3.9,22,1,Saturday,12,1,0,Winter,182
2021-12-21,P006,Fashion_Product_6,Fashion,1435.62,864.42,401,575683.07,3.43,401,1635.75,4.18,27,0,Tuesday,12,0,0,Winter,185
2021-12-24,P006,Fashion_Product_6,Fashion,1232.05,864.42,550,677626.71,10.09,550,1425.41,3.95,27,1,Friday,12,0,1,Winter,188
2021-12-24,P006,Fashion_Product_6,Fashion,914.89,864.42,356,325701.13,34.45,356,1465.63,4.0,25,1,Friday,12,0,1,Winter,188
2021-12-29,P006,Fashion_Product_6,Fashion,1294.69,864.42,400,517877.82,8.88,430,1494.08,3.65,22,0,Wednesday,12,0,0,Winter,193
2021-12-29,P006,Fashion_Product_6,Fashion,1340.63,864.42,436,584513.08,3.87,436,1395.15,4.33,24,0,Wednesday,12,0,0,Winter,193
2022-01-15,P006,Fashion_Product_6,Fashion,1311.44,864.42,404,529821.09,6.46,404,1632.71,4.21,29,0,Saturday,1,1,0,Winter,210
2022-01-15,P006,Fashion_Product_6,Fashion,1355.32,864.42,209,283262.08,7.62,428,1631.24,3.99,25,0,Saturday,1,1,0,Winter,210
2022-01-20,P006,Fashion_Product_6,Fashion,1343.29,864.42,474,636719.64,2.0,487,1579.69,4.23,28,0,Thursday,1,0,0,Winter,215
2022-01-26,P006,Fashion_Product_6,Fashion,1374.97,864.42,232,318993.31,2.83,475,1470.87,3.88,26,0,Wednesday,1,0,1,Winter,221
2022-01-26,P006,Fashion_Product_6,Fashion,867.13,864.42,301,261006.68,38.83,301,1442.3,4.35,27,1,Wednesday,1,0,1,Winter,221
2022-01-31,P006,Fashion_Product_6,Fashion,1373.06,864.42,287,394068.45,7.29,287,1402.73,4.34,29,0,Monday,1,0,0,Winter,226
2022-02-10,P006,Fashion_Product_6,Fashion,1352.56,864.42,192,259691.24,1.68,415,1555.97,3.67,34,0,Thursday,2,0,0,Winter,236
2022-02-18,P006,Fashion_Product_6,Fashion,1326.0,864.42,48,63647.92,6.19,403,1424.17,3.42,35,0,Friday,2,0,0,Winter,244
2022-02-24,P006,Fashion_Product_6,Fashion,1401.74,864.42,197,276141.82,6.61,358,1634.63,4.0,32,0,Thursday,2,0,0,Winter,250
2022-03-09,P006,Fashion_Product_6,Fashion,983.08,864.42,432,424690.97,28.51,432,1491.37,4.21,28,1,Wednesday,3,0,0,Spring,263
2022-03-14,P006,Fashion_Product_6,Fashion,1365.05,864.42,242,330342.57,8.21,423,1566.04,3.67,37,0,Monday,3,0,0,Spring,268
2022-03-18,P006,Fashion_Product_6,Fashion,1395.05,864.42,416,580340.16,2.03,416,1487.59,4.08,35,0,Friday,3,0,0,Spring,272
2022-03-20,P006,Fashion_Product_6,Fashion,1311.13,864.42,399,523140.54,5.21,399,1533.08,4.34,39,0,Sunday,3,1,0,Spring,274
2022-03-25,P006,Fashion_Product_6,Fashion,1464.41,864.42,191,279701.61,1.12,479,1483.75,3.95,36,0,Friday,3,0,0,Spring,279
2022-04-04,P006,Fashion_Product_6,Fashion,1168.19,864.42,549,641338.49,19.55,549,1566.24,4.68,36,1,Monday,4,0,0,Spring,289
2022-04-27,P006,Fashion_Product_6,Fashion,1110.78,864.42,301,334345.81,23.63,301,1635.94,3.94,41,1,Wednesday,4,0,0,Spring,312
2022-05-04,P006,Fashion_Product_6,Fashion,1301.58,864.42,564,734093.11,7.9,564,1641.96,4.05,45,0,Wednesday,5,0,0,Spring,319
2022-05-07,P006,Fashion_Product_6,Fashion,1409.25,864.42,471,663758.68,5.22,471,1630.12,4.0,44,0,Saturday,5,1,0,Spring,322
2022-05-11,P006,Fashion_Product_6,Fashion,1434.04,864.42,53,76004.05,1.73,563,1444.52,3.43,42,0,Wednesday,5,0,0,Spring,326
2022-05-15,P006,Fashion_Product_6,Fashion,982.35,864.42,355,348735.09,28.28,355,1605.69,4.19,45,1,Sunday,5,1,0,Spring,330
2022-05-22,P006,Fashion_Product_6,Fashion,1337.7,864.42,303,405323.42,7.3,303,1501.43,3.66,43,0,Sunday,5,1,0,Spring,337
2022-05-22,P006,Fashion_Product_6,Fashion,1351.74,864.42,533,720476.34,7.09,533,1398.75,4.46,44,0,Sunday,5,1,0,Spring,337
2022-05-28,P006,Fashion_Product_6,Fashion,1162.22,864.42,400,464887.04,15.47,400,1508.3,4.17,48,1,Saturday,5,1,0,Spring,343
2022-05-31,P006,Fashion_Product_6,Fashion,1417.72,864.42,220,311897.56,4.73,495,1643.74,3.83,45,0,Tuesday,5,0,0,Spring,346
2022-06-09,P006,Fashion_Product_6,Fashion,1413.52,864.42,225,318042.5,3.41,484,1557.26,3.63,41,0,Thursday,6,0,0,Summer,355
2022-06-18,P006,Fashion_Product_6,Fashion,1297.2,864.42,531,688813.1,8.36,531,1437.03,4.69,46,0,Saturday,6,1,0,Summer,364
