product_sales_data.csv
date,product_id,product_name,category,price,cost_price,units_sold,revenue,discount_percent,stock_available,competitor_price,rating,review_count,is_promoted,day_of_week,month,is_weekend,is_holiday,season,days_since_launch
2021-06-24,P014,Electronics_Product_14,Electronics,14591.55,8781.01,150,2188732.58,3.16,382,15205.77,3.89,1,0,Thursday,6,0,0,Summer,13
2021-06-29,P014,Electronics_Product_14,Electronics,13652.03,8781.01,75,1023902.06,2.02,361,15581.12,3.38,1,0,Tuesday,6,0,0,Summer,18
2021-07-02,P014,Electronics_Product_14,Electronics,14152.71,8781.01,160,2264433.18,5.2,417,14627.6,3.56,2,0,Friday,7,0,0,Summer,21
2021-07-03,P014,Electronics_Product_14,Electronics,13387.39,8781.01,78,1044216.76,4.45,324,16477.63,3.47,3,0,Saturday,7,1,0,Summer,22
2021-07-12,P014,Electronics_Product_14,Electronics,10200.68,8781.01,385,3927261.63,32.4,420,15311.32,3.72,4,1,Monday,7,0,0,Summer,31
2021-07-15,P014,Electronics_Product_14,Electronics,13527.61,8781.01,170,2299694.39,3.42,422,14528.9,3.57,3,0,Thursday,7,0,0,Summer,34
2021-07-19,P014,Electronics_Product_14,Electronics,13969.83,8781.01,72,1005827.82,3.2,310,16100.22,3.23,6,0,Monday,7,0,0,Summer,38
2021-07-28,P014,Electronics_Product_14,Electronics,13509.67,8781.01,54,729521.92,2.86,305,14132.19,3.3,6,0,Wednesday,7,0,0,Summer,47
2021-08-03,P014,Electronics_Product_14,Electronics,14618.51,8781.01,217,3172217.07,3.45,449,15945.04,3.7,7,0,Tuesday,8,0,0,Summer,53
2021-08-06,P014,Electronics_Product_14,Electronics,14695.92,8781.01,46,676012.24,2.95,427,15409.21,3.37,6,0,Friday,8,0,0,Summer,56
2021-08-20,P014,Electronics_Product_14,Electronics,12739.14,8781.01,243,3095610.25,8.89,390,15577.92,3.68,12,0,Friday,8,0,0,Summer,70
2021-08-21,P014,Electronics_Product_14,Electronics,14397.08,8781.01,341,4909405.88,3.63,341,15970.89,4.05,9,0,Saturday,8,1,0,Summer,71
2021-08-24,P014,Electronics_Product_14,Electronics,14124.04,8781.01,185,2612947.59,5.34,294,15051.51,3.59,8,0,Tuesday,8,0,0,Summer,74
2021-08-31,P014,Electronics_Product_14,Electronics,13778.23,8781.01,269,3706344.31,8.74,269,16064.51,4.08,10,0,Tuesday,8,0,0,Summer,81
2021-09-03,P014,Electronics_Product_14,Electronics,13631.07,8781.01,461,6283925.54,2.76,461,15825.16,4.15,10,0,Friday,9,0,0,Autumn,84
2021-09-10,P014,Electronics_Product_14,Electronics,14682.67,8781.01,187,2745659.72,4.03,411,14127.52,3.9,13,0,Friday,9,0,0,Autumn,91
2021-09-18,P014,Electronics_Product_14,Electronics,13903.0,8781.01,77,1070531.07,7.2,358,14510.1,3.39,12,0,Saturday,9,1,0,Autumn,99
2021-09-27,P014,Electronics_Product_14,Electronics,13450.82,8781.01,194,2609458.12,6.26,331,15711.91,3.84,15,0,Monday,9,0,0,Autumn,108
2021-10-05,P014,Electronics_Product_14,Electronics,13855.6,8781.01,500,6927799.62,6.72,500,16271.34,4.12,17,0,Tuesday,10,0,0,Autumn,116
2021-10-12,P014,Electronics_Product_14,Electronics,12999.71,8781.01,278,3613918.94,9.35,445,14954.54,3.57,17,0,Tuesday,10,0,0,Autumn,123
2021-10-26,P014,Electronics_Product_14,Electronics,14587.64,8781.01,75,1094072.63,0.79,506,16166.14,3.47,15,0,Tuesday,10,0,0,Autumn,137
2021-11-02,P014,Electronics_Product_14,Electronics,12375.04,8781.01,335,4145637.62,19.33,335,13922.21,3.55,22,1,Tuesday,11,0,1,Autumn,144
2021-11-19,P014,Electronics_Product_14,Electronics,12547.56,8781.01,491,6160853.31,16.81,491,15836.21,4.1,18,1,Friday,11,0,0,Autumn,161
2021-11-22,P014,Electronics_Product_14,Electronics,11784.4,8781.01,292,3441046.14,20.43,292,15497.9,3.97,21,1,Monday,11,0,0,Autumn,164
2021-12-12,P014,Electronics_Product_14,Electronics,11949.28,8781.01,248,2963421.92,21.37,517,14001.18,3.24,23,1,Sunday,12,1,0,Winter,184
2021-12-15,P014,Electronics_Product_14,Electronics,13708.86,8781.01,268,3673975.47,5.02,484,14403.05,3.71,26,0,Wednesday,12,0,0,Winter,187
2021-12-25,P014,Electronics_Product_14,Electronics,13773.76,8781.01,269,3705140.93,8.06,269,15269.46,3.91,27,0,Saturday,12,1,1,Winter,197
2022-01-05,P014,Electronics_Product_14,Electronics,14111.8,8781.01,137,1933316.68,0.75,303,16770.81,3.71,27,0,Wednesday,1,0,0,Winter,208
2022-01-19,P014,Electronics_Product_14,Electronics,14350.03,8781.01,111,1592853.1,1.55,452,14901.73,3.93,31,0,Wednesday,1,0,0,Winter,222
2022-01-22,P014,Electronics_Product_14,Electronics,12631.14,8781.01,88,1111540.16,15.81,300,15300.04,3.48,28,1,Saturday,1,1,0,Winter,225
2022-01-29,P014,Electronics_Product_14,Electronics,13842.56,8781.01,199,2754670.43,4.77,414,16027.29,3.95,28,0,Saturday,1,1,0,Winter,232
2022-02-01,P014,Electronics_Product_14,Electronics,13952.23,8781.01,148,2064929.76,3.5,445,15258.01,3.95,32,0,Tuesday,2,0,0,Winter,235
2022-02-11,P014,Electronics_Product_14,Electronics,13557.44,8781.01,137,1857369.95,3.39,289,15408.7,3.97,31,0,Friday,2,0,0,Winter,245
2022-02-13,P014,Electronics_Product_14,Electronics,13063.85,8781.01,207,2704217.23,8.71,326,15434.98,3.99,30,0,Sunday,2,1,0,Winter,247
2022-02-17,P014,Electronics_Product_14,Electronics,14236.5,8781.01,130,1850744.81,3.05,314,15574.94,3.92,33,0,Thursday,2,0,0,Winter,251
2022-02-21,P014,Electronics_Product_14,Electronics,13459.38,8781.01,293,3943598.8,5.25,293,15098.99,4.03,33,0,Monday,2,0,0,Winter,255
2022-02-23,P014,Electronics_Product_14,Electronics,13641.29,8781.01,282,3846843.41,2.43,282,14870.29,4.05,35,0,Wednesday,2,0,0,Winter,257
2022-02-24,P014,Electronics_Product_14,Electronics,13805.59,8781.01,274,3782730.5,2.84,274,15953.2,4.34,29,0,Thursday,2,0,0,Winter,258
2022-03-04,P014,Electronics_Product_14,Electronics,14996.32,8781.01,406,6088505.59,0.95,429,14798.77,4.43,36,0,Friday,3,0,0,Spring,266
2022-03-07,P014,Electronics_Product_14,Electronics,14226.94,8781.01,164,2333218.88,6.88,473,14077.36,3.71,36,0,Monday,3,0,0,Spring,269
2022-03-18,P014,Electronics_Product_14,Electronics,13835.13,8781.01,463,6405666.35,9.82,463,16610.68,4.6,38,0,Friday,3,0,0,Spring,280
2022-03-21,P014,Electronics_Product_14,Electronics,15188.19,8781.01,295,4480515.4,0.15,295,16066.65,4.03,40,0,Monday,3,0,0,Spring,283
2022-03-22,P014,Electronics_Product_14,Electronics,14739.51,8781.01,463,6824393.21,4.01,463,16587.81,4.02,38,0,Tuesday,3,0,0,Spring,284
2022-04-01,P014,Electronics_Product_14,Electronics,13112.2,8781.01,409,5362890.5,7.68,409,15987.84,4.28,39,0,Friday,4,0,0,Spring,294
2022-04-13,P014,Electronics_Product_14,Electronics,14101.08,8781.01,516,7276159.38,5.45,516,16269.92,4.08,39,0,Wednesday,4,0,0,Spring,306
2022-04-16,P014,Electronics_Product_14,Electronics,13360.21,8781.01,265,3540455.01,7.88,265,15033.36,4.35,42,0,Saturday,4,1,0,Spring,309
2022-04-23,P014,Electronics_Product_14,Electronics,13643.7,8781.01,264,3601937.65,3.24,264,15513.89,3.73,41,0,Saturday,4,1,0,Spring,316
2022-05-03,P014,Electronics_Product_14,Electronics,13344.98,8781.01,455,6071965.87,4.07,455,16797.82,4.2,39,0,Tuesday,5,0,0,Spring,326
2022-05-04,P014,Electronics_Product_14,Electronics,14169.04,8781.01,452,6404405.37,2.03,452,16598.54,4.69,40,0,Wednesday,5,0,0,Spring,327
2022-05-04,P014,Electronics_Product_14,Electronics,14314.43,8781.01,201,2877199.47,5.36,424,15705.69,3.96,38,0,Wednesday,5,0,0,Spring,327
2022-05-04,P014,Electronics_Product_14,Electronics,13872.42,8781.01,274,3801044.25,2.21,274,15137.12,4.08,41,0,Wednesday,5,0,0,Spring,327
2022-05-25,P014,Electronics_Product_14,Electronics,13588.99,8781.01,476,6468360.54,4.42,476,15630.53,4.44,49,0,Wednesday,5,0,0,Spring,348
2022-05-27,P014,Electronics_Product_14,Electronics,15199.35,8781.01,396,6018942.72,0.37,414,14838.1,4.25,44,0,Friday,5,0,0,Spring,350
2022-05-30,P014,Electronics_Product_14,Electronics,14603.51,8781.01,425,6206489.67,3.05,425,15428.12,4.08,45,0,Monday,5,0,0,Spring,353
2022-05-30,P014,Electronics_Product_14,Electronics,14453.75,8781.01,235,3396632.2,3.62,360,16450.54,3.85,47,0,Monday,5,0,0,Spring,353
2022-06-03,P014,Electronics_Product_14,Electronics,10081.82,8781.01,388,3911746.87,34.31,388,14039.85,4.63,47,1,Friday,6,0,0,Summer,357
2022-06-14,P014,Electronics_Product_14,Electronics,14353.28,8781.01,371,5325065.16,1.56,451,14550.14,4.1,46,0,Tuesday,6,0,0,Summer,368
2022-06-14,P014,Electronics_Product_14,Electronics,13405.73,8781.01,265,3552519.61,5.08,265,15868.55,4.11,48,0,Tuesday,6,0,0,Summer,368
2022-06-19,P014,Electronics_Product_14,Electronics,13477.96,8781.01,436,5876389.96,9.09,436,14287.12,4.61,43,0,Sunday,6,1,0,Summer,373
2022-06-21,P014,Electronics_Product_14,Electronics,13844.7,8781.01,414,5731707.0,4.29,414,14790.78,4.2,51,0,Tuesday,6,0,0,Summer,375
2022-06-24,P014,Electronics_Product_14,Electronics,14500.4,8781.01,191,2769576.92,5.11,444,15709.6,3.89,55,0,Friday,6,0,0,Summer,378
2022-06-25,P014,Electronics_Product_14,Electronics,12859.09,8781.01,369,4745005.65,9.61,369,16363.08,4.09,54,0,Saturday,6,1,0,Summer,379
