product_sales_data.csv
date,product_id,product_name,category,price,cost_price,units_sold,revenue,discount_percent,stock_available,competitor_price,rating,review_count,is_promoted,day_of_week,month,is_weekend,is_holiday,season,days_since_launch
2021-06-26,P007,Electronics_Product_7,Electronics,10382.05,8811.04,286,2969266.28,27.19,286,16226.36,4.05,0,1,Saturday,6,1,0,Summer,2
2021-07-01,P007,Electronics_Product_7,Electronics,14486.96,8811.04,149,2158556.77,0.01,255,16650.13,3.95,0,0,Thursday,7,0,0,Summer,7
2021-07-18,P007,Electronics_Product_7,Electronics,13563.45,8811.04,184,2495675.24,8.17,187,15569.33,3.73,2,0,Sunday,7,1,0,Summer,24
2021-07-21,P007,Electronics_Product_7,Electronics,14157.06,8811.04,92,1302449.97,3.81,213,14806.98,3.62,2,0,Wednesday,7,0,0,Summer,27
2021-07-26,P007,Electronics_Product_7,Electronics,13798.83,8811.04,146,2014629.63,1.67,199,15861.94,3.77,4,0,Monday,7,0,0,Summer,32
2021-07-31,P007,Electronics_Product_7,Electronics,14195.11,8811.04,42,596194.67,7.57,266,14554.64,3.36,3,0,Saturday,7,1,0,Summer,37
2021-08-03,P007,Electronics_Product_7,Electronics,14445.2,8811.04,34,491136.95,1.95,230,15628.97,3.44,4,0,Tuesday,8,0,0,Summer,40
2021-08-10,P007,Electronics_Product_7,Electronics,14497.8,8811.04,132,1913709.49,5.62,182,16571.97,3.64,7,0,Tuesday,8,0,0,Summer,47
2021-08-11,P007,Electronics_Product_7,Electronics,13848.35,8811.04,117,1620256.45,7.38,224,14061.78,3.7,5,0,Wednesday,8,0,0,Summer,48
2021-08-26,P007,Electronics_Product_7,Electronics,15136.51,8811.04,34,514641.3,1.66,321,14291.64,3.0,8,0,Thursday,8,0,0,Summer,63
2021-08-28,P007,Electronics_Product_7,Electronics,9856.38,8811.04,253,2493663.65,32.46,253,16022.24,3.8,8,1,Saturday,8,1,0,Summer,65
2021-08-28,P007,Electronics_Product_7,Electronics,13116.71,8811.04,295,3869428.65,6.17,295,16702.49,4.25,9,0,Saturday,8,1,0,Summer,65
2021-09-05,P007,Electronics_Product_7,Electronics,13247.58,8811.04,191,2530288.22,8.87,205,16485.23,3.56,9,0,Sunday,9,1,0,Autumn,73
2021-09-06,P007,Electronics_Product_7,Electronics,14378.67,8811.04,142,2041771.02,4.17,175,15441.39,3.93,10,0,Monday,9,0,0,Autumn,74
2021-09-10,P007,Electronics_Product_7,Electronics,13668.28,8811.04,151,2063910.75,5.29,242,15241.85,3.56,9,0,Friday,9,0,0,Autumn,78
2021-09-16,P007,Electronics_Product_7,Electronics,13905.21,8811.04,132,1835487.11,2.19,259,16225.98,3.81,9,0,Thursday,9,0,0,Autumn,84
2021-09-16,P007,Electronics_Product_7,Electronics,14297.03,8811.04,118,1687049.89,7.03,186,15730.62,3.65,13,0,Thursday,9,0,0,Autumn,84
2021-09-17,P007,Electronics_Product_7,Electronics,13657.93,8811.04,153,2089663.64,6.6,248,15568.79,3.73,16,0,Friday,9,0,0,Autumn,85
2021-09-21,P007,Electronics_Product_7,Electronics,15053.62,8811.04,37,556983.78,2.28,184,16192.04,3.42,8,0,Tuesday,9,0,0,Autumn,89
2021-09-24,P007,Electronics_Product_7,Electronics,13435.64,8811.04,132,1773505.02,9.67,271,16684.12,3.76,19,0,Friday,9,0,0,Autumn,92
2021-09-28,P007,Electronics_Product_7,Electronics,13268.66,8811.04,143,1897418.04,8.82,164,14802.2,3.72,11,0,Tuesday,9,0,0,Autumn,96
2021-10-02,P007,Electronics_Product_7,Electronics,11320.78,8811.04,188,2128306.17,21.77,188,13957.12,3.88,11,1,Saturday,10,1,1,Autumn,100
2021-10-03,P007,Electronics_Product_7,Electronics,10613.37,8811.04,254,2695795.32,29.35,254,14622.06,3.7,12,1,Sunday,10,1,1,Autumn,101
2021-10-09,P007,Electronics_Product_7,Electronics,14503.19,8811.04,162,2349516.37,1.61,278,14514.59,3.61,11,0,Saturday,10,1,0,Autumn,107
2021-10-14,P007,Electronics_Product_7,Electronics,13014.63,8811.04,148,1926165.09,7.68,213,15724.0,3.89,11,0,Thursday,10,0,0,Autumn,112
2021-10-16,P007,Electronics_Product_7,Electronics,9133.6,8811.04,229,2091594.66,39.04,229,14352.37,3.6,15,1,Saturday,10,1,0,Autumn,114
2021-10-20,P007,Electronics_Product_7,Electronics,8728.62,8811.04,209,1824281.8,39.88,209,16611.15,3.65,13,1,Wednesday,10,0,0,Autumn,118
2021-10-26,P007,Electronics_Product_7,Electronics,13908.15,8811.04,149,2072314.36,5.03,216,14858.97,3.98,15,0,Tuesday,10,0,0,Autumn,124
2021-10-30,P007,Electronics_Product_7,Electronics,14794.07,8811.04,193,2855256.25,3.54,193,14764.63,4.46,18,0,Saturday,10,1,1,Autumn,128
2021-11-12,P007,Electronics_Product_7,Electronics,13828.42,8811.04,298,4120868.59,5.17,298,14773.63,4.03,16,0,Friday,11,0,0,Autumn,141
2021-11-18,P007,Electronics_Product_7,Electronics,11708.48,8811.04,239,2798326.19,19.34,239,14486.51,3.93,21,1,Thursday,11,0,0,Autumn,147
2021-11-20,P007,Electronics_Product_7,Electronics,13381.27,8811.04,190,2542442.17,7.18,190,16247.75,3.61,19,0,Saturday,11,1,0,Autumn,149
2021-12-06,P007,Electronics_Product_7,Electronics,14209.83,8811.04,221,3140371.33,7.38,221,14692.71,4.04,20,0,Monday,12,0,0,Winter,165
2021-12-07,P007,Electronics_Product_7,Electronics,13120.18,8811.04,226,2965161.71,6.43,299,14058.18,3.9,23,0,Tuesday,12,0,0,Winter,166
2021-12-07,P007,Electronics_Product_7,Electronics,13515.56,8811.04,318,4297946.71,5.31,318,15757.97,4.07,21,0,Tuesday,12,0,0,Winter,166
2021-12-11,P007,Electronics_Product_7,Electronics,9495.66,8811.04,156,1481322.85,31.94,186,15894.79,3.45,29,1,Saturday,12,1,0,Winter,170
2021-12-21,P007,Electronics_Product_7,Electronics,14604.04,8811.04,264,3855465.51,2.03,264,15206.48,4.09,23,0,Tuesday,12,0,0,Winter,180
2021-12-30,P007,Electronics_Product_7,Electronics,14503.84,8811.04,200,2900767.21,4.89,200,15684.05,3.51,23,0,Thursday,12,0,0,Winter,189
2022-01-05,P007,Electronics_Product_7,Electronics,13215.52,8811.04,106,1400844.95,9.16,177,14742.77,3.71,24,0,Wednesday,1,0,0,Winter,195
2022-01-16,P007,Electronics_Product_7,Electronics,13982.63,8811.04,102,1426228.06,0.99,209,14697.58,3.7,25,0,Sunday,1,1,0,Winter,206
2022-01-17,P007,Electronics_Product_7,Electronics,13659.67,8811.04,102,1393286.84,2.98,172,16375.12,3.98,30,0,Monday,1,0,0,Winter,207
2022-01-18,P007,Electronics_Product_7,Electronics,13306.08,8811.04,86,1144322.53,8.11,308,16086.66,3.75,30,0,Tuesday,1,0,0,Winter,208
2022-01-18,P007,Electronics_Product_7,Electronics,13332.26,8811.04,86,1146574.46,7.57,314,15108.46,3.59,25,0,Tuesday,1,0,0,Winter,208
2022-01-20,P007,Electronics_Product_7,Electronics,13994.58,8811.04,86,1203534.22,6.58,169,14169.05,3.67,27,0,Thursday,1,0,0,Winter,210
2022-01-22,P007,Electronics_Product_7,Electronics,13445.01,8811.04,198,2662111.72,6.07,198,15590.88,4.4,27,0,Saturday,1,1,0,Winter,212
2022-01-25,P007,Electronics_Product_7,Electronics,13351.23,8811.04,116,1548742.72,7.26,165,14347.92,3.59,26,0,Tuesday,1,0,1,Winter,215
2022-01-28,P007,Electronics_Product_7,Electronics,14102.5,8811.04,273,3849982.49,5.54,273,16682.65,4.04,29,0,Friday,1,0,1,Winter,218
2022-02-01,P007,Electronics_Product_7,Electronics,10221.46,8811.04,131,1339011.06,30.14,177,16391.63,3.9,27,1,Tuesday,2,0,0,Winter,222
2022-02-05,P007,Electronics_Product_7,Electronics,14201.76,8811.04,104,1476982.67,6.69,242,14626.87,3.63,32,0,Saturday,2,1,0,Winter,226
2022-02-25,P007,Electronics_Product_7,Electronics,13493.09,8811.04,213,2874027.39,5.78,221,14800.2,4.3,31,0,Friday,2,0,0,Winter,246
2022-03-14,P007,Electronics_Product_7,Electronics,14693.99,8811.04,112,1645726.84,4.62,167,15432.24,3.96,40,0,Monday,3,0,0,Spring,263
2022-03-20,P007,Electronics_Product_7,Electronics,13656.77,8811.04,178,2430905.5,4.03,241,16220.15,3.94,33,0,Sunday,3,1,0,Spring,269
2022-03-22,P007,Electronics_Product_7,Electronics,10588.26,8811.04,68,720001.89,24.75,192,15252.58,3.48,34,1,Tuesday,3,0,0,Spring,271
2022-03-23,P007,Electronics_Product_7,Electronics,13562.33,8811.04,147,1993663.16,8.86,178,15901.4,3.71,32,0,Wednesday,3,0,0,Spring,272
2022-04-04,P007,Electronics_Product_7,Electronics,15046.64,8811.04,191,2873908.51,2.19,191,14940.28,4.16,36,0,Monday,4,0,0,Spring,284
2022-04-11,P007,Electronics_Product_7,Electronics,14239.4,8811.04,37,526857.66,3.86,251,15419.3,3.43,37,0,Monday,4,0,0,Spring,291
2022-04-11,P007,Electronics_Product_7,Electronics,13281.65,8811.04,319,4236845.13,8.86,319,16223.84,4.02,41,0,Monday,4,0,0,Spring,291
2022-04-11,P007,Electronics_Product_7,Electronics,9180.17,8811.04,193,1771772.06,39.38,320,15284.44,3.87,37,1,Monday,4,0,0,Spring,291
2022-04-23,P007,Electronics_Product_7,Electronics,13811.29,8811.04,148,2044071.46,4.48,292,14944.36,3.98,43,0,Saturday,4,1,0,Spring,303
2022-05-03,P007,Electronics_Product_7,Electronics,14072.31,8811.04,294,4137259.4,3.49,294,14474.97,4.31,36,0,Tuesday,5,0,0,Spring,313
2022-05-07,P007,Electronics_Product_7,Electronics,13797.65,8811.04,163,2249017.53,4.28,163,14863.5,3.9,36,0,Saturday,5,1,0,Spring,317
2022-05-07,P007,Electronics_Product_7,Electronics,11983.46,8811.04,175,2097105.3,15.45,175,15683.05,3.85,44,1,Saturday,5,1,0,Spring,317
2022-05-09,P007,Electronics_Product_7,Electronics,14358.34,8811.04,279,4005976.64,4.02,285,14599.26,4.51,41,0,Monday,5,0,0,Spring,319
2022-05-14,P007,Electronics_Product_7,Electronics,14171.88,8811.04,296,4194875.36,7.48,296,14858.83,4.8,44,0,Saturday,5,1,0,Spring,324
2022-05-15,P007,Electronics_Product_7,Electronics,13195.79,8811.04,238,3140597.38,5.69,238,16190.96,4.27,43,0,Sunday,5,1,0,Spring,325
2022-05-16,P007,Electronics_Product_7,Electronics,14361.14,8811.04,259,3719535.36,5.9,259,16838.56,4.59,40,0,Monday,5,0,0,Spring,326
2022-05-22,P007,Electronics_Product_7,Electronics,13640.79,8811.04,200,2728158.9,6.66,200,16359.99,4.16,40,0,Sunday,5,1,0,Spring,332
2022-05-27,P007,Electronics_Product_7,Electronics,13763.99,8811.04,312,4294365.6,9.91,312,14602.57,4.31,40,0,Friday,5,0,0,Spring,337
2022-05-31,P007,Electronics_Product_7,Electronics,14459.44,8811.04,121,1749592.24,5.85,164,16635.08,3.96,49,0,Tuesday,5,0,0,Spring,341
2022-06-07,P007,Electronics_Product_7,Electronics,14524.43,8811.04,306,4444474.93,2.23,321,14665.85,4.12,45,0,Tuesday,6,0,0,Summer,348
2022-06-14,P007,Electronics_Product_7,Electronics,13076.98,8811.04,259,3386938.11,7.23,259,16152.19,4.33,49,0,Tuesday,6,0,0,Summer,355
2022-06-22,P007,Electronics_Product_7,Electronics,13460.46,8811.04,280,3768927.44,5.06,280,14807.05,4.3,46,0,Wednesday,6,0,0,Summer,363
2022-06-25,P007,Electronics_Product_7,Electronics,12625.46,8811.04,226,2853352.94,9.96,226,15252.54,4.04,48,0,Saturday,6,1,0,Summer,366
2022-06-26,P007,Electronics_Product_7,Electronics,14393.54,8811.04,302,4346849.99,1.56,302,15650.58,4.74,50,0,Sunday,6,1,0,Summer,367
2022-06-29,P007,Electronics_Product_7,Electronics,13372.87,8811.04,272,3637420.14,9.57,272,15068.27,4.18,51,0,Wednesday,6,0,0,Summer,370
2022-06-30,P007,Electronics_Product_7,Electronics,14939.87,8811.04,174,2599537.02,2.95,174,16401.77,4.43,46,0,Thursday,6,0,0,Summer,371
2022-07-01,P007,Electronics_Product_7,Electronics,13993.09,8811.04,150,2098962.86,7.74,177,14906.31,3.73,55,0,Friday,7,0,0,Summer,372
2021-07-01,P027,Fashion_Product_27,Fashion,1588.26,1044.35,121,192179.95,5.9,223,1976.38,3.84,1,0,Thursday,7,0,0,Summer,3
2021-07-04,P027,Fashion_Product_27,Fashion,1597.57,1044.35,180,287562.37,8.29,230,1869.48,3.82,0,0,Sunday,7,1,0,Summer,6
2021-07-14,P027,Fashion_Product_27,Fashion,1489.94,1044.35,151,224981.28,10.61,203,1782.7,3.6,1,1,Wednesday,7,0,0,Summer,16
2021-07-15,P027,Fashion_Product_27,Fashion,1595.66,1044.35,178,284028.27,11.66,202,1992.38,3.7,3,1,Thursday,7,0,0,Summer,17
2021-07-26,P027,Fashion_Product_27,Fashion,1711.63,1044.35,137,234492.9,4.93,183,1830.7,3.73,2,0,Monday,7,0,0,Summer,28
2021-08-10,P027,Fashion_Product_27,Fashion,1669.89,1044.35,154,257162.73,7.25,224,1972.35,3.84,4,0,Tuesday,8,0,0,Summer,43
2021-08-26,P027,Fashion_Product_27,Fashion,1748.79,1044.35,173,302541.44,2.67,173,1772.62,4.09,6,0,Thursday,8,0,0,Summer,59
2021-09-10,P027,Fashion_Product_27,Fashion,1543.7,1044.35,147,226923.7,6.84,231,1909.65,3.59,10,0,Friday,9,0,0,Autumn,74
2021-09-28,P027,Fashion_Product_27,Fashion,1720.4,1044.35,116,199565.88,5.83,190,1970.88,3.9,14,0,Tuesday,9,0,0,Autumn,92
2021-11-02,P027,Fashion_Product_27,Fashion,1663.43,1044.35,164,272802.29,3.96,164,1868.42,3.84,16,0,Tuesday,11,0,1,Autumn,127
2021-11-05,P027,Fashion_Product_27,Fashion,1410.23,1044.35,186,262303.19,18.24,186,1860.26,3.78,16,1,Friday,11,0,0,Autumn,130
2021-11-05,P027,Fashion_Product_27,Fashion,1659.2,1044.35,183,303633.9,6.55,183,1954.01,4.1,19,0,Friday,11,0,0,Autumn,130
2021-11-08,P027,Fashion_Product_27,Fashion,1551.12,1044.35,203,314877.25,8.28,278,1935.3,3.82,16,0,Monday,11,0,0,Autumn,133
2021-11-15,P027,Fashion_Product_27,Fashion,1642.24,1044.35,171,280823.62,5.72,308,1669.16,3.6,20,0,Monday,11,0,0,Autumn,140
2021-11-19,P027,Fashion_Product_27,Fashion,1601.43,1044.35,65,104092.67,4.44,244,1969.37,3.48,19,0,Friday,11,0,0,Autumn,144
2021-11-25,P027,Fashion_Product_27,Fashion,1390.87,1044.35,279,388052.9,23.09,279,1663.56,3.75,19,1,Thursday,11,0,0,Autumn,150
2021-11-27,P027,Fashion_Product_27,Fashion,1687.07,1044.35,172,290176.23,0.59,172,1985.6,3.96,19,0,Saturday,11,1,0,Autumn,152
2021-11-30,P027,Fashion_Product_27,Fashion,1588.81,1044.35,67,106450.47,12.64,220,1901.73,3.29,21,1,Tuesday,11,0,0,Autumn,155
2021-11-30,P027,Fashion_Product_27,Fashion,1646.35,1044.35,157,258476.48,9.32,236,1777.1,3.52,21,0,Tuesday,11,0,0,Autumn,155
2021-12-06,P027,Fashion_Product_27,Fashion,1130.65,1044.35,199,224998.59,32.85,199,1692.6,3.84,19,1,Monday,12,0,0,Winter,161
2021-12-10,P027,Fashion_Product_27,Fashion,1584.59,1044.35,233,369209.62,7.9,233,1703.06,4.13,22,0,Friday,12,0,0,Winter,165
2021-12-10,P027,Fashion_Product_27,Fashion,1671.03,1044.35,158,264022.54,4.14,226,1810.66,3.75,21,0,Friday,12,0,0,Winter,165
2021-12-11,P027,Fashion_Product_27,Fashion,1177.29,1044.35,165,194253.36,31.87,165,1662.21,4.12,21,1,Saturday,12,1,0,Winter,166
2022-01-09,P027,Fashion_Product_27,Fashion,1611.62,1044.35,102,164385.7,8.79,159,1713.05,3.86,25,0,Sunday,1,1,0,Winter,195
2022-01-20,P027,Fashion_Product_27,Fashion,1655.1,1044.35,22,36412.19,2.86,216,1830.14,3.4,29,0,Thursday,1,0,0,Winter,206
2022-01-21,P027,Fashion_Product_27,Fashion,1578.01,1044.35,257,405549.44,5.48,296,1988.12,4.1,30,0,Friday,1,0,0,Winter,207
2022-01-22,P027,Fashion_Product_27,Fashion,1618.29,1044.35,121,195812.99,9.12,160,1870.14,3.8,24,0,Saturday,1,1,0,Winter,208
2022-01-26,P027,Fashion_Product_27,Fashion,1723.83,1044.35,147,253403.62,0.38,229,1927.13,3.9,29,0,Wednesday,1,0,1,Winter,212
2022-01-30,P027,Fashion_Product_27,Fashion,1500.73,1044.35,267,400694.16,10.48,267,1745.42,4.03,33,1,Sunday,1,1,0,Winter,216
2022-02-10,P027,Fashion_Product_27,Fashion,1782.75,1044.35,82,146185.67,1.23,184,1686.1,3.84,32,0,Thursday,2,0,0,Winter,227
2022-02-12,P027,Fashion_Product_27,Fashion,1725.93,1044.35,171,295134.07,4.53,171,1724.28,4.05,29,0,Saturday,2,1,0,Winter,229
2022-02-14,P027,Fashion_Product_27,Fashion,1637.35,1044.35,209,342206.66,5.79,209,1888.82,4.26,28,0,Monday,2,0,0,Winter,231
2022-02-14,P027,Fashion_Product_27,Fashion,1667.41,1044.35,167,278457.44,3.62,167,1988.24,4.05,38,0,Monday,2,0,0,Winter,231
2022-02-21,P027,Fashion_Product_27,Fashion,1668.2,1044.35,216,360331.0,8.71,218,1865.13,4.39,31,0,Monday,2,0,0,Winter,238
2022-03-08,P027,Fashion_Product_27,Fashion,1668.36,1044.35,150,250254.42,2.27,238,1891.8,3.8,34,0,Tuesday,3,0,0,Spring,253
2022-03-08,P027,Fashion_Product_27,Fashion,1595.41,1044.35,238,379706.43,6.26,238,1682.54,4.7,38,0,Tuesday,3,0,0,Spring,253
2022-03-13,P027,Fashion_Product_27,Fashion,1583.51,1044.35,279,441800.67,6.52,279,1672.74,4.34,31,0,Sunday,3,1,0,Spring,258
2022-03-15,P027,Fashion_Product_27,Fashion,1708.94,1044.35,221,377675.1,3.74,221,1923.61,4.27,36,0,Tuesday,3,0,0,Spring,260
2022-03-17,P027,Fashion_Product_27,Fashion,1769.8,1044.35,102,180519.85,1.93,155,1689.88,3.98,31,0,Thursday,3,0,0,Spring,262
2022-03-23,P027,Fashion_Product_27,Fashion,1795.71,1044.35,247,443539.53,0.7,273,1722.75,4.08,32,0,Wednesday,3,0,0,Spring,268
2022-03-26,P027,Fashion_Product_27,Fashion,1608.1,1044.35,301,484037.89,5.96,301,1956.61,4.05,33,0,Saturday,3,1,0,Spring,271
2022-03-27,P027,Fashion_Product_27,Fashion,1081.03,1044.35,192,207556.8,35.14,192,1693.54,4.23,36,1,Sunday,3,1,0,Spring,272
2022-04-03,P027,Fashion_Product_27,Fashion,1628.46,1044.35,230,374545.4,2.48,230,1758.52,4.66,38,0,Sunday,4,1,0,Spring,279
2022-04-06,P027,Fashion_Product_27,Fashion,1544.7,1044.35,124,191543.42,7.01,209,1783.73,3.83,39,0,Wednesday,4,0,0,Spring,282
2022-04-09,P027,Fashion_Product_27,Fashion,1693.14,1044.35,160,270903.0,2.6,223,1814.04,3.76,39,0,Saturday,4,1,0,Spring,285
2022-04-11,P027,Fashion_Product_27,Fashion,1778.3,1044.35,116,206282.92,1.99,216,1847.61,3.82,37,0,Monday,4,0,0,Spring,287
2022-04-13,P027,Fashion_Product_27,Fashion,1803.16,1044.35,239,430954.79,0.97,239,1810.94,4.23,37,0,Wednesday,4,0,0,Spring,289
2022-04-15,P027,Fashion_Product_27,Fashion,1617.1,1044.35,277,447937.61,7.34,277,1998.53,4.01,39,0,Friday,4,0,0,Spring,291
2022-04-20,P027,Fashion_Product_27,Fashion,1764.66,1044.35,220,388224.55,2.37,254,1836.05,4.24,33,0,Wednesday,4,0,0,Spring,296
2022-04-20,P027,Fashion_Product_27,Fashion,1685.3,1044.35,234,394361.13,5.11,234,1678.83,4.16,39,0,Wednesday,4,0,0,Spring,296
2022-04-25,P027,Fashion_Product_27,Fashion,1707.2,1044.35,99,169013.12,1.22,280,1718.09,3.75,41,0,Monday,4,0,0,Spring,301
2022-05-24,P027,Fashion_Product_27,Fashion,1667.08,1044.35,237,395098.34,7.76,237,1906.82,4.36,45,0,Tuesday,5,0,0,Spring,330
2022-06-08,P027,Fashion_Product_27,Fashion,1670.2,1044.35,181,302306.55,3.19,181,1970.96,4.17,46,0,Wednesday,6,0,0,Summer,345
2022-06-08,P027,Fashion_Product_27,Fashion,1791.1,1044.35,241,431655.67,0.86,270,1741.15,4.21,46,0,Wednesday,6,0,0,Summer,345
2022-06-18,P027,Fashion_Product_27,Fashion,1643.84,1044.35,166,272878.02,3.51,166,1807.0,4.63,47,0,Saturday,6,1,0,Summer,355
2022-06-19,P027,Fashion_Product_27,Fashion,1070.97,1044.35,274,293446.88,39.33,274,1811.06,4.23,46,1,Sunday,6,1,0,Summer,356
