product_sales_data.csv
date,product_id,product_name,category,price,cost_price,units_sold,revenue,discount_percent,stock_available,competitor_price,rating,review_count,is_promoted,day_of_week,month,is_weekend,is_holiday,season,days_since_launch
2021-07-12,P030,Home_Product_30,Home,1443.56,917.76,88,127033.17,5.45,133,1722.17,3.88,0,0,Monday,7,0,0,Summer,6
2021-07-24,P030,Home_Product_30,Home,1378.5,917.76,35,48247.33,9.49,106,1696.78,3.39,1,0,Saturday,7,1,0,Summer,18
2021-07-24,P030,Home_Product_30,Home,1499.67,917.76,33,49489.23,1.25,192,1756.22,3.44,1,0,Saturday,7,1,0,Summer,18
2021-07-29,P030,Home_Product_30,Home,1270.54,917.76,29,36845.59,14.98,108,1641.63,3.18,4,1,Thursday,7,0,0,Summer,23
2021-07-29,P030,Home_Product_30,Home,1428.39,917.76,76,108557.31,7.62,115,1581.14,3.68,2,0,Thursday,7,0,0,Summer,23
2021-08-17,P030,Home_Product_30,Home,1549.33,917.76,36,55775.91,0.77,112,1723.24,3.46,4,0,Tuesday,8,0,1,Summer,42
2021-08-18,P030,Home_Product_30,Home,1083.58,917.76,128,138698.49,32.38,128,1550.3,3.93,8,1,Wednesday,8,0,0,Summer,43
2021-08-24,P030,Home_Product_30,Home,930.5,917.76,116,107937.55,36.65,116,1758.97,3.62,6,1,Tuesday,8,0,0,Summer,49
2021-08-25,P030,Home_Product_30,Home,1510.18,917.76,93,140446.56,4.25,160,1734.22,3.72,6,0,Wednesday,8,0,0,Summer,50
2021-09-12,P030,Home_Product_30,Home,1346.81,917.76,123,165658.05,8.28,158,1550.87,3.98,7,0,Sunday,9,1,0,Autumn,68
2021-09-15,P030,Home_Product_30,Home,1422.99,917.76,24,34151.75,9.45,155,1707.48,3.37,7,0,Wednesday,9,0,0,Autumn,71
2021-09-16,P030,Home_Product_30,Home,1455.63,917.76,85,123728.49,2.0,122,1663.67,3.67,10,0,Thursday,9,0,0,Autumn,72
2021-09-20,P030,Home_Product_30,Home,1255.65,917.76,125,156956.74,21.21,125,1713.85,3.97,12,1,Monday,9,0,0,Autumn,76
2021-09-29,P030,Home_Product_30,Home,1545.13,917.76,19,29357.54,3.27,123,1568.59,3.27,10,0,Wednesday,9,0,0,Autumn,85
2021-10-08,P030,Home_Product_30,Home,1390.56,917.76,112,155743.21,13.28,153,1525.2,3.88,10,1,Friday,10,0,0,Autumn,94
2021-10-11,P030,Home_Product_30,Home,937.45,917.76,166,155616.09,37.08,166,1703.68,3.61,12,1,Monday,10,0,0,Autumn,97
2021-10-17,P030,Home_Product_30,Home,1461.6,917.76,120,175391.73,3.78,166,1709.47,3.77,14,0,Sunday,10,1,0,Autumn,103
2021-11-08,P030,Home_Product_30,Home,1522.27,917.76,98,149182.46,2.25,189,1530.7,3.74,19,0,Monday,11,0,0,Autumn,125
2021-11-14,P030,Home_Product_30,Home,1438.09,917.76,154,221466.59,8.28,183,1697.71,3.67,21,0,Sunday,11,1,0,Autumn,131
2021-11-16,P030,Home_Product_30,Home,1369.27,917.76,130,178005.18,8.87,175,1528.91,3.84,14,0,Tuesday,11,0,0,Autumn,133
2021-11-16,P030,Home_Product_30,Home,1031.44,917.76,190,195972.75,30.57,190,1721.5,3.64,16,1,Tuesday,11,0,0,Autumn,133
2021-11-18,P030,Home_Product_30,Home,1442.04,917.76,103,148530.39,0.93,112,1504.68,3.87,19,0,Thursday,11,0,0,Autumn,135
2021-11-20,P030,Home_Product_30,Home,1504.12,917.76,141,212080.66,5.58,141,1708.38,4.13,17,0,Saturday,11,1,0,Autumn,137
2021-12-06,P030,Home_Product_30,Home,1533.84,917.76,118,180992.96,4.04,136,1645.8,3.93,18,0,Monday,12,0,0,Winter,153
2021-12-15,P030,Home_Product_30,Home,1141.56,917.76,108,123288.09,25.01,108,1689.85,3.54,22,1,Wednesday,12,0,0,Winter,162
2021-12-25,P030,Home_Product_30,Home,1028.29,917.76,171,175838.38,35.34,171,1534.07,3.65,24,1,Saturday,12,1,1,Winter,172
2021-12-25,P030,Home_Product_30,Home,1494.92,917.76,54,80725.69,6.79,108,1461.33,3.48,20,0,Saturday,12,1,1,Winter,172
2022-01-02,P030,Home_Product_30,Home,1063.45,917.76,54,57426.2,30.34,111,1638.83,3.35,29,1,Sunday,1,1,0,Winter,180
2022-01-07,P030,Home_Product_30,Home,1156.42,917.76,108,124893.73,25.7,192,1487.79,3.96,24,1,Friday,1,0,0,Winter,185
2022-01-21,P030,Home_Product_30,Home,1501.43,917.76,13,19518.6,3.68,116,1516.54,3.42,23,0,Friday,1,0,0,Winter,199
2022-01-26,P030,Home_Product_30,Home,1476.82,917.76,148,218569.7,0.5,148,1643.15,4.04,26,0,Wednesday,1,0,1,Winter,204
2022-02-02,P030,Home_Product_30,Home,1541.1,917.76,50,77054.94,0.79,106,1499.45,3.86,24,0,Wednesday,2,0,0,Winter,211
2022-02-06,P030,Home_Product_30,Home,1376.85,917.76,102,140438.83,5.53,102,1508.72,4.03,33,0,Sunday,2,1,0,Winter,215
2022-02-08,P030,Home_Product_30,Home,1445.63,917.76,126,182149.55,2.14,126,1737.63,4.03,30,0,Tuesday,2,0,0,Winter,217
2022-02-11,P030,Home_Product_30,Home,1457.8,917.76,60,87468.09,2.55,175,1590.69,3.86,31,0,Friday,2,0,0,Winter,220
2022-02-24,P030,Home_Product_30,Home,1567.69,917.76,107,167743.05,1.49,147,1489.37,4.22,30,0,Thursday,2,0,0,Winter,233
2022-02-28,P030,Home_Product_30,Home,1017.8,917.76,111,112976.19,35.91,152,1721.16,3.61,34,1,Monday,2,0,0,Winter,237
2022-03-01,P030,Home_Product_30,Home,1495.41,917.76,155,231788.01,1.83,155,1559.66,4.06,33,0,Tuesday,3,0,0,Spring,238
2022-03-02,P030,Home_Product_30,Home,993.82,917.76,161,160005.35,33.87,161,1715.27,3.81,34,1,Wednesday,3,0,0,Spring,239
2022-03-05,P030,Home_Product_30,Home,1271.6,917.76,159,202184.26,20.08,159,1644.67,3.98,34,1,Saturday,3,1,0,Spring,242
2022-03-06,P030,Home_Product_30,Home,1116.98,917.76,141,157494.46,30.16,141,1520.0,3.85,33,1,Sunday,3,1,0,Spring,243
2022-03-09,P030,Home_Product_30,Home,1567.14,917.76,151,236638.73,0.52,151,1678.71,4.55,29,0,Wednesday,3,0,0,Spring,246
2022-03-13,P030,Home_Product_30,Home,1359.9,917.76,102,138709.87,10.4,102,1510.51,4.18,35,1,Sunday,3,1,0,Spring,250
2022-03-19,P030,Home_Product_30,Home,1425.66,917.76,133,189612.35,6.14,133,1728.84,4.36,33,0,Saturday,3,1,0,Spring,256
2022-03-27,P030,Home_Product_30,Home,1405.13,917.76,117,164400.46,4.04,117,1691.36,3.73,40,0,Sunday,3,1,0,Spring,264
2022-04-11,P030,Home_Product_30,Home,1405.46,917.76,92,129302.68,8.29,182,1635.22,3.93,30,0,Monday,4,0,0,Spring,279
2022-04-13,P030,Home_Product_30,Home,1455.55,917.76,78,113532.71,6.2,189,1650.91,3.91,42,0,Wednesday,4,0,0,Spring,281
2022-04-16,P030,Home_Product_30,Home,1504.87,917.76,191,287431.09,0.92,191,1632.57,4.34,41,0,Saturday,4,1,0,Spring,284
2022-04-16,P030,Home_Product_30,Home,1486.58,917.76,128,190282.38,1.88,128,1575.24,4.43,37,0,Saturday,4,1,0,Spring,284
2022-05-04,P030,Home_Product_30,Home,1590.41,917.76,146,232199.5,0.46,191,1497.1,4.27,39,0,Wednesday,5,0,0,Spring,302
2022-05-08,P030,Home_Product_30,Home,1513.11,917.76,123,186112.9,1.21,123,1621.9,4.09,43,0,Sunday,5,1,0,Spring,306
2022-05-09,P030,Home_Product_30,Home,1413.23,917.76,97,137083.34,5.47,121,1728.92,3.88,40,0,Monday,5,0,0,Spring,307
2022-05-15,P030,Home_Product_30,Home,1461.89,917.76,128,187122.3,2.3,128,1753.15,4.65,42,0,Sunday,5,1,0,Spring,313
2022-05-21,P030,Home_Product_30,Home,1475.34,917.76,89,131305.17,0.37,166,1524.31,3.98,34,0,Saturday,5,1,0,Spring,319
2022-05-25,P030,Home_Product_30,Home,1409.25,917.76,127,178975.0,6.26,127,1576.22,4.59,48,0,Wednesday,5,0,0,Spring,323
2022-05-29,P030,Home_Product_30,Home,1434.39,917.76,79,113316.77,5.85,135,1457.68,3.87,41,0,Sunday,5,1,0,Spring,327
2022-05-29,P030,Home_Product_30,Home,1586.72,917.76,111,176126.15,0.38,111,1728.53,4.36,40,0,Sunday,5,1,0,Spring,327
2022-06-03,P030,Home_Product_30,Home,1483.96,917.76,150,222594.69,5.57,150,1601.85,4.29,48,0,Friday,6,0,0,Summer,332
2022-06-03,P030,Home_Product_30,Home,1467.63,917.76,167,245093.81,1.46,199,1628.34,4.36,47,0,Friday,6,0,0,Summer,332
2022-06-04,P030,Home_Product_30,Home,1419.95,917.76,124,176073.64,9.81,124,1714.3,3.99,41,0,Saturday,6,1,0,Summer,333
2022-06-19,P030,Home_Product_30,Home,1307.85,917.76,155,202717.45,17.84,155,1598.75,4.3,47,1,Sunday,6,1,0,Summer,348
2021-07-13,P001,Electronics_Product_1,Electronics,12844.58,8645.14,70,899120.67,6.34,502,15147.9,3.35,0,0,Tuesday,7,0,0,Summer,5
2021-07-18,P001,Electronics_Product_1,Electronics,14860.22,8645.14,193,2868022.61,0.23,317,15475.36,3.65,1,0,Sunday,7,1,0,Summer,10
2021-07-19,P001,Electronics_Product_1,Electronics,13954.95,8645.14,185,2581666.04,4.3,365,14688.6,3.86,1,0,Monday,7,0,0,Summer,11
2021-07-20,P001,Electronics_Product_1,Electronics,12863.18,8645.14,231,2971394.23,12.79,457,13769.91,3.74,1,1,Tuesday,7,0,0,Summer,12
2021-07-29,P001,Electronics_Product_1,Electronics,14721.72,8645.14,51,750807.79,1.49,277,15281.39,3.32,4,0,Thursday,7,0,0,Summer,21
2021-08-12,P001,Electronics_Product_1,Electronics,12446.17,8645.14,187,2327433.67,9.2,490,16282.61,3.78,4,0,Thursday,8,0,0,Summer,35
2021-08-13,P001,Electronics_Product_1,Electronics,11701.3,8645.14,428,5008156.88,19.19,428,14869.73,3.72,4,1,Friday,8,0,1,Summer,36
2021-08-14,P001,Electronics_Product_1,Electronics,13399.76,8645.14,437,5855693.65,2.65,437,14971.06,3.77,4,0,Saturday,8,1,1,Summer,37
2021-08-19,P001,Electronics_Product_1,Electronics,14389.36,8645.14,164,2359854.35,0.65,297,14922.36,3.77,7,0,Thursday,8,0,0,Summer,42
2021-08-26,P001,Electronics_Product_1,Electronics,13223.06,8645.14,235,3107419.61,7.56,355,15262.92,3.62,7,0,Thursday,8,0,0,Summer,49
2021-08-29,P001,Electronics_Product_1,Electronics,14321.51,8645.14,478,6845683.75,3.19,478,14284.42,4.41,5,0,Sunday,8,1,0,Summer,52
2021-08-31,P001,Electronics_Product_1,Electronics,9458.55,8645.14,289,2733521.57,32.85,467,16192.73,3.6,6,1,Tuesday,8,0,0,Summer,54
2021-09-11,P001,Electronics_Product_1,Electronics,12225.06,8645.14,144,1760408.48,18.71,305,15491.58,3.02,9,1,Saturday,9,1,0,Autumn,65
2021-09-24,P001,Electronics_Product_1,Electronics,12213.08,8645.14,266,3248680.27,12.68,266,14225.65,3.8,8,1,Friday,9,0,0,Autumn,78
2021-10-07,P001,Electronics_Product_1,Electronics,13603.39,8645.14,215,2924728.13,9.97,336,14369.1,3.52,11,0,Thursday,10,0,0,Autumn,91
2021-10-08,P001,Electronics_Product_1,Electronics,10743.97,8645.14,368,3953779.78,27.78,368,16161.61,3.86,10,1,Friday,10,0,0,Autumn,92
2021-11-06,P001,Electronics_Product_1,Electronics,11177.46,8645.14,216,2414331.65,25.48,444,13813.63,3.46,14,1,Saturday,11,1,0,Autumn,121
2021-11-08,P001,Electronics_Product_1,Electronics,13538.25,8645.14,89,1204904.54,2.94,263,13950.08,3.48,13,0,Monday,11,0,0,Autumn,123
2021-11-10,P001,Electronics_Product_1,Electronics,14229.05,8645.14,461,6559590.18,5.82,461,15522.15,4.32,18,0,Wednesday,11,0,0,Autumn,125
2021-11-10,P001,Electronics_Product_1,Electronics,13907.18,8645.14,278,3866195.39,5.83,278,15157.5,3.94,16,0,Wednesday,11,0,0,Autumn,125
2021-11-13,P001,Electronics_Product_1,Electronics,14694.26,8645.14,286,4202557.66,0.12,286,14810.48,3.91,17,0,Saturday,11,1,0,Autumn,128
2021-11-14,P001,Electronics_Product_1,Electronics,13359.29,8645.14,484,6465897.03,6.45,490,15203.02,3.76,13,0,Sunday,11,1,0,Autumn,129
2021-11-15,P001,Electronics_Product_1,Electronics,13293.02,8645.14,313,4160715.9,9.79,454,16364.48,3.89,21,0,Monday,11,0,0,Autumn,130
2021-11-23,P001,Electronics_Product_1,Electronics,13365.95,8645.14,490,6549313.51,7.25,490,15699.14,4.01,19,0,Tuesday,11,0,0,Autumn,138
2021-11-26,P001,Electronics_Product_1,Electronics,13413.08,8645.14,386,5177449.43,8.19,448,16026.12,3.7,20,0,Friday,11,0,0,Autumn,141
2021-12-06,P001,Electronics_Product_1,Electronics,13532.37,8645.14,297,4019113.25,3.41,406,15262.26,3.99,18,0,Monday,12,0,0,Winter,151
2021-12-08,P001,Electronics_Product_1,Electronics,14071.18,8645.14,295,4150997.94,1.83,306,14297.56,3.71,18,0,Wednesday,12,0,0,Winter,153
2021-12-22,P001,Electronics_Product_1,Electronics,9619.32,8645.14,318,3058943.98,32.09,318,16299.17,4.17,24,1,Wednesday,12,0,0,Winter,167
2021-12-22,P001,Electronics_Product_1,Electronics,13996.02,8645.14,290,4058844.81,0.77,290,16459.47,3.62,21,0,Wednesday,12,0,0,Winter,167
2022-01-11,P001,Electronics_Product_1,Electronics,13581.12,8645.14,150,2037167.32,2.66,434,14992.89,3.93,23,0,Tuesday,1,0,0,Winter,187
2022-02-17,P001,Electronics_Product_1,Electronics,9285.78,8645.14,262,2432874.05,32.56,403,15433.82,3.79,25,1,Thursday,2,0,0,Winter,224
2022-02-18,P001,Electronics_Product_1,Electronics,10022.37,8645.14,228,2285100.91,33.38,470,14110.81,3.74,31,1,Friday,2,0,0,Winter,225
2022-03-02,P001,Electronics_Product_1,Electronics,14575.44,8645.14,336,4897348.64,1.65,336,15452.31,4.23,28,0,Wednesday,3,0,0,Spring,237
2022-03-04,P001,Electronics_Product_1,Electronics,13902.75,8645.14,213,2961285.0,3.29,352,16031.64,3.72,31,0,Friday,3,0,0,Spring,239
2022-03-17,P001,Electronics_Product_1,Electronics,13177.78,8645.14,188,2477423.57,7.57,447,15770.55,3.77,33,0,Thursday,3,0,0,Spring,252
2022-03-21,P001,Electronics_Product_1,Electronics,13059.05,8645.14,406,5301972.78,8.0,406,15207.05,4.16,27,0,Monday,3,0,0,Spring,256
2022-03-23,P001,Electronics_Product_1,Electronics,14557.25,8645.14,256,3726656.49,1.6,256,14005.17,4.64,35,0,Wednesday,3,0,0,Spring,258
2022-03-24,P001,Electronics_Product_1,Electronics,13822.87,8645.14,193,2667813.64,2.87,300,16550.42,3.97,33,0,Thursday,3,0,0,Spring,259
2022-04-01,P001,Electronics_Product_1,Electronics,14961.68,8645.14,186,2782871.87,0.44,468,15044.85,3.76,36,0,Friday,4,0,0,Spring,267
2022-04-04,P001,Electronics_Product_1,Electronics,14193.72,8645.14,153,2171639.12,1.91,257,13896.58,3.88,36,0,Monday,4,0,0,Spring,270
2022-04-05,P001,Electronics_Product_1,Electronics,12981.53,8645.14,203,2635250.23,9.42,455,15234.4,3.8,35,0,Tuesday,4,0,0,Spring,271
2022-04-09,P001,Electronics_Product_1,Electronics,13241.74,8645.14,442,5852850.79,5.34,442,14095.07,4.11,33,0,Saturday,4,1,0,Spring,275
2022-04-12,P001,Electronics_Product_1,Electronics,12843.18,8645.14,315,4045600.65,13.95,315,15514.53,4.35,37,1,Tuesday,4,0,0,Spring,278
2022-04-21,P001,Electronics_Product_1,Electronics,14804.05,8645.14,263,3893465.41,1.7,263,14989.49,4.5,36,0,Thursday,4,0,0,Spring,287
2022-04-24,P001,Electronics_Product_1,Electronics,13181.89,8645.14,305,4020475.21,3.85,305,16418.73,4.22,40,0,Sunday,4,1,0,Spring,290
2022-05-11,P001,Electronics_Product_1,Electronics,10034.67,8645.14,446,4475462.48,28.8,446,15149.18,4.26,41,1,Wednesday,5,0,0,Spring,307
2022-05-13,P001,Electronics_Product_1,Electronics,13705.82,8645.14,399,5468620.92,2.17,399,14480.84,4.12,38,0,Friday,5,0,0,Spring,309
2022-05-15,P001,Electronics_Product_1,Electronics,13482.53,8645.14,500,6741262.76,4.08,500,14979.4,4.53,41,0,Sunday,5,1,0,Spring,311
2022-05-16,P001,Electronics_Product_1,Electronics,8835.76,8645.14,357,3154366.39,35.67,357,16467.25,4.06,40,1,Monday,5,0,0,Spring,312
2022-05-17,P001,Electronics_Product_1,Electronics,12552.26,8645.14,301,3778229.52,15.33,301,14515.04,4.23,38,1,Tuesday,5,0,0,Spring,313
2022-05-20,P001,Electronics_Product_1,Electronics,11770.63,8645.14,458,5390950.37,18.57,458,15159.44,4.41,46,1,Friday,5,0,0,Spring,316
2022-05-26,P001,Electronics_Product_1,Electronics,13084.04,8645.14,253,3310263.01,6.51,253,14768.07,4.9,44,0,Thursday,5,0,0,Spring,322
2022-05-30,P001,Electronics_Product_1,Electronics,10191.27,8645.14,457,4657410.95,30.84,457,15247.81,4.56,48,1,Monday,5,0,0,Spring,326
2022-05-30,P001,Electronics_Product_1,Electronics,13911.63,8645.14,159,2211948.82,4.68,375,13893.5,3.66,45,0,Monday,5,0,0,Spring,326
2022-06-01,P001,Electronics_Product_1,Electronics,13489.5,8645.14,291,3925444.5,8.14,291,16350.58,4.48,41,0,Wednesday,6,0,0,Summer,328
2022-06-20,P001,Electronics_Product_1,Electronics,12703.91,8645.14,264,3353831.99,7.69,264,14633.69,4.5,47,0,Monday,6,0,0,Summer,347
2022-06-22,P001,Electronics_Product_1,Electronics,13061.05,8645.14,293,3826887.68,8.3,293,13694.36,4.71,44,0,Wednesday,6,0,0,Summer,349
2022-07-01,P001,Electronics_Product_1,Electronics,13075.46,8645.14,461,6027788.21,5.55,461,15373.24,4.19,47,0,Friday,7,0,0,Summer,358
