product_sales_data.csv
date,product_id,product_name,category,price,cost_price,units_sold,revenue,discount_percent,stock_available,competitor_price,rating,review_count,is_promoted,day_of_week,month,is_weekend,is_holiday,season,days_since_launch
2021-07-14,P004,Sports_Product_4,Sports,3038.69,2048.13,60,182321.52,7.93,123,3693.2,3.68,0,0,Wednesday,7,0,0,Summer,3
2021-07-21,P004,Sports_Product_4,Sports,3105.39,2048.13,15,46580.86,4.88,124,3399.38,3.24,1,0,Wednesday,7,0,0,Summer,10
2021-07-28,P004,Sports_Product_4,Sports,2913.27,2048.13,36,104877.73,15.35,147,3554.91,3.2,1,1,Wednesday,7,0,0,Summer,17
2021-07-29,P004,Sports_Product_4,Sports,2247.74,2048.13,44,98900.73,32.5,98,3566.64,3.01,1,1,Thursday,7,0,0,Summer,18
2021-07-31,P004,Sports_Product_4,Sports,3233.08,2048.13,22,71127.84,0.77,79,3315.73,3.36,2,0,Saturday,7,1,0,Summer,20
2021-08-02,P004,Sports_Product_4,Sports,3209.42,2048.13,78,250335.12,7.75,81,3737.82,3.51,2,0,Monday,8,0,0,Summer,22
2021-08-02,P004,Sports_Product_4,Sports,3161.25,2048.13,61,192836.42,3.62,141,3840.88,4.0,4,0,Monday,8,0,0,Summer,22
2021-08-15,P004,Sports_Product_4,Sports,3226.27,2048.13,101,325853.18,9.24,101,3924.6,3.93,5,0,Sunday,8,1,1,Summer,35
2021-08-22,P004,Sports_Product_4,Sports,3413.63,2048.13,23,78513.53,4.0,143,3882.52,3.46,4,0,Sunday,8,1,0,Summer,42
2021-08-23,P004,Sports_Product_4,Sports,2400.31,2048.13,101,242431.17,31.39,101,3531.57,3.53,5,1,Monday,8,0,0,Summer,43
2021-08-26,P004,Sports_Product_4,Sports,3206.78,2048.13,73,234094.99,8.23,132,3631.53,3.75,7,0,Thursday,8,0,0,Summer,46
2021-09-01,P004,Sports_Product_4,Sports,3162.22,2048.13,20,63244.38,8.15,138,3888.83,3.15,5,0,Wednesday,9,0,0,Autumn,52
2021-09-02,P004,Sports_Product_4,Sports,3562.81,2048.13,51,181703.09,0.34,104,3458.83,3.51,7,0,Thursday,9,0,0,Autumn,53
2021-09-11,P004,Sports_Product_4,Sports,2192.62,2048.13,124,271884.9,37.02,124,3372.2,4.18,10,1,Saturday,9,1,0,Autumn,62
2021-09-12,P004,Sports_Product_4,Sports,3367.13,2048.13,90,303041.29,3.05,118,3866.57,3.55,7,0,Sunday,9,1,0,Autumn,63
2021-09-13,P004,Sports_Product_4,Sports,3388.27,2048.13,111,376097.69,2.81,111,3250.72,4.35,8,0,Monday,9,0,0,Autumn,64
2021-09-26,P004,Sports_Product_4,Sports,3236.05,2048.13,81,262120.01,6.61,118,3446.46,3.59,8,0,Sunday,9,1,0,Autumn,77
2021-09-26,P004,Sports_Product_4,Sports,3196.4,2048.13,27,86302.93,4.0,93,3841.44,3.36,10,0,Sunday,9,1,0,Autumn,77
2021-09-27,P004,Sports_Product_4,Sports,3193.23,2048.13,58,185207.34,9.28,122,3468.63,3.83,8,0,Monday,9,0,0,Autumn,78
2021-09-29,P004,Sports_Product_4,Sports,3487.46,2048.13,16,55799.38,0.19,89,3385.15,3.29,13,0,Wednesday,9,0,0,Autumn,80
2021-10-04,P004,Sports_Product_4,Sports,2415.24,2048.13,66,159405.71,28.14,92,3551.46,3.46,10,1,Monday,10,0,1,Autumn,85
2021-10-04,P004,Sports_Product_4,Sports,3094.05,2048.13,96,297028.74,7.58,96,3467.2,3.78,10,0,Monday,10,0,1,Autumn,85
2021-10-09,P004,Sports_Product_4,Sports,3151.51,2048.13,30,94545.37,7.54,114,3793.83,3.28,14,0,Saturday,10,1,0,Autumn,90
2021-10-19,P004,Sports_Product_4,Sports,3454.0,2048.13,102,352307.89,2.0,102,3755.67,4.01,12,0,Tuesday,10,0,0,Autumn,100
2021-10-25,P004,Sports_Product_4,Sports,3157.68,2048.13,57,179987.95,4.88,132,3271.01,3.89,14,0,Monday,10,0,0,Autumn,106
2021-11-03,P004,Sports_Product_4,Sports,2514.86,2048.13,105,264060.46,24.45,105,3492.46,4.34,13,1,Wednesday,11,0,1,Autumn,115
2021-11-09,P004,Sports_Product_4,Sports,3029.5,2048.13,103,312038.18,13.24,103,3246.09,4.02,13,1,Tuesday,11,0,0,Autumn,121
2021-11-12,P004,Sports_Product_4,Sports,3416.51,2048.13,93,317735.15,1.89,93,3856.94,4.11,18,0,Friday,11,0,0,Autumn,124
2021-11-16,P004,Sports_Product_4,Sports,3137.64,2048.13,29,90991.64,5.84,143,3431.21,3.39,15,0,Tuesday,11,0,0,Autumn,128
2021-11-18,P004,Sports_Product_4,Sports,2846.89,2048.13,60,170813.35,15.46,138,3279.01,3.27,22,1,Thursday,11,0,0,Autumn,130
2021-11-21,P004,Sports_Product_4,Sports,3165.72,2048.13,118,373554.49,3.75,118,3865.87,4.19,22,0,Sunday,11,1,0,Autumn,133
2021-11-24,P004,Sports_Product_4,Sports,3119.87,2048.13,104,324466.93,7.31,152,3842.34,3.76,19,0,Wednesday,11,0,0,Autumn,136
2021-12-06,P004,Sports_Product_4,Sports,3011.6,2048.13,98,295136.99,8.81,151,3868.37,3.79,16,0,Monday,12,0,0,Winter,148
2021-12-16,P004,Sports_Product_4,Sports,2680.46,2048.13,101,270726.24,24.87,101,3890.68,3.86,21,1,Thursday,12,0,0,Winter,158
2021-12-23,P004,Sports_Product_4,Sports,3492.51,2048.13,79,275908.17,1.1,79,3246.37,4.1,24,0,Thursday,12,0,1,Winter,165
2021-12-23,P004,Sports_Product_4,Sports,3209.63,2048.13,85,272818.67,5.15,85,3857.43,4.28,18,0,Thursday,12,0,1,Winter,165
2021-12-25,P004,Sports_Product_4,Sports,3233.89,2048.13,98,316921.08,8.31,98,3690.25,4.01,25,0,Saturday,12,1,1,Winter,167
2021-12-28,P004,Sports_Product_4,Sports,3061.95,2048.13,136,416425.19,9.99,136,3922.14,4.43,24,0,Tuesday,12,0,0,Winter,170
2022-01-08,P004,Sports_Product_4,Sports,3159.91,2048.13,147,464506.65,3.3,147,3921.52,4.44,24,0,Saturday,1,1,0,Winter,181
2022-01-17,P004,Sports_Product_4,Sports,3286.94,2048.13,41,134764.38,2.74,90,3564.15,3.82,29,0,Monday,1,0,0,Winter,190
2022-02-10,P004,Sports_Product_4,Sports,3147.75,2048.13,51,160535.02,4.34,143,3660.06,3.79,26,0,Thursday,2,0,0,Winter,214
2022-02-18,P004,Sports_Product_4,Sports,3256.49,2048.13,104,338675.1,0.08,116,3759.88,4.05,33,0,Friday,2,0,0,Winter,222
2022-02-18,P004,Sports_Product_4,Sports,3339.53,2048.13,33,110204.55,4.39,130,3255.88,3.69,30,0,Friday,2,0,0,Winter,222
2022-02-22,P004,Sports_Product_4,Sports,2583.98,2048.13,153,395348.72,23.3,153,3700.15,4.26,31,1,Tuesday,2,0,0,Winter,226
2022-02-22,P004,Sports_Product_4,Sports,3360.07,2048.13,112,376327.61,0.21,148,3605.72,4.09,29,0,Tuesday,2,0,0,Winter,226
2022-02-26,P004,Sports_Product_4,Sports,3008.77,2048.13,73,219639.97,7.91,90,3677.63,3.78,28,0,Saturday,2,1,0,Winter,230
2022-03-04,P004,Sports_Product_4,Sports,3022.96,2048.13,98,296249.67,7.38,98,3610.64,4.13,33,0,Friday,3,0,0,Spring,236
2022-03-05,P004,Sports_Product_4,Sports,3013.13,2048.13,127,382667.52,7.52,127,3425.11,4.57,36,0,Saturday,3,1,0,Spring,237
2022-03-06,P004,Sports_Product_4,Sports,2290.7,2048.13,103,235942.01,32.21,103,3869.62,4.2,30,1,Sunday,3,1,0,Spring,238
2022-03-06,P004,Sports_Product_4,Sports,3053.02,2048.13,23,70219.41,6.19,149,3377.04,3.36,34,0,Sunday,3,1,0,Spring,238
2022-03-21,P004,Sports_Product_4,Sports,3052.07,2048.13,135,412028.78,8.15,135,3379.85,4.37,35,0,Monday,3,0,0,Spring,253
2022-03-22,P004,Sports_Product_4,Sports,3288.9,2048.13,119,391379.02,4.88,119,3681.3,4.21,34,0,Tuesday,3,0,0,Spring,254
2022-03-24,P004,Sports_Product_4,Sports,2059.26,2048.13,96,197688.94,36.98,96,3604.5,4.17,37,1,Thursday,3,0,0,Spring,256
2022-03-25,P004,Sports_Product_4,Sports,3461.35,2048.13,59,204219.72,0.42,123,3452.77,3.91,30,0,Friday,3,0,0,Spring,257
2022-03-25,P004,Sports_Product_4,Sports,3246.5,2048.13,143,464250.01,8.36,143,3866.04,4.8,32,0,Friday,3,0,0,Spring,257
2022-03-26,P004,Sports_Product_4,Sports,3524.48,2048.13,70,246713.65,0.08,153,3595.35,3.97,34,0,Saturday,3,1,0,Spring,258
2022-04-01,P004,Sports_Product_4,Sports,3519.91,2048.13,59,207674.88,1.78,106,3805.2,3.72,34,0,Friday,4,0,0,Spring,264
2022-04-12,P004,Sports_Product_4,Sports,3035.34,2048.13,140,424948.08,13.8,140,3869.85,4.16,38,1,Tuesday,4,0,0,Spring,275
2022-04-12,P004,Sports_Product_4,Sports,3312.56,2048.13,80,265004.72,2.72,80,3871.04,4.75,40,0,Tuesday,4,0,0,Spring,275
2022-04-13,P004,Sports_Product_4,Sports,3158.66,2048.13,65,205312.79,7.03,148,3408.96,3.58,37,0,Wednesday,4,0,0,Spring,276
2022-04-18,P004,Sports_Product_4,Sports,3218.54,2048.13,55,177019.64,3.21,110,3513.37,3.65,44,0,Monday,4,0,0,Spring,281
2022-04-20,P004,Sports_Product_4,Sports,3191.93,2048.13,108,344728.18,9.98,108,3796.16,4.11,41,0,Wednesday,4,0,0,Spring,283
2022-04-24,P004,Sports_Product_4,Sports,3014.27,2048.13,103,310469.84,8.39,103,3599.29,4.26,41,0,Sunday,4,1,0,Spring,287
2022-04-30,P004,Sports_Product_4,Sports,3224.24,2048.13,82,264387.74,4.15,82,3375.59,4.74,38,0,Saturday,4,1,0,Spring,293
2022-05-02,P004,Sports_Product_4,Sports,3239.65,2048.13,153,495666.44,6.69,153,3261.68,4.56,37,0,Monday,5,0,0,Spring,295
2022-05-12,P004,Sports_Product_4,Sports,3032.92,2048.13,73,221403.32,13.3,130,3444.17,3.75,31,1,Thursday,5,0,0,Spring,305
2022-05-13,P004,Sports_Product_4,Sports,3002.59,2048.13,132,396341.7,8.67,132,3677.66,4.13,39,0,Friday,5,0,0,Spring,306
2022-05-14,P004,Sports_Product_4,Sports,2328.9,2048.13,104,242206.04,33.99,104,3425.32,3.91,39,1,Saturday,5,1,0,Spring,307
2022-05-16,P004,Sports_Product_4,Sports,3217.14,2048.13,145,466485.62,4.04,145,3451.17,4.01,41,0,Monday,5,0,0,Spring,309
2022-05-24,P004,Sports_Product_4,Sports,3182.65,2048.13,130,413744.28,6.88,130,3567.6,4.52,44,0,Tuesday,5,0,0,Spring,317
2022-05-27,P004,Sports_Product_4,Sports,3298.05,2048.13,115,379276.08,7.33,115,3552.21,4.24,40,0,Friday,5,0,0,Spring,320
2022-06-08,P004,Sports_Product_4,Sports,3301.43,2048.13,94,310334.63,4.22,94,3889.57,4.49,43,0,Wednesday,6,0,0,Summer,332
2022-06-09,P004,Sports_Product_4,Sports,2614.62,2048.13,121,316368.65,21.3,122,3424.04,3.97,45,1,Thursday,6,0,0,Summer,333
2022-06-11,P004,Sports_Product_4,Sports,3532.2,2048.13,137,483911.25,0.71,137,3248.28,4.33,47,0,Saturday,6,1,0,Summer,335
2022-06-24,P004,Sports_Product_4,Sports,3146.89,2048.13,68,213988.33,9.67,152,3667.91,3.98,45,0,Friday,6,0,0,Summer,348
2022-06-30,P004,Sports_Product_4,Sports,3349.54,2048.13,154,515828.63,4.59,154,3851.91,4.63,46,0,Thursday,6,0,0,Summer,354
2021-07-22,P022,Beauty_Product_22,Beauty,1333.21,844.1,42,55994.76,8.27,320,1418.77,3.34,0,0,Thursday,7,0,0,Summer,2
2021-07-27,P022,Beauty_Product_22,Beauty,1362.95,844.1,159,216709.67,1.34,241,1593.5,3.72,0,0,Tuesday,7,0,0,Summer,7
2021-07-28,P022,Beauty_Product_22,Beauty,1416.73,844.1,31,43918.76,1.58,242,1400.49,3.43,1,0,Wednesday,7,0,0,Summer,8
2021-07-29,P022,Beauty_Product_22,Beauty,874.92,844.1,95,83117.12,34.77,209,1385.7,3.38,0,1,Thursday,7,0,0,Summer,9
2021-08-03,P022,Beauty_Product_22,Beauty,1405.35,844.1,40,56213.98,4.38,208,1491.31,3.48,2,0,Tuesday,8,0,0,Summer,14
2021-08-19,P022,Beauty_Product_22,Beauty,1269.51,844.1,157,199313.39,6.57,271,1490.52,3.53,3,0,Thursday,8,0,0,Summer,30
2021-08-21,P022,Beauty_Product_22,Beauty,1353.46,844.1,39,52784.89,7.33,225,1346.13,3.15,4,0,Saturday,8,1,0,Summer,32
2021-08-27,P022,Beauty_Product_22,Beauty,1316.5,844.1,329,433127.24,7.41,329,1418.5,4.11,4,0,Friday,8,0,0,Summer,38
2021-09-12,P022,Beauty_Product_22,Beauty,1262.31,844.1,66,83312.15,13.37,281,1395.57,3.21,7,1,Sunday,9,1,0,Autumn,54
2021-09-19,P022,Beauty_Product_22,Beauty,1415.3,844.1,319,451480.62,0.35,319,1565.06,4.05,8,0,Sunday,9,1,0,Autumn,61
2021-10-15,P022,Beauty_Product_22,Beauty,1325.12,844.1,290,384284.92,4.2,290,1614.7,4.08,10,0,Friday,10,0,0,Autumn,87
2021-10-20,P022,Beauty_Product_22,Beauty,1334.66,844.1,168,224222.53,0.21,258,1598.66,3.94,13,0,Wednesday,10,0,0,Autumn,92
2021-10-21,P022,Beauty_Product_22,Beauty,934.6,844.1,295,275708.45,32.61,295,1518.72,3.78,16,1,Thursday,10,0,0,Autumn,93
2021-11-02,P022,Beauty_Product_22,Beauty,1354.82,844.1,263,356317.25,4.24,288,1396.48,3.86,12,0,Tuesday,11,0,1,Autumn,105
2021-11-08,P022,Beauty_Product_22,Beauty,1333.12,844.1,216,287953.16,5.67,307,1478.41,3.72,14,0,Monday,11,0,0,Autumn,111
2021-11-13,P022,Beauty_Product_22,Beauty,857.36,844.1,323,276927.82,36.83,323,1515.36,3.65,14,1,Saturday,11,1,0,Autumn,116
2021-11-20,P022,Beauty_Product_22,Beauty,1319.85,844.1,189,249451.88,1.56,189,1518.83,3.72,21,0,Saturday,11,1,0,Autumn,123
2021-11-21,P022,Beauty_Product_22,Beauty,1055.65,844.1,241,254410.69,23.52,241,1566.06,3.87,14,1,Sunday,11,1,0,Autumn,124
2021-12-01,P022,Beauty_Product_22,Beauty,1332.12,844.1,58,77262.82,4.92,237,1554.42,3.46,22,0,Wednesday,12,0,0,Winter,134
2021-12-04,P022,Beauty_Product_22,Beauty,1390.88,844.1,246,342155.33,1.66,246,1367.19,3.79,20,0,Saturday,12,1,0,Winter,137
2021-12-11,P022,Beauty_Product_22,Beauty,1136.01,844.1,173,196529.02,21.62,312,1576.28,3.21,19,1,Saturday,12,1,0,Winter,144
2021-12-15,P022,Beauty_Product_22,Beauty,1119.16,844.1,306,342462.48,17.55,306,1416.28,3.91,17,1,Wednesday,12,0,0,Winter,148
2021-12-25,P022,Beauty_Product_22,Beauty,846.98,844.1,338,286278.15,38.1,338,1434.96,3.55,20,1,Saturday,12,1,1,Winter,158
2021-12-25,P022,Beauty_Product_22,Beauty,1011.53,844.1,197,199270.51,24.63,197,1542.8,4.13,16,1,Saturday,12,1,1,Winter,158
2021-12-27,P022,Beauty_Product_22,Beauty,1083.59,844.1,314,340248.72,19.67,314,1420.69,3.62,21,1,Monday,12,0,1,Winter,160
2021-12-31,P022,Beauty_Product_22,Beauty,1295.44,844.1,227,294064.28,11.09,227,1485.19,4.26,22,1,Friday,12,0,0,Winter,164
2022-01-01,P022,Beauty_Product_22,Beauty,946.01,844.1,199,188256.44,33.74,199,1496.82,3.85,22,1,Saturday,1,1,0,Winter,165
2022-01-07,P022,Beauty_Product_22,Beauty,1348.91,844.1,172,232011.75,0.56,278,1351.35,4.06,22,0,Friday,1,0,0,Winter,171
2022-01-14,P022,Beauty_Product_22,Beauty,1374.09,844.1,179,245962.82,5.01,182,1368.97,4.08,20,0,Friday,1,0,0,Winter,178
2022-01-15,P022,Beauty_Product_22,Beauty,1239.68,844.1,136,168596.26,9.65,201,1527.13,3.53,22,0,Saturday,1,1,0,Winter,179
2022-01-19,P022,Beauty_Product_22,Beauty,970.28,844.1,189,183383.38,33.55,189,1384.65,3.76,23,1,Wednesday,1,0,0,Winter,183
2022-01-31,P022,Beauty_Product_22,Beauty,1339.33,844.1,106,141968.84,2.8,293,1514.76,3.63,23,0,Monday,1,0,0,Winter,195
2022-01-31,P022,Beauty_Product_22,Beauty,989.63,844.1,192,190009.1,26.29,192,1349.23,4.43,22,1,Monday,1,0,0,Winter,195
2022-02-12,P022,Beauty_Product_22,Beauty,1333.04,844.1,244,325261.91,4.52,244,1380.6,4.02,29,0,Saturday,2,1,0,Winter,207
2022-02-16,P022,Beauty_Product_22,Beauty,1325.34,844.1,200,265068.26,1.81,200,1449.11,4.22,25,0,Wednesday,2,0,0,Winter,211
2022-03-05,P022,Beauty_Product_22,Beauty,947.2,844.1,318,301208.05,35.85,318,1596.25,4.09,31,1,Saturday,3,1,0,Spring,228
2022-03-07,P022,Beauty_Product_22,Beauty,1238.16,844.1,209,258775.35,7.85,209,1402.43,4.42,36,0,Monday,3,0,0,Spring,230
2022-03-07,P022,Beauty_Product_22,Beauty,1304.83,844.1,103,134397.77,9.53,200,1365.7,3.94,27,0,Monday,3,0,0,Spring,230
2022-03-09,P022,Beauty_Product_22,Beauty,1347.15,844.1,280,377200.94,1.42,323,1494.75,4.01,29,0,Wednesday,3,0,0,Spring,232
2022-03-10,P022,Beauty_Product_22,Beauty,915.17,844.1,319,291939.27,34.0,319,1389.74,3.7,31,1,Thursday,3,0,0,Spring,233
2022-03-15,P022,Beauty_Product_22,Beauty,1270.31,844.1,328,416660.15,8.86,328,1452.29,4.32,31,0,Tuesday,3,0,0,Spring,238
2022-03-17,P022,Beauty_Product_22,Beauty,1048.4,844.1,273,286213.61,26.95,273,1605.02,4.51,32,1,Thursday,3,0,0,Spring,240
2022-03-20,P022,Beauty_Product_22,Beauty,1330.71,844.1,236,314048.29,8.66,236,1498.27,4.07,36,0,Sunday,3,1,0,Spring,243
2022-03-27,P022,Beauty_Product_22,Beauty,1205.02,844.1,264,318125.49,17.51,264,1429.76,4.01,45,1,Sunday,3,1,0,Spring,250
2022-03-31,P022,Beauty_Product_22,Beauty,1318.65,844.1,217,286147.76,3.49,217,1441.81,4.33,33,0,Thursday,3,0,0,Spring,254
2022-04-05,P022,Beauty_Product_22,Beauty,1239.88,844.1,209,259134.4,10.44,213,1408.11,3.92,34,1,Tuesday,4,0,0,Spring,259
2022-04-10,P022,Beauty_Product_22,Beauty,1030.08,844.1,306,315205.76,25.91,306,1608.38,4.08,37,1,Sunday,4,1,0,Spring,264
2022-04-22,P022,Beauty_Product_22,Beauty,1277.33,844.1,206,263130.57,8.17,206,1506.2,4.77,35,0,Friday,4,0,0,Spring,276
2022-04-27,P022,Beauty_Product_22,Beauty,1430.22,844.1,37,52918.17,0.68,262,1504.4,3.4,34,0,Wednesday,4,0,0,Spring,281
2022-05-02,P022,Beauty_Product_22,Beauty,1296.04,844.1,324,419917.34,5.19,324,1485.38,4.08,37,0,Monday,5,0,0,Spring,286
2022-05-09,P022,Beauty_Product_22,Beauty,1271.54,844.1,327,415794.86,7.64,327,1595.7,4.09,37,0,Monday,5,0,0,Spring,293
2022-05-18,P022,Beauty_Product_22,Beauty,1333.56,844.1,100,133356.33,7.34,238,1356.95,3.86,33,0,Wednesday,5,0,0,Spring,302
2022-05-22,P022,Beauty_Product_22,Beauty,1429.86,844.1,200,285971.45,2.6,200,1483.34,4.17,43,0,Sunday,5,1,0,Spring,306
2022-05-28,P022,Beauty_Product_22,Beauty,1318.95,844.1,335,441848.72,8.05,335,1426.26,4.06,46,0,Saturday,5,1,0,Spring,312
2022-06-07,P022,Beauty_Product_22,Beauty,1360.69,844.1,40,54427.71,4.64,224,1495.52,3.25,44,0,Tuesday,6,0,0,Summer,322
2022-06-15,P022,Beauty_Product_22,Beauty,1393.59,844.1,300,418077.28,4.57,300,1579.09,4.56,38,0,Wednesday,6,0,0,Summer,330
2022-06-15,P022,Beauty_Product_22,Beauty,1320.2,844.1,221,291763.61,2.3,221,1344.15,4.6,44,0,Wednesday,6,0,0,Summer,330
2022-06-26,P022,Beauty_Product_22,Beauty,1270.23,844.1,278,353124.82,8.87,278,1375.16,4.63,49,0,Sunday,6,1,0,Summer,341
2022-06-28,P022,Beauty_Product_22,Beauty,1318.85,844.1,106,139798.09,2.69,274,1382.44,3.77,44,0,Tuesday,6,0,0,Summer,343
