product_sales_data.csv
date,product_id,product_name,category,price,cost_price,units_sold,revenue,discount_percent,stock_available,competitor_price,rating,review_count,is_promoted,day_of_week,month,is_weekend,is_holiday,season,days_since_launch
2021-08-14,P036,Electronics_Product_36,Electronics,8839.59,5645.44,94,830921.2,8.11,406,10690.52,3.0,0,0,Saturday,8,1,1,Summer,1
2021-08-17,P036,Electronics_Product_36,Electronics,5679.46,5645.44,257,1459621.98,36.79,257,9449.1,3.65,0,1,Tuesday,8,0,1,Summer,4
2021-08-23,P036,Electronics_Product_36,Electronics,9088.69,5645.44,59,536232.57,6.5,314,10207.16,3.48,1,0,Monday,8,0,0,Summer,10
2021-08-25,P036,Electronics_Product_36,Electronics,8909.06,5645.44,55,489998.47,9.5,391,10672.72,3.33,2,0,Wednesday,8,0,0,Summer,12
2021-08-27,P036,Electronics_Product_36,Electronics,7848.39,5645.44,244,1915008.03,16.35,263,10767.9,3.86,1,1,Friday,8,0,0,Summer,14
2021-08-27,P036,Electronics_Product_36,Electronics,9488.1,5645.44,58,550309.93,2.27,224,10670.0,3.3,1,0,Friday,8,0,0,Summer,14
2021-09-09,P036,Electronics_Product_36,Electronics,9285.08,5645.44,200,1857015.68,1.77,307,10452.69,3.77,2,0,Thursday,9,0,0,Autumn,27
2021-09-11,P036,Electronics_Product_36,Electronics,6199.46,5645.44,322,1996224.87,36.75,352,9541.05,3.66,2,1,Saturday,9,1,0,Autumn,29
2021-09-23,P036,Electronics_Product_36,Electronics,8560.88,5645.44,138,1181401.11,9.26,342,9200.09,3.77,5,0,Thursday,9,0,0,Autumn,41
2021-10-01,P036,Electronics_Product_36,Electronics,8693.18,5645.44,319,2773125.16,6.0,319,9714.69,3.54,7,0,Friday,10,0,1,Autumn,49
2021-10-04,P036,Electronics_Product_36,Electronics,8796.53,5645.44,80,703722.61,8.15,394,9713.45,3.23,7,0,Monday,10,0,1,Autumn,52
2021-10-04,P036,Electronics_Product_36,Electronics,8592.89,5645.44,89,764766.83,4.82,268,10740.57,3.24,5,0,Monday,10,0,1,Autumn,52
2021-10-15,P036,Electronics_Product_36,Electronics,6394.54,5645.44,218,1394008.89,32.75,218,10011.84,3.59,8,1,Friday,10,0,0,Autumn,63
2021-10-20,P036,Electronics_Product_36,Electronics,8016.25,5645.44,249,1996046.13,18.26,249,9291.66,3.59,7,1,Wednesday,10,0,0,Autumn,68
2021-10-29,P036,Electronics_Product_36,Electronics,8814.55,5645.44,385,3393601.72,4.9,385,10630.68,4.33,8,0,Friday,10,0,0,Autumn,77
2021-10-30,P036,Electronics_Product_36,Electronics,8847.7,5645.44,247,2185382.26,1.17,247,10719.36,3.8,8,0,Saturday,10,1,1,Autumn,78
2021-11-06,P036,Electronics_Product_36,Electronics,9095.85,5645.44,318,2892478.94,7.54,318,10402.6,4.38,14,0,Saturday,11,1,0,Autumn,85
2021-11-25,P036,Electronics_Product_36,Electronics,7186.87,5645.44,331,2378855.62,26.74,331,9130.62,3.72,14,1,Thursday,11,0,0,Autumn,104
2021-11-28,P036,Electronics_Product_36,Electronics,6967.76,5645.44,303,2111232.03,24.14,303,9097.86,3.59,14,1,Sunday,11,1,0,Autumn,107
2021-12-09,P036,Electronics_Product_36,Electronics,9467.04,5645.44,207,1959678.31,0.89,385,9767.75,3.79,12,0,Thursday,12,0,0,Winter,118
2021-12-15,P036,Electronics_Product_36,Electronics,8748.9,5645.44,222,1942256.09,8.25,222,9052.95,3.85,16,0,Wednesday,12,0,0,Winter,124
2021-12-20,P036,Electronics_Product_36,Electronics,9008.89,5645.44,82,738728.68,4.18,303,9878.2,3.37,15,0,Monday,12,0,0,Winter,129
2022-01-13,P036,Electronics_Product_36,Electronics,8911.23,5645.44,43,383182.84,2.93,237,10465.66,3.46,22,0,Thursday,1,0,0,Winter,153
2022-01-27,P036,Electronics_Product_36,Electronics,8109.61,5645.44,370,3000555.58,17.39,370,10360.73,4.19,20,1,Thursday,1,0,1,Winter,167
2022-02-03,P036,Electronics_Product_36,Electronics,8602.46,5645.44,127,1092512.53,4.0,255,10063.12,3.94,19,0,Thursday,2,0,0,Winter,174
2022-02-22,P036,Electronics_Product_36,Electronics,9051.16,5645.44,129,1167599.48,6.86,380,10155.13,3.64,26,0,Tuesday,2,0,0,Winter,193
2022-02-25,P036,Electronics_Product_36,Electronics,7554.68,5645.44,190,1435388.26,18.48,242,10139.27,3.59,30,1,Friday,2,0,0,Winter,196
2022-02-27,P036,Electronics_Product_36,Electronics,8700.38,5645.44,175,1522566.58,3.61,292,10315.05,3.88,34,0,Sunday,2,1,0,Winter,198
2022-02-27,P036,Electronics_Product_36,Electronics,8964.31,5645.44,54,484072.95,4.92,266,10748.44,3.31,23,0,Sunday,2,1,0,Winter,198
2022-03-06,P036,Electronics_Product_36,Electronics,8906.09,5645.44,72,641238.5,6.72,406,10282.85,3.12,27,0,Sunday,3,1,0,Spring,205
2022-03-06,P036,Electronics_Product_36,Electronics,9545.21,5645.44,291,2777655.63,0.97,291,9144.4,4.23,34,0,Sunday,3,1,0,Spring,205
2022-03-06,P036,Electronics_Product_36,Electronics,8961.15,5645.44,235,2105870.04,2.88,235,10596.73,3.61,31,0,Sunday,3,1,0,Spring,205
2022-03-08,P036,Electronics_Product_36,Electronics,8761.4,5645.44,184,1612097.16,10.51,255,9457.81,3.99,26,1,Tuesday,3,0,0,Spring,207
2022-03-15,P036,Electronics_Product_36,Electronics,9175.01,5645.44,407,3734229.01,4.86,407,10485.25,4.37,25,0,Tuesday,3,0,0,Spring,214
2022-03-28,P036,Electronics_Product_36,Electronics,8652.15,5645.44,254,2197647.36,5.22,254,10699.28,4.02,33,0,Monday,3,0,0,Spring,227
2022-04-02,P036,Electronics_Product_36,Electronics,8553.74,5645.44,377,3224758.11,8.71,377,10301.61,4.23,31,0,Saturday,4,1,0,Spring,232
2022-04-07,P036,Electronics_Product_36,Electronics,9070.61,5645.44,204,1850405.41,2.66,215,10259.38,3.68,30,0,Thursday,4,0,0,Spring,237
2022-04-11,P036,Electronics_Product_36,Electronics,8278.15,5645.44,391,3236757.75,8.75,391,9757.75,4.34,35,0,Monday,4,0,0,Spring,241
2022-04-21,P036,Electronics_Product_36,Electronics,6542.1,5645.44,301,1969172.64,31.2,364,10495.01,3.95,40,1,Thursday,4,0,0,Spring,251
2022-04-26,P036,Electronics_Product_36,Electronics,8927.48,5645.44,154,1374832.15,5.75,311,9674.49,3.71,35,0,Tuesday,4,0,0,Spring,256
2022-05-02,P036,Electronics_Product_36,Electronics,6376.6,5645.44,260,1657915.43,34.16,260,9091.53,4.31,37,1,Monday,5,0,0,Spring,262
2022-05-13,P036,Electronics_Product_36,Electronics,9727.62,5645.44,313,3044745.13,0.23,313,9235.26,4.02,35,0,Friday,5,0,0,Spring,273
2022-05-16,P036,Electronics_Product_36,Electronics,9678.05,5645.44,295,2855025.21,0.59,395,10156.75,4.2,33,0,Monday,5,0,0,Spring,276
2022-05-18,P036,Electronics_Product_36,Electronics,8486.24,5645.44,203,1722706.29,7.67,356,10050.4,3.73,37,0,Wednesday,5,0,0,Spring,278
2022-05-19,P036,Electronics_Product_36,Electronics,9273.71,5645.44,180,1669267.59,2.69,282,9845.4,3.77,34,0,Thursday,5,0,0,Spring,279
2022-05-21,P036,Electronics_Product_36,Electronics,9733.88,5645.44,164,1596357.13,1.43,299,9048.01,3.92,35,0,Saturday,5,1,0,Spring,281
2022-05-31,P036,Electronics_Product_36,Electronics,7298.77,5645.44,237,1729807.32,25.44,261,9390.74,3.96,43,1,Tuesday,5,0,0,Spring,291
2022-06-01,P036,Electronics_Product_36,Electronics,8196.91,5645.44,188,1541019.37,8.52,288,10115.42,3.86,39,0,Wednesday,6,0,0,Summer,292
2022-06-08,P036,Electronics_Product_36,Electronics,5789.93,5645.44,285,1650128.94,37.27,285,10597.3,4.22,36,1,Wednesday,6,0,0,Summer,299
2022-06-10,P036,Electronics_Product_36,Electronics,8937.8,5645.44,253,2261262.79,9.46,253,8939.28,4.48,33,0,Friday,6,0,0,Summer,301
2022-06-11,P036,Electronics_Product_36,Electronics,9314.75,5645.44,226,2105133.5,4.37,226,9245.96,4.14,46,0,Saturday,6,1,0,Summer,302
2022-06-12,P036,Electronics_Product_36,Electronics,6713.79,5645.44,343,2302828.78,27.04,343,10179.82,4.08,43,1,Sunday,6,1,0,Summer,303
2022-06-15,P036,Electronics_Product_36,Electronics,9413.63,5645.44,354,3332425.96,1.05,395,9335.09,4.63,36,0,Wednesday,6,0,0,Summer,306
2022-07-01,P036,Electronics_Product_36,Electronics,8634.3,5645.44,196,1692323.39,4.07,230,9595.03,3.98,43,0,Friday,7,0,0,Summer,322
2021-08-30,P044,Home_Product_44,Home,2270.2,1569.81,54,122590.63,9.15,237,2909.64,3.45,0,0,Monday,8,0,0,Summer,2
2021-09-04,P044,Home_Product_44,Home,2455.95,1569.81,87,213667.93,1.22,240,2965.71,3.26,0,0,Saturday,9,1,0,Autumn,7
2021-09-13,P044,Home_Product_44,Home,2425.72,1569.81,324,785933.4,9.28,324,2910.22,4.01,1,0,Monday,9,0,0,Autumn,16
2021-09-22,P044,Home_Product_44,Home,2590.29,1569.81,177,458481.34,0.87,281,2847.33,3.55,2,0,Wednesday,9,0,0,Autumn,25
2021-10-01,P044,Home_Product_44,Home,2377.28,1569.81,265,629980.02,5.39,265,2781.16,3.63,5,0,Friday,10,0,1,Autumn,34
2021-10-06,P044,Home_Product_44,Home,1876.45,1569.81,116,217668.52,28.15,377,2814.63,3.28,7,1,Wednesday,10,0,0,Autumn,39
2021-10-09,P044,Home_Product_44,Home,2476.42,1569.81,312,772642.48,4.53,312,2749.18,4.03,5,0,Saturday,10,1,0,Autumn,42
2021-10-18,P044,Home_Product_44,Home,2546.93,1569.81,159,404961.83,5.97,292,2628.51,3.98,8,0,Monday,10,0,0,Autumn,51
2021-10-19,P044,Home_Product_44,Home,2587.03,1569.81,173,447555.92,1.57,436,2698.74,3.67,5,0,Tuesday,10,0,0,Autumn,52
2021-10-21,P044,Home_Product_44,Home,2373.82,1569.81,203,481885.21,6.97,287,2667.2,3.51,8,0,Thursday,10,0,0,Autumn,54
2021-10-23,P044,Home_Product_44,Home,1674.49,1569.81,166,277965.72,38.86,395,2856.37,3.2,5,1,Saturday,10,1,0,Autumn,56
2021-10-25,P044,Home_Product_44,Home,2660.93,1569.81,441,1173468.34,1.1,441,2503.11,4.21,6,0,Monday,10,0,0,Autumn,58
2021-11-03,P044,Home_Product_44,Home,2181.5,1569.81,409,892231.99,16.48,409,2986.1,4.03,8,1,Wednesday,11,0,1,Autumn,67
2021-11-08,P044,Home_Product_44,Home,1511.88,1569.81,156,235852.89,39.48,329,2562.31,3.47,9,1,Monday,11,0,0,Autumn,72
2021-11-08,P044,Home_Product_44,Home,2236.19,1569.81,119,266107.13,12.87,382,2892.69,3.18,8,1,Monday,11,0,0,Autumn,72
2021-11-13,P044,Home_Product_44,Home,2613.5,1569.81,355,927793.83,0.52,416,2856.57,3.68,8,0,Saturday,11,1,0,Autumn,77
2021-11-15,P044,Home_Product_44,Home,1886.29,1569.81,155,292375.56,25.72,445,2924.13,3.35,8,1,Monday,11,0,0,Autumn,79
2021-11-17,P044,Home_Product_44,Home,1701.72,1569.81,400,680689.47,33.31,400,2994.88,3.83,9,1,Wednesday,11,0,0,Autumn,81
2021-11-22,P044,Home_Product_44,Home,2315.79,1569.81,264,611367.41,7.68,430,2750.36,3.96,12,0,Monday,11,0,0,Autumn,86
2021-11-28,P044,Home_Product_44,Home,2317.35,1569.81,107,247956.72,9.2,402,2769.4,3.48,10,0,Sunday,11,1,0,Autumn,92
2021-12-05,P044,Home_Product_44,Home,2464.89,1569.81,351,865176.9,3.17,354,2684.35,3.6,13,0,Sunday,12,1,0,Winter,99
2021-12-05,P044,Home_Product_44,Home,2486.24,1569.81,243,604156.44,1.33,243,2972.14,3.94,15,0,Sunday,12,1,0,Winter,99
2021-12-07,P044,Home_Product_44,Home,2439.27,1569.81,265,646406.61,8.3,406,2642.27,3.58,13,0,Tuesday,12,0,0,Winter,101
2021-12-10,P044,Home_Product_44,Home,2377.81,1569.81,310,737122.22,8.05,370,2827.54,3.52,16,0,Friday,12,0,0,Winter,104
2021-12-10,P044,Home_Product_44,Home,2553.22,1569.81,260,663837.0,5.6,301,2687.65,3.66,13,0,Friday,12,0,0,Winter,104
2021-12-13,P044,Home_Product_44,Home,2489.58,1569.81,276,687123.72,5.02,310,2863.94,3.81,16,0,Monday,12,0,0,Winter,107
2021-12-14,P044,Home_Product_44,Home,2457.15,1569.81,241,592173.17,1.2,426,2512.63,3.64,17,0,Tuesday,12,0,0,Winter,108
2021-12-16,P044,Home_Product_44,Home,2582.65,1569.81,282,728308.38,5.43,443,2770.25,3.51,18,0,Thursday,12,0,0,Winter,110
2021-12-22,P044,Home_Product_44,Home,2173.47,1569.81,392,852001.64,16.01,392,2741.69,4.28,13,1,Wednesday,12,0,0,Winter,116
2021-12-23,P044,Home_Product_44,Home,2544.69,1569.81,118,300273.6,4.03,249,2810.58,3.28,12,0,Thursday,12,0,1,Winter,117
2021-12-25,P044,Home_Product_44,Home,2529.61,1569.81,410,1037141.51,1.13,410,2721.93,3.67,11,0,Saturday,12,1,1,Winter,119
2021-12-31,P044,Home_Product_44,Home,2409.32,1569.81,320,770981.37,6.78,320,2548.36,4.04,16,0,Friday,12,0,0,Winter,125
2022-01-01,P044,Home_Product_44,Home,2463.16,1569.81,398,980337.66,5.81,425,2503.58,4.16,18,0,Saturday,1,1,0,Winter,126
2022-01-10,P044,Home_Product_44,Home,2014.13,1569.81,72,145017.68,22.46,414,2730.81,3.48,19,1,Monday,1,0,0,Winter,135
2022-01-12,P044,Home_Product_44,Home,2339.75,1569.81,117,273750.49,5.95,390,2521.5,3.67,19,0,Wednesday,1,0,0,Winter,137
2022-01-16,P044,Home_Product_44,Home,1979.42,1569.81,92,182106.33,21.86,407,2567.59,3.4,18,1,Sunday,1,1,0,Winter,141
2022-01-18,P044,Home_Product_44,Home,2627.9,1569.81,274,720045.74,0.6,339,2885.15,4.19,21,0,Tuesday,1,0,0,Winter,143
2022-01-25,P044,Home_Product_44,Home,2023.17,1569.81,319,645390.55,25.46,425,2522.79,3.71,22,1,Tuesday,1,0,1,Winter,150
2022-01-28,P044,Home_Product_44,Home,2421.68,1569.81,178,431058.41,6.52,307,2808.04,3.77,24,0,Friday,1,0,1,Winter,153
2022-02-01,P044,Home_Product_44,Home,2476.49,1569.81,148,366520.07,2.35,295,2786.29,3.52,18,0,Tuesday,2,0,0,Winter,157
2022-02-03,P044,Home_Product_44,Home,2541.08,1569.81,231,586989.02,1.47,231,2934.3,4.14,20,0,Thursday,2,0,0,Winter,159
2022-02-05,P044,Home_Product_44,Home,2372.95,1569.81,164,389164.08,5.4,247,2782.8,3.7,21,0,Saturday,2,1,0,Winter,161
2022-03-01,P044,Home_Product_44,Home,2377.66,1569.81,161,382803.59,6.3,234,2571.04,3.99,27,0,Tuesday,3,0,0,Spring,185
2022-03-01,P044,Home_Product_44,Home,2534.51,1569.81,149,377641.41,1.31,402,2684.27,3.64,29,0,Tuesday,3,0,0,Spring,185
2022-03-05,P044,Home_Product_44,Home,2646.67,1569.81,207,547860.23,2.18,308,2900.21,3.75,22,0,Saturday,3,1,0,Spring,189
2022-03-10,P044,Home_Product_44,Home,2452.23,1569.81,225,551752.8,7.09,225,2896.23,4.09,28,0,Thursday,3,0,0,Spring,194
2022-03-24,P044,Home_Product_44,Home,2308.14,1569.81,313,722447.8,8.26,313,2520.52,4.2,25,0,Thursday,3,0,0,Spring,208
2022-03-28,P044,Home_Product_44,Home,2512.62,1569.81,198,497498.95,3.56,325,2841.29,3.93,26,0,Monday,3,0,0,Spring,212
2022-03-30,P044,Home_Product_44,Home,2553.63,1569.81,164,418795.63,0.96,426,2616.93,3.79,28,0,Wednesday,3,0,0,Spring,214
2022-04-04,P044,Home_Product_44,Home,2260.32,1569.81,290,655492.61,9.83,290,2693.61,4.05,27,0,Monday,4,0,0,Spring,219
2022-04-07,P044,Home_Product_44,Home,2348.63,1569.81,274,643524.5,9.92,274,2604.46,4.03,33,0,Thursday,4,0,0,Spring,222
2022-04-09,P044,Home_Product_44,Home,2534.04,1569.81,181,458662.09,4.32,334,2524.48,3.86,26,0,Saturday,4,1,0,Spring,224
2022-04-11,P044,Home_Product_44,Home,2289.24,1569.81,179,409773.07,8.88,402,2874.91,3.64,31,0,Monday,4,0,0,Spring,226
2022-04-13,P044,Home_Product_44,Home,2612.59,1569.81,149,389275.75,3.89,319,2643.55,3.63,28,0,Wednesday,4,0,0,Spring,228
2022-05-20,P044,Home_Product_44,Home,2398.69,1569.81,259,621261.19,4.59,259,3005.48,4.46,34,0,Friday,5,0,0,Spring,265
