product_sales_data.csv
date,product_id,product_name,category,price,cost_price,units_sold,revenue,discount_percent,stock_available,competitor_price,rating,review_count,is_promoted,day_of_week,month,is_weekend,is_holiday,season,days_since_launch
2021-09-05,P042,Electronics_Product_42,Electronics,6571.39,5324.06,173,1136850.31,22.59,399,8936.71,3.36,0,1,Sunday,9,1,0,Autumn,1
2021-09-12,P042,Electronics_Product_42,Electronics,7844.71,5324.06,114,894296.73,7.85,546,9354.15,3.21,0,0,Sunday,9,1,0,Autumn,8
2021-09-18,P042,Electronics_Product_42,Electronics,8212.08,5324.06,87,714451.0,7.53,578,9092.76,3.22,1,0,Saturday,9,1,0,Autumn,14
2021-09-18,P042,Electronics_Product_42,Electronics,7091.02,5324.06,499,3538420.34,22.73,593,8882.04,3.76,1,1,Saturday,9,1,0,Autumn,14
2021-09-24,P042,Electronics_Product_42,Electronics,8440.61,5324.06,64,540199.22,4.2,301,8688.41,3.45,2,0,Friday,9,0,0,Autumn,20
2021-10-04,P042,Electronics_Product_42,Electronics,9039.53,5324.06,347,3136716.58,2.12,435,9945.95,3.55,3,0,Monday,10,0,1,Autumn,30
2021-10-04,P042,Electronics_Product_42,Electronics,8182.86,5324.06,111,908297.05,3.58,331,8561.68,3.38,4,0,Monday,10,0,1,Autumn,30
2021-10-12,P042,Electronics_Product_42,Electronics,8159.21,5324.06,539,4397811.78,5.42,539,8802.14,4.04,3,0,Tuesday,10,0,0,Autumn,38
2021-10-12,P042,Electronics_Product_42,Electronics,8125.3,5324.06,74,601272.17,7.29,471,8711.72,3.2,6,0,Tuesday,10,0,0,Autumn,38
2021-10-13,P042,Electronics_Product_42,Electronics,7915.77,5324.06,123,973639.17,10.22,511,9059.42,3.35,4,1,Wednesday,10,0,0,Autumn,39
2021-10-15,P042,Electronics_Product_42,Electronics,8549.46,5324.06,62,530066.4,1.92,402,8832.01,3.48,4,0,Friday,10,0,0,Autumn,41
2021-10-16,P042,Electronics_Product_42,Electronics,8543.7,5324.06,310,2648547.51,5.29,439,8721.95,3.6,4,0,Saturday,10,1,0,Autumn,42
2021-10-21,P042,Electronics_Product_42,Electronics,8741.67,5324.06,270,2360251.74,5.47,571,10056.48,3.72,5,0,Thursday,10,0,0,Autumn,47
2021-10-22,P042,Electronics_Product_42,Electronics,7223.58,5324.06,318,2297099.4,14.9,318,8879.76,4.07,5,1,Friday,10,0,0,Autumn,48
2021-10-27,P042,Electronics_Product_42,Electronics,5818.6,5324.06,585,3403883.53,34.84,585,9345.32,4.02,7,1,Wednesday,10,0,0,Autumn,53
2021-10-30,P042,Electronics_Product_42,Electronics,8019.32,5324.06,303,2429854.28,8.13,303,10140.6,3.76,9,0,Saturday,10,1,1,Autumn,56
2021-11-07,P042,Electronics_Product_42,Electronics,7433.64,5324.06,267,1984781.48,17.77,408,8975.31,3.48,7,1,Sunday,11,1,0,Autumn,64
2021-11-08,P042,Electronics_Product_42,Electronics,6923.64,5324.06,166,1149323.51,22.79,491,9419.62,2.99,10,1,Monday,11,0,0,Autumn,65
2021-11-13,P042,Electronics_Product_42,Electronics,8505.85,5324.06,484,4116833.23,6.63,484,9235.14,3.83,7,0,Saturday,11,1,0,Autumn,70
2021-11-18,P042,Electronics_Product_42,Electronics,7199.3,5324.06,560,4031608.3,14.95,560,9756.37,4.09,10,1,Thursday,11,0,0,Autumn,75
2021-11-26,P042,Electronics_Product_42,Electronics,8819.66,5324.06,301,2654718.01,1.85,316,8738.2,3.74,10,0,Friday,11,0,0,Autumn,83
2021-11-28,P042,Electronics_Product_42,Electronics,9028.69,5324.06,407,3674678.07,0.48,407,9619.43,3.91,11,0,Sunday,11,1,0,Autumn,85
2021-11-29,P042,Electronics_Product_42,Electronics,7931.11,5324.06,384,3045544.48,6.58,520,9369.9,3.66,10,0,Monday,11,0,0,Autumn,86
2021-12-20,P042,Electronics_Product_42,Electronics,8736.87,5324.06,301,2629796.5,4.82,431,9123.06,3.91,13,0,Monday,12,0,0,Winter,107
2021-12-27,P042,Electronics_Product_42,Electronics,5413.76,5324.06,351,1900229.83,36.63,351,9740.85,3.78,13,1,Monday,12,0,1,Winter,114
2022-01-02,P042,Electronics_Product_42,Electronics,8578.58,5324.06,245,2101752.29,1.35,593,9799.9,3.68,16,0,Sunday,1,1,0,Winter,120
2022-01-10,P042,Electronics_Product_42,Electronics,8320.05,5324.06,381,3169937.66,5.1,589,9225.68,4.11,14,0,Monday,1,0,0,Winter,128
2022-01-11,P042,Electronics_Product_42,Electronics,8367.96,5324.06,135,1129674.3,9.46,564,9150.36,3.91,14,0,Tuesday,1,0,0,Winter,129
2022-01-15,P042,Electronics_Product_42,Electronics,8901.32,5324.06,237,2109613.75,0.64,360,9742.29,3.77,20,0,Saturday,1,1,0,Winter,133
2022-01-15,P042,Electronics_Product_42,Electronics,6155.78,5324.06,349,2148367.35,32.85,349,9804.25,4.06,19,1,Saturday,1,1,0,Winter,133
2022-01-28,P042,Electronics_Product_42,Electronics,8467.13,5324.06,178,1507149.85,7.24,585,8706.11,3.66,17,0,Friday,1,0,1,Winter,146
2022-01-30,P042,Electronics_Product_42,Electronics,8897.02,5324.06,444,3950275.96,1.31,444,9401.63,4.24,22,0,Sunday,1,1,0,Winter,148
2022-02-20,P042,Electronics_Product_42,Electronics,8069.01,5324.06,239,1928492.25,7.87,302,10090.26,3.89,24,0,Sunday,2,1,0,Winter,169
2022-02-21,P042,Electronics_Product_42,Electronics,8286.88,5324.06,140,1160163.89,3.56,307,8884.53,3.87,27,0,Monday,2,0,0,Winter,170
2022-02-23,P042,Electronics_Product_42,Electronics,8155.37,5324.06,171,1394567.88,4.84,443,9786.2,3.85,23,0,Wednesday,2,0,0,Winter,172
2022-03-03,P042,Electronics_Product_42,Electronics,8641.57,5324.06,375,3240588.24,5.48,375,8743.72,4.14,27,0,Thursday,3,0,0,Spring,180
2022-03-11,P042,Electronics_Product_42,Electronics,6214.03,5324.06,353,2193551.11,32.06,474,8792.02,3.73,23,1,Friday,3,0,0,Spring,188
2022-03-20,P042,Electronics_Product_42,Electronics,6653.02,5324.06,397,2641250.62,23.74,397,9844.47,3.91,24,1,Sunday,3,1,0,Spring,197
2022-04-03,P042,Electronics_Product_42,Electronics,8057.58,5324.06,343,2763750.1,9.72,561,9092.18,3.92,26,0,Sunday,4,1,0,Spring,211
2022-04-05,P042,Electronics_Product_42,Electronics,8425.99,5324.06,491,4137163.32,8.36,550,8990.56,4.32,27,0,Tuesday,4,0,0,Spring,213
2022-04-09,P042,Electronics_Product_42,Electronics,8639.19,5324.06,594,5131677.04,3.09,594,9676.73,4.36,31,0,Saturday,4,1,0,Spring,217
2022-04-20,P042,Electronics_Product_42,Electronics,7954.98,5324.06,578,4597981.19,6.22,578,9773.18,4.24,30,0,Wednesday,4,0,0,Spring,228
2022-04-23,P042,Electronics_Product_42,Electronics,8354.54,5324.06,315,2631679.16,8.33,315,9798.72,3.65,29,0,Saturday,4,1,0,Spring,231
2022-04-28,P042,Electronics_Product_42,Electronics,8303.8,5324.06,572,4749772.09,10.79,572,8924.67,4.04,31,1,Thursday,4,0,0,Spring,236
2022-05-11,P042,Electronics_Product_42,Electronics,7905.96,5324.06,396,3130758.91,7.7,396,9525.28,4.58,29,0,Wednesday,5,0,0,Spring,249
2022-05-14,P042,Electronics_Product_42,Electronics,8462.53,5324.06,328,2775711.41,1.84,334,8935.62,3.73,32,0,Saturday,5,1,0,Spring,252
2022-05-18,P042,Electronics_Product_42,Electronics,7933.04,5324.06,345,2736898.15,8.31,345,9247.25,4.16,32,0,Wednesday,5,0,0,Spring,256
2022-05-18,P042,Electronics_Product_42,Electronics,5409.48,5324.06,356,1925776.55,39.17,356,8633.42,4.27,32,1,Wednesday,5,0,0,Spring,256
2022-06-05,P042,Electronics_Product_42,Electronics,6317.14,5324.06,488,3082763.87,27.88,488,9856.52,3.65,40,1,Sunday,6,1,0,Summer,274
2022-06-09,P042,Electronics_Product_42,Electronics,8907.01,5324.06,184,1638889.66,1.47,546,9292.07,3.91,32,0,Thursday,6,0,0,Summer,278
2022-06-12,P042,Electronics_Product_42,Electronics,8683.92,5324.06,474,4116178.77,5.39,474,8536.97,4.07,36,0,Sunday,6,1,0,Summer,281
2022-06-16,P042,Electronics_Product_42,Electronics,7361.17,5324.06,529,3894059.35,13.63,529,10127.5,4.81,39,1,Thursday,6,0,0,Summer,285
2022-06-21,P042,Electronics_Product_42,Electronics,8856.67,5324.06,412,3648946.05,0.84,412,9409.2,4.59,39,0,Tuesday,6,0,0,Summer,290
2022-06-24,P042,Electronics_Product_42,Electronics,8443.17,5324.06,561,4736619.16,4.12,561,9837.8,4.2,41,0,Friday,6,0,0,Summer,293
2022-06-24,P042,Electronics_Product_42,Electronics,8682.84,5324.06,462,4011474.19,1.4,462,8948.11,4.11,42,0,Friday,6,0,0,Summer,293
2022-06-27,P042,Electronics_Product_42,Electronics,8921.63,5324.06,405,3613258.76,3.03,405,9368.79,4.12,37,0,Monday,6,0,0,Summer,296
2021-09-15,P025,Fashion_Product_25,Fashion,1014.68,637.86,267,270918.57,3.52,376,1070.46,3.9,0,0,Wednesday,9,0,0,Autumn,1
2021-09-16,P025,Fashion_Product_25,Fashion,764.1,637.86,183,139830.11,28.29,319,1176.53,3.49,0,1,Thursday,9,0,0,Autumn,2
2021-09-20,P025,Fashion_Product_25,Fashion,1034.54,637.86,239,247254.8,6.32,562,1147.36,3.68,0,0,Monday,9,0,0,Autumn,6
2021-09-21,P025,Fashion_Product_25,Fashion,995.27,637.86,90,89574.14,2.34,364,1149.56,3.18,0,0,Tuesday,9,0,0,Autumn,7
2021-10-02,P025,Fashion_Product_25,Fashion,883.24,637.86,418,369192.32,18.13,433,1212.67,3.48,1,1,Saturday,10,1,1,Autumn,18
2021-10-09,P025,Fashion_Product_25,Fashion,699.05,637.86,299,209016.26,33.14,459,1178.86,3.36,2,1,Saturday,10,1,0,Autumn,25
2021-10-13,P025,Fashion_Product_25,Fashion,989.94,637.86,82,81174.97,6.42,548,1021.25,3.01,5,0,Wednesday,10,0,0,Autumn,29
2021-10-18,P025,Fashion_Product_25,Fashion,1039.49,637.86,274,284821.02,6.53,353,1184.77,3.66,5,0,Monday,10,0,0,Autumn,34
2021-10-21,P025,Fashion_Product_25,Fashion,1015.68,637.86,299,303687.54,3.88,418,1183.88,3.81,3,0,Thursday,10,0,0,Autumn,37
2021-10-21,P025,Fashion_Product_25,Fashion,928.82,637.86,406,377100.03,12.21,613,1156.38,3.81,6,1,Thursday,10,0,0,Autumn,37
2021-10-27,P025,Fashion_Product_25,Fashion,1001.93,637.86,272,272524.14,3.9,411,1038.11,3.74,5,0,Wednesday,10,0,0,Autumn,43
2021-10-29,P025,Fashion_Product_25,Fashion,745.67,637.86,578,430996.69,32.49,578,1151.07,3.6,7,1,Friday,10,0,0,Autumn,45
2021-11-01,P025,Fashion_Product_25,Fashion,1060.1,637.86,146,154774.88,1.68,465,1171.4,2.96,4,0,Monday,11,0,1,Autumn,48
2021-11-03,P025,Fashion_Product_25,Fashion,897.58,637.86,398,357234.98,15.64,398,1016.32,4.1,6,1,Wednesday,11,0,1,Autumn,50
2021-11-03,P025,Fashion_Product_25,Fashion,1015.08,637.86,156,158352.84,4.61,585,1215.91,3.45,5,0,Wednesday,11,0,1,Autumn,50
2021-11-06,P025,Fashion_Product_25,Fashion,1018.71,637.86,368,374884.69,1.6,368,1108.19,3.62,7,0,Saturday,11,1,0,Autumn,53
2021-11-09,P025,Fashion_Product_25,Fashion,965.15,637.86,390,376408.35,5.18,429,1033.4,3.88,6,0,Tuesday,11,0,0,Autumn,56
2021-11-17,P025,Fashion_Product_25,Fashion,1030.19,637.86,531,547028.73,4.87,531,1077.4,4.05,7,0,Wednesday,11,0,0,Autumn,64
2021-11-28,P025,Fashion_Product_25,Fashion,991.74,637.86,142,140827.32,8.5,380,1068.95,3.43,7,0,Sunday,11,1,0,Autumn,75
2021-12-01,P025,Fashion_Product_25,Fashion,972.8,637.86,365,355070.41,10.51,365,1146.9,3.68,11,1,Wednesday,12,0,0,Winter,78
2021-12-07,P025,Fashion_Product_25,Fashion,1001.03,637.86,95,95097.47,6.44,537,1024.93,3.49,10,0,Tuesday,12,0,0,Winter,84
2021-12-15,P025,Fashion_Product_25,Fashion,839.88,637.86,217,182254.17,24.37,517,1129.21,3.26,14,1,Wednesday,12,0,0,Winter,92
2022-01-04,P025,Fashion_Product_25,Fashion,1003.06,637.86,401,402228.62,8.17,401,1142.62,4.07,12,0,Tuesday,1,0,0,Winter,112
2022-01-11,P025,Fashion_Product_25,Fashion,1068.41,637.86,154,164535.88,3.76,492,1183.87,3.8,13,0,Tuesday,1,0,0,Winter,119
2022-01-15,P025,Fashion_Product_25,Fashion,990.72,637.86,289,286319.22,9.24,398,1213.74,3.92,15,0,Saturday,1,1,0,Winter,123
2022-01-28,P025,Fashion_Product_25,Fashion,743.65,637.86,501,372569.65,26.94,588,1112.38,3.8,16,1,Friday,1,0,1,Winter,136
2022-02-01,P025,Fashion_Product_25,Fashion,1034.37,637.86,192,198598.86,0.91,605,1211.96,3.66,16,0,Tuesday,2,0,0,Winter,140
2022-02-04,P025,Fashion_Product_25,Fashion,1011.64,637.86,54,54628.71,2.79,319,1167.03,3.2,18,0,Friday,2,0,0,Winter,143
2022-02-07,P025,Fashion_Product_25,Fashion,945.68,637.86,160,151308.98,8.28,366,1106.22,3.91,22,0,Monday,2,0,0,Winter,146
2022-02-20,P025,Fashion_Product_25,Fashion,862.48,637.86,515,444179.22,19.89,515,1112.33,3.95,21,1,Sunday,2,1,0,Winter,159
2022-03-04,P025,Fashion_Product_25,Fashion,946.97,637.86,303,286931.71,9.31,556,1206.87,3.89,22,0,Friday,3,0,0,Spring,171
2022-03-04,P025,Fashion_Product_25,Fashion,756.85,637.86,338,255814.71,30.0,338,1201.89,4.25,20,1,Friday,3,0,0,Spring,171
2022-03-06,P025,Fashion_Product_25,Fashion,1067.07,637.86,363,387347.4,0.41,368,1127.05,3.83,27,0,Sunday,3,1,0,Spring,173
2022-03-19,P025,Fashion_Product_25,Fashion,940.93,637.86,441,414950.64,14.65,441,1141.74,4.41,24,1,Saturday,3,1,0,Spring,186
2022-03-26,P025,Fashion_Product_25,Fashion,981.76,637.86,105,103084.51,6.46,470,1058.1,3.28,25,0,Saturday,3,1,0,Spring,193
2022-03-27,P025,Fashion_Product_25,Fashion,994.67,637.86,356,354103.23,8.7,531,1100.2,3.63,29,0,Sunday,3,1,0,Spring,194
2022-04-11,P025,Fashion_Product_25,Fashion,1029.75,637.86,272,280093.05,0.18,359,1108.6,3.94,33,0,Monday,4,0,0,Spring,209
2022-04-12,P025,Fashion_Product_25,Fashion,993.26,637.86,578,574106.63,8.8,578,1193.65,4.29,25,0,Tuesday,4,0,0,Spring,210
2022-04-12,P025,Fashion_Product_25,Fashion,1029.51,637.86,84,86479.09,7.19,351,1202.99,3.25,26,0,Tuesday,4,0,0,Spring,210
2022-04-29,P025,Fashion_Product_25,Fashion,1070.48,637.86,542,580202.05,0.88,542,1182.39,4.17,29,0,Friday,4,0,0,Spring,227
2022-05-06,P025,Fashion_Product_25,Fashion,1046.26,637.86,198,207159.47,2.12,534,1100.01,3.52,31,0,Friday,5,0,0,Spring,234
2022-05-13,P025,Fashion_Product_25,Fashion,1041.89,637.86,195,203169.08,4.48,440,1059.36,3.97,32,0,Friday,5,0,0,Spring,241
2022-05-13,P025,Fashion_Product_25,Fashion,1080.47,637.86,508,548876.37,0.53,508,1039.73,4.36,29,0,Friday,5,0,0,Spring,241
2022-05-14,P025,Fashion_Product_25,Fashion,1018.68,637.86,389,396266.03,5.37,389,1185.84,4.19,30,0,Saturday,5,1,0,Spring,242
2022-05-15,P025,Fashion_Product_25,Fashion,973.78,637.86,565,550187.39,4.11,565,1063.62,4.05,34,0,Sunday,5,1,0,Spring,243
2022-05-22,P025,Fashion_Product_25,Fashion,839.24,637.86,362,303804.53,21.49,362,1064.07,3.89,33,1,Sunday,5,1,0,Spring,250
2022-05-28,P025,Fashion_Product_25,Fashion,991.1,637.86,372,368690.85,2.11,382,1121.94,3.86,31,0,Saturday,5,1,0,Spring,256
2022-05-31,P025,Fashion_Product_25,Fashion,1036.19,637.86,553,573015.1,3.96,553,1097.28,4.22,30,0,Tuesday,5,0,0,Spring,259
2022-06-18,P025,Fashion_Product_25,Fashion,992.65,637.86,556,551916.0,5.81,556,1055.43,4.01,41,0,Saturday,6,1,0,Summer,277
