product_sales_data.csv
date,product_id,product_name,category,price,cost_price,units_sold,revenue,discount_percent,stock_available,competitor_price,rating,review_count,is_promoted,day_of_week,month,is_weekend,is_holiday,season,days_since_launch
2021-09-19,P013,Home_Product_13,Home,2089.36,1447.92,74,154612.35,15.07,119,2717.0,2.89,0,1,Sunday,9,1,0,Autumn,2
2021-09-22,P013,Home_Product_13,Home,2021.41,1447.92,130,262783.27,14.08,201,2719.51,3.84,0,1,Wednesday,9,0,0,Autumn,5
2021-09-26,P013,Home_Product_13,Home,2091.9,1447.92,146,305418.08,9.0,189,2558.65,3.97,0,0,Sunday,9,1,0,Autumn,9
2021-10-14,P013,Home_Product_13,Home,2469.78,1447.92,88,217340.47,0.97,234,2493.84,3.82,5,0,Thursday,10,0,0,Autumn,27
2021-10-15,P013,Home_Product_13,Home,2359.7,1447.92,128,302041.71,0.9,189,2737.21,3.89,3,0,Friday,10,0,0,Autumn,28
2021-10-30,P013,Home_Product_13,Home,2440.36,1447.92,185,451466.73,2.99,206,2403.46,3.86,5,0,Saturday,10,1,1,Autumn,43
2021-11-04,P013,Home_Product_13,Home,2262.15,1447.92,115,260147.64,2.78,218,2443.69,3.75,5,0,Thursday,11,0,0,Autumn,48
2021-11-07,P013,Home_Product_13,Home,2319.39,1447.92,182,422128.24,6.73,234,2564.48,3.88,5,0,Sunday,11,1,0,Autumn,51
2021-11-11,P013,Home_Product_13,Home,1954.13,1447.92,216,422092.87,22.11,216,2740.0,3.57,5,1,Thursday,11,0,0,Autumn,55
2021-11-13,P013,Home_Product_13,Home,2173.76,1447.92,134,291283.76,8.04,134,2614.44,3.78,10,0,Saturday,11,1,0,Autumn,57
2021-11-22,P013,Home_Product_13,Home,2345.92,1447.92,201,471530.55,0.26,201,2456.9,4.16,8,0,Monday,11,0,0,Autumn,66
2021-11-22,P013,Home_Product_13,Home,2120.37,1447.92,129,273527.34,8.46,188,2409.03,3.71,10,0,Monday,11,0,0,Autumn,66
2021-11-23,P013,Home_Product_13,Home,2300.73,1447.92,105,241576.24,1.02,199,2293.17,3.67,6,0,Tuesday,11,0,0,Autumn,67
2021-11-26,P013,Home_Product_13,Home,2420.78,1447.92,38,91989.49,1.47,212,2354.39,3.3,8,0,Friday,11,0,0,Autumn,70
2021-11-26,P013,Home_Product_13,Home,2214.01,1447.92,155,343171.93,6.32,208,2596.55,3.63,9,0,Friday,11,0,0,Autumn,70
2021-11-30,P013,Home_Product_13,Home,1615.23,1447.92,200,323046.13,34.31,200,2642.39,3.59,9,1,Tuesday,11,0,0,Autumn,74
2021-12-03,P013,Home_Product_13,Home,1869.82,1447.92,203,379572.52,24.16,203,2666.16,3.71,9,1,Friday,12,0,0,Winter,77
2021-12-04,P013,Home_Product_13,Home,2086.62,1447.92,135,281694.29,11.4,135,2487.2,4.26,8,1,Saturday,12,1,0,Winter,78
2021-12-05,P013,Home_Product_13,Home,2196.88,1447.92,132,289987.79,8.19,132,2596.39,3.59,12,0,Sunday,12,1,0,Winter,79
2021-12-17,P013,Home_Product_13,Home,2219.75,1447.92,129,286347.54,7.17,181,2700.81,3.54,11,0,Friday,12,0,0,Winter,91
2022-01-02,P013,Home_Product_13,Home,2180.9,1447.92,31,67607.82,5.58,152,2728.13,3.36,13,0,Sunday,1,1,0,Winter,107
2022-01-02,P013,Home_Product_13,Home,2373.87,1447.92,109,258751.3,0.43,152,2682.35,3.76,13,0,Sunday,1,1,0,Winter,107
2022-01-05,P013,Home_Product_13,Home,1748.28,1447.92,40,69931.37,30.85,138,2565.1,3.26,12,1,Wednesday,1,0,0,Winter,110
2022-01-12,P013,Home_Product_13,Home,2299.0,1447.92,136,312664.1,6.49,206,2541.16,4.41,15,0,Wednesday,1,0,0,Winter,117
2022-01-16,P013,Home_Product_13,Home,2488.76,1447.92,155,385757.83,1.29,155,2521.88,4.28,15,0,Sunday,1,1,0,Winter,121
2022-01-30,P013,Home_Product_13,Home,2443.15,1447.92,94,229656.46,3.05,157,2739.32,3.85,16,0,Sunday,1,1,0,Winter,135
2022-01-31,P013,Home_Product_13,Home,2378.43,1447.92,64,152219.6,5.71,214,2541.94,3.66,17,0,Monday,1,0,0,Winter,136
2022-01-31,P013,Home_Product_13,Home,2301.17,1447.92,157,361283.99,3.15,186,2723.37,4.26,17,0,Monday,1,0,0,Winter,136
2022-02-01,P013,Home_Product_13,Home,2209.4,1447.92,14,30931.63,6.77,193,2292.93,3.37,16,0,Tuesday,2,0,0,Winter,137
2022-02-03,P013,Home_Product_13,Home,2422.96,1447.92,131,317407.71,2.91,131,2650.1,4.17,18,0,Thursday,2,0,0,Winter,139
2022-02-04,P013,Home_Product_13,Home,2347.72,1447.92,61,143211.22,4.85,134,2633.26,3.96,21,0,Friday,2,0,0,Winter,140
2022-02-13,P013,Home_Product_13,Home,2081.86,1447.92,91,189449.18,9.79,192,2389.1,3.98,17,0,Sunday,2,1,0,Winter,149
2022-02-15,P013,Home_Product_13,Home,2248.35,1447.92,65,146142.75,8.05,146,2653.54,3.54,19,0,Tuesday,2,0,0,Winter,151
2022-02-19,P013,Home_Product_13,Home,2129.33,1447.92,205,436511.73,9.12,205,2311.57,4.52,20,0,Saturday,2,1,0,Winter,155
2022-02-20,P013,Home_Product_13,Home,2293.28,1447.92,107,245380.43,3.14,215,2549.52,3.55,19,0,Sunday,2,1,0,Winter,156
2022-03-05,P013,Home_Product_13,Home,2450.22,1447.92,103,252372.65,0.71,198,2476.34,3.7,17,0,Saturday,3,1,0,Spring,169
2022-03-08,P013,Home_Product_13,Home,2307.55,1447.92,86,198449.72,8.5,153,2511.79,3.71,20,0,Tuesday,3,0,0,Spring,172
2022-03-17,P013,Home_Product_13,Home,2212.42,1447.92,116,256640.31,5.65,185,2496.6,3.86,23,0,Thursday,3,0,0,Spring,181
2022-03-20,P013,Home_Product_13,Home,2332.82,1447.92,205,478229.12,4.4,205,2656.18,4.5,20,0,Sunday,3,1,0,Spring,184
2022-03-24,P013,Home_Product_13,Home,2194.49,1447.92,232,509122.24,8.51,233,2670.7,4.1,24,0,Thursday,3,0,0,Spring,188
2022-03-24,P013,Home_Product_13,Home,2519.96,1447.92,76,191516.64,0.25,179,2447.06,3.94,25,0,Thursday,3,0,0,Spring,188
2022-03-25,P013,Home_Product_13,Home,2209.81,1447.92,218,481737.54,9.11,218,2631.52,4.41,25,0,Friday,3,0,0,Spring,189
2022-03-25,P013,Home_Product_13,Home,2231.08,1447.92,203,452908.62,4.03,207,2306.43,4.23,26,0,Friday,3,0,0,Spring,189
2022-04-16,P013,Home_Product_13,Home,2287.6,1447.92,175,400329.91,0.24,175,2677.3,4.37,29,0,Saturday,4,1,0,Spring,211
2022-05-03,P013,Home_Product_13,Home,1690.45,1447.92,132,223139.47,27.37,132,2394.38,3.7,27,1,Tuesday,5,0,0,Spring,228
2022-05-07,P013,Home_Product_13,Home,2269.61,1447.92,156,354058.75,5.29,156,2677.85,4.86,29,0,Saturday,5,1,0,Spring,232
2022-05-10,P013,Home_Product_13,Home,1641.47,1447.92,206,338142.03,31.39,206,2385.82,3.85,31,1,Tuesday,5,0,0,Spring,235
2022-05-13,P013,Home_Product_13,Home,2101.9,1447.92,151,317387.13,8.58,151,2294.11,4.14,30,0,Friday,5,0,0,Spring,238
2022-05-18,P013,Home_Product_13,Home,2138.39,1447.92,174,372080.67,8.31,174,2449.51,4.1,27,0,Wednesday,5,0,0,Spring,243
2022-05-22,P013,Home_Product_13,Home,2278.64,1447.92,227,517250.49,4.12,227,2766.18,4.38,34,0,Sunday,5,1,0,Spring,247
2022-05-22,P013,Home_Product_13,Home,1785.07,1447.92,187,333808.1,26.45,187,2585.14,3.54,30,1,Sunday,5,1,0,Spring,247
2022-05-27,P013,Home_Product_13,Home,2182.64,1447.92,142,309934.17,7.83,142,2423.04,4.64,35,0,Friday,5,0,0,Spring,252
2022-05-30,P013,Home_Product_13,Home,2306.27,1447.92,86,198339.03,8.14,228,2300.09,3.86,32,0,Monday,5,0,0,Spring,255
2022-06-07,P013,Home_Product_13,Home,2152.54,1447.92,112,241084.58,9.43,181,2771.14,3.94,32,0,Tuesday,6,0,0,Summer,263
2022-06-09,P013,Home_Product_13,Home,2190.78,1447.92,90,197170.36,4.65,138,2379.83,3.92,33,0,Thursday,6,0,0,Summer,265
2022-06-11,P013,Home_Product_13,Home,2191.59,1447.92,137,300247.29,9.94,221,2486.38,3.96,32,0,Saturday,6,1,0,Summer,267
2022-06-12,P013,Home_Product_13,Home,2002.79,1447.92,179,358499.29,17.7,179,2559.07,4.29,34,1,Sunday,6,1,0,Summer,268
2022-06-21,P013,Home_Product_13,Home,2412.2,1447.92,189,455905.36,3.37,189,2632.55,4.15,42,0,Tuesday,6,0,0,Summer,277
2022-06-22,P013,Home_Product_13,Home,1752.05,1447.92,192,336394.15,28.3,192,2716.39,4.23,38,1,Wednesday,6,0,0,Summer,278
2022-06-25,P013,Home_Product_13,Home,2023.67,1447.92,223,451279.21,18.88,223,2683.7,4.46,36,1,Saturday,6,1,0,Summer,281
2022-06-28,P013,Home_Product_13,Home,2315.94,1447.92,132,305704.03,3.52,132,2476.3,4.13,35,0,Tuesday,6,0,0,Summer,284
2022-06-28,P013,Home_Product_13,Home,2139.49,1447.92,191,408643.08,8.03,191,2667.44,4.43,42,0,Tuesday,6,0,0,Summer,284
2022-06-29,P013,Home_Product_13,Home,2087.0,1447.92,90,187829.59,9.5,156,2654.37,3.65,37,0,Wednesday,6,0,0,Summer,285
2022-06-29,P013,Home_Product_13,Home,2315.28,1447.92,229,530198.62,1.93,229,2679.51,4.39,43,0,Wednesday,6,0,0,Summer,285
2021-09-21,P021,Electronics_Product_21,Electronics,11380.6,6921.66,181,2059889.08,1.67,391,12045.84,3.56,0,0,Tuesday,9,0,0,Autumn,3
2021-10-06,P021,Electronics_Product_21,Electronics,7781.91,6921.66,382,2972688.02,33.98,382,12258.72,3.78,2,1,Wednesday,10,0,0,Autumn,18
2021-10-07,P021,Electronics_Product_21,Electronics,8765.66,6921.66,270,2366727.15,20.55,270,13234.13,3.81,2,1,Thursday,10,0,0,Autumn,19
2021-10-10,P021,Electronics_Product_21,Electronics,10453.64,6921.66,374,3909662.68,9.28,374,13253.39,4.08,3,0,Sunday,10,1,0,Autumn,22
2021-10-16,P021,Electronics_Product_21,Electronics,7258.47,6921.66,438,3179208.57,37.31,438,11421.84,3.53,3,1,Saturday,10,1,0,Autumn,28
2021-10-18,P021,Electronics_Product_21,Electronics,8643.86,6921.66,384,3319243.48,25.26,516,11112.82,3.7,3,1,Monday,10,0,0,Autumn,30
2021-10-20,P021,Electronics_Product_21,Electronics,10537.49,6921.66,234,2465772.62,9.63,482,13228.19,3.51,3,0,Wednesday,10,0,0,Autumn,32
2021-10-20,P021,Electronics_Product_21,Electronics,10989.07,6921.66,68,747256.67,5.17,288,10990.95,3.24,5,0,Wednesday,10,0,0,Autumn,32
2021-10-23,P021,Electronics_Product_21,Electronics,10264.99,6921.66,363,3726192.59,9.6,415,13198.43,3.77,3,0,Saturday,10,1,0,Autumn,35
2021-11-03,P021,Electronics_Product_21,Electronics,11581.13,6921.66,390,4516641.17,3.57,390,11831.08,3.64,6,0,Wednesday,11,0,1,Autumn,46
2021-11-04,P021,Electronics_Product_21,Electronics,10215.6,6921.66,167,1706005.61,15.49,393,11620.46,3.5,6,1,Thursday,11,0,0,Autumn,47
2021-11-05,P021,Electronics_Product_21,Electronics,9500.94,6921.66,120,1140112.2,13.47,312,12801.95,3.42,5,1,Friday,11,0,0,Autumn,48
2021-11-12,P021,Electronics_Product_21,Electronics,10678.51,6921.66,95,1014458.11,8.18,349,11169.2,3.26,5,0,Friday,11,0,0,Autumn,55
2021-11-16,P021,Electronics_Product_21,Electronics,8900.6,6921.66,490,4361296.4,22.69,513,11566.5,3.54,6,1,Tuesday,11,0,0,Autumn,59
2021-11-16,P021,Electronics_Product_21,Electronics,7291.34,6921.66,186,1356189.13,38.5,299,11458.54,3.19,7,1,Tuesday,11,0,0,Autumn,59
2021-11-24,P021,Electronics_Product_21,Electronics,11446.59,6921.66,362,4143666.5,5.32,414,13215.35,3.84,7,0,Wednesday,11,0,0,Autumn,67
2021-11-25,P021,Electronics_Product_21,Electronics,10920.36,6921.66,90,982832.2,9.04,300,11272.04,3.48,9,0,Thursday,11,0,0,Autumn,68
2021-12-05,P021,Electronics_Product_21,Electronics,10140.14,6921.66,165,1673122.8,8.24,359,11876.9,3.48,10,0,Sunday,12,1,0,Winter,78
2021-12-08,P021,Electronics_Product_21,Electronics,10844.83,6921.66,303,3285982.73,1.73,303,12803.1,4.25,11,0,Wednesday,12,0,0,Winter,81
2021-12-10,P021,Electronics_Product_21,Electronics,10694.31,6921.66,384,4106615.25,2.86,481,12231.68,3.76,13,0,Friday,12,0,0,Winter,83
2021-12-11,P021,Electronics_Product_21,Electronics,11105.46,6921.66,380,4220073.82,3.71,380,12547.28,3.72,12,0,Saturday,12,1,0,Winter,84
2021-12-23,P021,Electronics_Product_21,Electronics,11916.23,6921.66,414,4933319.04,0.02,494,11564.51,3.8,11,0,Thursday,12,0,1,Winter,96
2022-01-02,P021,Electronics_Product_21,Electronics,10933.55,6921.66,55,601345.52,3.85,473,10961.6,3.45,14,0,Sunday,1,1,0,Winter,106
2022-01-10,P021,Electronics_Product_21,Electronics,7816.86,6921.66,270,2110552.95,32.14,476,12929.26,3.54,19,1,Monday,1,0,0,Winter,114
2022-01-13,P021,Electronics_Product_21,Electronics,11485.7,6921.66,39,447942.2,3.16,292,11820.39,3.43,18,0,Thursday,1,0,0,Winter,117
2022-01-17,P021,Electronics_Product_21,Electronics,10777.66,6921.66,38,409551.19,7.93,419,11349.53,3.4,17,0,Monday,1,0,0,Winter,121
2022-01-23,P021,Electronics_Product_21,Electronics,7717.08,6921.66,379,2924773.4,33.32,379,12819.09,4.01,15,1,Sunday,1,1,0,Winter,127
2022-02-05,P021,Electronics_Product_21,Electronics,10854.66,6921.66,60,651279.89,2.37,472,12111.59,3.46,17,0,Saturday,2,1,0,Winter,140
2022-02-12,P021,Electronics_Product_21,Electronics,9733.06,6921.66,354,3445502.39,15.42,359,11866.78,3.77,16,1,Saturday,2,1,0,Winter,147
2022-02-14,P021,Electronics_Product_21,Electronics,9340.34,6921.66,74,691185.26,20.8,313,11373.3,3.32,20,1,Monday,2,0,0,Winter,149
2022-02-14,P021,Electronics_Product_21,Electronics,10781.0,6921.66,44,474364.01,3.25,443,13207.06,3.42,19,0,Monday,2,0,0,Winter,149
2022-02-25,P021,Electronics_Product_21,Electronics,10733.18,6921.66,268,2876492.02,8.99,268,11026.44,4.18,21,0,Friday,2,0,0,Winter,160
2022-03-29,P021,Electronics_Product_21,Electronics,10480.12,6921.66,183,1917862.36,8.96,440,11402.3,3.88,24,0,Tuesday,3,0,0,Spring,192
2022-03-30,P021,Electronics_Product_21,Electronics,11635.74,6921.66,174,2024618.98,3.82,338,12585.94,3.75,29,0,Wednesday,3,0,0,Spring,193
2022-04-03,P021,Electronics_Product_21,Electronics,10280.07,6921.66,289,2970941.2,9.26,365,12979.74,3.99,25,0,Sunday,4,1,0,Spring,197
2022-04-15,P021,Electronics_Product_21,Electronics,7598.36,6921.66,330,2507458.3,34.09,377,11112.81,3.91,26,1,Friday,4,0,0,Spring,209
2022-04-17,P021,Electronics_Product_21,Electronics,11183.98,6921.66,300,3355194.77,1.95,300,12182.69,4.35,23,0,Sunday,4,1,0,Spring,211
2022-04-22,P021,Electronics_Product_21,Electronics,11447.57,6921.66,232,2655836.76,0.02,351,13043.3,3.56,30,0,Friday,4,0,0,Spring,216
2022-04-30,P021,Electronics_Product_21,Electronics,9610.72,6921.66,155,1489662.36,18.85,365,12950.81,3.39,30,1,Saturday,4,1,0,Spring,224
2022-05-02,P021,Electronics_Product_21,Electronics,9549.35,6921.66,276,2635621.07,14.52,491,12002.61,3.67,28,1,Monday,5,0,0,Spring,226
2022-05-13,P021,Electronics_Product_21,Electronics,8971.53,6921.66,434,3893644.53,20.45,434,13211.96,4.47,26,1,Friday,5,0,0,Spring,237
2022-05-20,P021,Electronics_Product_21,Electronics,9492.99,6921.66,289,2743475.31,17.2,289,12155.48,4.14,26,1,Friday,5,0,0,Spring,244
2022-06-04,P021,Electronics_Product_21,Electronics,11114.1,6921.66,77,855785.52,3.95,412,11331.61,3.47,31,0,Saturday,6,1,0,Summer,259
2022-06-14,P021,Electronics_Product_21,Electronics,10455.36,6921.66,71,742330.37,8.75,478,12327.34,3.43,32,0,Tuesday,6,0,0,Summer,269
