product_sales_data.csv
date,product_id,product_name,category,price,cost_price,units_sold,revenue,discount_percent,stock_available,competitor_price,rating,review_count,is_promoted,day_of_week,month,is_weekend,is_holiday,season,days_since_launch
2021-09-23,P010,Sports_Product_10,Sports,3570.02,2327.83,34,121380.64,8.51,153,4250.97,3.49,0,0,Thursday,9,0,0,Autumn,1
2021-09-25,P010,Sports_Product_10,Sports,3827.63,2327.83,126,482281.22,4.23,217,3763.83,3.55,0,0,Saturday,9,1,0,Autumn,3
2021-09-26,P010,Sports_Product_10,Sports,3693.33,2327.83,144,531839.99,7.92,163,4193.79,3.78,0,0,Sunday,9,1,0,Autumn,4
2021-09-26,P010,Sports_Product_10,Sports,3468.69,2327.83,154,534178.14,9.9,154,4017.97,3.72,0,0,Sunday,9,1,0,Autumn,4
2021-09-29,P010,Sports_Product_10,Sports,3715.66,2327.83,75,278674.56,5.34,248,3892.88,3.72,0,0,Wednesday,9,0,0,Autumn,7
2021-10-09,P010,Sports_Product_10,Sports,3844.73,2327.83,161,619002.28,1.39,178,4080.78,3.98,2,0,Saturday,10,1,0,Autumn,17
2021-10-19,P010,Sports_Product_10,Sports,3714.12,2327.83,41,152278.86,2.82,138,4034.41,3.38,2,0,Tuesday,10,0,0,Autumn,27
2021-10-21,P010,Sports_Product_10,Sports,3505.88,2327.83,46,161270.32,5.9,186,3922.19,2.85,2,0,Thursday,10,0,0,Autumn,29
2021-10-22,P010,Sports_Product_10,Sports,3522.9,2327.83,143,503774.09,9.05,195,4055.19,3.74,4,0,Friday,10,0,0,Autumn,30
2021-10-23,P010,Sports_Product_10,Sports,3660.21,2327.83,165,603934.37,1.63,165,4266.9,3.68,4,0,Saturday,10,1,0,Autumn,31
2021-10-31,P010,Sports_Product_10,Sports,2276.41,2327.83,260,591867.08,38.81,260,4215.73,3.7,6,1,Sunday,10,1,1,Autumn,39
2021-11-01,P010,Sports_Product_10,Sports,3691.41,2327.83,71,262090.09,1.43,255,4355.85,3.46,5,0,Monday,11,0,1,Autumn,40
2021-11-04,P010,Sports_Product_10,Sports,3718.31,2327.83,42,156169.18,5.89,192,3972.77,3.39,5,0,Thursday,11,0,0,Autumn,43
2021-11-11,P010,Sports_Product_10,Sports,3569.57,2327.83,162,578270.48,6.42,226,4259.73,3.72,9,0,Thursday,11,0,0,Autumn,50
2021-11-30,P010,Sports_Product_10,Sports,3779.06,2327.83,133,502615.63,3.56,224,4124.47,3.82,6,0,Tuesday,11,0,0,Autumn,69
2021-12-05,P010,Sports_Product_10,Sports,3766.27,2327.83,179,674162.68,0.97,179,4180.95,3.62,11,0,Sunday,12,1,0,Winter,74
2021-12-05,P010,Sports_Product_10,Sports,2616.98,2327.83,142,371610.72,35.75,238,4174.29,3.44,12,1,Sunday,12,1,0,Winter,74
2021-12-11,P010,Sports_Product_10,Sports,3013.53,2327.83,141,424908.14,19.1,141,4222.8,3.72,10,1,Saturday,12,1,0,Winter,80
2021-12-11,P010,Sports_Product_10,Sports,2914.95,2327.83,221,644204.45,25.7,221,3687.37,3.54,10,1,Saturday,12,1,0,Winter,80
2021-12-12,P010,Sports_Product_10,Sports,3404.69,2327.83,263,895434.16,11.67,263,4251.86,3.68,9,1,Sunday,12,1,0,Winter,81
2021-12-18,P010,Sports_Product_10,Sports,3647.99,2327.83,148,539902.92,7.74,148,4074.17,3.73,8,0,Saturday,12,1,0,Winter,87
2021-12-26,P010,Sports_Product_10,Sports,2711.31,2327.83,209,566664.23,29.05,209,3690.22,3.95,15,1,Sunday,12,1,1,Winter,95
2021-12-28,P010,Sports_Product_10,Sports,3730.95,2327.83,44,164161.79,1.48,154,3814.77,3.39,12,0,Tuesday,12,0,0,Winter,97
2021-12-31,P010,Sports_Product_10,Sports,3829.0,2327.83,118,451822.07,3.85,183,3738.91,3.69,13,0,Friday,12,0,0,Winter,100
2022-01-01,P010,Sports_Product_10,Sports,3502.04,2327.83,28,98057.14,6.46,183,4083.37,3.42,11,0,Saturday,1,1,0,Winter,101
2022-01-02,P010,Sports_Product_10,Sports,3774.54,2327.83,90,339708.6,1.17,208,3937.94,3.86,15,0,Sunday,1,1,0,Winter,102
2022-01-04,P010,Sports_Product_10,Sports,3465.94,2327.83,72,249548.03,9.51,192,4212.02,3.6,11,0,Tuesday,1,0,0,Winter,104
2022-01-04,P010,Sports_Product_10,Sports,3718.78,2327.83,70,260314.61,7.78,194,4247.87,3.6,14,0,Tuesday,1,0,0,Winter,104
2022-01-05,P010,Sports_Product_10,Sports,3675.75,2327.83,190,698392.67,7.22,216,3945.96,4.21,13,0,Wednesday,1,0,0,Winter,105
2022-01-05,P010,Sports_Product_10,Sports,3858.36,2327.83,70,270085.52,4.48,244,3904.41,3.58,17,0,Wednesday,1,0,0,Winter,105
2022-01-07,P010,Sports_Product_10,Sports,3589.37,2327.83,26,93323.54,9.14,159,4210.62,3.49,15,0,Friday,1,0,0,Winter,107
2022-01-09,P010,Sports_Product_10,Sports,3705.85,2327.83,102,377996.27,0.37,168,4406.46,3.55,13,0,Sunday,1,1,0,Winter,109
2022-01-23,P010,Sports_Product_10,Sports,3745.91,2327.83,108,404558.08,7.0,255,4394.74,3.72,15,0,Sunday,1,1,0,Winter,123
2022-02-06,P010,Sports_Product_10,Sports,2844.43,2327.83,220,625775.09,22.89,222,3843.6,3.93,18,1,Sunday,2,1,0,Winter,137
2022-02-09,P010,Sports_Product_10,Sports,3674.52,2327.83,74,271914.13,9.15,215,4342.89,3.81,16,0,Wednesday,2,0,0,Winter,140
2022-02-19,P010,Sports_Product_10,Sports,3568.05,2327.83,94,335397.16,3.73,192,4406.28,3.72,21,0,Saturday,2,1,0,Winter,150
2022-03-06,P010,Sports_Product_10,Sports,3854.0,2327.83,135,520289.9,4.43,135,4362.01,3.51,20,0,Sunday,3,1,0,Spring,165
2022-03-10,P010,Sports_Product_10,Sports,3781.97,2327.83,100,378196.97,4.57,227,3800.11,3.84,22,0,Thursday,3,0,0,Spring,169
2022-03-12,P010,Sports_Product_10,Sports,2725.43,2327.83,172,468773.67,29.91,172,4322.78,3.97,20,1,Saturday,3,1,0,Spring,171
2022-03-24,P010,Sports_Product_10,Sports,3481.46,2327.83,134,466515.66,11.25,134,3928.97,4.05,22,1,Thursday,3,0,0,Spring,183
2022-04-03,P010,Sports_Product_10,Sports,2435.98,2327.83,96,233854.33,36.86,186,3903.92,3.49,27,1,Sunday,4,1,0,Spring,193
2022-04-04,P010,Sports_Product_10,Sports,3518.09,2327.83,42,147759.6,10.44,235,3776.44,3.45,29,1,Monday,4,0,0,Spring,194
2022-04-15,P010,Sports_Product_10,Sports,3842.14,2327.83,88,338108.4,0.84,198,3742.28,3.54,28,0,Friday,4,0,0,Spring,205
2022-04-18,P010,Sports_Product_10,Sports,3663.89,2327.83,112,410355.32,6.92,197,4115.54,3.89,24,0,Monday,4,0,0,Spring,208
2022-04-29,P010,Sports_Product_10,Sports,3577.99,2327.83,161,576057.05,9.05,161,3861.75,4.03,25,0,Friday,4,0,0,Spring,219
2022-05-08,P010,Sports_Product_10,Sports,2545.32,2327.83,242,615968.28,36.19,242,4283.1,3.81,23,1,Sunday,5,1,0,Spring,228
2022-05-10,P010,Sports_Product_10,Sports,3159.72,2327.83,217,685658.71,19.84,217,4281.91,3.93,27,1,Tuesday,5,0,0,Spring,230
2022-05-11,P010,Sports_Product_10,Sports,2552.08,2327.83,232,592082.58,36.17,249,3702.09,3.99,32,1,Wednesday,5,0,0,Spring,231
2022-05-14,P010,Sports_Product_10,Sports,3470.96,2327.83,134,465109.01,6.34,134,4439.71,4.37,29,0,Saturday,5,1,0,Spring,234
2022-05-14,P010,Sports_Product_10,Sports,3820.06,2327.83,148,565369.34,2.31,159,4252.71,3.9,30,0,Saturday,5,1,0,Spring,234
2022-05-18,P010,Sports_Product_10,Sports,3770.14,2327.83,198,746486.78,3.09,198,3932.45,4.3,31,0,Wednesday,5,0,0,Spring,238
2022-05-24,P010,Sports_Product_10,Sports,3741.42,2327.83,256,957803.15,7.01,256,4183.16,4.04,30,0,Tuesday,5,0,0,Spring,244
2022-05-30,P010,Sports_Product_10,Sports,3669.74,2327.83,112,411011.27,4.14,176,4330.58,3.61,34,0,Monday,5,0,0,Spring,250
2022-06-02,P010,Sports_Product_10,Sports,3729.24,2327.83,199,742118.88,2.57,199,4376.1,4.27,30,0,Thursday,6,0,0,Summer,253
2022-06-02,P010,Sports_Product_10,Sports,2750.1,2327.83,237,651772.71,29.4,237,4106.87,4.23,33,1,Thursday,6,0,0,Summer,253
2022-06-03,P010,Sports_Product_10,Sports,3257.84,2327.83,220,716724.7,16.67,220,3891.34,4.53,34,1,Friday,6,0,0,Summer,254
2022-06-04,P010,Sports_Product_10,Sports,3703.58,2327.83,260,962930.56,1.99,260,3766.13,4.26,32,0,Saturday,6,1,0,Summer,255
2022-06-05,P010,Sports_Product_10,Sports,3775.84,2327.83,260,981717.16,1.73,260,3901.44,4.03,34,0,Sunday,6,1,0,Summer,256
2022-06-12,P010,Sports_Product_10,Sports,3060.45,2327.83,234,716146.1,19.66,234,3716.54,4.45,33,1,Sunday,6,1,0,Summer,263
2022-06-17,P010,Sports_Product_10,Sports,3279.83,2327.83,145,475575.37,17.12,145,4393.07,4.14,39,1,Friday,6,0,0,Summer,268
2021-09-25,P005,Sports_Product_5,Sports,2562.57,1596.71,45,115315.75,5.13,165,3001.65,3.43,1,0,Saturday,9,1,0,Autumn,15
2021-10-02,P005,Sports_Product_5,Sports,2289.29,1596.71,204,467016.02,14.76,204,2885.97,3.75,4,1,Saturday,10,1,1,Autumn,22
2021-10-04,P005,Sports_Product_5,Sports,2645.31,1596.71,46,121684.32,3.9,214,2800.92,3.46,4,0,Monday,10,0,1,Autumn,24
2021-10-12,P005,Sports_Product_5,Sports,2583.79,1596.71,34,87848.98,2.37,188,2865.17,3.15,5,0,Tuesday,10,0,0,Autumn,32
2021-10-16,P005,Sports_Product_5,Sports,2708.66,1596.71,184,498392.95,0.11,218,3031.13,3.76,4,0,Saturday,10,1,0,Autumn,36
2021-11-01,P005,Sports_Product_5,Sports,2657.99,1596.71,199,528939.21,2.22,199,2997.33,3.94,10,0,Monday,11,0,1,Autumn,52
2021-11-01,P005,Sports_Product_5,Sports,2392.68,1596.71,55,131597.62,7.09,192,2798.21,3.23,7,0,Monday,11,0,1,Autumn,52
2021-11-16,P005,Sports_Product_5,Sports,2361.04,1596.71,196,462764.2,9.06,196,2934.53,4.07,8,0,Tuesday,11,0,0,Autumn,67
2021-11-21,P005,Sports_Product_5,Sports,2517.79,1596.71,117,294581.68,3.36,117,2816.17,3.52,10,0,Sunday,11,1,0,Autumn,72
2021-11-23,P005,Sports_Product_5,Sports,2522.49,1596.71,125,315310.85,9.35,229,3017.54,3.84,8,0,Tuesday,11,0,0,Autumn,74
2021-11-26,P005,Sports_Product_5,Sports,2200.54,1596.71,146,321278.75,13.92,146,2757.74,3.6,7,1,Friday,11,0,0,Autumn,77
2021-12-05,P005,Sports_Product_5,Sports,2662.22,1596.71,42,111813.05,0.5,210,2667.2,3.47,10,0,Sunday,12,1,0,Winter,86
2021-12-07,P005,Sports_Product_5,Sports,1759.25,1596.71,78,137221.81,31.3,223,2621.79,2.89,13,1,Tuesday,12,0,0,Winter,88
2021-12-08,P005,Sports_Product_5,Sports,2692.45,1596.71,47,126545.24,0.33,208,3032.56,3.34,11,0,Wednesday,12,0,0,Winter,89
2021-12-08,P005,Sports_Product_5,Sports,2524.45,1596.71,213,537708.2,3.59,213,2605.33,4.37,9,0,Wednesday,12,0,0,Winter,89
2021-12-19,P005,Sports_Product_5,Sports,2612.3,1596.71,172,449315.03,2.22,211,2559.51,3.68,12,0,Sunday,12,1,0,Winter,100
2021-12-30,P005,Sports_Product_5,Sports,2457.45,1596.71,125,307181.27,8.65,133,2797.88,3.98,12,0,Thursday,12,0,0,Winter,111
2022-01-03,P005,Sports_Product_5,Sports,1757.91,1596.71,152,267201.69,34.89,172,2721.96,3.64,20,1,Monday,1,0,0,Winter,115
2022-01-04,P005,Sports_Product_5,Sports,2534.47,1596.71,129,326947.15,3.17,129,2707.7,4.27,16,0,Tuesday,1,0,0,Winter,116
2022-01-06,P005,Sports_Product_5,Sports,2462.83,1596.71,22,54182.29,6.93,160,2806.94,3.5,16,0,Thursday,1,0,0,Winter,118
2022-01-09,P005,Sports_Product_5,Sports,2419.12,1596.71,148,358029.39,6.94,148,2723.97,4.03,17,0,Sunday,1,1,0,Winter,121
2022-01-17,P005,Sports_Product_5,Sports,2723.15,1596.71,122,332224.8,1.44,122,2966.93,4.11,14,0,Monday,1,0,0,Winter,129
2022-01-23,P005,Sports_Product_5,Sports,2542.71,1596.71,79,200874.26,6.6,193,2769.37,3.65,14,0,Sunday,1,1,0,Winter,135
2022-01-28,P005,Sports_Product_5,Sports,2364.36,1596.71,96,226978.62,7.72,142,3044.31,3.59,20,0,Friday,1,0,1,Winter,140
2022-01-28,P005,Sports_Product_5,Sports,2030.19,1596.71,213,432431.21,20.73,213,2540.03,4.03,15,1,Friday,1,0,1,Winter,140
2022-01-31,P005,Sports_Product_5,Sports,2642.31,1596.71,119,314434.37,4.42,128,2714.9,4.17,19,0,Monday,1,0,0,Winter,143
2022-02-07,P005,Sports_Product_5,Sports,2635.3,1596.71,16,42164.87,3.4,126,2707.49,3.43,24,0,Monday,2,0,0,Winter,150
2022-02-08,P005,Sports_Product_5,Sports,2280.64,1596.71,86,196134.86,13.56,123,2687.45,3.75,19,1,Tuesday,2,0,0,Winter,151
2022-02-19,P005,Sports_Product_5,Sports,2676.75,1596.71,100,267674.72,2.92,121,3033.49,3.82,24,0,Saturday,2,1,0,Winter,162
2022-03-04,P005,Sports_Product_5,Sports,2370.45,1596.71,90,213340.95,6.85,124,2755.46,3.82,22,0,Friday,3,0,0,Spring,175
2022-03-08,P005,Sports_Product_5,Sports,2555.0,1596.71,101,258054.58,4.67,217,3046.25,3.88,20,0,Tuesday,3,0,0,Spring,179
2022-03-14,P005,Sports_Product_5,Sports,2551.73,1596.71,78,199035.23,0.31,166,2694.13,3.92,27,0,Monday,3,0,0,Spring,185
2022-03-14,P005,Sports_Product_5,Sports,2573.2,1596.71,170,437443.31,1.75,208,2595.93,4.27,23,0,Monday,3,0,0,Spring,185
2022-03-15,P005,Sports_Product_5,Sports,2370.28,1596.71,98,232286.99,6.42,156,2820.67,3.9,25,0,Tuesday,3,0,0,Spring,186
2022-03-21,P005,Sports_Product_5,Sports,2579.55,1596.71,105,270852.35,6.01,180,2874.17,3.76,26,0,Monday,3,0,0,Spring,192
2022-03-21,P005,Sports_Product_5,Sports,1798.75,1596.71,170,305787.39,33.16,228,2583.44,3.98,28,1,Monday,3,0,0,Spring,192
2022-03-24,P005,Sports_Product_5,Sports,1597.34,1596.71,204,325857.07,38.62,218,2764.38,3.92,22,1,Thursday,3,0,0,Spring,195
2022-04-19,P005,Sports_Product_5,Sports,2335.22,1596.71,96,224181.13,8.33,176,2895.74,3.9,32,0,Tuesday,4,0,0,Spring,221
2022-04-25,P005,Sports_Product_5,Sports,2620.19,1596.71,91,238437.5,1.82,211,2983.53,3.91,26,0,Monday,4,0,0,Spring,227
2022-05-12,P005,Sports_Product_5,Sports,2703.63,1596.71,96,259548.82,3.08,187,2872.51,3.77,30,0,Thursday,5,0,0,Spring,244
2022-05-12,P005,Sports_Product_5,Sports,2406.37,1596.71,144,346517.47,13.01,144,2825.49,4.01,33,1,Thursday,5,0,0,Spring,244
2022-05-24,P005,Sports_Product_5,Sports,2520.26,1596.71,82,206661.51,6.89,115,2613.39,3.91,32,0,Tuesday,5,0,0,Spring,256
2022-05-25,P005,Sports_Product_5,Sports,2422.26,1596.71,94,227692.53,8.74,169,2922.32,3.8,35,0,Wednesday,5,0,0,Spring,257
2022-05-29,P005,Sports_Product_5,Sports,1728.2,1596.71,144,248860.6,34.22,144,2677.85,4.34,38,1,Sunday,5,1,0,Spring,261
2022-05-30,P005,Sports_Product_5,Sports,2716.95,1596.71,184,499919.11,0.35,225,2635.89,4.46,34,0,Monday,5,0,0,Spring,262
2022-06-09,P005,Sports_Product_5,Sports,2447.83,1596.71,191,467535.28,3.79,191,2750.6,4.13,33,0,Thursday,6,0,0,Summer,272
2022-06-14,P005,Sports_Product_5,Sports,2047.78,1596.71,122,249829.27,19.49,122,2698.09,3.78,44,1,Tuesday,6,0,0,Summer,277
2022-06-22,P005,Sports_Product_5,Sports,2391.84,1596.71,116,277453.18,6.39,116,2901.02,4.19,37,0,Wednesday,6,0,0,Summer,285
