product_sales_data.csv
date,product_id,product_name,category,price,cost_price,units_sold,revenue,discount_percent,stock_available,competitor_price,rating,review_count,is_promoted,day_of_week,month,is_weekend,is_holiday,season,days_since_launch
2021-09-25,P011,Electronics_Product_11,Electronics,5281.91,3462.44,157,829259.95,6.16,245,5847.76,3.6,0,0,Saturday,9,1,0,Autumn,4
2021-10-10,P011,Electronics_Product_11,Electronics,4857.46,3462.44,84,408026.26,12.93,210,6324.81,3.4,3,1,Sunday,10,1,0,Autumn,19
2021-10-12,P011,Electronics_Product_11,Electronics,5777.08,3462.44,44,254191.33,2.39,323,5833.02,3.18,3,0,Tuesday,10,0,0,Autumn,21
2021-10-13,P011,Electronics_Product_11,Electronics,5314.32,3462.44,51,271030.44,4.96,302,6511.49,3.0,2,0,Wednesday,10,0,0,Autumn,22
2021-10-24,P011,Electronics_Product_11,Electronics,4085.48,3462.44,195,796669.42,32.53,195,6121.92,3.94,5,1,Sunday,10,1,0,Autumn,33
2021-11-10,P011,Electronics_Product_11,Electronics,4029.72,3462.44,310,1249213.71,29.53,310,5663.08,3.7,5,1,Wednesday,11,0,0,Autumn,50
2021-11-14,P011,Electronics_Product_11,Electronics,5313.46,3462.44,104,552599.35,7.33,164,5935.23,3.12,6,0,Sunday,11,1,0,Autumn,54
2021-11-20,P011,Electronics_Product_11,Electronics,3958.63,3462.44,128,506705.06,30.61,315,6374.38,3.36,8,1,Saturday,11,1,0,Autumn,60
2021-11-23,P011,Electronics_Product_11,Electronics,5094.44,3462.44,313,1594558.29,13.4,313,6197.85,4.05,7,1,Tuesday,11,0,0,Autumn,63
2021-11-23,P011,Electronics_Product_11,Electronics,5743.11,3462.44,52,298641.55,2.36,248,5819.76,3.45,8,0,Tuesday,11,0,0,Autumn,63
2021-11-24,P011,Electronics_Product_11,Electronics,5251.26,3462.44,225,1181532.46,12.58,225,6462.13,3.77,7,1,Wednesday,11,0,0,Autumn,64
2021-12-14,P011,Electronics_Product_11,Electronics,4558.83,3462.44,107,487794.84,21.49,237,6133.46,3.35,15,1,Tuesday,12,0,0,Winter,84
2021-12-19,P011,Electronics_Product_11,Electronics,5608.81,3462.44,213,1194676.58,3.47,213,5713.19,4.17,11,0,Sunday,12,1,0,Winter,89
2021-12-24,P011,Electronics_Product_11,Electronics,3598.56,3462.44,141,507396.35,38.99,256,6449.34,2.88,15,1,Friday,12,0,1,Winter,94
2021-12-24,P011,Electronics_Product_11,Electronics,4961.8,3462.44,305,1513350.51,15.56,305,6295.85,3.66,12,1,Friday,12,0,1,Winter,94
2021-12-25,P011,Electronics_Product_11,Electronics,5810.67,3462.44,212,1231862.86,2.07,212,6330.0,3.75,13,0,Saturday,12,1,1,Winter,95
2022-01-03,P011,Electronics_Product_11,Electronics,5598.86,3462.44,22,123174.96,1.0,313,5561.32,3.45,18,0,Monday,1,0,0,Winter,104
2022-01-11,P011,Electronics_Product_11,Electronics,5147.0,3462.44,99,509553.33,8.15,253,6437.96,3.94,16,0,Tuesday,1,0,0,Winter,112
2022-01-15,P011,Electronics_Product_11,Electronics,5392.74,3462.44,36,194138.66,4.27,243,5915.98,3.47,13,0,Saturday,1,1,0,Winter,116
2022-01-22,P011,Electronics_Product_11,Electronics,5428.05,3462.44,148,803351.4,6.49,308,6189.76,3.6,17,0,Saturday,1,1,0,Winter,123
2022-01-30,P011,Electronics_Product_11,Electronics,5396.94,3462.44,144,777158.92,8.49,205,6046.49,3.91,18,0,Sunday,1,1,0,Winter,131
2022-02-18,P011,Electronics_Product_11,Electronics,5090.88,3462.44,93,473452.24,9.32,320,5966.84,3.91,19,0,Friday,2,0,0,Winter,150
2022-02-19,P011,Electronics_Product_11,Electronics,5411.77,3462.44,109,589882.96,7.47,267,5514.14,3.69,21,0,Saturday,2,1,0,Winter,151
2022-02-27,P011,Electronics_Product_11,Electronics,5547.64,3462.44,90,499287.48,3.29,201,5579.45,3.92,17,0,Sunday,2,1,0,Winter,159
2022-03-08,P011,Electronics_Product_11,Electronics,4561.58,3462.44,183,834769.62,16.83,223,6024.71,3.85,22,1,Tuesday,3,0,0,Spring,168
2022-03-08,P011,Electronics_Product_11,Electronics,5071.22,3462.44,149,755612.33,9.97,226,6021.03,3.81,25,0,Tuesday,3,0,0,Spring,168
2022-03-09,P011,Electronics_Product_11,Electronics,5309.95,3462.44,289,1534574.56,3.43,289,5845.7,4.12,19,0,Wednesday,3,0,0,Spring,169
2022-03-14,P011,Electronics_Product_11,Electronics,4713.46,3462.44,302,1423465.66,17.97,302,6391.58,4.21,24,1,Monday,3,0,0,Spring,174
2022-03-17,P011,Electronics_Product_11,Electronics,5099.43,3462.44,200,1019886.12,15.43,200,6559.34,3.69,25,1,Thursday,3,0,0,Spring,177
2022-03-24,P011,Electronics_Product_11,Electronics,5754.79,3462.44,125,719348.19,4.79,188,6354.52,3.99,23,0,Thursday,3,0,0,Spring,184
2022-03-24,P011,Electronics_Product_11,Electronics,4300.05,3462.44,234,1006211.11,21.69,249,6518.93,3.94,24,1,Thursday,3,0,0,Spring,184
2022-03-26,P011,Electronics_Product_11,Electronics,5474.83,3462.44,189,1034742.89,4.59,189,6179.94,4.2,23,0,Saturday,3,1,0,Spring,186
2022-04-06,P011,Electronics_Product_11,Electronics,5532.56,3462.44,107,591984.39,0.62,266,5491.24,3.95,28,0,Wednesday,4,0,0,Spring,197
2022-04-18,P011,Electronics_Product_11,Electronics,5261.34,3462.44,206,1083837.05,5.06,206,5942.56,4.02,25,0,Monday,4,0,0,Spring,209
2022-04-22,P011,Electronics_Product_11,Electronics,5352.32,3462.44,126,674391.82,9.58,293,6192.96,3.57,25,0,Friday,4,0,0,Spring,213
2022-04-25,P011,Electronics_Product_11,Electronics,5346.9,3462.44,153,818076.33,2.94,230,6465.25,3.98,23,0,Monday,4,0,0,Spring,216
2022-04-27,P011,Electronics_Product_11,Electronics,5469.21,3462.44,168,918826.54,6.69,168,6115.67,4.04,27,0,Wednesday,4,0,0,Spring,218
2022-04-30,P011,Electronics_Product_11,Electronics,5526.65,3462.44,264,1459036.84,4.86,264,5923.25,4.11,28,0,Saturday,4,1,0,Spring,221
2022-05-13,P011,Electronics_Product_11,Electronics,5292.8,3462.44,245,1296736.73,4.1,245,6320.55,4.47,28,0,Friday,5,0,0,Spring,234
2022-05-16,P011,Electronics_Product_11,Electronics,5202.86,3462.44,160,832457.17,5.17,174,6546.69,3.8,30,0,Monday,5,0,0,Spring,237
2022-05-22,P011,Electronics_Product_11,Electronics,5220.33,3462.44,148,772608.77,9.32,195,5642.67,3.77,27,0,Sunday,5,1,0,Spring,243
2022-05-25,P011,Electronics_Product_11,Electronics,5318.06,3462.44,237,1260381.17,9.57,237,6505.84,4.2,31,0,Wednesday,5,0,0,Spring,246
2022-06-02,P011,Electronics_Product_11,Electronics,5850.23,3462.44,200,1170046.0,2.32,200,6446.76,4.35,34,0,Thursday,6,0,0,Summer,254
2022-06-06,P011,Electronics_Product_11,Electronics,5570.8,3462.44,304,1693522.52,4.2,304,6489.7,4.8,31,0,Monday,6,0,0,Summer,258
2022-06-06,P011,Electronics_Product_11,Electronics,5692.09,3462.44,188,1070113.82,3.57,188,6594.72,4.13,35,0,Monday,6,0,0,Summer,258
2022-06-17,P011,Electronics_Product_11,Electronics,5567.47,3462.44,194,1080088.94,0.82,194,6135.63,4.2,35,0,Friday,6,0,0,Summer,269
2022-06-23,P011,Electronics_Product_11,Electronics,5299.22,3462.44,253,1340701.49,6.94,253,6318.33,4.33,37,0,Thursday,6,0,0,Summer,275
2022-06-28,P011,Electronics_Product_11,Electronics,5386.52,3462.44,131,705634.13,4.86,194,6462.59,3.83,35,0,Tuesday,6,0,0,Summer,280
2021-09-26,P043,Fashion_Product_43,Fashion,1626.1,1485.34,358,582145.37,33.55,358,2404.82,3.57,2,1,Sunday,9,1,0,Autumn,14
2021-09-30,P043,Fashion_Product_43,Fashion,2206.33,1485.34,68,150030.13,7.17,226,2661.01,3.39,2,0,Thursday,9,0,1,Autumn,18
2021-10-01,P043,Fashion_Product_43,Fashion,2476.47,1485.34,281,695887.38,4.43,281,2757.89,3.68,1,0,Friday,10,0,1,Autumn,19
2021-10-06,P043,Fashion_Product_43,Fashion,2448.74,1485.34,69,168962.82,1.88,297,2736.75,3.36,2,0,Wednesday,10,0,0,Autumn,24
2021-10-08,P043,Fashion_Product_43,Fashion,2280.87,1485.34,188,428803.48,3.95,368,2538.3,3.53,2,0,Friday,10,0,0,Autumn,26
2021-10-21,P043,Fashion_Product_43,Fashion,2308.62,1485.34,254,586389.98,10.6,363,2814.86,3.73,6,1,Thursday,10,0,0,Autumn,39
2021-10-26,P043,Fashion_Product_43,Fashion,1819.3,1485.34,250,454824.88,28.51,250,2632.4,3.51,7,1,Tuesday,10,0,0,Autumn,44
2021-10-31,P043,Fashion_Product_43,Fashion,1563.41,1485.34,303,473713.13,36.79,303,2617.17,4.39,6,1,Sunday,10,1,1,Autumn,49
2021-11-03,P043,Fashion_Product_43,Fashion,1688.7,1485.34,239,403600.3,28.36,240,2843.74,3.16,5,1,Wednesday,11,0,1,Autumn,52
2021-11-09,P043,Fashion_Product_43,Fashion,2462.13,1485.34,80,196970.01,1.19,262,2795.79,3.42,9,0,Tuesday,11,0,0,Autumn,58
2021-11-15,P043,Fashion_Product_43,Fashion,2315.38,1485.34,82,189861.22,3.65,282,2672.6,3.47,10,0,Monday,11,0,0,Autumn,64
2021-12-13,P043,Fashion_Product_43,Fashion,1603.34,1485.34,376,602856.07,35.94,376,2838.38,3.53,13,1,Monday,12,0,0,Winter,92
2021-12-16,P043,Fashion_Product_43,Fashion,1888.91,1485.34,226,426894.03,26.98,226,2810.14,4.06,11,1,Thursday,12,0,0,Winter,95
2021-12-18,P043,Fashion_Product_43,Fashion,2148.42,1485.34,402,863663.5,13.18,402,2733.26,4.18,12,1,Saturday,12,1,0,Winter,97
2021-12-30,P043,Fashion_Product_43,Fashion,2176.43,1485.34,236,513638.02,14.37,236,2604.35,3.7,14,1,Thursday,12,0,0,Winter,109
2022-01-12,P043,Fashion_Product_43,Fashion,2391.09,1485.34,102,243891.07,4.33,394,2391.7,3.62,14,0,Wednesday,1,0,0,Winter,122
2022-01-16,P043,Fashion_Product_43,Fashion,2532.87,1485.34,57,144373.38,1.27,269,2831.02,3.42,16,0,Sunday,1,1,0,Winter,126
2022-01-25,P043,Fashion_Product_43,Fashion,2357.3,1485.34,138,325307.95,0.62,318,2356.53,3.64,16,0,Tuesday,1,0,1,Winter,135
2022-02-08,P043,Fashion_Product_43,Fashion,2409.5,1485.34,108,260226.21,1.14,381,2603.01,3.73,20,0,Tuesday,2,0,0,Winter,149
2022-02-09,P043,Fashion_Product_43,Fashion,2345.47,1485.34,118,276765.4,1.3,381,2505.28,3.76,18,0,Wednesday,2,0,0,Winter,150
2022-02-17,P043,Fashion_Product_43,Fashion,2191.02,1485.34,110,241012.29,8.27,264,2801.15,3.7,29,0,Thursday,2,0,0,Winter,158
2022-02-19,P043,Fashion_Product_43,Fashion,2326.5,1485.34,135,314077.12,7.56,251,2393.06,3.74,23,0,Saturday,2,1,0,Winter,160
2022-02-21,P043,Fashion_Product_43,Fashion,2390.45,1485.34,131,313148.81,6.09,212,2756.0,3.82,20,0,Monday,2,0,0,Winter,162
2022-02-24,P043,Fashion_Product_43,Fashion,2407.77,1485.34,118,284116.85,3.71,343,2701.13,3.89,26,0,Thursday,2,0,0,Winter,165
2022-03-14,P043,Fashion_Product_43,Fashion,2254.24,1485.34,166,374203.49,9.41,269,2810.88,3.67,26,0,Monday,3,0,0,Spring,183
2022-03-19,P043,Fashion_Product_43,Fashion,1799.86,1485.34,168,302376.92,26.57,221,2602.41,3.46,23,1,Saturday,3,1,0,Spring,188
2022-03-21,P043,Fashion_Product_43,Fashion,2537.17,1485.34,139,352666.39,0.76,384,2483.46,3.98,28,0,Monday,3,0,0,Spring,190
2022-03-22,P043,Fashion_Product_43,Fashion,2427.51,1485.34,153,371408.58,4.83,269,2766.48,3.93,25,0,Tuesday,3,0,0,Spring,191
2022-03-24,P043,Fashion_Product_43,Fashion,2296.07,1485.34,231,530392.32,8.27,231,2658.18,4.28,20,0,Thursday,3,0,0,Spring,193
2022-03-25,P043,Fashion_Product_43,Fashion,2341.97,1485.34,351,822031.19,7.89,351,2579.26,4.13,26,0,Friday,3,0,0,Spring,194
2022-03-28,P043,Fashion_Product_43,Fashion,2180.14,1485.34,187,407686.16,8.48,334,2785.72,3.59,24,0,Monday,3,0,0,Spring,197
2022-04-01,P043,Fashion_Product_43,Fashion,2452.24,1485.34,250,613060.22,3.83,250,2616.9,4.15,28,0,Friday,4,0,0,Spring,201
2022-04-12,P043,Fashion_Product_43,Fashion,2136.46,1485.34,161,343970.52,9.45,280,2802.53,3.82,26,0,Tuesday,4,0,0,Spring,212
2022-04-12,P043,Fashion_Product_43,Fashion,2051.55,1485.34,230,471855.94,14.21,342,2811.69,3.98,27,1,Tuesday,4,0,0,Spring,212
2022-04-14,P043,Fashion_Product_43,Fashion,2191.56,1485.34,164,359415.13,8.91,213,2738.07,3.87,24,0,Thursday,4,0,0,Spring,214
2022-04-19,P043,Fashion_Product_43,Fashion,2361.24,1485.34,150,354186.52,4.13,343,2622.59,3.74,26,0,Tuesday,4,0,0,Spring,219
2022-04-21,P043,Fashion_Product_43,Fashion,2463.91,1485.34,235,579019.54,0.93,235,2460.7,4.39,31,0,Thursday,4,0,0,Spring,221
2022-04-27,P043,Fashion_Product_43,Fashion,1434.65,1485.34,267,383052.4,39.03,267,2402.83,3.85,29,1,Wednesday,4,0,0,Spring,227
2022-04-28,P043,Fashion_Product_43,Fashion,2549.3,1485.34,388,989128.76,0.86,402,2438.44,4.47,31,0,Thursday,4,0,0,Spring,228
2022-05-10,P043,Fashion_Product_43,Fashion,2483.66,1485.34,142,352679.32,4.27,368,2597.44,3.91,34,0,Tuesday,5,0,0,Spring,240
2022-05-14,P043,Fashion_Product_43,Fashion,2221.88,1485.34,303,673229.11,7.65,303,2352.97,5.0,31,0,Saturday,5,1,0,Spring,244
2022-05-14,P043,Fashion_Product_43,Fashion,2500.64,1485.34,365,912732.73,1.84,365,2703.98,4.08,35,0,Saturday,5,1,0,Spring,244
2022-05-18,P043,Fashion_Product_43,Fashion,2458.96,1485.34,307,754900.28,1.64,307,2806.57,4.91,27,0,Wednesday,5,0,0,Spring,248
2022-06-01,P043,Fashion_Product_43,Fashion,2345.16,1485.34,160,375225.75,2.5,395,2659.85,3.56,33,0,Wednesday,6,0,0,Summer,262
2022-06-04,P043,Fashion_Product_43,Fashion,2515.61,1485.34,296,744622.04,0.73,296,2659.91,4.58,30,0,Saturday,6,1,0,Summer,265
2022-06-08,P043,Fashion_Product_43,Fashion,1998.31,1485.34,258,515563.98,19.31,258,2655.01,3.83,34,1,Wednesday,6,0,0,Summer,269
2022-06-23,P043,Fashion_Product_43,Fashion,2583.89,1485.34,137,353993.41,0.52,208,2603.11,3.92,39,0,Thursday,6,0,0,Summer,284
2022-06-24,P043,Fashion_Product_43,Fashion,2268.14,1485.34,209,474040.22,9.62,209,2648.26,4.52,40,0,Friday,6,0,0,Summer,285
2022-06-26,P043,Fashion_Product_43,Fashion,2328.8,1485.34,271,631104.45,9.61,271,2447.08,4.05,38,0,Sunday,6,1,0,Summer,287
2022-06-28,P043,Fashion_Product_43,Fashion,2440.36,1485.34,174,424622.49,3.55,339,2757.92,3.73,34,0,Tuesday,6,0,0,Summer,289
