product_sales_data.csv
date,product_id,product_name,category,price,cost_price,units_sold,revenue,discount_percent,stock_available,competitor_price,rating,review_count,is_promoted,day_of_week,month,is_weekend,is_holiday,season,days_since_launch
2021-09-28,P015,Electronics_Product_15,Electronics,10782.5,8471.94,111,1196857.39,26.95,287,15778.51,3.43,0,1,Tuesday,9,0,0,Autumn,0
2021-10-04,P015,Electronics_Product_15,Electronics,12284.53,8471.94,269,3304537.59,14.69,269,13621.65,3.67,0,1,Monday,10,0,1,Autumn,6
2021-10-10,P015,Electronics_Product_15,Electronics,10830.69,8471.94,175,1895370.02,24.98,410,13649.07,3.33,2,1,Sunday,10,1,0,Autumn,12
2021-10-10,P015,Electronics_Product_15,Electronics,13828.27,8471.94,90,1244544.55,0.64,390,15111.34,3.15,2,0,Sunday,10,1,0,Autumn,12
2021-10-21,P015,Electronics_Product_15,Electronics,13093.7,8471.94,198,2592552.02,7.76,382,13569.51,3.79,3,0,Thursday,10,0,0,Autumn,23
2021-10-28,P015,Electronics_Product_15,Electronics,12104.65,8471.94,365,4418197.04,17.7,418,14825.85,3.51,4,1,Thursday,10,0,0,Autumn,30
2021-10-30,P015,Electronics_Product_15,Electronics,10100.3,8471.94,411,4151225.19,29.09,411,15494.76,3.86,4,1,Saturday,10,1,1,Autumn,32
2021-11-15,P015,Electronics_Product_15,Electronics,12487.1,8471.94,126,1573375.11,13.76,271,16150.65,3.31,4,1,Monday,11,0,0,Autumn,48
2021-11-17,P015,Electronics_Product_15,Electronics,13922.09,8471.94,451,6278860.72,3.88,451,13588.84,4.07,7,0,Wednesday,11,0,0,Autumn,50
2021-11-18,P015,Electronics_Product_15,Electronics,8917.8,8471.94,179,1596286.91,34.23,370,15180.5,3.38,6,1,Thursday,11,0,0,Autumn,51
2021-11-22,P015,Electronics_Product_15,Electronics,12422.85,8471.94,118,1465896.23,11.0,310,15965.55,3.27,10,1,Monday,11,0,0,Autumn,55
2021-11-26,P015,Electronics_Product_15,Electronics,10092.47,8471.94,282,2846077.32,29.25,282,15300.93,4.11,5,1,Friday,11,0,0,Autumn,59
2021-11-27,P015,Electronics_Product_15,Electronics,13242.38,8471.94,416,5508831.39,7.89,431,15615.63,3.91,7,0,Saturday,11,1,0,Autumn,60
2021-11-30,P015,Electronics_Product_15,Electronics,8331.41,8471.94,417,3474197.56,39.48,417,13621.09,3.72,9,1,Tuesday,11,0,0,Autumn,63
2021-12-07,P015,Electronics_Product_15,Electronics,13615.82,8471.94,352,4792767.46,2.13,352,16214.12,3.82,12,0,Tuesday,12,0,0,Winter,70
2021-12-07,P015,Electronics_Product_15,Electronics,12086.22,8471.94,412,4979523.99,13.76,412,15875.79,3.6,9,1,Tuesday,12,0,0,Winter,70
2021-12-10,P015,Electronics_Product_15,Electronics,11758.94,8471.94,159,1869671.57,15.24,409,13977.13,3.47,10,1,Friday,12,0,0,Winter,73
2021-12-15,P015,Electronics_Product_15,Electronics,12658.49,8471.94,373,4721615.21,7.95,424,15782.14,3.78,8,0,Wednesday,12,0,0,Winter,78
2022-01-01,P015,Electronics_Product_15,Electronics,12738.4,8471.94,177,2254697.25,7.93,264,14238.83,3.92,11,0,Saturday,1,1,0,Winter,95
2022-01-03,P015,Electronics_Product_15,Electronics,11526.46,8471.94,342,3942048.36,14.33,342,15574.37,4.21,12,1,Monday,1,0,0,Winter,97
2022-01-07,P015,Electronics_Product_15,Electronics,14575.47,8471.94,36,524716.97,1.45,318,14219.09,3.48,14,0,Friday,1,0,0,Winter,101
2022-01-12,P015,Electronics_Product_15,Electronics,13016.28,8471.94,149,1939426.14,4.31,472,14001.4,3.64,12,0,Wednesday,1,0,0,Winter,106
2022-01-16,P015,Electronics_Product_15,Electronics,14020.96,8471.94,169,2369542.58,4.74,455,14656.42,3.69,14,0,Sunday,1,1,0,Winter,110
2022-01-17,P015,Electronics_Product_15,Electronics,13413.52,8471.94,145,1944959.75,8.32,344,14467.12,3.71,13,0,Monday,1,0,0,Winter,111
2022-02-14,P015,Electronics_Product_15,Electronics,12507.09,8471.94,147,1838542.49,7.91,446,15187.24,3.72,18,0,Monday,2,0,0,Winter,139
2022-02-15,P015,Electronics_Product_15,Electronics,13507.9,8471.94,141,1904614.56,1.76,466,14883.8,3.92,18,0,Tuesday,2,0,0,Winter,140
2022-02-20,P015,Electronics_Product_15,Electronics,13687.72,8471.94,178,2436414.94,1.15,254,14067.17,3.79,19,0,Sunday,2,1,0,Winter,145
2022-03-08,P015,Electronics_Product_15,Electronics,12753.55,8471.94,390,4973882.85,7.89,390,14612.9,4.06,18,0,Tuesday,3,0,0,Spring,161
2022-03-09,P015,Electronics_Product_15,Electronics,12869.32,8471.94,255,3281677.12,5.75,255,13781.4,4.05,21,0,Wednesday,3,0,0,Spring,162
2022-03-13,P015,Electronics_Product_15,Electronics,10506.65,8471.94,366,3845435.66,26.98,366,14779.63,3.81,20,1,Sunday,3,1,0,Spring,166
2022-03-13,P015,Electronics_Product_15,Electronics,11836.77,8471.94,365,4320422.36,13.87,365,15227.83,4.41,20,1,Sunday,3,1,0,Spring,166
2022-03-19,P015,Electronics_Product_15,Electronics,13079.77,8471.94,281,3675414.01,5.71,362,13826.34,3.63,26,0,Saturday,3,1,0,Spring,172
2022-03-25,P015,Electronics_Product_15,Electronics,9642.76,8471.94,357,3442465.58,28.64,357,13615.23,4.03,23,1,Friday,3,0,0,Spring,178
2022-03-25,P015,Electronics_Product_15,Electronics,12864.09,8471.94,155,1993933.74,6.15,285,13528.88,3.96,26,0,Friday,3,0,0,Spring,178
2022-04-07,P015,Electronics_Product_15,Electronics,13070.94,8471.94,193,2522691.87,4.9,392,15013.68,3.96,26,0,Thursday,4,0,0,Spring,191
2022-04-17,P015,Electronics_Product_15,Electronics,13101.95,8471.94,358,4690499.65,2.64,358,15925.9,4.12,29,0,Sunday,4,1,0,Spring,201
2022-04-20,P015,Electronics_Product_15,Electronics,12828.39,8471.94,61,782531.79,8.81,330,14230.55,3.46,29,0,Wednesday,4,0,0,Spring,204
2022-05-08,P015,Electronics_Product_15,Electronics,13325.35,8471.94,453,6036383.71,5.4,453,15550.56,4.46,33,0,Sunday,5,1,0,Spring,222
2022-05-13,P015,Electronics_Product_15,Electronics,13237.2,8471.94,192,2541543.28,4.08,456,13784.77,3.96,28,0,Friday,5,0,0,Spring,227
2022-05-13,P015,Electronics_Product_15,Electronics,13468.66,8471.94,174,2343546.25,1.0,407,14855.8,3.59,28,0,Friday,5,0,0,Spring,227
2022-05-14,P015,Electronics_Product_15,Electronics,12768.45,8471.94,466,5950096.76,8.85,466,15005.62,4.22,31,0,Saturday,5,1,0,Spring,228
2022-05-14,P015,Electronics_Product_15,Electronics,13564.96,8471.94,308,4178007.74,0.93,359,15153.77,3.76,29,0,Saturday,5,1,0,Spring,228
2022-05-21,P015,Electronics_Product_15,Electronics,12852.64,8471.94,492,6323497.34,6.61,492,14709.49,4.37,32,0,Saturday,5,1,0,Spring,235
2022-05-28,P015,Electronics_Product_15,Electronics,9192.52,8471.94,375,3447196.25,36.08,375,13780.48,4.39,34,1,Saturday,5,1,0,Spring,242
2022-06-16,P015,Electronics_Product_15,Electronics,13110.68,8471.94,272,3566103.9,10.78,390,15857.0,3.9,32,1,Thursday,6,0,0,Summer,261
2022-06-21,P015,Electronics_Product_15,Electronics,13251.41,8471.94,212,2809299.01,2.7,293,15056.14,3.99,30,0,Tuesday,6,0,0,Summer,266
2021-10-02,P009,Beauty_Product_9,Beauty,1163.85,873.91,228,265357.34,16.58,228,1521.03,3.88,0,1,Saturday,10,1,1,Autumn,1
2021-10-02,P009,Beauty_Product_9,Beauty,1042.22,873.91,152,158417.76,28.34,152,1489.87,3.66,0,1,Saturday,10,1,1,Autumn,1
2021-10-08,P009,Beauty_Product_9,Beauty,1059.76,873.91,219,232087.82,27.01,236,1610.59,3.7,1,1,Friday,10,0,0,Autumn,7
2021-10-12,P009,Beauty_Product_9,Beauty,1495.78,873.91,84,125645.63,1.81,137,1551.49,3.93,1,0,Tuesday,10,0,0,Autumn,11
2021-11-02,P009,Beauty_Product_9,Beauty,904.7,873.91,109,98612.63,37.65,158,1669.99,3.49,4,1,Tuesday,11,0,1,Autumn,32
2021-11-04,P009,Beauty_Product_9,Beauty,1387.98,873.91,159,220688.7,4.68,159,1463.61,4.09,3,0,Thursday,11,0,0,Autumn,34
2021-11-07,P009,Beauty_Product_9,Beauty,1327.59,873.91,187,248258.84,9.04,187,1581.19,3.83,4,0,Sunday,11,1,0,Autumn,37
2021-11-19,P009,Beauty_Product_9,Beauty,1312.0,873.91,138,181056.38,7.24,185,1508.83,3.82,5,0,Friday,11,0,0,Autumn,49
2021-11-24,P009,Beauty_Product_9,Beauty,1358.8,873.91,125,169849.96,4.8,241,1490.83,3.6,7,0,Wednesday,11,0,0,Autumn,54
2021-11-26,P009,Beauty_Product_9,Beauty,1366.8,873.91,158,215954.24,5.84,221,1541.82,3.86,8,0,Friday,11,0,0,Autumn,56
2021-12-10,P009,Beauty_Product_9,Beauty,933.62,873.91,77,71888.87,37.2,225,1396.75,3.49,10,1,Friday,12,0,0,Winter,70
2021-12-11,P009,Beauty_Product_9,Beauty,1060.46,873.91,159,168613.66,27.78,159,1608.74,3.91,9,1,Saturday,12,1,0,Winter,71
2021-12-12,P009,Beauty_Product_9,Beauty,851.55,873.91,158,134545.33,39.96,158,1540.77,4.27,10,1,Sunday,12,1,0,Winter,72
2021-12-14,P009,Beauty_Product_9,Beauty,1417.45,873.91,134,189937.91,1.92,229,1565.68,3.95,8,0,Tuesday,12,0,0,Winter,74
2021-12-18,P009,Beauty_Product_9,Beauty,1398.0,873.91,51,71298.16,0.16,138,1392.31,3.29,12,0,Saturday,12,1,0,Winter,78
2022-01-10,P009,Beauty_Product_9,Beauty,1275.09,873.91,95,121133.28,10.32,199,1418.74,3.88,14,1,Monday,1,0,0,Winter,101
2022-01-11,P009,Beauty_Product_9,Beauty,955.6,873.91,142,135695.24,31.1,142,1567.56,4.11,18,1,Tuesday,1,0,0,Winter,102
2022-01-19,P009,Beauty_Product_9,Beauty,1110.73,873.91,227,252136.4,20.5,227,1518.46,4.29,17,1,Wednesday,1,0,0,Winter,110
2022-01-21,P009,Beauty_Product_9,Beauty,1414.25,873.91,19,26870.82,3.04,235,1591.53,3.21,14,0,Friday,1,0,0,Winter,112
2022-01-23,P009,Beauty_Product_9,Beauty,1251.24,873.91,110,137636.52,9.64,212,1504.2,3.7,13,0,Sunday,1,1,0,Winter,114
2022-01-24,P009,Beauty_Product_9,Beauty,931.5,873.91,69,64273.38,38.57,233,1417.39,3.37,13,1,Monday,1,0,1,Winter,115
2022-01-29,P009,Beauty_Product_9,Beauty,1053.46,873.91,56,58994.03,24.33,183,1600.84,3.33,17,1,Saturday,1,1,0,Winter,120
2022-02-01,P009,Beauty_Product_9,Beauty,1253.83,873.91,159,199358.65,9.59,232,1473.25,4.18,17,0,Tuesday,2,0,0,Winter,123
2022-02-01,P009,Beauty_Product_9,Beauty,1320.63,873.91,20,26412.52,8.68,182,1506.47,3.33,12,0,Tuesday,2,0,0,Winter,123
2022-02-11,P009,Beauty_Product_9,Beauty,1326.21,873.91,70,92835.02,9.28,196,1552.45,3.68,15,0,Friday,2,0,0,Winter,133
2022-02-17,P009,Beauty_Product_9,Beauty,1124.76,873.91,227,255320.81,21.56,227,1556.14,4.04,18,1,Thursday,2,0,0,Winter,139
2022-03-01,P009,Beauty_Product_9,Beauty,1408.37,873.91,110,154920.6,4.61,231,1575.77,3.57,19,0,Tuesday,3,0,0,Spring,151
2022-03-02,P009,Beauty_Product_9,Beauty,1436.7,873.91,135,193954.72,2.96,135,1627.69,4.15,16,0,Wednesday,3,0,0,Spring,152
2022-03-13,P009,Beauty_Product_9,Beauty,1407.67,873.91,127,178773.97,2.17,241,1538.35,3.73,20,0,Sunday,3,1,0,Spring,163
2022-03-14,P009,Beauty_Product_9,Beauty,1357.5,873.91,83,112672.88,3.19,184,1426.85,3.9,24,0,Monday,3,0,0,Spring,164
2022-03-17,P009,Beauty_Product_9,Beauty,1237.92,873.91,231,285959.66,17.91,231,1436.22,4.09,23,1,Thursday,3,0,0,Spring,167
2022-03-20,P009,Beauty_Product_9,Beauty,1430.32,873.91,120,171638.26,0.12,186,1401.83,3.84,24,0,Sunday,3,1,0,Spring,170
2022-03-20,P009,Beauty_Product_9,Beauty,1400.82,873.91,125,175102.37,4.32,220,1626.42,3.89,19,0,Sunday,3,1,0,Spring,170
2022-03-21,P009,Beauty_Product_9,Beauty,1406.85,873.91,177,249012.13,6.36,233,1388.4,4.23,24,0,Monday,3,0,0,Spring,171
2022-03-23,P009,Beauty_Product_9,Beauty,1397.84,873.91,231,322901.9,4.16,231,1646.83,4.06,22,0,Wednesday,3,0,0,Spring,173
2022-03-26,P009,Beauty_Product_9,Beauty,1392.04,873.91,45,62641.96,6.89,128,1626.32,3.28,23,0,Saturday,3,1,0,Spring,176
2022-04-11,P009,Beauty_Product_9,Beauty,952.67,873.91,190,181007.2,36.63,190,1610.25,4.09,30,1,Monday,4,0,0,Spring,192
2022-04-21,P009,Beauty_Product_9,Beauty,1299.39,873.91,209,271573.55,6.6,209,1524.92,4.24,25,0,Thursday,4,0,0,Spring,202
2022-05-02,P009,Beauty_Product_9,Beauty,1262.95,873.91,148,186916.42,15.45,148,1664.87,4.2,26,1,Monday,5,0,0,Spring,213
2022-05-09,P009,Beauty_Product_9,Beauty,1363.73,873.91,102,139100.36,2.67,135,1450.79,4.0,30,0,Monday,5,0,0,Spring,220
2022-05-18,P009,Beauty_Product_9,Beauty,1389.1,873.91,87,120851.95,6.02,238,1470.32,3.73,29,0,Wednesday,5,0,0,Spring,229
2022-05-24,P009,Beauty_Product_9,Beauty,1494.2,873.91,174,259990.28,0.64,176,1468.87,4.34,34,0,Tuesday,5,0,0,Spring,235
2022-06-19,P009,Beauty_Product_9,Beauty,1455.27,873.91,129,187729.42,2.92,179,1619.1,3.7,39,0,Sunday,6,1,0,Summer,261
2022-06-23,P009,Beauty_Product_9,Beauty,1331.24,873.91,152,202347.84,4.9,152,1521.07,4.33,40,0,Thursday,6,0,0,Summer,265
2022-06-30,P009,Beauty_Product_9,Beauty,1219.39,873.91,237,288996.43,19.75,237,1472.27,4.13,36,1,Thursday,6,0,0,Summer,272
2021-10-08,P017,Home_Product_17,Home,3744.13,2317.76,163,610293.79,0.9,188,4334.37,3.59,0,0,Friday,10,0,0,Autumn,1
2021-10-10,P017,Home_Product_17,Home,2735.99,2317.76,209,571820.97,30.79,209,4438.84,3.55,0,1,Sunday,10,1,0,Autumn,3
2021-10-13,P017,Home_Product_17,Home,3484.07,2317.76,44,153298.97,8.42,216,3963.43,3.49,0,0,Wednesday,10,0,0,Autumn,6
2021-10-14,P017,Home_Product_17,Home,3920.22,2317.76,166,650757.05,1.18,268,4157.97,3.67,0,0,Thursday,10,0,0,Autumn,7
2021-11-03,P017,Home_Product_17,Home,2873.19,2317.76,163,468329.54,22.99,181,3907.97,3.38,3,1,Wednesday,11,0,1,Autumn,27
2021-11-11,P017,Home_Product_17,Home,3625.57,2317.76,142,514830.45,3.12,248,3803.46,3.84,3,0,Thursday,11,0,0,Autumn,35
2021-12-07,P017,Home_Product_17,Home,2492.43,2317.76,117,291614.82,37.32,222,4064.8,3.36,10,1,Tuesday,12,0,0,Winter,61
2021-12-08,P017,Home_Product_17,Home,3548.31,2317.76,209,741597.36,4.66,261,3998.44,3.92,7,0,Wednesday,12,0,0,Winter,62
2021-12-11,P017,Home_Product_17,Home,2441.72,2317.76,202,493227.33,36.53,202,4404.89,3.74,7,1,Saturday,12,1,0,Winter,65
2021-12-16,P017,Home_Product_17,Home,2659.27,2317.76,266,707364.89,32.09,266,3915.21,3.63,11,1,Thursday,12,0,0,Winter,70
2021-12-23,P017,Home_Product_17,Home,2854.64,2317.76,182,519545.19,28.52,228,4055.76,3.21,8,1,Thursday,12,0,1,Winter,77
2021-12-26,P017,Home_Product_17,Home,2898.0,2317.76,189,547722.29,28.22,189,3985.43,3.62,9,1,Sunday,12,1,1,Winter,80
2021-12-28,P017,Home_Product_17,Home,2673.32,2317.76,131,350204.43,30.2,306,3872.58,3.44,8,1,Tuesday,12,0,0,Winter,82
2022-01-03,P017,Home_Product_17,Home,3801.35,2317.76,27,102636.32,2.71,180,4424.76,3.27,9,0,Monday,1,0,0,Winter,88
2022-02-20,P017,Home_Product_17,Home,3657.69,2317.76,43,157280.55,3.05,322,4298.48,3.49,20,0,Sunday,2,1,0,Winter,136
2022-02-28,P017,Home_Product_17,Home,3753.24,2317.76,82,307765.8,1.7,233,3937.85,3.81,21,0,Monday,2,0,0,Winter,144
2022-03-11,P017,Home_Product_17,Home,3746.95,2317.76,103,385935.35,4.01,201,3734.43,3.7,26,0,Friday,3,0,0,Spring,155
2022-03-11,P017,Home_Product_17,Home,3578.28,2317.76,147,526006.93,4.79,295,4291.6,3.96,20,0,Friday,3,0,0,Spring,155
2022-03-16,P017,Home_Product_17,Home,3513.02,2317.76,121,425075.05,4.61,176,3855.47,3.76,21,0,Wednesday,3,0,0,Spring,160
2022-03-16,P017,Home_Product_17,Home,2701.94,2317.76,86,232366.58,31.78,297,4385.08,3.13,25,1,Wednesday,3,0,0,Spring,160
2022-03-26,P017,Home_Product_17,Home,2671.13,2317.76,318,849418.19,27.97,318,4280.12,4.37,22,1,Saturday,3,1,0,Spring,170
2022-04-02,P017,Home_Product_17,Home,3649.4,2317.76,177,645943.1,9.42,247,4131.65,3.83,23,0,Saturday,4,1,0,Spring,177
2022-04-04,P017,Home_Product_17,Home,3998.48,2317.76,207,827685.33,0.01,207,3809.95,4.03,25,0,Monday,4,0,0,Spring,179
2022-04-06,P017,Home_Product_17,Home,3603.12,2317.76,135,486421.77,7.14,167,4409.74,3.65,19,0,Wednesday,4,0,0,Spring,181
2022-04-11,P017,Home_Product_17,Home,3731.17,2317.76,224,835781.45,1.3,224,3720.78,4.18,27,0,Monday,4,0,0,Spring,186
2022-04-13,P017,Home_Product_17,Home,3738.24,2317.76,257,960728.68,7.81,257,4226.0,4.14,26,0,Wednesday,4,0,0,Spring,188
2022-04-20,P017,Home_Product_17,Home,3653.76,2317.76,134,489603.75,2.98,251,4045.01,3.7,25,0,Wednesday,4,0,0,Spring,195
2022-04-20,P017,Home_Product_17,Home,3373.64,2317.76,278,937871.78,13.58,278,4435.35,4.22,24,1,Wednesday,4,0,0,Spring,195
2022-04-21,P017,Home_Product_17,Home,3512.16,2317.76,145,509263.67,5.14,224,4093.85,3.56,23,0,Thursday,4,0,0,Spring,196
2022-04-26,P017,Home_Product_17,Home,3815.85,2317.76,103,393032.46,5.17,199,3983.44,3.82,28,0,Tuesday,4,0,0,Spring,201
2022-04-30,P017,Home_Product_17,Home,3691.44,2317.76,282,1040986.39,2.1,282,4418.91,4.09,26,0,Saturday,4,1,0,Spring,205
2022-05-05,P017,Home_Product_17,Home,3862.39,2317.76,257,992634.56,3.46,257,4279.1,4.14,24,0,Thursday,5,0,0,Spring,210
2022-05-07,P017,Home_Product_17,Home,3817.0,2317.76,154,587817.35,2.73,277,3951.15,3.81,26,0,Saturday,5,1,0,Spring,212
2022-05-12,P017,Home_Product_17,Home,3461.53,2317.76,304,1052303.82,6.64,304,4420.63,4.29,29,0,Thursday,5,0,0,Spring,217
2022-05-20,P017,Home_Product_17,Home,3728.92,2317.76,93,346789.74,2.38,318,3921.55,3.69,30,0,Friday,5,0,0,Spring,225
2022-05-21,P017,Home_Product_17,Home,2250.16,2317.76,241,542289.35,39.41,241,3779.59,4.16,25,1,Saturday,5,1,0,Spring,226
2022-05-24,P017,Home_Product_17,Home,3038.69,2317.76,240,729284.54,19.7,240,4223.71,3.79,28,1,Tuesday,5,0,0,Spring,229
2022-05-24,P017,Home_Product_17,Home,3760.63,2317.76,45,169228.34,0.99,308,4334.75,3.47,30,0,Tuesday,5,0,0,Spring,229
2022-05-27,P017,Home_Product_17,Home,3774.68,2317.76,107,403890.57,2.56,274,3894.46,3.95,35,0,Friday,5,0,0,Spring,232
2022-05-28,P017,Home_Product_17,Home,3771.92,2317.76,185,697805.84,0.12,245,4307.16,3.97,32,0,Saturday,5,1,0,Spring,233
2022-06-02,P017,Home_Product_17,Home,3505.15,2317.76,42,147216.25,8.91,310,4062.16,3.46,31,0,Thursday,6,0,0,Summer,238
2022-06-07,P017,Home_Product_17,Home,3686.38,2317.76,137,505034.31,7.97,220,3921.06,3.83,29,0,Tuesday,6,0,0,Summer,243
2022-06-08,P017,Home_Product_17,Home,2474.4,2317.76,215,531996.17,32.75,215,3686.89,3.94,32,1,Wednesday,6,0,0,Summer,244
2022-06-12,P017,Home_Product_17,Home,3866.73,2317.76,162,626409.93,4.05,274,3701.61,3.99,29,0,Sunday,6,1,0,Summer,248
2022-06-21,P017,Home_Product_17,Home,3641.84,2317.76,249,906819.07,4.2,249,4312.5,4.1,38,0,Tuesday,6,0,0,Summer,257
2022-06-23,P017,Home_Product_17,Home,2361.88,2317.76,235,555042.05,36.79,235,4419.3,3.7,34,1,Thursday,6,0,0,Summer,259
2022-06-29,P017,Home_Product_17,Home,3706.97,2317.76,121,448542.82,2.34,258,3887.5,3.93,39,0,Wednesday,6,0,0,Summer,265
2022-07-01,P017,Home_Product_17,Home,3550.19,2317.76,233,827194.61,5.59,233,3954.63,4.6,34,0,Friday,7,0,0,Summer,267
