product_sales_data.csv
date,product_id,product_name,category,price,cost_price,units_sold,revenue,discount_percent,stock_available,competitor_price,rating,review_count,is_promoted,day_of_week,month,is_weekend,is_holiday,season,days_since_launch
2021-10-13,P034,Electronics_Product_34,Electronics,14065.61,8329.16,140,1969185.94,2.44,218,14008.59,3.55,0,0,Wednesday,10,0,0,Autumn,3
2021-10-13,P034,Electronics_Product_34,Electronics,13704.91,8329.16,298,4084061.73,2.59,298,15805.75,4.03,1,0,Wednesday,10,0,0,Autumn,3
2021-11-16,P034,Electronics_Product_34,Electronics,12763.59,8329.16,198,2527190.94,4.76,291,13347.99,3.63,4,0,Tuesday,11,0,0,Autumn,37
2021-11-21,P034,Electronics_Product_34,Electronics,12115.68,8329.16,89,1078295.6,9.54,322,15078.62,3.41,4,0,Sunday,11,1,0,Autumn,42
2021-11-22,P034,Electronics_Product_34,Electronics,13640.93,8329.16,77,1050351.76,1.48,216,15382.87,3.41,4,0,Monday,11,0,0,Autumn,43
2021-11-26,P034,Electronics_Product_34,Electronics,8707.06,8329.16,206,1793655.22,35.13,206,15123.98,3.68,5,1,Friday,11,0,0,Autumn,47
2021-12-06,P034,Electronics_Product_34,Electronics,9054.78,8329.16,106,959807.14,35.49,252,15505.43,3.38,6,1,Monday,12,0,0,Winter,57
2021-12-07,P034,Electronics_Product_34,Electronics,13108.83,8329.16,294,3853997.19,7.4,294,15809.26,4.16,7,0,Tuesday,12,0,0,Winter,58
2021-12-12,P034,Electronics_Product_34,Electronics,9333.37,8329.16,149,1390671.55,30.05,292,13784.56,3.19,9,1,Sunday,12,1,0,Winter,63
2021-12-14,P034,Electronics_Product_34,Electronics,12413.12,8329.16,232,2879844.11,7.16,282,13432.27,3.73,8,0,Tuesday,12,0,0,Winter,65
2021-12-20,P034,Electronics_Product_34,Electronics,12032.13,8329.16,79,950538.59,9.17,287,13747.23,3.22,7,0,Monday,12,0,0,Winter,71
2021-12-21,P034,Electronics_Product_34,Electronics,13904.02,8329.16,58,806433.21,0.25,242,13504.01,3.5,11,0,Tuesday,12,0,0,Winter,72
2021-12-24,P034,Electronics_Product_34,Electronics,9695.2,8329.16,296,2869778.52,29.52,296,15956.14,4.26,7,1,Friday,12,0,1,Winter,75
2022-01-04,P034,Electronics_Product_34,Electronics,12489.69,8329.16,34,424649.34,9.02,217,15360.23,3.48,9,0,Tuesday,1,0,0,Winter,86
2022-01-15,P034,Electronics_Product_34,Electronics,9395.78,8329.16,188,1766406.38,30.65,337,13894.88,3.84,13,1,Saturday,1,1,0,Winter,97
2022-01-24,P034,Electronics_Product_34,Electronics,11106.8,8329.16,263,2921088.8,21.2,263,14743.93,4.12,16,1,Monday,1,0,1,Winter,106
2022-01-28,P034,Electronics_Product_34,Electronics,9348.58,8329.16,205,1916458.66,29.46,237,13661.49,3.86,14,1,Friday,1,0,1,Winter,110
2022-02-01,P034,Electronics_Product_34,Electronics,10993.19,8329.16,286,3144053.6,19.74,286,14287.77,4.03,15,1,Tuesday,2,0,0,Winter,114
2022-02-05,P034,Electronics_Product_34,Electronics,13064.94,8329.16,133,1737637.14,6.25,301,13823.94,3.74,15,0,Saturday,2,1,0,Winter,118
2022-02-09,P034,Electronics_Product_34,Electronics,13438.7,8329.16,77,1034780.25,1.86,261,14397.6,3.74,15,0,Wednesday,2,0,0,Winter,122
2022-02-12,P034,Electronics_Product_34,Electronics,13440.25,8329.16,130,1747231.85,5.48,306,15118.62,3.93,20,0,Saturday,2,1,0,Winter,125
2022-02-27,P034,Electronics_Product_34,Electronics,13524.12,8329.16,92,1244218.68,6.14,322,13363.03,3.61,16,0,Sunday,2,1,0,Winter,140
2022-03-04,P034,Electronics_Product_34,Electronics,13024.12,8329.16,192,2500630.28,9.3,192,15064.26,4.08,20,0,Friday,3,0,0,Spring,145
2022-03-16,P034,Electronics_Product_34,Electronics,13147.48,8329.16,114,1498812.96,5.54,251,13509.66,3.91,19,0,Wednesday,3,0,0,Spring,157
2022-03-17,P034,Electronics_Product_34,Electronics,12420.23,8329.16,251,3117477.18,5.98,251,14555.13,4.19,20,0,Thursday,3,0,0,Spring,158
2022-03-21,P034,Electronics_Product_34,Electronics,12843.2,8329.16,140,1798047.49,4.86,196,13729.72,3.63,23,0,Monday,3,0,0,Spring,162
2022-03-22,P034,Electronics_Product_34,Electronics,13761.22,8329.16,113,1555017.32,1.82,248,15112.25,3.69,24,0,Tuesday,3,0,0,Spring,163
2022-03-25,P034,Electronics_Product_34,Electronics,12655.88,8329.16,133,1683232.12,4.69,285,14856.35,3.84,22,0,Friday,3,0,0,Spring,166
2022-03-26,P034,Electronics_Product_34,Electronics,12157.66,8329.16,182,2212693.93,8.78,304,13216.1,3.93,19,0,Saturday,3,1,0,Spring,167
2022-03-30,P034,Electronics_Product_34,Electronics,13030.92,8329.16,111,1446432.13,4.69,333,14137.79,3.67,27,0,Wednesday,3,0,0,Spring,171
2022-03-31,P034,Electronics_Product_34,Electronics,14018.57,8329.16,35,490650.0,1.2,284,14344.27,3.49,21,0,Thursday,3,0,0,Spring,172
2022-05-12,P034,Electronics_Product_34,Electronics,13591.01,8329.16,134,1821195.77,1.05,308,14806.63,3.87,27,0,Thursday,5,0,0,Spring,214
2022-05-18,P034,Electronics_Product_34,Electronics,13877.1,8329.16,218,3025208.8,3.87,218,13679.88,4.09,31,0,Wednesday,5,0,0,Spring,220
2022-05-25,P034,Electronics_Product_34,Electronics,13860.91,8329.16,217,3007817.49,4.43,217,14681.56,4.02,34,0,Wednesday,5,0,0,Spring,227
2022-05-28,P034,Electronics_Product_34,Electronics,10430.84,8329.16,288,3004083.34,28.4,288,15656.66,4.02,31,1,Saturday,5,1,0,Spring,230
2022-05-31,P034,Electronics_Product_34,Electronics,14374.51,8329.16,107,1538072.67,1.11,190,14781.26,3.54,32,0,Tuesday,5,0,0,Spring,233
2022-06-01,P034,Electronics_Product_34,Electronics,12352.58,8329.16,283,3495781.03,7.56,283,14589.41,4.21,39,0,Wednesday,6,0,0,Summer,234
2022-06-02,P034,Electronics_Product_34,Electronics,11234.89,8329.16,243,2730078.74,20.18,296,15107.83,3.82,30,1,Thursday,6,0,0,Summer,235
2022-06-04,P034,Electronics_Product_34,Electronics,13789.28,8329.16,331,4564251.24,1.21,331,14796.91,4.48,31,0,Saturday,6,1,0,Summer,237
2022-06-12,P034,Electronics_Product_34,Electronics,12733.34,8329.16,283,3603535.03,5.51,283,15765.33,4.35,34,0,Sunday,6,1,0,Summer,245
2022-06-16,P034,Electronics_Product_34,Electronics,12877.74,8329.16,298,3837567.4,2.85,298,14470.98,4.18,31,0,Thursday,6,0,0,Summer,249
2022-06-29,P034,Electronics_Product_34,Electronics,12276.92,8329.16,137,1681938.48,9.7,180,14945.55,3.84,36,0,Wednesday,6,0,0,Summer,262
2022-06-29,P034,Electronics_Product_34,Electronics,13865.02,8329.16,269,3729689.09,4.15,269,14312.7,4.18,34,0,Wednesday,6,0,0,Summer,262
2021-10-16,P026,Home_Product_26,Home,1478.79,937.16,133,196678.54,5.93,133,1665.52,3.97,0,0,Saturday,10,1,0,Autumn,6
2021-10-20,P026,Home_Product_26,Home,1508.06,937.16,40,60322.57,4.63,176,1771.05,3.34,1,0,Wednesday,10,0,0,Autumn,10
2021-10-27,P026,Home_Product_26,Home,1391.36,937.16,35,48697.58,8.31,208,1779.75,3.44,1,0,Wednesday,10,0,0,Autumn,17
2021-11-09,P026,Home_Product_26,Home,1417.59,937.16,44,62374.01,8.65,241,1633.89,3.39,3,0,Tuesday,11,0,0,Autumn,30
2021-11-10,P026,Home_Product_26,Home,1548.4,937.16,191,295743.46,1.17,191,1663.0,4.1,3,0,Wednesday,11,0,0,Autumn,31
2021-11-15,P026,Home_Product_26,Home,1035.79,937.16,211,218551.26,32.15,211,1678.72,3.6,5,1,Monday,11,0,0,Autumn,36
2021-11-18,P026,Home_Product_26,Home,1497.73,937.16,170,254614.5,2.65,170,1705.11,4.27,4,0,Thursday,11,0,0,Autumn,39
2021-11-19,P026,Home_Product_26,Home,1479.72,937.16,149,220478.3,8.95,228,1696.95,3.75,7,0,Friday,11,0,0,Autumn,40
2021-11-21,P026,Home_Product_26,Home,1294.64,937.16,164,212321.47,17.19,164,1688.11,3.51,4,1,Sunday,11,1,0,Autumn,42
2021-11-24,P026,Home_Product_26,Home,1388.27,937.16,54,74966.67,10.45,159,1668.35,3.26,7,1,Wednesday,11,0,0,Autumn,45
2021-11-28,P026,Home_Product_26,Home,1597.37,937.16,176,281136.31,1.21,176,1793.58,3.59,6,0,Sunday,11,1,0,Autumn,49
2021-12-03,P026,Home_Product_26,Home,1480.24,937.16,133,196871.77,7.63,182,1521.97,3.96,8,0,Friday,12,0,0,Winter,54
2021-12-04,P026,Home_Product_26,Home,1436.19,937.16,182,261386.99,3.94,239,1786.67,3.52,7,0,Saturday,12,1,0,Winter,55
2021-12-09,P026,Home_Product_26,Home,1228.39,937.16,245,300954.85,19.33,245,1579.84,4.1,6,1,Thursday,12,0,0,Winter,60
2021-12-23,P026,Home_Product_26,Home,1406.76,937.16,215,302452.97,8.32,215,1783.15,3.66,8,0,Thursday,12,0,1,Winter,74
2022-01-06,P026,Home_Product_26,Home,1355.86,937.16,141,191176.84,8.99,141,1604.9,4.62,11,0,Thursday,1,0,0,Winter,88
2022-01-07,P026,Home_Product_26,Home,1563.24,937.16,64,100047.2,2.31,244,1686.66,3.72,9,0,Friday,1,0,0,Winter,89
2022-01-26,P026,Home_Product_26,Home,1616.93,937.16,182,294281.65,1.0,182,1533.68,4.1,14,0,Wednesday,1,0,1,Winter,108
2022-01-26,P026,Home_Product_26,Home,1137.68,937.16,162,184304.17,26.42,162,1633.3,3.72,12,1,Wednesday,1,0,1,Winter,108
2022-01-26,P026,Home_Product_26,Home,1090.49,937.16,56,61067.7,29.0,245,1737.78,3.09,15,1,Wednesday,1,0,1,Winter,108
2022-01-27,P026,Home_Product_26,Home,1540.11,937.16,107,164792.02,5.15,145,1661.55,3.82,14,0,Thursday,1,0,1,Winter,109
2022-01-28,P026,Home_Product_26,Home,1444.74,937.16,202,291837.3,5.97,202,1665.55,4.01,17,0,Friday,1,0,1,Winter,110
2022-02-01,P026,Home_Product_26,Home,1294.0,937.16,142,183747.7,13.94,142,1750.8,4.17,16,1,Tuesday,2,0,0,Winter,114
2022-02-07,P026,Home_Product_26,Home,1569.71,937.16,17,26685.08,1.1,194,1590.48,3.28,18,0,Monday,2,0,0,Winter,120
2022-02-08,P026,Home_Product_26,Home,1452.28,937.16,155,225103.82,6.65,228,1568.16,4.01,19,0,Tuesday,2,0,0,Winter,121
2022-02-09,P026,Home_Product_26,Home,1387.85,937.16,19,26369.17,7.02,149,1666.87,3.32,17,0,Wednesday,2,0,0,Winter,122
2022-02-24,P026,Home_Product_26,Home,1601.92,937.16,15,24028.76,1.2,170,1501.4,3.13,15,0,Thursday,2,0,0,Winter,137
2022-02-26,P026,Home_Product_26,Home,1500.82,937.16,77,115563.49,7.54,147,1591.2,3.68,19,0,Saturday,2,1,0,Winter,139
2022-04-03,P026,Home_Product_26,Home,1519.91,937.16,36,54716.92,5.67,132,1646.25,3.33,28,0,Sunday,4,1,0,Spring,175
2022-04-10,P026,Home_Product_26,Home,1322.39,937.16,140,185134.39,16.78,140,1683.33,4.4,21,1,Sunday,4,1,0,Spring,182
2022-04-11,P026,Home_Product_26,Home,1499.98,937.16,97,145498.22,8.51,171,1677.43,3.92,22,0,Monday,4,0,0,Spring,183
2022-04-14,P026,Home_Product_26,Home,1439.13,937.16,129,185648.4,8.4,129,1795.82,4.01,23,0,Thursday,4,0,0,Spring,186
2022-04-17,P026,Home_Product_26,Home,1403.36,937.16,150,210503.48,9.45,245,1768.96,3.95,23,0,Sunday,4,1,0,Spring,189
2022-04-29,P026,Home_Product_26,Home,1368.05,937.16,134,183318.24,9.5,134,1614.75,4.1,28,0,Friday,4,0,0,Spring,201
2022-05-03,P026,Home_Product_26,Home,1582.15,937.16,174,275293.98,3.47,174,1736.54,4.49,26,0,Tuesday,5,0,0,Spring,205
2022-05-03,P026,Home_Product_26,Home,1440.49,937.16,87,125322.23,9.22,135,1546.73,3.9,28,0,Tuesday,5,0,0,Spring,205
2022-05-15,P026,Home_Product_26,Home,1441.15,937.16,117,168614.7,9.95,243,1563.93,3.61,26,0,Sunday,5,1,0,Spring,217
2022-05-15,P026,Home_Product_26,Home,1016.77,937.16,141,143365.15,34.84,141,1623.65,4.05,28,1,Sunday,5,1,0,Spring,217
2022-05-17,P026,Home_Product_26,Home,1525.57,937.16,80,122045.87,4.04,164,1579.69,3.92,32,0,Tuesday,5,0,0,Spring,219
2022-05-31,P026,Home_Product_26,Home,1163.44,937.16,219,254794.16,23.1,219,1760.81,4.47,36,1,Tuesday,5,0,0,Spring,233
2022-06-07,P026,Home_Product_26,Home,1367.6,937.16,142,194199.12,9.0,142,1722.66,4.35,34,0,Tuesday,6,0,0,Summer,240
2022-06-08,P026,Home_Product_26,Home,1449.77,937.16,133,192819.49,2.4,133,1625.9,4.36,29,0,Wednesday,6,0,0,Summer,241
2022-06-10,P026,Home_Product_26,Home,1565.62,937.16,100,156562.03,0.12,235,1681.76,3.63,33,0,Friday,6,0,0,Summer,243
2022-06-11,P026,Home_Product_26,Home,1168.7,937.16,135,157774.08,24.88,135,1705.13,4.05,36,1,Saturday,6,1,0,Summer,244
2022-06-12,P026,Home_Product_26,Home,1429.5,937.16,209,298764.74,4.84,209,1763.31,4.11,34,0,Sunday,6,1,0,Summer,245
2022-06-24,P026,Home_Product_26,Home,1012.63,937.16,174,176197.18,34.62,174,1691.74,4.36,32,1,Friday,6,0,0,Summer,257
