product_sales_data.csv
date,product_id,product_name,category,price,cost_price,units_sold,revenue,discount_percent,stock_available,competitor_price,rating,review_count,is_promoted,day_of_week,month,is_weekend,is_holiday,season,days_since_launch
2021-10-24,P016,Electronics_Product_16,Electronics,4505.51,3211.08,152,684837.85,18.39,152,5488.43,3.51,0,1,Sunday,10,1,0,Autumn,1
2021-10-27,P016,Electronics_Product_16,Electronics,4769.34,3211.08,48,228928.36,13.78,136,5788.35,3.07,0,1,Wednesday,10,0,0,Autumn,4
2021-10-28,P016,Electronics_Product_16,Electronics,4816.08,3211.08,33,158930.54,9.21,155,5197.49,3.22,0,0,Thursday,10,0,0,Autumn,5
2021-10-29,P016,Electronics_Product_16,Electronics,4620.38,3211.08,43,198676.34,10.51,187,5412.05,3.39,0,1,Friday,10,0,0,Autumn,6
2021-11-02,P016,Electronics_Product_16,Electronics,3435.55,3211.08,100,343554.95,35.26,132,5876.01,3.24,1,1,Tuesday,11,0,1,Autumn,10
2021-11-05,P016,Electronics_Product_16,Electronics,5207.01,3211.08,46,239522.52,6.28,148,5667.86,3.39,1,0,Friday,11,0,0,Autumn,13
2021-11-25,P016,Electronics_Product_16,Electronics,4955.0,3211.08,41,203155.11,4.04,190,5198.77,3.42,3,0,Thursday,11,0,0,Autumn,33
2021-11-29,P016,Electronics_Product_16,Electronics,3804.41,3211.08,136,517399.77,28.49,136,5308.86,4.1,3,1,Monday,11,0,0,Autumn,37
2021-12-02,P016,Electronics_Product_16,Electronics,5202.95,3211.08,120,624353.7,6.89,167,5336.12,3.77,5,0,Thursday,12,0,0,Winter,40
2021-12-05,P016,Electronics_Product_16,Electronics,4623.88,3211.08,186,860041.46,15.29,186,5715.2,3.77,5,1,Sunday,12,1,0,Winter,43
2021-12-14,P016,Electronics_Product_16,Electronics,3394.82,3211.08,184,624646.37,38.07,184,5818.94,3.68,5,1,Tuesday,12,0,0,Winter,52
2021-12-16,P016,Electronics_Product_16,Electronics,5235.1,3211.08,144,753854.93,5.96,225,5298.93,3.73,6,0,Thursday,12,0,0,Winter,54
2021-12-16,P016,Electronics_Product_16,Electronics,5079.05,3211.08,48,243794.16,6.19,244,5993.84,3.08,9,0,Thursday,12,0,0,Winter,54
2021-12-19,P016,Electronics_Product_16,Electronics,5014.52,3211.08,70,351016.49,2.08,148,5458.37,3.45,7,0,Sunday,12,1,0,Winter,57
2021-12-19,P016,Electronics_Product_16,Electronics,4235.2,3211.08,223,944450.39,19.59,223,6047.08,3.56,6,1,Sunday,12,1,0,Winter,57
2021-12-21,P016,Electronics_Product_16,Electronics,5092.97,3211.08,52,264834.27,6.42,201,5975.02,3.21,9,0,Tuesday,12,0,0,Winter,59
2021-12-22,P016,Electronics_Product_16,Electronics,4971.29,3211.08,241,1198080.45,8.88,241,5457.46,4.1,9,0,Wednesday,12,0,0,Winter,60
2021-12-29,P016,Electronics_Product_16,Electronics,5168.78,3211.08,154,795991.9,3.61,154,6047.5,3.94,7,0,Wednesday,12,0,0,Winter,67
2021-12-29,P016,Electronics_Product_16,Electronics,5309.77,3211.08,155,823013.87,4.31,246,5497.12,3.7,9,0,Wednesday,12,0,0,Winter,67
2022-01-09,P016,Electronics_Product_16,Electronics,5342.46,3211.08,26,138903.99,0.35,133,5427.48,3.25,12,0,Sunday,1,1,0,Winter,78
2022-01-13,P016,Electronics_Product_16,Electronics,5372.4,3211.08,75,402929.79,2.89,254,5808.75,3.67,9,0,Thursday,1,0,0,Winter,82
2022-01-14,P016,Electronics_Product_16,Electronics,5202.32,3211.08,65,338150.82,3.08,174,5129.91,3.74,12,0,Friday,1,0,0,Winter,83
2022-01-15,P016,Electronics_Product_16,Electronics,4903.83,3211.08,93,456055.77,5.09,248,5200.22,3.86,13,0,Saturday,1,1,0,Winter,84
2022-01-16,P016,Electronics_Product_16,Electronics,5067.82,3211.08,29,146966.66,9.29,152,5822.52,3.49,13,0,Sunday,1,1,0,Winter,85
2022-01-19,P016,Electronics_Product_16,Electronics,5067.41,3211.08,52,263505.35,3.77,190,5151.03,3.94,13,0,Wednesday,1,0,0,Winter,88
2022-01-25,P016,Electronics_Product_16,Electronics,5197.8,3211.08,26,135142.71,4.24,146,5391.37,3.27,12,0,Tuesday,1,0,1,Winter,94
2022-01-27,P016,Electronics_Product_16,Electronics,5255.29,3211.08,121,635890.64,3.69,244,5847.02,3.65,12,0,Thursday,1,0,1,Winter,96
2022-02-19,P016,Electronics_Product_16,Electronics,4948.05,3211.08,180,890649.13,3.25,180,5308.84,4.28,15,0,Saturday,2,1,0,Winter,119
2022-02-24,P016,Electronics_Product_16,Electronics,5121.0,3211.08,80,409680.01,5.95,244,5851.58,3.9,14,0,Thursday,2,0,0,Winter,124
2022-02-26,P016,Electronics_Product_16,Electronics,5186.02,3211.08,22,114092.44,3.52,229,5162.06,3.42,15,0,Saturday,2,1,0,Winter,126
2022-02-27,P016,Electronics_Product_16,Electronics,4957.04,3211.08,104,515532.34,3.36,192,5298.82,3.68,20,0,Sunday,2,1,0,Winter,127
2022-03-02,P016,Electronics_Product_16,Electronics,4894.49,3211.08,35,171307.13,8.63,176,5547.94,3.19,18,0,Wednesday,3,0,0,Spring,130
2022-03-16,P016,Electronics_Product_16,Electronics,5381.29,3211.08,87,468171.84,1.86,164,5379.3,3.84,21,0,Wednesday,3,0,0,Spring,144
2022-03-22,P016,Electronics_Product_16,Electronics,3401.24,3211.08,160,544198.82,35.01,250,5172.5,3.61,23,1,Tuesday,3,0,0,Spring,150
2022-03-24,P016,Electronics_Product_16,Electronics,3549.86,3211.08,178,631875.21,34.92,233,5572.84,3.71,18,1,Thursday,3,0,0,Spring,152
2022-03-26,P016,Electronics_Product_16,Electronics,3540.09,3211.08,215,761118.63,34.05,215,5599.68,4.1,21,1,Saturday,3,1,0,Spring,154
2022-03-26,P016,Electronics_Product_16,Electronics,3750.12,3211.08,158,592519.17,30.65,158,6085.86,4.09,23,1,Saturday,3,1,0,Spring,154
2022-03-27,P016,Electronics_Product_16,Electronics,4816.02,3211.08,133,640530.83,9.74,183,5761.07,3.97,19,0,Sunday,3,1,0,Spring,155
2022-03-30,P016,Electronics_Product_16,Electronics,5443.99,3211.08,27,146987.8,1.13,149,5147.57,3.28,20,0,Wednesday,3,0,0,Spring,158
2022-03-31,P016,Electronics_Product_16,Electronics,4656.26,3211.08,223,1038345.05,16.5,223,5219.92,4.07,20,1,Thursday,3,0,0,Spring,159
2022-04-15,P016,Electronics_Product_16,Electronics,5068.06,3211.08,87,440921.03,7.96,130,5248.38,3.89,23,0,Friday,4,0,0,Spring,174
2022-04-30,P016,Electronics_Product_16,Electronics,5020.6,3211.08,125,627575.29,7.92,240,5535.69,3.77,27,0,Saturday,4,1,0,Spring,189
2022-05-05,P016,Electronics_Product_16,Electronics,5374.56,3211.08,100,537455.82,4.17,202,6066.26,3.77,26,0,Thursday,5,0,0,Spring,194
2022-05-07,P016,Electronics_Product_16,Electronics,4849.84,3211.08,130,630478.58,9.11,249,5983.68,3.66,27,0,Saturday,5,1,0,Spring,196
2022-05-10,P016,Electronics_Product_16,Electronics,4927.59,3211.08,106,522324.76,9.41,234,6016.78,3.98,28,0,Tuesday,5,0,0,Spring,199
2022-05-15,P016,Electronics_Product_16,Electronics,4920.58,3211.08,147,723325.88,9.41,147,6105.93,3.65,28,0,Sunday,5,1,0,Spring,204
2022-05-30,P016,Electronics_Product_16,Electronics,5261.29,3211.08,208,1094348.41,5.01,208,5757.18,4.37,30,0,Monday,5,0,0,Spring,219
2022-06-03,P016,Electronics_Product_16,Electronics,4678.21,3211.08,97,453786.12,9.61,163,5385.48,3.81,33,0,Friday,6,0,0,Summer,223
2022-06-06,P016,Electronics_Product_16,Electronics,4422.22,3211.08,37,163622.22,14.73,246,5116.61,3.38,30,1,Monday,6,0,0,Summer,226
2022-06-06,P016,Electronics_Product_16,Electronics,4865.82,3211.08,187,909907.64,5.9,187,6139.37,4.21,31,0,Monday,6,0,0,Summer,226
2022-06-06,P016,Electronics_Product_16,Electronics,5115.28,3211.08,239,1222551.52,1.29,239,5598.74,4.28,30,0,Monday,6,0,0,Summer,226
2022-06-07,P016,Electronics_Product_16,Electronics,5166.18,3211.08,85,439125.29,4.9,166,5297.52,3.82,28,0,Tuesday,6,0,0,Summer,227
2022-06-08,P016,Electronics_Product_16,Electronics,5397.9,3211.08,190,1025601.39,0.77,190,5338.48,4.72,28,0,Wednesday,6,0,0,Summer,228
2022-06-10,P016,Electronics_Product_16,Electronics,5103.25,3211.08,140,714455.5,0.38,140,5411.79,4.5,27,0,Friday,6,0,0,Summer,230
2022-06-13,P016,Electronics_Product_16,Electronics,5190.0,3211.08,173,897869.61,6.74,173,5318.03,4.73,34,0,Monday,6,0,0,Summer,233
2022-06-22,P016,Electronics_Product_16,Electronics,5358.46,3211.08,123,659090.01,0.21,202,5976.56,3.88,29,0,Wednesday,6,0,0,Summer,242
2021-11-05,P003,Electronics_Product_3,Electronics,4612.94,2828.64,237,1093265.78,2.18,237,4596.05,3.6,0,0,Friday,11,0,0,Autumn,0
2021-11-21,P003,Electronics_Product_3,Electronics,3534.87,2828.64,197,696369.21,27.66,283,4502.8,3.41,1,1,Sunday,11,1,0,Autumn,16
2021-11-23,P003,Electronics_Product_3,Electronics,3205.58,2828.64,154,493659.49,31.14,293,4603.25,3.19,2,1,Tuesday,11,0,0,Autumn,18
2021-11-26,P003,Electronics_Product_3,Electronics,4462.45,2828.64,268,1195935.43,2.31,455,4693.77,3.55,3,0,Friday,11,0,0,Autumn,21
2021-11-28,P003,Electronics_Product_3,Electronics,4460.19,2828.64,386,1721633.68,4.15,386,5221.26,3.68,3,0,Sunday,11,1,0,Autumn,23
2021-12-01,P003,Electronics_Product_3,Electronics,4276.82,2828.64,83,354975.88,8.78,244,4503.19,3.34,2,0,Wednesday,12,0,0,Winter,26
2021-12-08,P003,Electronics_Product_3,Electronics,4124.52,2828.64,284,1171364.36,9.58,284,5129.27,3.78,5,0,Wednesday,12,0,0,Winter,33
2021-12-18,P003,Electronics_Product_3,Electronics,4437.08,2828.64,462,2049929.91,1.64,462,5219.15,4.02,10,0,Saturday,12,1,0,Winter,43
2021-12-31,P003,Electronics_Product_3,Electronics,4514.11,2828.64,100,451411.29,0.83,341,5067.39,3.42,5,0,Friday,12,0,0,Winter,56
2022-01-05,P003,Electronics_Product_3,Electronics,4477.64,2828.64,161,720899.88,9.28,329,5303.07,3.63,6,0,Wednesday,1,0,0,Winter,61
2022-01-05,P003,Electronics_Product_3,Electronics,4734.01,2828.64,159,752708.03,0.68,429,5287.2,3.62,6,0,Wednesday,1,0,0,Winter,61
2022-01-07,P003,Electronics_Product_3,Electronics,4700.83,2828.64,96,451279.23,1.39,314,4767.49,3.59,9,0,Friday,1,0,0,Winter,63
2022-01-14,P003,Electronics_Product_3,Electronics,4702.22,2828.64,38,178684.49,3.8,250,5166.67,3.43,9,0,Friday,1,0,0,Winter,70
2022-01-18,P003,Electronics_Product_3,Electronics,4285.31,2828.64,156,668508.44,6.9,291,5363.25,3.6,10,0,Tuesday,1,0,0,Winter,74
2022-01-30,P003,Electronics_Product_3,Electronics,4377.3,2828.64,198,866705.9,3.88,472,5316.48,3.67,9,0,Sunday,1,1,0,Winter,86
2022-01-31,P003,Electronics_Product_3,Electronics,4499.6,2828.64,138,620944.19,4.13,467,4826.7,3.66,11,0,Monday,1,0,0,Winter,87
2022-02-03,P003,Electronics_Product_3,Electronics,4634.79,2828.64,104,482018.22,0.52,474,4849.87,4.0,10,0,Thursday,2,0,0,Winter,90
2022-02-05,P003,Electronics_Product_3,Electronics,4535.64,2828.64,210,952485.3,6.53,376,5364.27,3.73,10,0,Saturday,2,1,0,Winter,92
2022-02-08,P003,Electronics_Product_3,Electronics,4336.45,2828.64,261,1131814.42,8.99,261,4487.35,4.47,12,0,Tuesday,2,0,0,Winter,95
2022-02-16,P003,Electronics_Product_3,Electronics,4416.55,2828.64,139,613900.74,8.98,277,4656.51,3.68,14,0,Wednesday,2,0,0,Winter,103
2022-02-16,P003,Electronics_Product_3,Electronics,4392.0,2828.64,332,1458142.71,3.05,338,4659.12,4.02,16,0,Wednesday,2,0,0,Winter,103
2022-02-17,P003,Electronics_Product_3,Electronics,4351.14,2828.64,348,1514197.51,6.36,378,4618.71,4.08,11,0,Thursday,2,0,0,Winter,104
2022-03-01,P003,Electronics_Product_3,Electronics,3100.07,2828.64,315,976522.08,33.35,456,5064.15,3.75,19,1,Tuesday,3,0,0,Spring,116
2022-03-05,P003,Electronics_Product_3,Electronics,4200.32,2828.64,105,441033.79,10.95,415,5397.72,3.37,19,1,Saturday,3,1,0,Spring,120
2022-03-07,P003,Electronics_Product_3,Electronics,4604.63,2828.64,174,801205.82,6.09,281,4768.22,3.96,16,0,Monday,3,0,0,Spring,122
2022-03-08,P003,Electronics_Product_3,Electronics,4507.99,2828.64,366,1649925.51,7.53,462,4705.65,4.13,20,0,Tuesday,3,0,0,Spring,123
2022-03-21,P003,Electronics_Product_3,Electronics,4550.16,2828.64,178,809928.99,1.39,353,4600.6,3.96,17,0,Monday,3,0,0,Spring,136
2022-03-26,P003,Electronics_Product_3,Electronics,4491.05,2828.64,279,1253002.82,7.65,279,5068.59,3.97,16,0,Saturday,3,1,0,Spring,141
2022-03-26,P003,Electronics_Product_3,Electronics,4607.02,2828.64,331,1524925.16,0.81,331,5412.85,4.14,20,0,Saturday,3,1,0,Spring,141
2022-03-26,P003,Electronics_Product_3,Electronics,4275.92,2828.64,242,1034772.94,8.44,393,4815.13,3.6,20,0,Saturday,3,1,0,Spring,141
2022-04-01,P003,Electronics_Product_3,Electronics,4562.31,2828.64,367,1674366.49,7.18,367,4680.2,4.29,21,0,Friday,4,0,0,Spring,147
2022-04-04,P003,Electronics_Product_3,Electronics,4444.93,2828.64,216,960104.53,4.74,405,5354.16,3.69,18,0,Monday,4,0,0,Spring,150
2022-04-11,P003,Electronics_Product_3,Electronics,4162.86,2828.64,348,1448674.87,10.91,348,4905.04,4.03,17,1,Monday,4,0,0,Spring,157
2022-04-12,P003,Electronics_Product_3,Electronics,4417.13,2828.64,445,1965621.05,4.79,445,5178.07,4.03,18,0,Tuesday,4,0,0,Spring,158
2022-04-15,P003,Electronics_Product_3,Electronics,4684.51,2828.64,297,1391300.04,3.58,297,5379.52,4.03,23,0,Friday,4,0,0,Spring,161
2022-04-15,P003,Electronics_Product_3,Electronics,4322.89,2828.64,208,899160.25,6.57,459,5206.63,3.9,19,0,Friday,4,0,0,Spring,161
2022-04-21,P003,Electronics_Product_3,Electronics,4436.24,2828.64,194,860630.17,4.2,403,5158.0,3.97,19,0,Thursday,4,0,0,Spring,167
2022-05-10,P003,Electronics_Product_3,Electronics,4651.0,2828.64,172,799972.34,4.66,318,4803.75,3.86,25,0,Tuesday,5,0,0,Spring,186
2022-05-10,P003,Electronics_Product_3,Electronics,4203.51,2828.64,358,1504855.41,8.7,358,5220.19,4.08,26,0,Tuesday,5,0,0,Spring,186
2022-05-14,P003,Electronics_Product_3,Electronics,4462.63,2828.64,246,1097806.13,5.96,246,5007.8,3.75,24,0,Saturday,5,1,0,Spring,190
2022-05-16,P003,Electronics_Product_3,Electronics,4504.32,2828.64,219,986446.73,1.71,422,5212.4,3.83,23,0,Monday,5,0,0,Spring,192
2022-05-24,P003,Electronics_Product_3,Electronics,4726.32,2828.64,152,718400.09,3.55,377,4531.43,3.79,35,0,Tuesday,5,0,0,Spring,200
2022-05-28,P003,Electronics_Product_3,Electronics,4431.14,2828.64,467,2069341.56,8.9,467,4627.04,4.03,28,0,Saturday,5,1,0,Spring,204
2022-05-29,P003,Electronics_Product_3,Electronics,4774.56,2828.64,210,1002658.08,2.69,355,4961.34,3.72,26,0,Sunday,5,1,0,Spring,205
2022-05-30,P003,Electronics_Product_3,Electronics,4267.27,2828.64,185,789444.72,5.4,457,4690.18,4.0,24,0,Monday,5,0,0,Spring,206
2022-06-07,P003,Electronics_Product_3,Electronics,4900.24,2828.64,420,2058102.76,0.74,420,4669.43,4.12,33,0,Tuesday,6,0,0,Summer,214
2022-06-07,P003,Electronics_Product_3,Electronics,4732.53,2828.64,137,648356.44,4.31,338,4481.39,3.96,26,0,Tuesday,6,0,0,Summer,214
2022-06-08,P003,Electronics_Product_3,Electronics,4025.34,2828.64,248,998285.0,13.19,248,5053.83,4.45,31,1,Wednesday,6,0,0,Summer,215
2022-06-11,P003,Electronics_Product_3,Electronics,4122.8,2828.64,292,1203856.86,9.59,382,5157.24,3.75,30,0,Saturday,6,1,0,Summer,218
2022-06-16,P003,Electronics_Product_3,Electronics,3765.65,2828.64,275,1035553.4,18.65,289,5069.17,3.8,32,1,Thursday,6,0,0,Summer,223
2022-06-18,P003,Electronics_Product_3,Electronics,4442.82,2828.64,464,2061468.04,6.0,464,4913.81,4.07,28,0,Saturday,6,1,0,Summer,225
2022-06-20,P003,Electronics_Product_3,Electronics,4571.86,2828.64,181,827507.26,5.55,342,4582.98,3.8,29,0,Monday,6,0,0,Summer,227
2022-06-21,P003,Electronics_Product_3,Electronics,4455.18,2828.64,188,837574.54,7.74,384,5353.11,3.72,25,0,Tuesday,6,0,0,Summer,228
2022-06-26,P003,Electronics_Product_3,Electronics,3681.79,2828.64,380,1399081.66,18.19,380,4826.2,3.75,30,1,Sunday,6,1,0,Summer,233
2022-06-29,P003,Electronics_Product_3,Electronics,4533.16,2828.64,256,1160490.17,8.29,256,4982.93,4.1,29,0,Wednesday,6,0,0,Summer,236
