product_sales_data.csv
date,product_id,product_name,category,price,cost_price,units_sold,revenue,discount_percent,stock_available,competitor_price,rating,review_count,is_promoted,day_of_week,month,is_weekend,is_holiday,season,days_since_launch
2021-11-09,P047,Fashion_Product_47,Fashion,1059.41,778.97,200,211881.97,16.05,551,1357.08,3.16,0,1,Tuesday,11,0,0,Autumn,5
2021-11-17,P047,Fashion_Product_47,Fashion,1169.64,778.97,104,121642.72,6.63,368,1425.82,3.3,1,0,Wednesday,11,0,0,Autumn,13
2021-11-20,P047,Fashion_Product_47,Fashion,1211.66,778.97,513,621583.95,3.3,513,1464.65,3.71,1,0,Saturday,11,1,0,Autumn,16
2021-11-29,P047,Fashion_Product_47,Fashion,926.25,778.97,443,410327.92,30.3,443,1296.43,3.97,2,1,Monday,11,0,0,Autumn,25
2021-12-09,P047,Fashion_Product_47,Fashion,1212.99,778.97,126,152836.72,1.73,342,1363.57,3.15,5,0,Thursday,12,0,0,Winter,35
2021-12-21,P047,Fashion_Product_47,Fashion,1223.37,778.97,281,343766.87,2.97,584,1308.95,3.74,6,0,Tuesday,12,0,0,Winter,47
2021-12-27,P047,Fashion_Product_47,Fashion,892.8,778.97,289,258020.56,28.35,431,1364.08,3.33,6,1,Monday,12,0,1,Winter,53
2021-12-29,P047,Fashion_Product_47,Fashion,1167.43,778.97,341,398094.17,7.0,358,1479.89,3.69,5,0,Wednesday,12,0,0,Winter,55
2022-01-20,P047,Fashion_Product_47,Fashion,1315.04,778.97,148,194626.52,0.79,337,1426.95,3.69,9,0,Thursday,1,0,0,Winter,77
2022-01-25,P047,Fashion_Product_47,Fashion,1199.75,778.97,230,275943.63,5.18,340,1399.78,3.99,10,0,Tuesday,1,0,1,Winter,82
2022-01-26,P047,Fashion_Product_47,Fashion,1232.45,778.97,215,264976.23,6.1,330,1447.01,3.53,11,0,Wednesday,1,0,1,Winter,83
2022-02-24,P047,Fashion_Product_47,Fashion,1080.37,778.97,110,118841.05,15.46,319,1280.03,3.44,16,1,Thursday,2,0,0,Winter,112
2022-02-26,P047,Fashion_Product_47,Fashion,1059.73,778.97,387,410115.59,20.26,387,1379.41,4.24,18,1,Saturday,2,1,0,Winter,114
2022-02-28,P047,Fashion_Product_47,Fashion,1262.43,778.97,379,478462.3,5.69,459,1239.17,4.26,15,0,Monday,2,0,0,Winter,116
2022-03-06,P047,Fashion_Product_47,Fashion,789.91,778.97,410,323863.48,38.88,410,1436.27,4.07,17,1,Sunday,3,1,0,Spring,122
2022-03-14,P047,Fashion_Product_47,Fashion,1207.18,778.97,246,296966.0,2.22,346,1355.72,3.56,18,0,Monday,3,0,0,Spring,130
2022-03-18,P047,Fashion_Product_47,Fashion,1196.94,778.97,288,344717.63,6.98,358,1446.87,3.68,15,0,Friday,3,0,0,Spring,134
2022-03-27,P047,Fashion_Product_47,Fashion,1229.87,778.97,569,699794.25,7.3,569,1256.89,4.75,16,0,Sunday,3,1,0,Spring,143
2022-03-28,P047,Fashion_Product_47,Fashion,1121.91,778.97,225,252429.66,9.15,583,1350.25,3.56,22,0,Monday,3,0,0,Spring,144
2022-03-28,P047,Fashion_Product_47,Fashion,1235.74,778.97,225,278041.95,9.07,456,1382.32,3.92,22,0,Monday,3,0,0,Spring,144
2022-03-29,P047,Fashion_Product_47,Fashion,1134.9,778.97,179,203147.01,16.52,488,1487.64,3.35,19,1,Tuesday,3,0,0,Spring,145
2022-03-30,P047,Fashion_Product_47,Fashion,1122.59,778.97,69,77458.73,9.31,506,1244.42,3.46,21,0,Wednesday,3,0,0,Spring,146
2022-04-05,P047,Fashion_Product_47,Fashion,1164.74,778.97,213,248089.28,8.02,425,1243.74,3.79,19,0,Tuesday,4,0,0,Spring,152
2022-04-07,P047,Fashion_Product_47,Fashion,1272.1,778.97,263,334561.57,0.3,323,1469.19,3.89,18,0,Thursday,4,0,0,Spring,154
2022-04-16,P047,Fashion_Product_47,Fashion,1203.22,778.97,260,312837.98,9.87,391,1256.81,3.85,22,0,Saturday,4,1,0,Spring,163
2022-04-25,P047,Fashion_Product_47,Fashion,1237.26,778.97,171,211571.44,1.99,483,1297.53,3.94,25,0,Monday,4,0,0,Spring,172
2022-04-28,P047,Fashion_Product_47,Fashion,1162.89,778.97,566,658196.34,7.43,566,1304.75,4.24,22,0,Thursday,4,0,0,Spring,175
2022-05-02,P047,Fashion_Product_47,Fashion,1168.76,778.97,243,284008.98,8.18,425,1332.49,3.82,20,0,Monday,5,0,0,Spring,179
2022-05-03,P047,Fashion_Product_47,Fashion,1226.23,778.97,558,684234.67,2.67,558,1374.6,4.13,27,0,Tuesday,5,0,0,Spring,180
2022-05-07,P047,Fashion_Product_47,Fashion,1292.72,778.97,288,372304.26,2.98,310,1304.68,3.66,27,0,Saturday,5,1,0,Spring,184
2022-05-11,P047,Fashion_Product_47,Fashion,1235.52,778.97,275,339767.15,5.38,577,1478.12,3.64,28,0,Wednesday,5,0,0,Spring,188
2022-05-20,P047,Fashion_Product_47,Fashion,1215.06,778.97,217,263667.45,2.11,562,1351.55,3.55,21,0,Friday,5,0,0,Spring,197
2022-05-23,P047,Fashion_Product_47,Fashion,1194.77,778.97,206,246122.24,8.42,305,1290.31,3.85,23,0,Monday,5,0,0,Spring,200
2022-05-24,P047,Fashion_Product_47,Fashion,1216.03,778.97,249,302792.52,4.02,569,1473.82,3.96,24,0,Tuesday,5,0,0,Spring,201
2022-05-29,P047,Fashion_Product_47,Fashion,1234.12,778.97,312,385046.35,4.03,487,1347.96,3.96,28,0,Sunday,5,1,0,Spring,206
2022-06-04,P047,Fashion_Product_47,Fashion,1074.96,778.97,563,605202.58,17.5,563,1384.49,4.06,24,1,Saturday,6,1,0,Summer,212
2022-06-08,P047,Fashion_Product_47,Fashion,769.75,778.97,506,389493.46,39.89,506,1442.5,4.07,28,1,Wednesday,6,0,0,Summer,216
2022-06-13,P047,Fashion_Product_47,Fashion,1233.14,778.97,355,437764.41,7.62,355,1304.98,4.55,29,0,Monday,6,0,0,Summer,221
2022-06-17,P047,Fashion_Product_47,Fashion,1245.4,778.97,216,269005.75,0.87,317,1332.59,3.6,35,0,Friday,6,0,0,Summer,225
2022-06-24,P047,Fashion_Product_47,Fashion,805.98,778.97,570,459409.61,38.2,570,1393.14,3.87,29,1,Friday,6,0,0,Summer,232
2021-12-12,P046,Beauty_Product_46,Beauty,719.75,512.48,157,113000.47,17.46,157,869.59,3.82,0,1,Sunday,12,1,0,Winter,0
2021-12-12,P046,Beauty_Product_46,Beauty,827.19,512.48,157,129868.72,5.62,157,959.39,3.93,0,0,Sunday,12,1,0,Winter,0
2021-12-14,P046,Beauty_Product_46,Beauty,806.16,512.48,24,19347.91,3.23,145,838.98,3.06,0,0,Tuesday,12,0,0,Winter,2
2021-12-19,P046,Beauty_Product_46,Beauty,628.28,512.48,126,79163.7,24.17,126,814.11,4.02,1,1,Sunday,12,1,0,Winter,7
2022-01-08,P046,Beauty_Product_46,Beauty,812.86,512.48,53,43081.68,7.04,161,847.81,3.63,2,0,Saturday,1,1,0,Winter,27
2022-01-19,P046,Beauty_Product_46,Beauty,765.93,512.48,16,12254.94,6.49,109,866.93,3.15,4,0,Wednesday,1,0,0,Winter,38
2022-01-27,P046,Beauty_Product_46,Beauty,601.8,512.48,143,86056.75,31.09,143,944.59,4.08,5,1,Thursday,1,0,1,Winter,46
2022-01-31,P046,Beauty_Product_46,Beauty,860.7,512.48,17,14631.97,0.5,192,907.65,3.34,7,0,Monday,1,0,0,Winter,50
2022-02-07,P046,Beauty_Product_46,Beauty,811.98,512.48,64,51966.85,4.24,133,904.8,3.69,7,0,Monday,2,0,0,Winter,57
2022-02-09,P046,Beauty_Product_46,Beauty,586.2,512.48,106,62137.62,32.81,106,852.73,3.85,7,1,Wednesday,2,0,0,Winter,59
2022-02-10,P046,Beauty_Product_46,Beauty,786.48,512.48,16,12583.71,4.22,150,869.72,3.28,9,0,Thursday,2,0,0,Winter,60
2022-02-10,P046,Beauty_Product_46,Beauty,835.58,512.48,59,49299.32,0.38,164,949.64,3.73,8,0,Thursday,2,0,0,Winter,60
2022-02-15,P046,Beauty_Product_46,Beauty,884.49,512.48,14,12382.85,0.38,158,836.41,3.04,8,0,Tuesday,2,0,0,Winter,65
2022-02-26,P046,Beauty_Product_46,Beauty,782.11,512.48,79,61787.07,7.41,151,953.25,3.94,8,0,Saturday,2,1,0,Winter,76
2022-03-06,P046,Beauty_Product_46,Beauty,839.68,512.48,105,88166.83,4.42,187,951.67,3.54,13,0,Sunday,3,1,0,Spring,84
2022-03-06,P046,Beauty_Product_46,Beauty,785.1,512.48,178,139747.1,9.52,178,945.32,4.23,12,0,Sunday,3,1,0,Spring,84
2022-03-07,P046,Beauty_Product_46,Beauty,827.63,512.48,23,19035.46,0.56,135,925.38,3.11,12,0,Monday,3,0,0,Spring,85
2022-03-23,P046,Beauty_Product_46,Beauty,593.57,512.48,43,25523.46,29.55,132,980.46,2.95,12,1,Wednesday,3,0,0,Spring,101
2022-03-25,P046,Beauty_Product_46,Beauty,843.99,512.48,20,16879.89,1.02,110,841.52,3.43,12,0,Friday,3,0,0,Spring,103
2022-03-31,P046,Beauty_Product_46,Beauty,503.87,512.48,177,89185.44,39.97,177,939.23,3.59,15,1,Thursday,3,0,0,Spring,109
2022-04-01,P046,Beauty_Product_46,Beauty,804.44,512.48,19,15284.29,8.21,180,819.75,3.4,14,0,Friday,4,0,0,Spring,110
2022-04-04,P046,Beauty_Product_46,Beauty,813.51,512.48,86,69961.55,2.55,147,880.74,3.55,16,0,Monday,4,0,0,Spring,113
2022-04-04,P046,Beauty_Product_46,Beauty,820.65,512.48,117,96015.62,5.36,117,939.89,4.07,15,0,Monday,4,0,0,Spring,113
2022-04-16,P046,Beauty_Product_46,Beauty,741.61,512.48,111,82319.26,8.97,142,832.33,3.61,16,0,Saturday,4,1,0,Spring,125
2022-05-01,P046,Beauty_Product_46,Beauty,652.79,512.48,165,107709.57,25.63,165,824.65,3.94,21,1,Sunday,5,1,0,Spring,140
2022-05-13,P046,Beauty_Product_46,Beauty,788.36,512.48,75,59127.23,4.79,158,839.84,3.89,21,0,Friday,5,0,0,Spring,152
2022-05-19,P046,Beauty_Product_46,Beauty,868.71,512.48,61,52991.02,0.71,154,907.26,3.74,15,0,Thursday,5,0,0,Spring,158
2022-05-24,P046,Beauty_Product_46,Beauty,830.73,512.48,95,78919.8,6.55,167,981.1,3.76,26,0,Tuesday,5,0,0,Spring,163
2022-05-26,P046,Beauty_Product_46,Beauty,768.01,512.48,25,19200.26,6.64,150,851.73,3.38,20,0,Thursday,5,0,0,Spring,165
2022-05-28,P046,Beauty_Product_46,Beauty,756.2,512.48,183,138385.02,9.9,183,948.43,4.04,19,0,Saturday,5,1,0,Spring,167
2022-05-31,P046,Beauty_Product_46,Beauty,836.63,512.48,126,105414.84,1.25,126,980.0,4.58,23,0,Tuesday,5,0,0,Spring,170
2022-06-16,P046,Beauty_Product_46,Beauty,661.44,512.48,142,93923.82,23.31,142,833.54,3.54,25,1,Thursday,6,0,0,Summer,186
2022-06-20,P046,Beauty_Product_46,Beauty,772.03,512.48,76,58674.32,8.53,175,930.97,3.99,24,0,Monday,6,0,0,Summer,190
2022-06-24,P046,Beauty_Product_46,Beauty,836.29,512.48,72,60213.23,0.66,153,831.58,3.79,30,0,Friday,6,0,0,Summer,194
2022-06-28,P046,Beauty_Product_46,Beauty,771.74,512.48,178,137369.16,9.56,178,913.99,4.03,24,0,Tuesday,6,0,0,Summer,198
2021-12-14,P033,Electronics_Product_33,Electronics,12366.25,8159.62,272,3363620.09,7.61,272,14897.74,3.89,0,0,Tuesday,12,0,0,Winter,0
2021-12-23,P033,Electronics_Product_33,Electronics,12579.98,8159.62,328,4126234.91,5.45,328,15498.99,3.53,0,0,Thursday,12,0,1,Winter,9
2021-12-25,P033,Electronics_Product_33,Electronics,9555.23,8159.62,200,1911045.6,32.08,212,13355.16,3.27,1,1,Saturday,12,1,1,Winter,11
2021-12-26,P033,Electronics_Product_33,Electronics,10142.0,8159.62,256,2596351.23,25.6,256,14734.42,3.52,1,1,Sunday,12,1,1,Winter,12
2021-12-30,P033,Electronics_Product_33,Electronics,12585.38,8159.62,66,830634.95,8.26,321,13879.79,3.41,1,0,Thursday,12,0,0,Winter,16
2022-01-09,P033,Electronics_Product_33,Electronics,13726.16,8159.62,35,480415.47,1.42,345,14387.22,3.25,3,0,Sunday,1,1,0,Winter,26
2022-01-17,P033,Electronics_Product_33,Electronics,10287.85,8159.62,41,421801.69,23.17,305,14429.81,3.06,3,1,Monday,1,0,0,Winter,34
2022-01-17,P033,Electronics_Product_33,Electronics,12609.19,8159.62,98,1235700.5,5.51,338,13356.17,3.79,5,0,Monday,1,0,0,Winter,34
2022-01-27,P033,Electronics_Product_33,Electronics,14144.46,8159.62,38,537489.64,0.62,326,15332.68,3.21,4,0,Thursday,1,0,1,Winter,44
2022-02-13,P033,Electronics_Product_33,Electronics,7772.53,8159.62,192,1492325.69,39.87,328,13333.31,3.71,6,1,Sunday,2,1,0,Winter,61
2022-02-14,P033,Electronics_Product_33,Electronics,12305.26,8159.62,100,1230525.68,7.79,216,12989.73,3.71,9,0,Monday,2,0,0,Winter,62
2022-02-18,P033,Electronics_Product_33,Electronics,13068.92,8159.62,107,1398373.97,3.98,189,14468.72,3.52,9,0,Friday,2,0,0,Winter,66
2022-02-20,P033,Electronics_Product_33,Electronics,10866.04,8159.62,335,3640124.88,16.63,335,14149.58,4.05,9,1,Sunday,2,1,0,Winter,68
2022-02-20,P033,Electronics_Product_33,Electronics,9163.38,8159.62,210,1924310.01,35.45,303,13071.19,3.52,9,1,Sunday,2,1,0,Winter,68
2022-02-24,P033,Electronics_Product_33,Electronics,12670.29,8159.62,101,1279699.57,6.56,325,14163.4,3.55,11,0,Thursday,2,0,0,Winter,72
2022-03-01,P033,Electronics_Product_33,Electronics,12647.11,8159.62,127,1606183.31,5.08,202,13962.09,3.73,9,0,Tuesday,3,0,0,Spring,77
2022-03-02,P033,Electronics_Product_33,Electronics,10187.72,8159.62,215,2190358.97,27.23,228,14432.2,3.98,11,1,Wednesday,3,0,0,Spring,78
2022-03-05,P033,Electronics_Product_33,Electronics,10627.58,8159.62,330,3507100.27,18.53,330,15350.86,4.0,10,1,Saturday,3,1,0,Spring,81
2022-03-07,P033,Electronics_Product_33,Electronics,13852.33,8159.62,139,1925474.01,0.72,235,15583.11,3.62,13,0,Monday,3,0,0,Spring,83
2022-03-08,P033,Electronics_Product_33,Electronics,13223.84,8159.62,148,1957128.45,0.45,351,14333.5,3.77,14,0,Tuesday,3,0,0,Spring,84
2022-03-11,P033,Electronics_Product_33,Electronics,8677.35,8159.62,231,2004466.95,37.54,231,13121.77,3.51,13,1,Friday,3,0,0,Spring,87
2022-03-15,P033,Electronics_Product_33,Electronics,12802.76,8159.62,52,665743.4,7.52,201,14401.69,3.32,15,0,Tuesday,3,0,0,Spring,91
2022-03-22,P033,Electronics_Product_33,Electronics,13080.71,8159.62,154,2014429.28,7.48,205,15265.55,3.53,15,0,Tuesday,3,0,0,Spring,98
2022-03-25,P033,Electronics_Product_33,Electronics,12460.83,8159.62,40,498433.31,7.13,313,13063.37,3.47,12,0,Friday,3,0,0,Spring,101
2022-03-25,P033,Electronics_Product_33,Electronics,13062.56,8159.62,41,535565.02,1.84,241,14052.58,3.28,14,0,Friday,3,0,0,Spring,101
2022-03-31,P033,Electronics_Product_33,Electronics,13201.45,8159.62,175,2310254.59,4.48,337,14841.48,3.55,14,0,Thursday,3,0,0,Spring,107
2022-04-18,P033,Electronics_Product_33,Electronics,9217.77,8159.62,236,2175393.05,30.49,311,14278.43,3.81,16,1,Monday,4,0,0,Spring,125
2022-04-18,P033,Electronics_Product_33,Electronics,12856.15,8159.62,142,1825573.69,6.88,343,14554.39,3.74,16,0,Monday,4,0,0,Spring,125
2022-04-29,P033,Electronics_Product_33,Electronics,13052.59,8159.62,170,2218940.81,0.25,217,15200.47,3.95,14,0,Friday,4,0,0,Spring,136
2022-04-30,P033,Electronics_Product_33,Electronics,11962.45,8159.62,221,2643702.02,10.3,221,13986.55,3.93,14,1,Saturday,4,1,0,Spring,137
2022-05-05,P033,Electronics_Product_33,Electronics,10764.6,8159.62,206,2217507.09,20.55,245,14405.36,3.9,17,1,Thursday,5,0,0,Spring,142
2022-05-06,P033,Electronics_Product_33,Electronics,13787.95,8159.62,232,3198803.79,2.36,232,13718.22,4.72,18,0,Friday,5,0,0,Spring,143
2022-05-19,P033,Electronics_Product_33,Electronics,12745.64,8159.62,46,586299.46,5.11,293,15584.13,3.32,17,0,Thursday,5,0,0,Spring,156
2022-05-26,P033,Electronics_Product_33,Electronics,12217.47,8159.62,146,1783750.42,6.2,239,14314.24,3.71,27,0,Thursday,5,0,0,Spring,163
2022-05-29,P033,Electronics_Product_33,Electronics,12891.19,8159.62,164,2114155.55,4.76,288,13609.97,3.55,19,0,Sunday,5,1,0,Spring,166
2022-05-30,P033,Electronics_Product_33,Electronics,11971.56,8159.62,145,1735876.69,8.11,288,13458.66,3.89,20,0,Monday,5,0,0,Spring,167
2022-06-02,P033,Electronics_Product_33,Electronics,13109.78,8159.62,153,2005795.84,0.23,351,13869.92,3.82,25,0,Thursday,6,0,0,Summer,170
2022-06-10,P033,Electronics_Product_33,Electronics,11418.23,8159.62,67,765021.35,15.79,206,14858.31,3.12,22,1,Friday,6,0,0,Summer,178
2022-06-10,P033,Electronics_Product_33,Electronics,13119.15,8159.62,290,3804554.68,7.72,290,13102.7,4.21,19,0,Friday,6,0,0,Summer,178
2022-06-19,P033,Electronics_Product_33,Electronics,11996.84,8159.62,60,719810.54,8.87,229,13332.71,3.17,29,0,Sunday,6,1,0,Summer,187
2022-06-20,P033,Electronics_Product_33,Electronics,13154.65,8159.62,161,2117898.72,0.89,336,15470.71,3.56,23,0,Monday,6,0,0,Summer,188
2022-06-22,P033,Electronics_Product_33,Electronics,12764.88,8159.62,130,1659434.72,6.24,201,12977.47,3.8,29,0,Wednesday,6,0,0,Summer,190
