product_sales_data.csv
date,product_id,product_name,category,price,cost_price,units_sold,revenue,discount_percent,stock_available,competitor_price,rating,review_count,is_promoted,day_of_week,month,is_weekend,is_holiday,season,days_since_launch
2021-12-26,P012,Electronics_Product_12,Electronics,12274.54,8347.11,129,1583415.57,12.07,283,13250.07,2.85,0,1,Sunday,12,1,1,Winter,0
2021-12-26,P012,Electronics_Product_12,Electronics,9905.43,8347.11,190,1882030.97,28.96,190,14104.71,3.46,0,1,Sunday,12,1,1,Winter,0
2021-12-27,P012,Electronics_Product_12,Electronics,13051.03,8347.11,66,861368.13,7.14,295,13324.19,3.13,0,0,Monday,12,0,1,Winter,1
2022-01-04,P012,Electronics_Product_12,Electronics,13950.37,8347.11,78,1088128.99,2.34,244,15028.01,3.76,0,0,Tuesday,1,0,0,Winter,9
2022-01-04,P012,Electronics_Product_12,Electronics,13920.19,8347.11,98,1364178.43,3.32,168,15484.15,3.84,0,0,Tuesday,1,0,0,Winter,9
2022-01-13,P012,Electronics_Product_12,Electronics,12808.71,8347.11,85,1088740.06,5.72,183,13216.75,3.63,1,0,Thursday,1,0,0,Winter,18
2022-01-13,P012,Electronics_Product_12,Electronics,10146.34,8347.11,40,405853.46,26.54,298,13983.03,3.01,3,1,Thursday,1,0,0,Winter,18
2022-01-17,P012,Electronics_Product_12,Electronics,13175.44,8347.11,28,368912.34,1.46,245,15261.89,3.35,2,0,Monday,1,0,0,Winter,22
2022-01-29,P012,Electronics_Product_12,Electronics,13132.25,8347.11,32,420231.87,6.4,221,14347.43,3.45,4,0,Saturday,1,1,0,Winter,34
2022-01-31,P012,Electronics_Product_12,Electronics,12520.29,8347.11,24,300487.01,7.67,228,13396.99,3.32,6,0,Monday,1,0,0,Winter,36
2022-02-06,P012,Electronics_Product_12,Electronics,13619.08,8347.11,40,544763.26,6.55,202,15506.99,3.32,7,0,Sunday,2,1,0,Winter,42
2022-02-08,P012,Electronics_Product_12,Electronics,12814.7,8347.11,30,384440.88,3.57,261,15853.89,3.19,6,0,Tuesday,2,0,0,Winter,44
2022-02-11,P012,Electronics_Product_12,Electronics,11217.73,8347.11,47,527233.43,20.73,216,14714.92,3.4,4,1,Friday,2,0,0,Winter,47
2022-02-23,P012,Electronics_Product_12,Electronics,13467.21,8347.11,88,1185114.37,1.1,261,15556.24,3.53,7,0,Wednesday,2,0,0,Winter,59
2022-03-02,P012,Electronics_Product_12,Electronics,13280.81,8347.11,95,1261677.05,2.61,244,13901.27,3.52,8,0,Wednesday,3,0,0,Spring,66
2022-03-06,P012,Electronics_Product_12,Electronics,12882.26,8347.11,173,2228630.77,7.06,239,14877.61,3.64,11,0,Sunday,3,1,0,Spring,70
2022-03-10,P012,Electronics_Product_12,Electronics,13942.09,8347.11,134,1868240.17,1.1,309,15158.05,3.66,9,0,Thursday,3,0,0,Spring,74
2022-03-11,P012,Electronics_Product_12,Electronics,13545.45,8347.11,101,1368090.19,4.31,199,14066.92,3.54,9,0,Friday,3,0,0,Spring,75
2022-03-15,P012,Electronics_Product_12,Electronics,14222.76,8347.11,34,483573.73,0.2,330,13386.14,3.44,10,0,Tuesday,3,0,0,Spring,79
2022-03-18,P012,Electronics_Product_12,Electronics,13282.63,8347.11,134,1779871.8,8.2,185,15942.66,3.57,9,0,Friday,3,0,0,Spring,82
2022-03-21,P012,Electronics_Product_12,Electronics,13425.69,8347.11,170,2282368.12,2.48,170,14729.64,4.12,10,0,Monday,3,0,0,Spring,85
2022-03-24,P012,Electronics_Product_12,Electronics,8756.33,8347.11,195,1707484.9,36.37,195,15278.48,3.83,10,1,Thursday,3,0,0,Spring,88
2022-03-26,P012,Electronics_Product_12,Electronics,12563.38,8347.11,169,2123210.83,6.49,311,14768.03,3.67,11,0,Saturday,3,1,0,Spring,90
2022-04-18,P012,Electronics_Product_12,Electronics,14108.63,8347.11,97,1368537.35,0.01,184,14561.03,3.82,11,0,Monday,4,0,0,Spring,113
2022-04-22,P012,Electronics_Product_12,Electronics,14095.58,8347.11,248,3495702.87,0.37,248,13566.46,4.45,12,0,Friday,4,0,0,Spring,117
2022-04-27,P012,Electronics_Product_12,Electronics,13438.32,8347.11,266,3574594.42,1.62,266,15185.24,4.1,16,0,Wednesday,4,0,0,Spring,122
2022-04-30,P012,Electronics_Product_12,Electronics,13490.59,8347.11,186,2509249.68,7.47,311,14371.65,4.0,18,0,Saturday,4,1,0,Spring,125
2022-04-30,P012,Electronics_Product_12,Electronics,13044.84,8347.11,131,1708874.36,9.44,231,13653.92,3.64,17,0,Saturday,4,1,0,Spring,125
2022-05-09,P012,Electronics_Product_12,Electronics,13546.65,8347.11,108,1463037.73,3.59,175,13544.72,3.88,21,0,Monday,5,0,0,Spring,134
2022-05-10,P012,Electronics_Product_12,Electronics,13421.66,8347.11,192,2576958.59,7.27,192,15703.79,4.01,18,0,Tuesday,5,0,0,Spring,135
2022-05-14,P012,Electronics_Product_12,Electronics,12845.99,8347.11,269,3455570.8,7.45,269,13667.29,4.17,16,0,Saturday,5,1,0,Spring,139
2022-05-21,P012,Electronics_Product_12,Electronics,12444.61,8347.11,190,2364476.59,8.98,233,15936.0,3.72,26,0,Saturday,5,1,0,Spring,146
2022-05-21,P012,Electronics_Product_12,Electronics,13319.03,8347.11,128,1704836.13,6.33,286,13931.75,3.86,17,0,Saturday,5,1,0,Spring,146
2022-06-12,P012,Electronics_Product_12,Electronics,12973.16,8347.11,157,2036785.93,6.41,225,13519.36,3.93,26,0,Sunday,6,1,0,Summer,168
2022-06-14,P012,Electronics_Product_12,Electronics,13582.52,8347.11,212,2879494.04,0.29,212,14733.13,4.08,22,0,Tuesday,6,0,0,Summer,170
2022-06-16,P012,Electronics_Product_12,Electronics,14059.94,8347.11,99,1391934.18,1.98,322,13568.6,3.74,19,0,Thursday,6,0,0,Summer,172
2022-06-17,P012,Electronics_Product_12,Electronics,13105.78,8347.11,192,2516310.71,1.86,192,14736.05,4.22,24,0,Friday,6,0,0,Summer,173
2022-06-17,P012,Electronics_Product_12,Electronics,13200.6,8347.11,140,1848083.82,1.21,178,13917.79,3.57,21,0,Friday,6,0,0,Summer,173
2022-06-23,P012,Electronics_Product_12,Electronics,12181.93,8347.11,140,1705469.53,9.82,329,14414.1,3.74,21,0,Thursday,6,0,0,Summer,179
2022-06-26,P012,Electronics_Product_12,Electronics,13145.47,8347.11,179,2353038.62,7.67,195,14049.41,3.92,23,0,Sunday,6,1,0,Summer,182
2021-12-27,P035,Fashion_Product_35,Fashion,2320.24,1559.78,352,816724.17,7.23,352,2769.88,3.75,0,0,Monday,12,0,1,Winter,2
2021-12-31,P035,Fashion_Product_35,Fashion,2608.96,1559.78,314,819211.97,1.4,590,2507.69,3.88,1,0,Friday,12,0,0,Winter,6
2022-01-06,P035,Fashion_Product_35,Fashion,2452.1,1559.78,222,544367.28,1.35,566,2752.44,3.73,1,0,Thursday,1,0,0,Winter,12
2022-01-12,P035,Fashion_Product_35,Fashion,1591.96,1559.78,127,202179.23,39.7,509,2980.32,3.44,3,1,Wednesday,1,0,0,Winter,18
2022-01-16,P035,Fashion_Product_35,Fashion,2586.11,1559.78,214,553427.96,3.25,508,2864.27,3.53,2,0,Sunday,1,1,0,Winter,22
2022-01-19,P035,Fashion_Product_35,Fashion,2507.25,1559.78,421,1055553.39,6.7,460,2549.62,4.11,3,0,Wednesday,1,0,0,Winter,25
2022-01-23,P035,Fashion_Product_35,Fashion,2367.73,1559.78,256,606138.66,4.85,650,2555.67,3.89,2,0,Sunday,1,1,0,Winter,29
2022-02-04,P035,Fashion_Product_35,Fashion,2582.45,1559.78,432,1115619.04,3.29,432,2766.36,4.28,5,0,Friday,2,0,0,Winter,41
2022-02-05,P035,Fashion_Product_35,Fashion,2055.95,1559.78,674,1385707.14,23.8,674,2920.31,4.31,6,1,Saturday,2,1,0,Winter,42
2022-02-19,P035,Fashion_Product_35,Fashion,1927.78,1559.78,155,298805.69,23.4,478,2543.86,2.91,8,1,Saturday,2,1,0,Winter,56
2022-02-23,P035,Fashion_Product_35,Fashion,2600.95,1559.78,167,434358.27,4.37,474,2659.6,3.83,8,0,Wednesday,2,0,0,Winter,60
2022-03-06,P035,Fashion_Product_35,Fashion,2651.93,1559.78,376,997125.98,2.07,607,2903.93,3.72,9,0,Sunday,3,1,0,Spring,71
2022-03-06,P035,Fashion_Product_35,Fashion,2267.4,1559.78,380,861611.36,8.24,460,2763.32,3.6,11,0,Sunday,3,1,0,Spring,71
2022-03-07,P035,Fashion_Product_35,Fashion,2547.1,1559.78,260,662247.2,5.02,494,2644.83,3.88,12,0,Monday,3,0,0,Spring,72
2022-03-09,P035,Fashion_Product_35,Fashion,2475.99,1559.78,303,750223.56,6.18,459,2913.46,3.91,7,0,Wednesday,3,0,0,Spring,74
2022-03-09,P035,Fashion_Product_35,Fashion,2437.51,1559.78,579,1411317.12,7.78,579,2891.64,4.02,10,0,Wednesday,3,0,0,Spring,74
2022-03-11,P035,Fashion_Product_35,Fashion,1962.37,1559.78,467,916424.91,20.59,467,2726.49,3.89,7,1,Friday,3,0,0,Spring,76
2022-03-20,P035,Fashion_Product_35,Fashion,2434.82,1559.78,295,718273.24,5.72,484,2535.98,3.7,9,0,Sunday,3,1,0,Spring,85
2022-03-22,P035,Fashion_Product_35,Fashion,2457.04,1559.78,70,171992.51,1.15,500,2520.79,3.39,15,0,Tuesday,3,0,0,Spring,87
2022-03-23,P035,Fashion_Product_35,Fashion,2290.42,1559.78,261,597799.84,9.23,354,2924.12,3.97,10,0,Wednesday,3,0,0,Spring,88
2022-04-23,P035,Fashion_Product_35,Fashion,2462.34,1559.78,417,1026794.83,6.68,475,2965.07,3.99,13,0,Saturday,4,1,0,Spring,119
2022-04-26,P035,Fashion_Product_35,Fashion,2598.31,1559.78,88,228651.57,4.06,352,2825.32,3.33,13,0,Tuesday,4,0,0,Spring,122
2022-05-03,P035,Fashion_Product_35,Fashion,2460.14,1559.78,250,615036.02,2.02,435,2553.06,3.72,14,0,Tuesday,5,0,0,Spring,129
2022-05-03,P035,Fashion_Product_35,Fashion,2470.76,1559.78,78,192719.3,5.34,449,2693.01,3.14,17,0,Tuesday,5,0,0,Spring,129
2022-05-06,P035,Fashion_Product_35,Fashion,2143.11,1559.78,627,1343732.6,18.42,627,2839.67,3.91,17,1,Friday,5,0,0,Spring,132
2022-05-27,P035,Fashion_Product_35,Fashion,2446.09,1559.78,313,765624.7,7.46,578,2764.27,3.83,20,0,Friday,5,0,0,Spring,153
2022-05-29,P035,Fashion_Product_35,Fashion,2477.85,1559.78,513,1271136.87,3.75,513,2699.07,4.31,24,0,Sunday,5,1,0,Spring,155
2022-05-30,P035,Fashion_Product_35,Fashion,2521.14,1559.78,239,602552.72,1.41,424,2481.4,3.82,21,0,Monday,5,0,0,Spring,156
2022-05-30,P035,Fashion_Product_35,Fashion,2330.1,1559.78,288,671069.75,8.91,497,2727.48,3.77,26,0,Monday,5,0,0,Spring,156
2022-06-03,P035,Fashion_Product_35,Fashion,2413.84,1559.78,92,222073.41,7.9,408,2823.71,3.27,20,0,Friday,6,0,0,Summer,160
2022-06-10,P035,Fashion_Product_35,Fashion,2347.32,1559.78,271,636122.52,9.53,538,2850.33,3.67,24,0,Friday,6,0,0,Summer,167
2022-06-10,P035,Fashion_Product_35,Fashion,1659.98,1559.78,648,1075664.32,33.98,648,2939.14,4.54,20,1,Friday,6,0,0,Summer,167
2022-06-17,P035,Fashion_Product_35,Fashion,2449.57,1559.78,348,852449.27,6.47,348,2564.59,4.13,22,0,Friday,6,0,0,Summer,174
2022-06-24,P035,Fashion_Product_35,Fashion,2435.94,1559.78,199,484751.23,6.87,463,2541.51,3.85,23,0,Friday,6,0,0,Summer,181
2022-06-27,P035,Fashion_Product_35,Fashion,2537.97,1559.78,298,756313.85,3.83,455,2853.0,3.6,29,0,Monday,6,0,0,Summer,184
2022-06-27,P035,Fashion_Product_35,Fashion,2593.24,1559.78,612,1587063.09,3.96,612,2911.92,4.4,23,0,Monday,6,0,0,Summer,184
2022-06-30,P035,Fashion_Product_35,Fashion,2561.98,1559.78,403,1032478.29,3.25,403,2505.86,4.23,28,0,Thursday,6,0,0,Summer,187
2021-12-29,P045,Home_Product_45,Home,1100.51,706.94,67,73734.25,4.59,177,1331.42,3.2,1,0,Wednesday,12,0,0,Winter,14
2022-01-04,P045,Home_Product_45,Home,1198.22,706.94,63,75487.98,1.67,242,1211.0,3.88,2,0,Tuesday,1,0,0,Winter,20
2022-01-09,P045,Home_Product_45,Home,1083.9,706.94,112,121397.24,6.1,184,1315.82,3.5,3,0,Sunday,1,1,0,Winter,25
2022-01-18,P045,Home_Product_45,Home,1116.57,706.94,96,107191.05,3.89,195,1267.08,3.66,4,0,Tuesday,1,0,0,Winter,34
2022-01-18,P045,Home_Product_45,Home,1110.1,706.94,94,104349.51,4.1,213,1248.08,3.72,5,0,Tuesday,1,0,0,Winter,34
2022-01-25,P045,Home_Product_45,Home,1126.41,706.94,40,45056.41,5.16,265,1339.87,3.34,5,0,Tuesday,1,0,1,Winter,41
2022-02-01,P045,Home_Product_45,Home,1158.71,706.94,189,218995.89,4.95,277,1238.36,4.14,10,0,Tuesday,2,0,0,Winter,48
2022-02-02,P045,Home_Product_45,Home,995.2,706.94,188,187097.2,15.93,191,1186.41,3.54,5,1,Wednesday,2,0,0,Winter,49
2022-02-10,P045,Home_Product_45,Home,1128.47,706.94,96,108333.17,2.43,215,1353.07,3.62,7,0,Thursday,2,0,0,Winter,57
2022-02-15,P045,Home_Product_45,Home,1074.08,706.94,191,205148.43,6.08,217,1140.05,4.04,8,0,Tuesday,2,0,0,Winter,62
2022-03-06,P045,Home_Product_45,Home,1113.69,706.94,152,169280.5,4.26,247,1162.57,3.94,11,0,Sunday,3,1,0,Spring,81
2022-03-06,P045,Home_Product_45,Home,1223.52,706.94,156,190868.5,0.28,273,1172.77,3.9,13,0,Sunday,3,1,0,Spring,81
2022-03-08,P045,Home_Product_45,Home,1136.91,706.94,125,142113.56,7.61,177,1233.37,3.87,12,0,Tuesday,3,0,0,Spring,83
2022-03-10,P045,Home_Product_45,Home,1085.08,706.94,31,33637.63,4.74,222,1202.92,3.29,10,0,Thursday,3,0,0,Spring,85
2022-03-28,P045,Home_Product_45,Home,1115.11,706.94,117,130468.44,3.09,292,1134.83,3.68,15,0,Monday,3,0,0,Spring,103
2022-04-01,P045,Home_Product_45,Home,1154.52,706.94,119,137387.49,1.36,235,1128.39,3.54,15,0,Friday,4,0,0,Spring,107
2022-04-15,P045,Home_Product_45,Home,1122.21,706.94,90,100999.11,0.25,183,1126.78,3.71,16,0,Friday,4,0,0,Spring,121
2022-04-15,P045,Home_Product_45,Home,1219.26,706.94,28,34139.16,0.13,240,1279.78,3.0,14,0,Friday,4,0,0,Spring,121
2022-04-19,P045,Home_Product_45,Home,1081.48,706.94,161,174117.54,5.99,161,1153.3,4.39,13,0,Tuesday,4,0,0,Spring,125
2022-04-19,P045,Home_Product_45,Home,1110.05,706.94,159,176497.3,1.82,159,1194.01,4.07,14,0,Tuesday,4,0,0,Spring,125
2022-04-20,P045,Home_Product_45,Home,1114.32,706.94,135,150432.76,9.01,280,1241.49,3.52,17,0,Wednesday,4,0,0,Spring,126
2022-04-25,P045,Home_Product_45,Home,1096.82,706.94,142,155748.14,6.19,169,1299.66,3.66,18,0,Monday,4,0,0,Spring,131
2022-04-27,P045,Home_Product_45,Home,1131.0,706.94,155,175305.05,7.64,173,1280.99,3.57,15,0,Wednesday,4,0,0,Spring,133
2022-04-29,P045,Home_Product_45,Home,1053.34,706.94,148,155894.11,8.99,218,1309.11,3.99,21,0,Friday,4,0,0,Spring,135
2022-05-04,P045,Home_Product_45,Home,1172.67,706.94,140,164173.4,3.76,258,1321.92,3.65,21,0,Wednesday,5,0,0,Spring,140
2022-05-05,P045,Home_Product_45,Home,1144.76,706.94,212,242689.97,7.34,212,1163.2,4.03,17,0,Thursday,5,0,0,Spring,141
2022-05-05,P045,Home_Product_45,Home,1109.13,706.94,276,306118.79,3.87,276,1336.0,4.27,22,0,Thursday,5,0,0,Spring,141
2022-05-11,P045,Home_Product_45,Home,839.32,706.94,245,205632.23,28.24,282,1227.55,3.62,20,1,Wednesday,5,0,0,Spring,147
2022-05-12,P045,Home_Product_45,Home,754.82,706.94,240,181157.44,37.23,240,1270.77,4.22,18,1,Thursday,5,0,0,Spring,148
2022-05-17,P045,Home_Product_45,Home,1067.93,706.94,146,155918.02,7.0,173,1316.16,3.93,24,0,Tuesday,5,0,0,Spring,153
2022-05-19,P045,Home_Product_45,Home,1116.47,706.94,112,125044.56,9.6,170,1233.82,3.55,23,0,Thursday,5,0,0,Spring,155
2022-05-23,P045,Home_Product_45,Home,1101.43,706.94,117,128867.27,3.27,284,1162.01,3.84,21,0,Monday,5,0,0,Spring,159
2022-05-28,P045,Home_Product_45,Home,1142.98,706.94,123,140586.74,1.55,219,1168.41,3.99,20,0,Saturday,5,1,0,Spring,164
2022-05-31,P045,Home_Product_45,Home,1207.83,706.94,138,166680.44,1.36,242,1282.41,3.59,20,0,Tuesday,5,0,0,Spring,167
2022-06-09,P045,Home_Product_45,Home,1031.78,706.94,122,125877.63,9.94,291,1195.84,3.89,22,0,Thursday,6,0,0,Summer,176
2022-06-12,P045,Home_Product_45,Home,1178.17,706.94,179,210893.3,0.2,179,1179.6,4.19,28,0,Sunday,6,1,0,Summer,179
2022-06-12,P045,Home_Product_45,Home,1115.01,706.94,188,209622.0,4.64,229,1221.37,3.6,25,0,Sunday,6,1,0,Summer,179
2022-06-22,P045,Home_Product_45,Home,1157.41,706.94,167,193288.05,2.6,167,1260.95,4.44,24,0,Wednesday,6,0,0,Summer,189
2022-06-26,P045,Home_Product_45,Home,1111.81,706.94,171,190118.66,3.85,232,1283.26,3.71,24,0,Sunday,6,1,0,Summer,193
2022-07-01,P045,Home_Product_45,Home,1096.55,706.94,97,106365.17,5.27,228,1145.48,3.63,23,0,Friday,7,0,0,Summer,198
2022-07-01,P045,Home_Product_45,Home,741.05,706.94,227,168218.45,38.89,227,1317.22,3.89,22,1,Friday,7,0,0,Summer,198
2022-07-01,P045,Home_Product_45,Home,1131.67,706.94,153,173144.76,8.06,274,1281.09,3.59,23,0,Friday,7,0,0,Summer,198
