product_sales_data.csv
date,product_id,product_name,category,price,cost_price,units_sold,revenue,discount_percent,stock_available,competitor_price,rating,review_count,is_promoted,day_of_week,month,is_weekend,is_holiday,season,days_since_launch
2021-12-29,P048,Sports_Product_48,Sports,1329.8,1134.9,78,103724.19,30.71,184,2134.39,3.14,0,1,Wednesday,12,0,0,Winter,3
2022-01-08,P048,Sports_Product_48,Sports,1642.15,1134.9,88,144509.02,9.48,209,1858.0,3.78,1,0,Saturday,1,1,0,Winter,13
2022-01-10,P048,Sports_Product_48,Sports,1819.88,1134.9,46,83714.52,1.06,145,1806.08,3.84,1,0,Monday,1,0,0,Winter,15
2022-01-13,P048,Sports_Product_48,Sports,1847.32,1134.9,16,29557.07,6.79,143,2041.96,3.47,2,0,Thursday,1,0,0,Winter,18
2022-01-22,P048,Sports_Product_48,Sports,1486.73,1134.9,140,208141.96,21.11,140,2111.99,3.95,2,1,Saturday,1,1,0,Winter,27
2022-01-26,P048,Sports_Product_48,Sports,1849.65,1134.9,122,225656.74,4.41,122,1879.54,4.03,5,0,Wednesday,1,0,1,Winter,31
2022-01-27,P048,Sports_Product_48,Sports,1728.96,1134.9,27,46681.84,4.15,187,1918.52,3.37,4,0,Thursday,1,0,1,Winter,32
2022-01-31,P048,Sports_Product_48,Sports,1948.6,1134.9,16,31177.64,1.25,196,1953.33,3.02,3,0,Monday,1,0,0,Winter,36
2022-02-03,P048,Sports_Product_48,Sports,1741.19,1134.9,55,95765.71,9.21,179,1862.34,3.92,4,0,Thursday,2,0,0,Winter,39
2022-02-06,P048,Sports_Product_48,Sports,1240.44,1134.9,143,177382.28,34.96,143,2131.48,4.14,6,1,Sunday,2,1,0,Winter,42
2022-02-08,P048,Sports_Product_48,Sports,1698.65,1134.9,61,103617.65,8.67,123,1955.56,3.94,6,0,Tuesday,2,0,0,Winter,44
2022-02-10,P048,Sports_Product_48,Sports,1895.77,1134.9,69,130807.85,0.75,151,2144.07,3.93,6,0,Thursday,2,0,0,Winter,46
2022-02-11,P048,Sports_Product_48,Sports,1613.25,1134.9,108,174230.66,18.1,149,1964.13,3.81,6,1,Friday,2,0,0,Winter,47
2022-02-21,P048,Sports_Product_48,Sports,1753.92,1134.9,71,124528.58,6.26,196,2047.78,3.76,8,0,Monday,2,0,0,Winter,57
2022-02-26,P048,Sports_Product_48,Sports,1382.98,1134.9,170,235105.92,23.69,184,2132.3,3.51,8,1,Saturday,2,1,0,Winter,62
2022-03-11,P048,Sports_Product_48,Sports,1829.64,1134.9,23,42081.8,0.97,112,1984.34,3.48,12,0,Friday,3,0,0,Spring,75
2022-03-21,P048,Sports_Product_48,Sports,1527.33,1134.9,56,85530.28,19.31,113,2018.1,3.42,10,1,Monday,3,0,0,Spring,85
2022-04-03,P048,Sports_Product_48,Sports,1722.79,1134.9,117,201566.8,7.97,134,2002.28,3.59,12,0,Sunday,4,1,0,Spring,98
2022-04-12,P048,Sports_Product_48,Sports,1486.6,1134.9,57,84736.28,19.64,207,2141.34,3.3,12,1,Tuesday,4,0,0,Spring,107
2022-04-27,P048,Sports_Product_48,Sports,1826.47,1134.9,70,127853.06,2.73,128,1968.98,3.54,17,0,Wednesday,4,0,0,Spring,122
2022-05-10,P048,Sports_Product_48,Sports,1340.45,1134.9,131,175599.32,29.85,131,1858.6,3.91,15,1,Tuesday,5,0,0,Spring,135
2022-05-12,P048,Sports_Product_48,Sports,1708.91,1134.9,81,138421.36,9.28,204,2046.4,3.87,15,0,Thursday,5,0,0,Spring,137
2022-06-03,P048,Sports_Product_48,Sports,1855.88,1134.9,75,139190.74,2.86,139,1958.96,3.8,23,0,Friday,6,0,0,Summer,159
2022-06-13,P048,Sports_Product_48,Sports,1833.05,1134.9,79,144811.22,3.59,211,1903.06,3.69,22,0,Monday,6,0,0,Summer,169
2022-06-13,P048,Sports_Product_48,Sports,1858.78,1134.9,175,325286.98,5.65,180,1853.38,4.18,25,0,Monday,6,0,0,Summer,169
2022-06-15,P048,Sports_Product_48,Sports,1725.03,1134.9,92,158703.13,7.36,176,2094.5,3.83,23,0,Wednesday,6,0,0,Summer,171
2022-06-20,P048,Sports_Product_48,Sports,1649.93,1134.9,198,326686.42,8.36,207,2100.39,4.32,22,0,Monday,6,0,0,Summer,176
2022-06-23,P048,Sports_Product_48,Sports,1700.13,1134.9,171,290721.75,8.03,171,2107.31,4.08,25,0,Thursday,6,0,0,Summer,179
